************************************
**** FeastMain BEAST 2 Launcher ****
************************************

Hunting for beast_services.xml files embedded in classpath:
- Processing /feast/beast_services.xml...
- Processing /beast_services.xml...
Done. Handing over to BeastMain...

                   BEAST v2.7.7 Prerelease, 2002-2024
             Bayesian Evolutionary Analysis Sampling Trees
                       Designed and developed by
 Remco Bouckaert, Alexei J. Drummond, Andrew Rambaut & Marc A. Suchard
                                    
                   Centre for Computational Evolution
                         University of Auckland
                       r.bouckaert@auckland.ac.nz
                        alexei@cs.auckland.ac.nz
                                    
                   Institute of Evolutionary Biology
                        University of Edinburgh
                           a.rambaut@ed.ac.uk
                                    
                    David Geffen School of Medicine
                 University of California, Los Angeles
                           msuchard@ucla.edu
                                    
                      Downloads, Help & Resources:
                           http://beast2.org/
                                    
  Source code distributed under the GNU Lesser General Public License:
                   http://github.com/CompEvol/beast2
                                    
                           BEAST developers:
   Alex Alekseyenko, Trevor Bedford, Erik Bloomquist, Joseph Heled, 
 Sebastian Hoehna, Denise Kuehnert, Philippe Lemey, Wai Lok Sibon Li, 
Gerton Lunter, Sidney Markowitz, Vladimir Minin, Michael Defoin Platel, 
          Oliver Pybus, Tim Vaughan, Chieh-Hsi Wu, Walter Xie
                                    
                               Thanks to:
          Roald Forsberg, Beth Shapiro and Korbinian Strimmer

Random number seed: 1733232929010

AlignmentFromFasta(alignment)
  63 taxa
  10 sites
  6 patterns

ASV020 = 420 (0.0)
ASV041 = 420 (0.0)
ASV051 = 420 (0.0)
ASV052 = 420 (0.0)
ASV055 = 420 (0.0)
ASV070 = 420 (0.0)
ASV071 = 420 (0.0)
ASV075 = 420 (0.0)
ASV076 = 420 (0.0)
ASV088 = 420 (0.0)
53 more...
Starting frequencies: [1.0, 0.0, 0.0]
  Using BEAGLE version: 4.0.1 (PRE-RELEASE) resource 0: CPU (x86_64)
    with instance flags:  PRECISION_DOUBLE COMPUTATION_SYNCH EIGEN_COMPLEX SCALING_MANUAL SCALERS_RAW VECTOR_SSE THREADING_NONE PROCESSOR_CPU FRAMEWORK_CPU
Starting frequencies: [1.0, 0.0, 0.0, 0.0]
ASV020 = FML (NaN)
ASV041 = LNSL (NaN)
ASV051 = PRL (NaN)
ASV052 = LNSL (NaN)
ASV055 = LNSL (NaN)
ASV070 = FML (NaN)
ASV071 = PRL (NaN)
ASV075 = FML (NaN)
ASV076 = FML (NaN)
ASV088 = FML (NaN)
53 more...
Starting frequencies: [0.25, 0.25, 0.25, 0.25]
  Using BEAGLE version: 4.0.1 (PRE-RELEASE) resource 0: CPU (x86_64)
    with instance flags:  PRECISION_DOUBLE COMPUTATION_SYNCH EIGEN_COMPLEX SCALING_MANUAL SCALERS_RAW VECTOR_SSE THREADING_NONE PROCESSOR_CPU FRAMEWORK_CPU
===============================================================================
Citations for this model:

Patricio Maturana, Brendon J. Brewer, Steffen Klaere, Remco Bouckaert. Model selection and parameter inference in phylogenetics using Nested Sampling. Systematic Biology, syy050, 2018

Stadler, T., Kuehnert, D., Bonhoeffer, S., and Drummond, A. J. (2013):
 Birth-death skyline plot reveals temporal changes of
 epidemic spread in HIV and hepatitis C virus (HCV). PNAS 110(1): 228–33.
If sampled ancestors are used then please also cite: Gavryushkina A, Welch D, Stadler T, Drummond AJ (2014) 
Bayesian inference of sampled ancestor trees for epidemiology and fossil calibration. 
PLoS Comput Biol 10(12): e1003919. doi:10.1371/journal.pcbi.1003919

Edwards, C. J., Suchard, M. A., Lemey, P., ... & Valdiosera, C. E. (2011).
Ancient hybridization and an Irish origin for the modern polar bear matriline.
Current Biology, 21(15), 1251-1258.

===============================================================================
         Sample      posterior ESS(posterior)     likelihood          prior
Start likelihood 0: -4592.144071225491 
              0     -1488.8127              N     -1036.1208      -452.6919 --
ML: -1036.9593619583316 Information: 0.8385606384288167
              1     -1329.1904         2.0         -973.0944      -356.0960 --
ML: -974.9330159682136 Information: 1.8385606384288167
              2     -1236.3928         3.0         -913.3202      -323.0725 --
ML: -916.158801268522 Information: 2.8385606384288167
              3     -1155.3204         4.0         -837.5290      -317.7914 --
ML: -841.3675887225031 Information: 3.8385606384288167
              4     -1113.7075         3.2         -812.5786      -301.1289 --
ML: -817.4171725395263 Information: 4.838560637404491
              5     -1102.5793         2.7         -796.9284      -305.6509 --
ML: -802.7669757147762 Information: 5.838553412098603
              6     -1062.8825         2.7         -770.2119      -292.6706 --
ML: -777.0505212846828 Information: 6.838560638269444
              7     -1065.3099         2.9         -769.2652      -296.0446 --
ML: -776.383647111066 Information: 6.632457250888422
              8     -1051.3984         3.1         -756.6893      -294.7091 --
ML: -765.5278671436506 Information: 8.838289345928445
              9     -1032.9418         3.2         -755.4214      -277.5204 --
ML: -764.6918555787975 Information: 8.720748004503207
             10     -1043.9349         3.4         -751.9382      -291.9966 --
ML: -762.6393631392415 Information: 10.183241449044374
             11     -1034.8737         3.4         -749.7959      -285.0778 --
ML: -761.3225687730472 Information: 10.81369424754547
             12     -1042.7208         3.4         -747.9639      -294.7569 --
ML: -760.335959545723 Information: 11.423162711021064
             13     -1028.1029         3.5         -740.9061      -287.1967 --
ML: -754.7410345619707 Information: 13.805079083688003
             14     -1015.5753         3.6         -729.6139      -285.9614 --
ML: -744.452455676523 Information: 14.838141449585676
             15     -1016.6517         3.8         -729.1856      -287.4661 --
ML: -744.0048638889547 Information: 14.54523036216267
             16     -1004.1927         3.9         -723.8191      -280.3736 --
ML: -740.6230901115645 Information: 16.612277323670476
             17      -989.0319         4.0         -715.2519      -273.7799 --
ML: -733.0900194307469 Information: 17.833338623196024
             18      -999.3067         4.0         -713.4180      -285.8886 --
ML: -731.895755121922 Information: 17.920728258238228
             19      -988.8572         3.7         -713.2739      -275.5832 --
ML: -731.6363320045805 Information: 17.82149788384129
             20     -1003.9164         3.7         -711.5491      -292.3673 --
ML: -731.2499001969837 Information: 18.16127270360937
             21      -994.5250         3.7         -709.0598      -285.4652 --
ML: -730.3656277306364 Information: 19.64185026413429
             22      -989.7649         3.7         -698.5934      -291.1715 --
ML: -721.4318753909982 Information: 22.83682923407219
             23      -982.4194         3.7         -681.8401      -300.5793 --
ML: -705.6786820754621 Information: 23.838558081067045
             24      -975.4752         3.6         -680.8810      -294.5941 --
ML: -705.005773716344 Information: 23.635398659366842
             25      -978.0281         3.6         -676.8063      -301.2217 --
ML: -702.5548027432766 Information: 25.354946461329455
             26      -972.7040         3.6         -675.7552      -296.9487 --
ML: -701.8809762093167 Information: 25.389325129939664
             27      -968.1744         3.5         -671.4748      -296.6996 --
ML: -699.2394763312183 Information: 27.407170579499763
             28      -966.6506         3.5         -667.2209      -299.4296 --
ML: -696.018805809315 Information: 28.613691560811905
             29      -946.2518         3.0         -666.9305      -279.3212 --
ML: -695.6320339668373 Information: 28.379136696391868
             30      -955.6299         3.0         -662.2088      -293.4211 --
ML: -692.9746600238932 Information: 30.41209529985985
             31      -957.7197         3.0         -660.0540      -297.6657 --
ML: -691.6007419115177 Information: 30.91177364149263
             32      -945.2455         3.0         -649.2399      -296.0055 --
ML: -682.0784822191188 Information: 32.837649320356576
             33      -929.9671         3.1         -646.0015      -283.9656 --
ML: -679.7387857311527 Information: 33.42511227454461
             34      -931.0546         3.0         -641.1389      -289.9156 --
ML: -675.9545221349314 Information: 34.69797417109601
             35      -926.3111         3.0         -640.9674      -285.3436 --
ML: -675.5990991426498 Information: 34.42903045202212
             36      -923.9270         3.0         -638.7838      -285.1431 --
ML: -674.9175448167047 Information: 34.92666841052949
             37      -932.5982         3.0         -637.4294      -295.1688 --
ML: -674.3843562569053 Information: 35.452036519910166
             38      -917.5291         3.0         -635.4082      -282.1209 --
ML: -673.6200589513431 Information: 36.5708013236665
             39      -926.7732         2.8         -633.8730      -292.9001 --
ML: -672.9716517711508 Information: 37.43782128794044
             40      -921.9329         2.8         -632.7003      -289.2326 --
ML: -672.5224306067331 Information: 38.01397459586775
             41      -921.9825         2.8         -631.1192      -290.8632 --
ML: -672.0234659466361 Information: 38.84642701787982
             42      -935.6092         2.7         -627.9165      -307.6927 --
ML: -670.5072371321512 Information: 41.435811705624076
             43      -935.9233         2.7         -622.2907      -313.6325 --
ML: -666.1168651699024 Information: 43.742033347647464
             44      -934.5314         2.7         -621.8565      -312.6748 --
ML: -665.6716080364384 Information: 43.483022204277404
             45      -913.1290         2.7         -621.6067      -291.5223 --
ML: -665.5148595158431 Information: 43.41068523278727
             46      -904.0611         2.7         -618.4577      -285.6033 --
ML: -664.7064992452141 Information: 44.62392597986525
             47      -916.0551         2.7         -618.2379      -297.8171 --
ML: -664.4800815272438 Information: 44.77125299009174
             48      -908.8316         2.7         -615.1779      -293.6536 --
ML: -663.5285507095713 Information: 46.60097755378396
             49      -910.0359         2.6         -613.1341      -296.9018 --
ML: -662.5193394078287 Information: 48.00247404161729
             50      -890.5623         2.6         -609.3463      -281.2160 --
ML: -660.0924123703933 Information: 50.28950705213204
             51      -874.5641         2.6         -604.7216      -269.8425 --
ML: -656.5314233538983 Information: 51.66537743836142
             52      -884.0317         2.6         -601.6321      -282.3995 --
ML: -654.3508512873743 Information: 52.35332373906208
             53      -889.6215         2.6         -601.3758      -288.2456 --
ML: -653.9990326299627 Information: 52.18588433065855
             54      -890.3344         2.6         -601.2417      -289.0926 --
ML: -653.8814576876597 Information: 52.13168817675228
             55      -886.4632         2.6         -592.3626      -294.1005 --
ML: -648.1978271551288 Information: 55.8032263762294
             56      -896.7796         2.6         -587.9515      -308.8281 --
ML: -644.7575116975926 Information: 56.66356035770391
             57      -890.2170         2.6         -583.7716      -306.4453 --
ML: -641.568145536438 Information: 57.61842013777438
             58      -885.9248         2.6         -579.1646      -306.7602 --
ML: -637.975282342717 Information: 58.67897230608999
             59      -891.1101         2.6         -578.8323      -312.2778 --
ML: -637.5706368875141 Information: 58.4287332701162
             60      -876.2246         2.6         -570.3478      -305.8767 --
ML: -631.1847430885404 Information: 60.82205468570958
             61      -859.4237         2.6         -569.8579      -289.5658 --
ML: -630.7150969356139 Information: 60.5415682856941
             62      -852.8987         2.7         -567.4784      -285.4202 --
ML: -629.8032500202702 Information: 61.24194425967414
             63      -862.8142         2.7         -566.4139      -296.4003 --
ML: -629.3096965917109 Information: 61.58490264148418
             64      -875.2928         2.7         -566.1510      -309.1418 --
ML: -629.1387812959753 Information: 61.661233804343794
             65      -846.6827         2.7         -566.0469      -280.6357 --
ML: -629.0766196687634 Information: 61.68529008699602
             66      -835.4215         2.7         -556.6957      -278.7257 --
ML: -623.530405061011 Information: 66.79291452296394
             67      -841.0111         2.7         -555.9391      -285.0719 --
ML: -622.9532844749336 Information: 66.56585658008254
             68      -849.2016         2.7         -554.3082      -294.8934 --
ML: -622.352205129264 Information: 66.90413004676083
             69      -849.8246         2.7         -554.0323      -295.7923 --
ML: -622.1541721621347 Information: 66.96044833404449
             70      -838.6369         2.7         -552.3529      -286.2840 --
ML: -621.8508146094699 Information: 67.4004231721355
             71      -832.9152         2.7         -551.1031      -281.8121 --
ML: -621.5611909495564 Information: 67.95248629773863
             72      -848.1920         2.7         -548.8011      -299.3908 --
ML: -620.9065363686489 Information: 69.6072742938041
             73      -838.0191         2.7         -545.0661      -292.9530 --
ML: -618.7780028790107 Information: 72.9700368341152
             74      -851.7047         2.7         -542.9770      -308.7277 --
ML: -617.4920914707225 Information: 73.7325837163688
             75      -843.5349         2.7         -539.5012      -304.0337 --
ML: -615.2298198026758 Information: 75.28527076666467
             76      -831.8387         2.7         -539.4894      -292.3492 --
ML: -614.9420274642032 Information: 75.11129570777854
             77      -825.5669         2.7         -535.9953      -289.5715 --
ML: -613.5486092081713 Information: 76.60120724674604
             78      -817.0387         2.7         -535.0888      -281.9499 --
ML: -613.0270268725529 Information: 76.8349823340767
             79      -810.4826         2.7         -531.9496      -278.5330 --
ML: -611.533746234881 Information: 78.63114190283306
             80      -816.4810         2.7         -530.5871      -285.8938 --
ML: -610.7851255266141 Information: 79.10272019115874
             81      -816.9915         2.7         -528.1987      -288.7928 --
ML: -609.649731432972 Information: 80.33170538281519
             82      -803.2604         2.7         -525.6914      -277.5689 --
ML: -608.2475853604965 Information: 81.66372860446702
             83      -802.6359         2.7         -525.3921      -277.2438 --
ML: -607.9297451092235 Information: 81.67037960947255
             84      -817.0525         2.6         -523.6559      -293.3965 --
ML: -607.4796472923268 Information: 82.16383090815822
             85      -799.6168         2.6         -523.0210      -276.5958 --
ML: -607.2552340581578 Information: 82.40070064135182
             86      -792.0902         2.6         -517.7476      -274.3425 --
ML: -604.5192282040573 Information: 86.31080732797834
             87      -804.6434         2.6         -515.7723      -288.8710 --
ML: -603.2721684315452 Information: 86.79980272881616
             88      -810.0149         2.6         -514.3163      -295.6986 --
ML: -602.518663254794 Information: 87.18745848637519
             89      -805.3740         2.6         -512.3796      -292.9943 --
ML: -601.664066029653 Information: 88.02864566915869
             90      -795.1644         2.6         -504.3585      -290.8059 --
ML: -595.195515125652 Information: 90.82261508710721
             91      -811.0650         2.6         -504.2598      -306.8052 --
ML: -594.8551990750398 Information: 90.51490710399628
             92      -799.4435         2.6         -503.6871      -295.7563 --
ML: -594.6828014535505 Information: 90.44593761912876
             93      -786.0653         2.6         -502.4539      -283.6113 --
ML: -594.5005226628583 Information: 90.5607500334566
             94      -799.7668         2.6         -500.7382      -299.0286 --
ML: -594.2072021028424 Information: 91.08132135556343
             95      -791.3315         2.6         -500.4127      -290.9188 --
ML: -594.0854283070472 Information: 91.27061440928412
             96      -789.8715         2.6         -499.0037      -290.8678 --
ML: -593.9262198154355 Information: 91.67232415435262
             97      -781.5143         2.6         -498.4222      -283.0920 --
ML: -593.8337734252365 Information: 91.91822327204073
             98      -785.6423         2.5         -498.1551      -287.4871 --
ML: -593.7922207661584 Information: 92.02972300620172
             99      -785.1589         2.5         -494.3942      -290.7647 --
ML: -593.2952780849113 Information: 94.41829490314007
            100      -780.9178         2.5         -493.4328      -287.4849 --
ML: -592.9755542622887 Information: 95.58834722951724
            101      -795.7993         2.5         -493.0655      -302.7338 --
ML: -592.8398390862529 Information: 96.0010860608757
            102      -800.6002         2.5         -491.6197      -308.9804 --
ML: -592.6590185114726 Information: 96.68356536612526
            103      -806.2222         2.5         -491.2744      -314.9478 --
ML: -592.5765638535267 Information: 96.97317979177632
            104      -795.6470         2.5         -489.7924      -305.8545 --
ML: -592.4559750926966 Information: 97.51271987888867
            105      -801.4550         2.5         -486.8946      -314.5604 --
ML: -591.8918604024883 Information: 100.41866076343928
            106      -787.9748         2.5         -481.6941      -306.2807 --
ML: -588.4985615117231 Information: 106.4758333055353
            107      -782.0120         2.5         -480.3421      -301.6698 --
ML: -587.6339138043081 Information: 106.58390366016587
            108      -792.3713         2.5         -479.7661      -312.6052 --
ML: -587.3127012514954 Information: 106.61541990099732
            109      -786.2824         2.5         -477.1300      -309.1523 --
ML: -586.4327763112763 Information: 107.82299373996557
            110      -790.2195         2.5         -474.9281      -315.2913 --
ML: -585.3521588480102 Information: 109.17449243459637
            111      -790.0948         2.5         -472.8563      -317.2385 --
ML: -584.277308058159 Information: 110.28725846046103
            112      -780.1030         2.5         -471.9000      -308.2030 --
ML: -583.7884415665305 Information: 110.60655364776329
            113      -786.9977         2.5         -471.5326      -315.4650 --
ML: -583.6016270907917 Information: 110.70077164604555
            114      -795.1353         2.5         -471.0120      -324.1233 --
ML: -583.5013239449742 Information: 110.78072974375664
            115      -775.3893         2.5         -470.8579      -304.5314 --
ML: -583.4611824213754 Information: 110.81387603516333
            116      -780.9743         2.5         -465.5334      -315.4408 --
ML: -582.0819931508412 Information: 114.75736482921715
            117      -776.0878         2.5         -464.9635      -311.1243 --
ML: -581.6854270194564 Information: 115.13376538733831
            118      -781.8591         2.5         -464.3023      -317.5568 --
ML: -581.4757447028101 Information: 115.34955775613179
            119      -771.6913         2.5         -460.0278      -311.6635 --
ML: -579.6840430313742 Information: 118.63977353508069
            120      -784.2583         2.5         -457.3615      -326.8967 --
ML: -577.9957450093359 Information: 119.9535057163525
            121      -769.0394         2.5         -452.6701      -316.3693 --
ML: -574.4785504020197 Information: 121.64897024449667
            122      -760.7634         2.5         -452.5420      -308.2214 --
ML: -574.1379775852466 Information: 121.39140336736824
            123      -767.0316         2.5         -452.2997      -314.7318 --
ML: -574.0110944115638 Information: 121.31776015727183
            124      -770.7386         2.5         -452.2453      -318.4932 --
ML: -573.9658449834245 Information: 121.29232824899844
            125      -777.2944         2.5         -451.7081      -325.5863 --
ML: -573.9383731789856 Information: 121.29101686982227
            126      -776.3089         2.5         -451.0762      -325.2326 --
ML: -573.9197952109812 Information: 121.30135670813985
            127      -756.7959         2.5         -449.6692      -307.1266 --
ML: -573.8925188375156 Information: 121.35343497064753
            128      -774.6633         2.5         -448.9484      -325.7148 --
ML: -573.8723689731635 Information: 121.40491235099495
            129      -759.2835         2.5         -448.9483      -310.3351 --
ML: -573.8650566389605 Information: 121.42323909904673
            130      -775.9958         2.5         -444.8982      -331.0975 --
ML: -573.7219456518942 Information: 122.28600715190703
            131      -767.3927         2.5         -444.7602      -322.6325 --
ML: -573.6671647806817 Information: 122.58708825997286
            132      -764.5471         2.5         -443.8171      -320.7300 --
ML: -573.6180293045335 Information: 122.88619649157602
            133      -758.2743         2.5         -443.6525      -314.6218 --
ML: -573.5974477750157 Information: 123.00982885521904
            134      -764.4827         2.5         -441.8826      -322.6001 --
ML: -573.5543948568437 Information: 123.3335989694217
            135      -757.4070         2.5         -441.7961      -315.6109 --
ML: -573.5376334360926 Information: 123.4568702803
            136      -766.2281         2.5         -441.1625      -325.0655 --
ML: -573.5261771164124 Information: 123.5470008110936
            137      -768.7298         2.6         -439.4882      -329.2416 --
ML: -573.5040675342836 Information: 123.75429508414481
            138      -770.5715         2.6         -438.5385      -332.0329 --
ML: -573.4834867471454 Information: 123.96209098287898
            139      -779.6953         2.6         -438.3758      -341.3195 --
ML: -573.4747068347734 Information: 124.05073989913808
            140      -770.1372         2.6         -438.1462      -331.9910 --
ML: -573.47066920762 Information: 124.09214578611255
            141      -759.5056         2.6         -437.5836      -321.9219 --
ML: -573.4680708066398 Information: 124.1201553655938
            142      -756.9594         2.6         -436.2916      -320.6678 --
ML: -573.4646016696856 Information: 124.16190181502793
            143      -759.4683         2.6         -436.0584      -323.4099 --
ML: -573.4629943920589 Information: 124.18156462464475
            144      -768.1826         2.6         -435.6712      -332.5114 --
ML: -573.4621245767166 Information: 124.19252802414422
            145      -769.7132         2.6         -434.8664      -334.8467 --
ML: -573.4614095967466 Information: 124.20210731603953
            146      -768.1196         2.6         -434.6678      -333.4518 --
ML: -573.4610889311457 Information: 124.20646489305392
            147      -762.4737         2.6         -434.2762      -328.1974 --
ML: -573.4609144745152 Information: 124.20890328073688
            148      -761.9974         2.6         -432.9646      -329.0327 --
ML: -573.4606762858645 Information: 124.21254408698996
            149      -760.7312         2.6         -432.8026      -327.9285 --
ML: -573.4605732612162 Information: 124.21413526957463
            150      -771.0174         2.6         -432.2089      -338.8084 --
ML: -573.4605046464932 Information: 124.21523563510101
            151      -771.4841         2.6         -431.8202      -339.6639 --
ML: -573.460467413342 Information: 124.21584717874276
            152      -759.0837         2.6         -431.1313      -327.9523 --
ML: -573.4604401359198 Information: 124.2163139780551
            153      -760.6286         2.6         -430.5006      -330.1279 --
ML: -573.4604212821796 Information: 124.21664850524883
            154      -764.3335         2.6         -429.7377      -334.5958 --
ML: -573.4604064086691 Information: 124.21692375214877
            155      -778.1534         2.7         -429.6246      -348.5287 --
ML: -573.4604002816166 Information: 124.21703783041755
            156      -779.8421         2.7         -429.1278      -350.7142 --
ML: -573.4603965772619 Information: 124.2171086409378
            157      -772.5953         2.7         -428.3861      -344.2092 --
ML: -573.4603937161596 Information: 124.21716545419343
            158      -767.4384         2.7         -428.2774      -339.1610 --
ML: -573.4603925427537 Information: 124.21718888216645
            159      -772.3676         2.7         -427.4461      -344.9215 --
ML: -573.4603915515374 Information: 124.217209496517
            160      -769.3294         2.7         -427.4093      -341.9201 --
ML: -573.4603911732027 Information: 124.21721737868819
            161      -762.6205         2.7         -427.0489      -335.5715 --
ML: -573.4603909736403 Information: 124.2172216082642
            162      -769.2518         2.7         -427.0331      -342.2187 --
ML: -573.4603908990524 Information: 124.21722319025395
            163      -766.4096         2.7         -426.8390      -339.5705 --
ML: -573.4603908657375 Information: 124.21722390331894
            164      -774.6483         2.7         -426.7330      -347.9152 --
ML: -573.4603908521112 Information: 124.21722419640906
            165      -771.4252         2.7         -426.4659      -344.9593 --
ML: -573.4603908455634 Information: 124.21722433902147
            166      -774.5698         2.7         -426.2583      -348.3115 --
ML: -573.4603908425988 Information: 124.2172244041829
            167      -773.5677         2.7         -425.8969      -347.6707 --
ML: -573.4603908410335 Information: 124.21722443913967
            168      -761.9196         2.7         -425.5003      -336.4193 --
ML: -573.4603908401773 Information: 124.21722445860689
            169      -754.7303         2.8         -425.2901      -329.4401 --
ML: -573.4603908397886 Information: 124.21722446754228
            170      -763.4978         2.8         -425.2527      -338.2450 --
ML: -573.4603908396401 Information: 124.21722447097807
            171      -764.2632         2.8         -424.3394      -339.9237 --
ML: -573.460390839504 Information: 124.21722447422451
            172      -760.3508         2.8         -424.2205      -336.1303 --
ML: -573.4603908394477 Information: 124.21722447557823
            173      -751.1364         2.8         -423.7340      -327.4024 --
ML: -573.4603908394139 Information: 124.21722447641429
            174      -760.3591         2.8         -422.2128      -338.1462 --
ML: -573.460390839357 Information: 124.21722447790114
            175      -764.1422         2.8         -422.1760      -341.9661 --
ML: -573.4603908393353 Information: 124.2172244784777
            176      -763.0946         2.8         -421.9901      -341.1044 --
ML: -573.4603908393257 Information: 124.21722447875425
            177      -766.7216         2.8         -421.3459      -345.3757 --
ML: -573.460390839319 Information: 124.21722447892427
            178      -770.2991         2.8         -420.8859      -349.4131 --
ML: -573.460390839315 Information: 124.21722447905665
            179      -778.7154         2.8         -420.5904      -358.1249 --
ML: -573.460390839313 Information: 124.21722447910724
            180      -772.6811         2.8         -420.3490      -352.3320 --
ML: -573.4603908393121 Information: 124.21722447913317
            181      -770.7862         2.9         -418.1417      -352.6444 --
ML: -573.4603908393091 Information: 124.21722447923895
            182      -777.3506         2.9         -417.6600      -359.6905 --
ML: -573.4603908393073 Information: 124.21722447929875
            183      -780.1163         2.9         -417.5069      -362.6094 --
ML: -573.4603908393065 Information: 124.21722447933155
            184      -786.0087         2.9         -417.3370      -368.6716 --
ML: -573.4603908393061 Information: 124.21722447934332
            185      -790.0896         2.9         -416.6264      -373.4631 --
ML: -573.4603908393059 Information: 124.21722447933973
            186      -784.9283         2.9         -416.5439      -368.3843 --
ML: -573.4603908393058 Information: 124.21722447934849
            187      -782.1064         2.9         -416.0771      -366.0292 --
ML: -573.4603908393057 Information: 124.21722447937475
            188      -791.2702         2.9         -414.9335      -376.3366 --
ML: -573.4603908393055 Information: 124.21722447939726
            189      -780.0349         2.9         -414.7423      -365.2925 --
ML: -573.4603908393055 Information: 124.21722447938464
            190      -780.5455         3.0         -414.5613      -365.9842 --
ML: -573.4603908393055 Information: 124.21722447937907
            191      -785.3452         3.0         -414.4438      -370.9013 --
ML: -573.4603908393055 Information: 124.2172244793768
            192      -778.4444         3.0         -413.9621      -364.4822 --
ML: -573.4603908393055 Information: 124.21722447937543
            193      -801.3419         3.0         -413.1194      -388.2224 --
ML: -573.4603908393055 Information: 124.2172244793743
            194      -782.4554         3.0         -412.9066      -369.5488 --
ML: -573.4603908393055 Information: 124.21722447937373
            195      -798.6343         3.0         -412.7707      -385.8636 --
ML: -573.4603908393055 Information: 124.2172244793735
            196      -802.2568         3.0         -412.0240      -390.2327 --
ML: -573.4603908393055 Information: 124.21722447937327
            197      -797.8115         3.0         -411.2506      -386.5608 --
ML: -573.4603908393055 Information: 124.21722447937316
            198      -802.2536         3.1         -410.9205      -391.3330 --
ML: -573.4603908393055 Information: 124.21722447937304
            199      -813.3418         3.1         -410.7973      -402.5444 --
ML: -573.4603908393055 Information: 124.21722447937304
            200      -785.3265         3.1         -410.6919      -374.6345 --
ML: -573.4603908393055 Information: 124.21722447937304
            201      -795.3409         3.1         -410.6533      -384.6875 --
ML: -573.4603908393055 Information: 124.21722447937304
            202      -792.4950         3.1         -410.6313      -381.8637 --
ML: -573.4603908393055 Information: 124.21722447937304
            203      -788.9855         3.1         -410.5321      -378.4533 --
ML: -573.4603908393055 Information: 124.21722447937304
            204      -807.5336         3.2         -410.4451      -397.0885 --
ML: -573.4603908393055 Information: 124.21722447937304
            205      -805.7809         3.2         -410.1573      -395.6235 --
ML: -573.4603908393055 Information: 124.21722447937304
            206      -787.7714         3.2         -409.9169      -377.8545 --
ML: -573.4603908393055 Information: 124.21722447937304
            207      -793.1273         3.2         -409.6478      -383.4794 --
ML: -573.4603908393055 Information: 124.21722447937304
            208      -800.3208         3.2         -409.4533      -390.8674 --
ML: -573.4603908393055 Information: 124.21722447937304
            209      -784.0771         3.2         -409.2236      -374.8534 --
ML: -573.4603908393055 Information: 124.21722447937304
            210      -783.5074         3.3         -409.1674      -374.3400 --
ML: -573.4603908393055 Information: 124.21722447937304
            211      -783.0037         3.3         -408.9978      -374.0059 --
ML: -573.4603908393055 Information: 124.21722447937304
            212      -805.8432         3.3         -408.8679      -396.9753 --
ML: -573.4603908393055 Information: 124.21722447937304
            213      -803.3832         3.3         -408.6238      -394.7593 --
ML: -573.4603908393055 Information: 124.21722447937304
            214      -802.9204         3.3         -408.3475      -394.5729 --
ML: -573.4603908393055 Information: 124.21722447937304
            215      -785.9916         3.3         -408.2311      -377.7604 --
ML: -573.4603908393055 Information: 124.21722447937304
            216      -786.6416         3.4         -407.7877      -378.8538 --
ML: -573.4603908393055 Information: 124.21722447937304
            217      -785.5745         3.4         -407.6013      -377.9731 --
ML: -573.4603908393055 Information: 124.21722447937304
            218      -803.9340         3.4         -407.4478      -396.4861 --
ML: -573.4603908393055 Information: 124.21722447937304
            219      -794.8989         3.4         -407.4230      -387.4758 --
ML: -573.4603908393055 Information: 124.21722447937304
            220      -791.6595         3.4         -407.2487      -384.4107 --
ML: -573.4603908393055 Information: 124.21722447937304
            221      -801.9620         3.5         -407.1517      -394.8103 --
ML: -573.4603908393055 Information: 124.21722447937304
            222      -810.3795         3.5         -406.9868      -403.3927 --
ML: -573.4603908393055 Information: 124.21722447937304
            223      -808.5188         3.5         -406.9431      -401.5756 --
ML: -573.4603908393055 Information: 124.21722447937304
            224      -799.6229         3.5         -406.7516      -392.8713 --
ML: -573.4603908393055 Information: 124.21722447937304
            225      -796.3903         3.5         -406.6736      -389.7167 --
ML: -573.4603908393055 Information: 124.21722447937304
            226      -781.4068         3.5         -406.6204      -374.7863 --
ML: -573.4603908393055 Information: 124.21722447937304
            227      -786.4289         3.6         -406.4667      -379.9621 --
ML: -573.4603908393055 Information: 124.21722447937304
            228      -794.1037         3.6         -406.1001      -388.0036 --
ML: -573.4603908393055 Information: 124.21722447937304
            229      -802.2253         3.6         -405.8732      -396.3521 --
ML: -573.4603908393055 Information: 124.21722447937304
            230      -796.7907         3.6         -405.7593      -391.0313 --
ML: -573.4603908393055 Information: 124.21722447937304
            231      -804.1193         3.7         -405.4771      -398.6421 --
ML: -573.4603908393055 Information: 124.21722447937304
            232      -793.9556         3.7         -405.2194      -388.7361 --
ML: -573.4603908393055 Information: 124.21722447937304
            233      -794.4916         3.7         -405.1654      -389.3262 --
ML: -573.4603908393055 Information: 124.21722447937304
            234      -789.1019         3.7         -404.6153      -384.4865 --
ML: -573.4603908393055 Information: 124.21722447937304
            235      -799.6586         3.7         -404.6065      -395.0520 --
ML: -573.4603908393055 Information: 124.21722447937304
            236      -795.0351         3.8         -404.5162      -390.5188 --
ML: -573.4603908393055 Information: 124.21722447937304
            237      -800.7073         3.8         -404.2384      -396.4689 --
ML: -573.4603908393055 Information: 124.21722447937304
            238      -790.3857         3.8         -404.2276      -386.1581 --
ML: -573.4603908393055 Information: 124.21722447937304
            239      -789.7499         3.8         -404.0404      -385.7095 --
ML: -573.4603908393055 Information: 124.21722447937304
            240      -786.4647         3.9         -403.7699      -382.6947 --
ML: -573.4603908393055 Information: 124.21722447937304
            241      -791.9449         3.9         -403.5561      -388.3887 --
ML: -573.4603908393055 Information: 124.21722447937304
            242      -807.9450         3.9         -403.4352      -404.5098 --
ML: -573.4603908393055 Information: 124.21722447937304
            243      -785.4626         3.9         -403.2482      -382.2143 --
ML: -573.4603908393055 Information: 124.21722447937304
            244      -795.0353         3.9         -403.0363      -391.9990 --
ML: -573.4603908393055 Information: 124.21722447937304
            245      -792.3451         4.0         -402.6908      -389.6543 --
ML: -573.4603908393055 Information: 124.21722447937304
            246      -791.3881         4.0         -402.6113      -388.7767 --
ML: -573.4603908393055 Information: 124.21722447937304
            247      -803.8126         4.0         -402.5935      -401.2191 --
ML: -573.4603908393055 Information: 124.21722447937304
            248      -805.5691         4.0         -402.0475      -403.5216 --
ML: -573.4603908393055 Information: 124.21722447937304
249<=1000000&& (249<2.0*124.21722447937304*1||Math.abs(-573.4603908393055 - -573.4603908393055)/Math.abs(-573.4603908393055) > 1.0E-10
Finished in 249 steps!
Marginal likelihood: -571.6260077685918 (bootstrap SD=11.109331984572908)
Marginal likelihood: -571.5035358650989 (subsample SD=13.16239100542273)
Marginal likelihood: -572.6998584774853(10.406898280529632)
Information: 124.21722447937304
SD: 11.145278124810213

Operator                                                                Tuning    #accept    #reject      Pr(m)  Pr(acc|m)
Uniform()                                                                    -     459506     234574    0.27778    0.66204 
SubtreeSlide()                                                         1.00000      32781      36447    0.02778    0.47352 Try increasing size to about 2
SubtreeSlide()                                                        30.00000       1593      68416    0.02778    0.02275 Try decreasing size to about 15
Exchange()                                                                   -     104732     589505    0.27778    0.15086 
beast.base.inference.operator.DeltaExchangeOperator(editRateScaler)    1.00000       1275      68379    0.02778    0.01830 Try setting delta to about 0.5
ScaleOperator(clockRateScaler)                                         0.80000      44657      24675    0.02778    0.64410 Try setting scaleFactor to about 0.64
ScaleOperator(silencingRateScaler)                                     0.80000      51665      17734    0.02778    0.74446 Try setting scaleFactor to about 0.64
ScaleOperator(georateScaler.s:tissue)                                  0.99000     672041      22840    0.27778    0.96713 Try setting scaleFactor to about 0.98
ScaleOperator(geoMuScaler.c:tissue)                                    0.90000      57241      11939    0.02778    0.82742 Try setting scaleFactor to about 0.81

     Tuning: The value of the operator's tuning parameter, or '-' if the operator can't be optimized.
    #accept: The total number of times a proposal by this operator has been accepted.
    #reject: The total number of times a proposal by this operator has been rejected.
      Pr(m): The probability this operator is chosen in a step of the MCMC (i.e. the normalized weight).
  Pr(acc|m): The acceptance probability (#accept as a fraction of the total proposals for this operator).


Total calculation time: 380.183 seconds
Done!
