************************************
**** FeastMain BEAST 2 Launcher ****
************************************

Hunting for beast_services.xml files embedded in classpath:
- Processing /feast/beast_services.xml...
- Processing /beast_services.xml...
Done. Handing over to BeastMain...

                   BEAST v2.7.7 Prerelease, 2002-2024
             Bayesian Evolutionary Analysis Sampling Trees
                       Designed and developed by
 Remco Bouckaert, Alexei J. Drummond, Andrew Rambaut & Marc A. Suchard
                                    
                   Centre for Computational Evolution
                         University of Auckland
                       r.bouckaert@auckland.ac.nz
                        alexei@cs.auckland.ac.nz
                                    
                   Institute of Evolutionary Biology
                        University of Edinburgh
                           a.rambaut@ed.ac.uk
                                    
                    David Geffen School of Medicine
                 University of California, Los Angeles
                           msuchard@ucla.edu
                                    
                      Downloads, Help & Resources:
                           http://beast2.org/
                                    
  Source code distributed under the GNU Lesser General Public License:
                   http://github.com/CompEvol/beast2
                                    
                           BEAST developers:
   Alex Alekseyenko, Trevor Bedford, Erik Bloomquist, Joseph Heled, 
 Sebastian Hoehna, Denise Kuehnert, Philippe Lemey, Wai Lok Sibon Li, 
Gerton Lunter, Sidney Markowitz, Vladimir Minin, Michael Defoin Platel, 
          Oliver Pybus, Tim Vaughan, Chieh-Hsi Wu, Walter Xie
                                    
                               Thanks to:
          Roald Forsberg, Beth Shapiro and Korbinian Strimmer

Random number seed: 1733232929282

AlignmentFromFasta(alignment)
  63 taxa
  10 sites
  6 patterns

ASV020 = 420 (0.0)
ASV041 = 420 (0.0)
ASV051 = 420 (0.0)
ASV052 = 420 (0.0)
ASV055 = 420 (0.0)
ASV070 = 420 (0.0)
ASV071 = 420 (0.0)
ASV075 = 420 (0.0)
ASV076 = 420 (0.0)
ASV088 = 420 (0.0)
53 more...
Starting frequencies: [1.0, 0.0, 0.0]
  Using BEAGLE version: 4.0.1 (PRE-RELEASE) resource 0: CPU (x86_64)
    with instance flags:  PRECISION_DOUBLE COMPUTATION_SYNCH EIGEN_COMPLEX SCALING_MANUAL SCALERS_RAW VECTOR_SSE THREADING_NONE PROCESSOR_CPU FRAMEWORK_CPU
Starting frequencies: [1.0, 0.0, 0.0, 0.0]
ASV020 = FML (NaN)
ASV041 = LNSL (NaN)
ASV051 = PRL (NaN)
ASV052 = LNSL (NaN)
ASV055 = LNSL (NaN)
ASV070 = FML (NaN)
ASV071 = PRL (NaN)
ASV075 = FML (NaN)
ASV076 = FML (NaN)
ASV088 = FML (NaN)
53 more...
Starting frequencies: [0.25, 0.25, 0.25, 0.25]
  Using BEAGLE version: 4.0.1 (PRE-RELEASE) resource 0: CPU (x86_64)
    with instance flags:  PRECISION_DOUBLE COMPUTATION_SYNCH EIGEN_COMPLEX SCALING_MANUAL SCALERS_RAW VECTOR_SSE THREADING_NONE PROCESSOR_CPU FRAMEWORK_CPU
===============================================================================
Citations for this model:

Patricio Maturana, Brendon J. Brewer, Steffen Klaere, Remco Bouckaert. Model selection and parameter inference in phylogenetics using Nested Sampling. Systematic Biology, syy050, 2018

Stadler, T., Kuehnert, D., Bonhoeffer, S., and Drummond, A. J. (2013):
 Birth-death skyline plot reveals temporal changes of
 epidemic spread in HIV and hepatitis C virus (HCV). PNAS 110(1): 228–33.
If sampled ancestors are used then please also cite: Gavryushkina A, Welch D, Stadler T, Drummond AJ (2014) 
Bayesian inference of sampled ancestor trees for epidemiology and fossil calibration. 
PLoS Comput Biol 10(12): e1003919. doi:10.1371/journal.pcbi.1003919

Edwards, C. J., Suchard, M. A., Lemey, P., ... & Valdiosera, C. E. (2011).
Ancient hybridization and an Irish origin for the modern polar bear matriline.
Current Biology, 21(15), 1251-1258.

===============================================================================
         Sample      posterior ESS(posterior)     likelihood          prior
Start likelihood 0: -4592.144071225491 
              0     -1292.0431              N      -862.3344      -429.7086 --
ML: -863.1730111441258 Information: 0.8385606384288167
              1     -1262.7220         2.0         -848.1789      -414.5431 --
ML: -850.0175101247257 Information: 1.838531315389396
              2     -1233.4442         3.0         -826.4742      -406.9700 --
ML: -829.3127736275133 Information: 2.838560615337084
              3     -1179.9774         4.0         -816.5605      -363.4168 --
ML: -820.3990161424338 Information: 3.837092469783526
              4     -1162.9549         3.0         -806.7257      -356.2292 --
ML: -811.5641245437325 Information: 4.836983260255413
              5     -1094.3771         2.5         -790.9035      -303.4736 --
ML: -796.7420777219728 Information: 5.83855448971732
              6     -1067.7489         2.4         -777.5443      -290.2045 --
ML: -784.3829358569428 Information: 6.838499032650411
              7     -1069.2974         2.4         -771.3945      -297.9029 --
ML: -779.2273252106419 Information: 7.797310842107643
              8     -1060.5001         2.4         -765.0591      -295.4410 --
ML: -773.8928714502885 Information: 8.803002633194918
              9     -1055.0999         2.6         -756.1932      -298.9067 --
ML: -766.0314060195275 Information: 9.83474730229257
             10     -1058.5196         2.8         -744.9748      -313.5448 --
ML: -755.8133264352068 Information: 10.838114487033412
             11     -1043.0620         3.0         -737.8317      -305.2303 --
ML: -749.6681438205288 Information: 11.821100466369375
             12     -1032.8347         3.0         -735.7188      -297.1159 --
ML: -748.2727363603586 Information: 12.026673288506913
             13     -1018.7422         3.1         -730.9737      -287.7684 --
ML: -744.7813468235627 Information: 13.647040799599036
             14     -1016.7920         3.2         -729.2942      -287.4978 --
ML: -743.712227470672 Information: 13.786292029959753
             15     -1021.8868         3.2         -726.2509      -295.6358 --
ML: -741.9093674806912 Information: 15.052703897313322
             16     -1012.6551         3.3         -717.5041      -295.1510 --
ML: -734.3421770615878 Information: 16.833206762492075
             17     -1011.3480         3.4         -710.7386      -300.6094 --
ML: -728.5740717574379 Information: 17.814268228335077
             18      -998.6559         3.4         -707.6507      -291.0051 --
ML: -726.3721153057169 Information: 18.37754764578912
             19      -990.6485         3.5         -705.5043      -285.1441 --
ML: -725.0374327939209 Information: 18.877540601870805
             20     -1002.4609         3.5         -704.0751      -298.3858 --
ML: -724.2804899777245 Information: 19.227413221549057
             21      -996.9959         3.5         -702.1191      -294.8768 --
ML: -723.4129573541238 Information: 20.061626223687426
             22      -992.1626         3.4         -699.5663      -292.5962 --
ML: -722.0938310335 Information: 21.515470846522845
             23      -992.3955         3.4         -698.4577      -293.9378 --
ML: -721.4967862292591 Information: 21.87179770148049
             24      -994.2388         3.4         -693.5319      -300.7068 --
ML: -718.3275959021795 Information: 24.5394783696999
             25      -973.9575         3.5         -683.9497      -290.0077 --
ML: -709.788111691422 Information: 25.83644073024498
             26      -969.8000         3.5         -682.7255      -287.0744 --
ML: -708.9767221615896 Information: 25.70646258742829
             27      -979.9686         3.5         -681.5971      -298.3715 --
ML: -708.4869611035965 Information: 25.864577349444062
             28      -964.5156         3.5         -679.1821      -285.3334 --
ML: -707.5337619585899 Information: 27.025377703255458
             29      -982.9268         3.3         -674.6555      -308.2712 --
ML: -704.447415381211 Information: 29.524528553314294
             30      -947.1503         3.3         -667.1181      -280.0322 --
ML: -697.9552140271999 Information: 30.82521849554124
             31      -954.9920         3.3         -667.0553      -287.9367 --
ML: -697.6250957697738 Information: 30.516084309511427
             32      -960.6777         3.3         -658.2236      -302.4541 --
ML: -691.0607520665269 Information: 32.824623699295934
             33      -965.7558         3.3         -655.4732      -310.2825 --
ML: -689.1514321650479 Information: 33.2687732598996
             34      -935.0546         3.3         -653.2188      -281.8357 --
ML: -687.7685917694027 Information: 33.881472518969844
             35      -934.3974         3.3         -652.8625      -281.5348 --
ML: -687.4367299166743 Information: 33.838962323315855
             36      -938.5486         3.3         -652.2880      -286.2606 --
ML: -687.2673773216856 Information: 33.873645864534865
             37      -949.3109         3.2         -651.5848      -297.7261 --
ML: -687.1578209671186 Information: 33.95179365972899
             38      -934.8337         3.2         -646.8000      -288.0337 --
ML: -685.4406679770673 Information: 37.490260285850226
             39      -913.6999         3.1         -639.8645      -273.8353 --
ML: -679.6999333570456 Information: 39.809368119534696
             40      -921.6282         3.0         -638.2895      -283.3387 --
ML: -678.6805431582217 Information: 39.81332702674885
             41      -909.1826         3.0         -630.0600      -279.1225 --
ML: -671.8974965501201 Information: 41.827450280148405
             42      -910.6359         3.0         -629.7831      -280.8527 --
ML: -671.5022903215901 Information: 41.525893776449436
             43      -906.0300         3.0         -629.5348      -276.4951 --
ML: -671.3591023697018 Information: 41.4416081965677
             44      -914.8809         2.9         -628.9599      -285.9210 --
ML: -671.2754826445455 Information: 41.43480444337695
             45      -912.7146         2.9         -628.9498      -283.7648 --
ML: -671.2461084545284 Information: 41.43121737533045
             46      -914.0716         2.9         -628.9102      -285.1613 --
ML: -671.2350908952993 Information: 41.43011151166604
             47      -921.3766         2.9         -627.2049      -294.1717 --
ML: -671.213150474435 Information: 41.46459526027263
             48      -923.4239         2.8         -626.3555      -297.0684 --
ML: -671.1946548817313 Information: 41.508278509303295
             49      -912.3121         2.6         -626.0914      -286.2206 --
ML: -671.1859142433616 Information: 41.53082252519073
             50      -907.6426         2.6         -624.9956      -282.6469 --
ML: -671.1763821167235 Information: 41.56549357526694
             51      -915.1927         2.6         -624.6533      -290.5393 --
ML: -671.1714794884753 Information: 41.58483641895873
             52      -914.4546         2.6         -622.8490      -291.6056 --
ML: -671.1606072654207 Information: 41.64682034429029
             53      -900.2089         2.6         -622.6512      -277.5577 --
ML: -671.1557711082867 Information: 41.67509231134534
             54      -902.0516         2.6         -622.1743      -279.8772 --
ML: -671.1529158066074 Information: 41.69306899830099
             55      -917.2071         2.6         -621.1741      -296.0330 --
ML: -671.1500680310319 Information: 41.713783467445296
             56      -919.0128         2.6         -618.3347      -300.6781 --
ML: -671.1323313391596 Information: 41.89121540959388
             57      -920.6899         2.6         -616.5806      -304.1093 --
ML: -671.095642557958 Information: 42.31060587418699
             58      -901.6575         2.6         -610.7538      -290.9037 --
ML: -669.391572065362 Information: 55.3571163939677
             59      -899.5328         2.6         -609.6829      -289.8498 --
ML: -668.7612932827232 Information: 56.76140491770184
             60      -898.4421         2.6         -608.3686      -290.0735 --
ML: -668.2664481101364 Information: 57.68396273181372
             61      -889.5362         2.6         -607.6618      -281.8744 --
ML: -668.0109291450523 Information: 58.08700085741094
             62      -887.5988         2.6         -604.0156      -283.5831 --
ML: -666.5807670631222 Information: 61.151417105621476
             63      -908.6843         2.6         -601.3333      -307.3509 --
ML: -664.9532763976758 Information: 62.815345093794576
             64      -922.7112         2.6         -600.8713      -321.8398 --
ML: -664.5685376291326 Information: 62.83510778132273
             65      -890.5601         2.6         -598.8612      -291.6989 --
ML: -663.9388602939152 Information: 63.54743132511334
             66      -891.9400         2.6         -597.6226      -294.3174 --
ML: -663.4731567007161 Information: 64.11256885232797
             67      -882.3859         2.6         -597.4396      -284.9462 --
ML: -663.3208970231537 Information: 64.23160977287876
             68      -883.8651         2.7         -596.2126      -287.6525 --
ML: -663.1577275904984 Information: 64.50153219710495
             69      -879.8970         2.7         -589.5761      -290.3208 --
ML: -659.3913152726994 Information: 69.60508809231862
             70      -867.4449         2.7         -585.5857      -281.8592 --
ML: -656.3741519453456 Information: 70.58281290000335
             71      -882.7436         2.7         -584.7050      -298.0385 --
ML: -655.7621315222289 Information: 70.46805409305273
             72      -889.6592         2.7         -583.5373      -306.1219 --
ML: -655.3295000305827 Information: 70.65239048431232
             73      -863.2561         2.8         -578.5909      -284.6652 --
ML: -652.3759000363523 Information: 73.4675942165353
             74      -875.1454         2.8         -575.4577      -299.6877 --
ML: -650.178559409826 Information: 74.33744342922095
             75      -876.7874         2.8         -574.5989      -302.1884 --
ML: -649.6065419754934 Information: 74.30651850169494
             76      -864.9252         2.8         -574.0084      -290.9167 --
ML: -649.3524785150935 Information: 74.34223300851579
             77      -870.2208         2.8         -573.2326      -296.9882 --
ML: -649.1875634021711 Information: 74.44757314583688
             78      -864.0599         2.8         -570.7819      -293.2779 --
ML: -648.68765109436 Information: 75.5048068688846
             79      -861.3850         2.9         -570.7025      -290.6825 --
ML: -648.5420822336558 Information: 75.69524539020313
             80      -851.4072         2.9         -565.6449      -285.7622 --
ML: -646.3634314259949 Information: 79.9032256467327
             81      -857.1528         2.9         -562.2189      -294.9338 --
ML: -643.9625187679959 Information: 81.3591461928637
             82      -832.4670         2.9         -551.2245      -281.2424 --
ML: -634.0630618943867 Information: 82.8379391963037
             83      -833.2434         2.9         -544.8126      -288.4308 --
ML: -628.6467100174701 Information: 83.80561448743413
             84      -823.8757         2.9         -542.2188      -281.6569 --
ML: -626.871686009164 Information: 84.20843782124446
             85      -829.6498         3.0         -534.5689      -295.0809 --
ML: -620.4059285651366 Information: 85.8244103662861
             86      -812.8635         3.0         -531.1606      -281.7028 --
ML: -617.912976075314 Information: 86.46949361112758
             87      -809.4252         3.0         -526.7134      -282.7117 --
ML: -614.5179324532551 Information: 87.64580643706907
             88      -814.3473         3.0         -526.1089      -288.2384 --
ML: -614.0166737972355 Information: 87.44542500092092
             89      -807.8570         3.0         -522.8988      -284.9581 --
ML: -612.4919478689607 Information: 88.79366437715053
             90      -809.0552         3.0         -521.3143      -287.7408 --
ML: -611.6149961724394 Information: 89.30879840420715
             91      -809.1995         3.0         -521.1184      -288.0811 --
ML: -611.3828299740892 Information: 89.32272492312165
             92      -805.5706         3.0         -519.3806      -286.1899 --
ML: -611.0228590769814 Information: 89.77277057745414
             93      -811.2632         3.0         -519.3600      -291.9032 --
ML: -610.9153267694603 Information: 89.85793602648283
             94      -807.8772         3.0         -519.0357      -288.8415 --
ML: -610.8647544623707 Information: 89.90706181348901
             95      -810.1689         3.0         -514.1051      -296.0638 --
ML: -609.6085826987136 Information: 93.5522374094524
             96      -801.9180         3.0         -509.9345      -291.9835 --
ML: -606.71605107729 Information: 96.44216161310764
             97      -787.6545         3.0         -506.0475      -281.6070 --
ML: -603.8287276802633 Information: 97.54570664144359
             98      -796.9947         3.0         -505.2280      -291.7666 --
ML: -603.247486032036 Information: 97.42947145297506
             99      -811.5657         2.9         -503.2961      -308.2695 --
ML: -602.4963702004337 Information: 98.01029621950977
            100      -813.2584         2.9         -503.1996      -310.0587 --
ML: -602.3024653007075 Information: 98.04313624048848
            101      -802.4220         2.9         -502.9592      -299.4627 --
ML: -602.2232246625814 Information: 98.06293580505474
            102      -784.4251         2.9         -500.7566      -283.6684 --
ML: -601.9972042575472 Information: 98.52546408281944
            103      -792.1057         2.9         -500.7018      -291.4038 --
ML: -601.9215240766839 Information: 98.65167717114355
            104      -792.4775         2.9         -496.0898      -296.3877 --
ML: -600.613271227827 Information: 102.58274730531019
            105      -788.0654         2.8         -491.3589      -296.7064 --
ML: -597.1652237592848 Information: 105.59403000411181
            106      -778.1410         2.8         -486.6862      -291.4547 --
ML: -593.4989280880111 Information: 106.68774455292856
            107      -778.4657         2.8         -486.2050      -292.2607 --
ML: -593.0414697873117 Information: 106.45282087353797
            108      -778.0452         2.8         -486.1049      -291.9402 --
ML: -592.9023546174187 Information: 106.37651844900643
            109      -774.1247         2.8         -485.2643      -288.8603 --
ML: -592.7973302661452 Information: 106.39725747141875
            110      -775.4031         2.8         -483.2438      -292.1592 --
ML: -592.5531031691022 Information: 106.83695775069106
            111      -768.5755         2.7         -482.6823      -285.8932 --
ML: -592.4222816539574 Information: 107.07815855357484
            112      -754.3119         2.7         -478.3778      -275.9340 --
ML: -590.954522217625 Information: 110.97131759324812
            113      -758.8763         2.7         -476.2398      -282.6365 --
ML: -589.7303076484706 Information: 112.38993969661317
            114      -766.1631         2.7         -476.1185      -290.0445 --
ML: -589.4731673327835 Information: 112.40983322631132
            115      -760.9303         2.7         -475.5464      -285.3839 --
ML: -589.3353165551539 Information: 112.46731062330554
            116      -766.9598         2.7         -475.0420      -291.9178 --
ML: -589.2597920365763 Information: 112.52461133987833
            117      -772.1850         2.7         -473.9158      -298.2691 --
ML: -589.1804949058261 Information: 112.66024290097181
            118      -766.7183         2.7         -471.7967      -294.9215 --
ML: -588.97068539448 Information: 113.34440943242936
            119      -777.3827         2.6         -470.2817      -307.1010 --
ML: -588.6955036695881 Information: 114.3549493960661
            120      -792.1718         2.6         -469.6805      -322.4912 --
ML: -588.5458422796332 Information: 114.85302979390553
            121      -761.8434         2.6         -466.5246      -295.3188 --
ML: -587.7571992303739 Information: 117.9749150608915
            122      -754.1973         2.6         -466.4587      -287.7385 --
ML: -587.5629870022926 Information: 118.36736004588954
            123      -750.9588         2.6         -465.7856      -285.1731 --
ML: -587.4431669639627 Information: 118.63259071514415
            124      -764.9782         2.6         -465.2625      -299.7156 --
ML: -587.3754226035443 Information: 118.79724396436563
            125      -760.4260         2.6         -464.0039      -296.4220 --
ML: -587.2939992210057 Information: 119.07350869685428
            126      -755.8019         2.6         -463.2542      -292.5477 --
ML: -587.2348963614944 Information: 119.29942119612917
            127      -758.1243         2.5         -463.0690      -295.0552 --
ML: -587.2098073539463 Information: 119.39490608665847
            128      -758.9143         2.5         -457.3957      -301.5186 --
ML: -585.9143713389817 Information: 125.66611049744068
            129      -750.2076         2.5         -456.6322      -293.5753 --
ML: -585.4612376639982 Information: 126.53052356410302
            130      -754.2501         2.5         -456.1509      -298.0992 --
ML: -585.2649206300764 Information: 126.82969705176242
            131      -766.2516         2.5         -455.7710      -310.4805 --
ML: -585.1733690055996 Information: 126.97121950873031
            132      -755.8753         2.5         -455.7216      -300.1536 --
ML: -585.1401125942223 Information: 127.01909925563143
            133      -749.7843         2.5         -454.8832      -294.9011 --
ML: -585.1126642111328 Information: 127.07931378856773
            134      -760.4977         2.5         -454.0947      -306.4029 --
ML: -585.09098816862 Information: 127.14209145268217
            135      -751.6348         2.5         -453.9342      -297.7005 --
ML: -585.0817687258257 Information: 127.16971467464845
            136      -761.3563         2.5         -450.5757      -310.7805 --
ML: -584.9891464842073 Information: 127.72607683064462
            137      -768.8923         2.5         -449.3167      -319.5756 --
ML: -584.8806379668512 Information: 128.43467658896907
            138      -749.2901         2.5         -449.0292      -300.2609 --
ML: -584.8314364888172 Information: 128.74155862366422
            139      -759.0882         2.5         -445.7316      -313.3566 --
ML: -584.4409399962065 Information: 131.6996719520057
            140      -766.0470         2.4         -445.0964      -320.9506 --
ML: -584.2384366909911 Information: 132.89859350418516
            141      -754.3183         2.4         -444.5726      -309.7457 --
ML: -584.1306000764166 Information: 133.48254212634487
            142      -747.3990         2.4         -443.0555      -304.3435 --
ML: -583.9723614224554 Information: 134.43550036994668
            143      -752.0382         2.4         -442.3439      -309.6942 --
ML: -583.8682905077476 Information: 135.04236216048895
            144      -756.6566         2.4         -442.3321      -314.3245 --
ML: -583.8321575536279 Information: 135.23667977526554
            145      -751.2393         2.4         -442.2329      -309.0063 --
ML: -583.8178433357643 Information: 135.31279167243957
            146      -766.5167         2.4         -442.0433      -324.4733 --
ML: -583.811543485199 Information: 135.34707155336088
            147      -761.4648         2.4         -441.3378      -320.1269 --
ML: -583.8068765387256 Information: 135.3755864533028
            148      -761.2878         2.4         -440.5829      -320.7048 --
ML: -583.8032391242873 Information: 135.40044474283246
            149      -752.6767         2.4         -439.8652      -312.8115 --
ML: -583.8005049659904 Information: 135.42102171948312
            150      -766.9077         2.4         -437.5233      -329.3843 --
ML: -583.7901117226708 Information: 135.5228746763164
            151      -764.5942         2.4         -437.0119      -327.5822 --
ML: -583.7837889727504 Information: 135.587491541441
            152      -751.4374         2.4         -436.8647      -314.5726 --
ML: -583.7811061933457 Information: 135.61516795890407
            153      -752.2872         2.4         -435.2492      -317.0379 --
ML: -583.7761604207 Information: 135.67394725860294
            154      -770.9219         2.4         -434.9417      -335.9801 --
ML: -583.7736949954427 Information: 135.70388798853827
            155      -755.2666         2.4         -434.1389      -321.1277 --
ML: -583.7716752349556 Information: 135.72997692630156
            156      -763.8017         2.4         -432.9351      -330.8666 --
ML: -583.769204517792 Information: 135.76478420645964
            157      -780.3196         2.4         -431.9012      -348.4184 --
ML: -583.7666549774488 Information: 135.80323815561798
            158      -777.1220         2.4         -429.3954      -347.7265 --
ML: -583.7552428840019 Information: 136.00252074851937
            159      -775.1379         2.4         -429.1840      -345.9539 --
ML: -583.7500987375123 Information: 136.09265153948428
            160      -776.0964         2.4         -428.0251      -348.0713 --
ML: -583.7441023309658 Information: 136.20402621447153
            161      -775.6817         2.4         -427.8614      -347.8203 --
ML: -583.741515192163 Information: 136.25228461079996
            162      -771.3492         2.4         -427.3622      -343.9870 --
ML: -583.7399504604283 Information: 136.28218863573414
            163      -772.3789         2.4         -427.2085      -345.1703 --
ML: -583.739279984936 Information: 136.29509019140045
            164      -788.4750         2.4         -426.2254      -362.2496 --
ML: -583.7386211514727 Information: 136.3084063830574
            165      -770.7984         2.4         -425.9802      -344.8181 --
ML: -583.7383115916431 Information: 136.31473583842728
            166      -769.6650         2.5         -425.6278      -344.0372 --
ML: -583.7381496305345 Information: 136.3181036555435
            167      -782.1961         2.5         -425.4070      -356.7891 --
ML: -583.7380753345367 Information: 136.31966477960225
            168      -766.0401         2.5         -424.6389      -341.4011 --
ML: -583.7380164253648 Information: 136.3209477471696
            169      -771.2964         2.5         -424.3136      -346.9827 --
ML: -583.737986422545 Information: 136.3216109013503
            170      -775.2617         2.5         -423.6921      -351.5696 --
ML: -583.7379658743403 Information: 136.32207783831564
            171      -777.6680         2.5         -423.5602      -354.1077 --
ML: -583.73795724979 Information: 136.32227495660516
            172      -768.9453         2.5         -423.4891      -345.4562 --
ML: -583.7379538430212 Information: 136.32235306190046
            173      -760.4098         2.5         -423.4287      -336.9811 --
ML: -583.7379525117417 Information: 136.32238366378562
            174      -772.4469         2.5         -423.0819      -349.3650 --
ML: -583.7379518189715 Information: 136.32239982859835
            175      -772.9932         2.5         -422.7289      -350.2643 --
ML: -583.7379514562367 Information: 136.3224084205413
            176      -785.6060         2.5         -422.6785      -362.9274 --
ML: -583.7379513158905 Information: 136.3224117519547
            177      -773.4301         2.5         -421.9313      -351.4988 --
ML: -583.7379512068903 Information: 136.32241442074695
            178      -773.5118         2.5         -421.3217      -352.1900 --
ML: -583.7379511331227 Information: 136.32241627187312
            179      -770.5902         2.5         -421.0929      -349.4973 --
ML: -583.7379510990093 Information: 136.32241713572978
            180      -771.2784         2.5         -419.6943      -351.5840 --
ML: -583.73795104819 Information: 136.32241849367028
            181      -767.0830         2.5         -419.6109      -347.4721 --
ML: -583.7379510278686 Information: 136.32241903837257
            182      -781.6405         2.6         -419.1211      -362.5194 --
ML: -583.7379510156675 Information: 136.32241937137297
            183      -766.4004         2.6         -418.9215      -347.4789 --
ML: -583.7379510101875 Information: 136.32241952203321
            184      -770.8831         2.6         -418.7179      -352.1652 --
ML: -583.7379510077163 Information: 136.32241959050072
            185      -776.9611         2.6         -418.3270      -358.6341 --
ML: -583.7379510063723 Information: 136.3224196282581
            186      -765.2557         2.6         -417.9795      -347.2762 --
ML: -583.7379510056725 Information: 136.32241964815432
            187      -777.7484         2.6         -417.4367      -360.3117 --
ML: -583.7379510052294 Information: 136.32241966098508
            188      -774.0976         2.6         -417.2958      -356.8017 --
ML: -583.7379510050417 Information: 136.32241966647217
            189      -766.8329         2.6         -417.1213      -349.7115 --
ML: -583.7379510049595 Information: 136.3224196688825
            190      -774.4377         2.6         -416.7620      -357.6757 --
ML: -583.7379510049162 Information: 136.3224196701687
            191      -766.3222         2.6         -416.3926      -349.9295 --
ML: -583.7379510048931 Information: 136.3224196708727
            192      -770.9352         2.6         -416.3059      -354.6293 --
ML: -583.7379510048839 Information: 136.32241967113333
            193      -789.5400         2.7         -415.2444      -374.2955 --
ML: -583.737951004874 Information: 136.32241967146484
            194      -770.2032         2.7         -415.0755      -355.1277 --
ML: -583.7379510048697 Information: 136.32241967161525
            195      -782.0767         2.7         -415.0679      -367.0088 --
ML: -583.7379510048681 Information: 136.32241967166664
            196      -773.0682         2.7         -414.3370      -358.7311 --
ML: -583.7379510048669 Information: 136.32241967172217
            197      -795.4788         2.7         -414.0295      -381.4492 --
ML: -583.7379510048663 Information: 136.32241967172456
            198      -783.8604         2.7         -413.5582      -370.3021 --
ML: -583.737951004866 Information: 136.32241967172888
            199      -782.9946         2.7         -413.3466      -369.6479 --
ML: -583.7379510048659 Information: 136.32241967171245
            200      -779.7411         2.7         -412.6128      -367.1283 --
ML: -583.7379510048657 Information: 136.32241967171183
            201      -773.6322         2.8         -412.5809      -361.0512 --
ML: -583.7379510048657 Information: 136.32241967169227
            202      -779.0544         2.8         -412.4775      -366.5769 --
ML: -583.7379510048657 Information: 136.32241967168432
            203      -772.3126         2.8         -411.1490      -361.1636 --
ML: -583.7379510048657 Information: 136.3224196716733
            204      -786.2098         2.8         -410.6754      -375.5344 --
ML: -583.7379510048657 Information: 136.3224196716668
            205      -793.5908         2.8         -410.2893      -383.3014 --
ML: -583.7379510048657 Information: 136.32241967166328
            206      -775.7063         2.8         -410.2000      -365.5062 --
ML: -583.7379510048657 Information: 136.32241967166192
            207      -785.0839         2.8         -410.1897      -374.8942 --
ML: -583.7379510048657 Information: 136.32241967166135
            208      -792.5537         2.8         -409.8159      -382.7377 --
ML: -583.7379510048657 Information: 136.32241967166112
            209      -798.9498         2.9         -408.6303      -390.3195 --
ML: -583.7379510048657 Information: 136.32241967166078
            210      -796.2421         2.9         -408.3316      -387.9104 --
ML: -583.7379510048657 Information: 136.32241967166067
            211      -781.2704         2.9         -407.7778      -373.4925 --
ML: -583.7379510048657 Information: 136.32241967166055
            212      -805.1070         2.9         -407.6544      -397.4525 --
ML: -583.7379510048657 Information: 136.32241967166055
            213      -789.3248         2.9         -407.5473      -381.7774 --
ML: -583.7379510048657 Information: 136.32241967166055
            214      -800.6034         2.9         -407.3847      -393.2186 --
ML: -583.7379510048657 Information: 136.32241967166055
            215      -779.9358         3.0         -407.2857      -372.6500 --
ML: -583.7379510048657 Information: 136.32241967166055
            216      -786.4209         3.0         -406.6360      -379.7848 --
ML: -583.7379510048657 Information: 136.32241967166055
            217      -784.5816         3.0         -406.6022      -377.9794 --
ML: -583.7379510048657 Information: 136.32241967166055
            218      -792.7733         3.0         -406.2265      -386.5468 --
ML: -583.7379510048657 Information: 136.32241967166055
            219      -788.0818         3.0         -405.9886      -382.0932 --
ML: -583.7379510048657 Information: 136.32241967166055
            220      -783.6823         3.0         -405.8092      -377.8731 --
ML: -583.7379510048657 Information: 136.32241967166055
            221      -802.2506         3.0         -405.5980      -396.6526 --
ML: -583.7379510048657 Information: 136.32241967166055
            222      -808.5001         3.1         -405.2039      -403.2961 --
ML: -583.7379510048657 Information: 136.32241967166055
            223      -790.7806         3.1         -405.1227      -385.6578 --
ML: -583.7379510048657 Information: 136.32241967166055
            224      -795.4166         3.1         -404.4473      -390.9692 --
ML: -583.7379510048657 Information: 136.32241967166055
            225      -797.3053         3.1         -404.2409      -393.0643 --
ML: -583.7379510048657 Information: 136.32241967166055
            226      -791.4859         3.1         -404.0815      -387.4044 --
ML: -583.7379510048657 Information: 136.32241967166055
            227      -803.4530         3.1         -404.0372      -399.4157 --
ML: -583.7379510048657 Information: 136.32241967166055
            228      -787.0306         3.2         -403.7698      -383.2607 --
ML: -583.7379510048657 Information: 136.32241967166055
            229      -793.6839         3.2         -403.7125      -389.9714 --
ML: -583.7379510048657 Information: 136.32241967166055
            230      -779.7454         3.2         -403.5990      -376.1463 --
ML: -583.7379510048657 Information: 136.32241967166055
            231      -796.0713         3.2         -403.4069      -392.6643 --
ML: -583.7379510048657 Information: 136.32241967166055
            232      -796.8580         3.2         -403.3869      -393.4710 --
ML: -583.7379510048657 Information: 136.32241967166055
            233      -806.1404         3.2         -403.1004      -403.0400 --
ML: -583.7379510048657 Information: 136.32241967166055
            234      -805.2618         3.3         -402.9685      -402.2932 --
ML: -583.7379510048657 Information: 136.32241967166055
            235      -806.3909         3.3         -402.3537      -404.0372 --
ML: -583.7379510048657 Information: 136.32241967166055
            236      -806.6228         3.3         -402.3481      -404.2747 --
ML: -583.7379510048657 Information: 136.32241967166055
            237      -808.4758         3.3         -402.2595      -406.2163 --
ML: -583.7379510048657 Information: 136.32241967166055
            238      -787.8581         3.3         -402.0241      -385.8339 --
ML: -583.7379510048657 Information: 136.32241967166055
            239      -803.9634         3.4         -401.9803      -401.9831 --
ML: -583.7379510048657 Information: 136.32241967166055
            240      -797.0381         3.4         -401.9592      -395.0788 --
ML: -583.7379510048657 Information: 136.32241967166055
            241      -813.4141         3.4         -401.3160      -412.0981 --
ML: -583.7379510048657 Information: 136.32241967166055
            242      -798.0528         3.4         -401.1310      -396.9217 --
ML: -583.7379510048657 Information: 136.32241967166055
            243      -801.7063         3.4         -400.5600      -401.1463 --
ML: -583.7379510048657 Information: 136.32241967166055
            244      -815.0639         3.4         -400.2887      -414.7752 --
ML: -583.7379510048657 Information: 136.32241967166055
            245      -827.7381         3.5         -400.0958      -427.6422 --
ML: -583.7379510048657 Information: 136.32241967166055
            246      -813.2159         3.5         -400.0956      -413.1203 --
ML: -583.7379510048657 Information: 136.32241967166055
            247      -816.1457         3.5         -400.0120      -416.1337 --
ML: -583.7379510048657 Information: 136.32241967166055
            248      -809.2388         3.5         -400.0060      -409.2328 --
ML: -583.7379510048657 Information: 136.32241967166055
            249      -813.8254         3.5         -399.9958      -413.8295 --
ML: -583.7379510048657 Information: 136.32241967166055
            250      -814.5231         3.6         -399.9321      -414.5910 --
ML: -583.7379510048657 Information: 136.32241967166055
            251      -810.2223         3.6         -399.4135      -410.8087 --
ML: -583.7379510048657 Information: 136.32241967166055
            252      -819.7052         3.6         -399.0585      -420.6467 --
ML: -583.7379510048657 Information: 136.32241967166055
            253      -827.6308         3.6         -399.0292      -428.6016 --
ML: -583.7379510048657 Information: 136.32241967166055
            254      -818.0747         3.6         -398.7108      -419.3639 --
ML: -583.7379510048657 Information: 136.32241967166055
            255      -821.0630         3.7         -398.4582      -422.6047 --
ML: -583.7379510048657 Information: 136.32241967166055
            256      -834.9607         3.7         -398.4068      -436.5538 --
ML: -583.7379510048657 Information: 136.32241967166055
            257      -824.7634         3.7         -398.3335      -426.4298 --
ML: -583.7379510048657 Information: 136.32241967166055
            258      -827.1353         3.7         -397.9972      -429.1380 --
ML: -583.7379510048657 Information: 136.32241967166055
            259      -822.7855         3.8         -397.8911      -424.8944 --
ML: -583.7379510048657 Information: 136.32241967166055
            260      -818.9399         3.8         -397.7052      -421.2346 --
ML: -583.7379510048657 Information: 136.32241967166055
            261      -813.9986         3.8         -397.6950      -416.3035 --
ML: -583.7379510048657 Information: 136.32241967166055
            262      -808.2436         3.8         -397.3246      -410.9189 --
ML: -583.7379510048657 Information: 136.32241967166055
            263      -809.0640         3.8         -397.3049      -411.7591 --
ML: -583.7379510048657 Information: 136.32241967166055
            264      -814.3575         3.9         -397.1551      -417.2024 --
ML: -583.7379510048657 Information: 136.32241967166055
            265      -802.8507         3.9         -397.0798      -405.7708 --
ML: -583.7379510048657 Information: 136.32241967166055
            266      -815.4368         3.9         -396.6660      -418.7708 --
ML: -583.7379510048657 Information: 136.32241967166055
            267      -820.6351         3.9         -396.4528      -424.1822 --
ML: -583.7379510048657 Information: 136.32241967166055
            268      -816.1496         3.9         -396.3861      -419.7634 --
ML: -583.7379510048657 Information: 136.32241967166055
            269      -800.6734         4.0         -396.3812      -404.2922 --
ML: -583.7379510048657 Information: 136.32241967166055
            270      -817.8142         4.0         -396.3288      -421.4853 --
ML: -583.7379510048657 Information: 136.32241967166055
            271      -825.9978         4.0         -396.2453      -429.7525 --
ML: -583.7379510048657 Information: 136.32241967166055
            272      -817.8604         4.0         -396.1573      -421.7031 --
ML: -583.7379510048657 Information: 136.32241967166055
273<=1000000&& (273<2.0*136.32241967166055*1||Math.abs(-583.7379510048657 - -583.7379510048657)/Math.abs(-583.7379510048657) > 1.0E-10
Finished in 273 steps!
Marginal likelihood: -581.6502213848142 (bootstrap SD=11.332128912998463)
Marginal likelihood: -579.5437612754336 (subsample SD=13.32812058144858)
Marginal likelihood: -582.5612503575035(9.43185393444769)
Information: 136.32241967166055
SD: 11.675719235732785

Operator                                                                Tuning    #accept    #reject      Pr(m)  Pr(acc|m)
Uniform()                                                                    -     492154     269516    0.27778    0.64615 
SubtreeSlide()                                                         1.00000      36011      39857    0.02778    0.47465 Try increasing size to about 2
SubtreeSlide()                                                        30.00000       1753      74757    0.02778    0.02291 Try decreasing size to about 15
Exchange()                                                                   -     111893     648601    0.27778    0.14713 
beast.base.inference.operator.DeltaExchangeOperator(editRateScaler)    1.00000       1390      74841    0.02778    0.01823 Try setting delta to about 0.5
ScaleOperator(clockRateScaler)                                         0.80000      48635      27640    0.02778    0.63763 Try setting scaleFactor to about 0.64
ScaleOperator(silencingRateScaler)                                     0.80000      55665      19990    0.02778    0.73577 Try setting scaleFactor to about 0.64
ScaleOperator(georateScaler.s:tissue)                                  0.99000     738920      22717    0.27778    0.97017 Try setting scaleFactor to about 0.98
ScaleOperator(geoMuScaler.c:tissue)                                    0.90000      62513      13147    0.02778    0.82624 Try setting scaleFactor to about 0.81

     Tuning: The value of the operator's tuning parameter, or '-' if the operator can't be optimized.
    #accept: The total number of times a proposal by this operator has been accepted.
    #reject: The total number of times a proposal by this operator has been rejected.
      Pr(m): The probability this operator is chosen in a step of the MCMC (i.e. the normalized weight).
  Pr(acc|m): The acceptance probability (#accept as a fraction of the total proposals for this operator).


Total calculation time: 433.376 seconds
Done!
