************************************
**** FeastMain BEAST 2 Launcher ****
************************************

Hunting for beast_services.xml files embedded in classpath:
- Processing /feast/beast_services.xml...
- Processing /beast_services.xml...
Done. Handing over to BeastMain...

                   BEAST v2.7.7 Prerelease, 2002-2024
             Bayesian Evolutionary Analysis Sampling Trees
                       Designed and developed by
 Remco Bouckaert, Alexei J. Drummond, Andrew Rambaut & Marc A. Suchard
                                    
                   Centre for Computational Evolution
                         University of Auckland
                       r.bouckaert@auckland.ac.nz
                        alexei@cs.auckland.ac.nz
                                    
                   Institute of Evolutionary Biology
                        University of Edinburgh
                           a.rambaut@ed.ac.uk
                                    
                    David Geffen School of Medicine
                 University of California, Los Angeles
                           msuchard@ucla.edu
                                    
                      Downloads, Help & Resources:
                           http://beast2.org/
                                    
  Source code distributed under the GNU Lesser General Public License:
                   http://github.com/CompEvol/beast2
                                    
                           BEAST developers:
   Alex Alekseyenko, Trevor Bedford, Erik Bloomquist, Joseph Heled, 
 Sebastian Hoehna, Denise Kuehnert, Philippe Lemey, Wai Lok Sibon Li, 
Gerton Lunter, Sidney Markowitz, Vladimir Minin, Michael Defoin Platel, 
          Oliver Pybus, Tim Vaughan, Chieh-Hsi Wu, Walter Xie
                                    
                               Thanks to:
          Roald Forsberg, Beth Shapiro and Korbinian Strimmer

Random number seed: 1733232929641

AlignmentFromFasta(alignment)
  63 taxa
  10 sites
  6 patterns

ASV020 = 420 (0.0)
ASV041 = 420 (0.0)
ASV051 = 420 (0.0)
ASV052 = 420 (0.0)
ASV055 = 420 (0.0)
ASV070 = 420 (0.0)
ASV071 = 420 (0.0)
ASV075 = 420 (0.0)
ASV076 = 420 (0.0)
ASV088 = 420 (0.0)
53 more...
Starting frequencies: [1.0, 0.0, 0.0]
  Using BEAGLE version: 4.0.1 (PRE-RELEASE) resource 0: CPU (x86_64)
    with instance flags:  PRECISION_DOUBLE COMPUTATION_SYNCH EIGEN_COMPLEX SCALING_MANUAL SCALERS_RAW VECTOR_SSE THREADING_NONE PROCESSOR_CPU FRAMEWORK_CPU
Starting frequencies: [1.0, 0.0, 0.0, 0.0]
ASV020 = FML (NaN)
ASV041 = LNSL (NaN)
ASV051 = PRL (NaN)
ASV052 = LNSL (NaN)
ASV055 = LNSL (NaN)
ASV070 = FML (NaN)
ASV071 = PRL (NaN)
ASV075 = FML (NaN)
ASV076 = FML (NaN)
ASV088 = FML (NaN)
53 more...
Starting frequencies: [0.25, 0.25, 0.25, 0.25]
  Using BEAGLE version: 4.0.1 (PRE-RELEASE) resource 0: CPU (x86_64)
    with instance flags:  PRECISION_DOUBLE COMPUTATION_SYNCH EIGEN_COMPLEX SCALING_MANUAL SCALERS_RAW VECTOR_SSE THREADING_NONE PROCESSOR_CPU FRAMEWORK_CPU
===============================================================================
Citations for this model:

Patricio Maturana, Brendon J. Brewer, Steffen Klaere, Remco Bouckaert. Model selection and parameter inference in phylogenetics using Nested Sampling. Systematic Biology, syy050, 2018

Stadler, T., Kuehnert, D., Bonhoeffer, S., and Drummond, A. J. (2013):
 Birth-death skyline plot reveals temporal changes of
 epidemic spread in HIV and hepatitis C virus (HCV). PNAS 110(1): 228–33.
If sampled ancestors are used then please also cite: Gavryushkina A, Welch D, Stadler T, Drummond AJ (2014) 
Bayesian inference of sampled ancestor trees for epidemiology and fossil calibration. 
PLoS Comput Biol 10(12): e1003919. doi:10.1371/journal.pcbi.1003919

Edwards, C. J., Suchard, M. A., Lemey, P., ... & Valdiosera, C. E. (2011).
Ancient hybridization and an Irish origin for the modern polar bear matriline.
Current Biology, 21(15), 1251-1258.

===============================================================================
         Sample      posterior ESS(posterior)     likelihood          prior
Start likelihood 0: -4592.144071225491 
              0     -1328.2666              N      -893.2715      -434.9951 --
ML: -894.1100879282808 Information: 0.8385606384288167
              1     -1188.3422         2.0         -818.2401      -370.1020 --
ML: -820.0787501867422 Information: 1.8385606384288167
              2     -1141.9218         3.0         -806.4165      -335.5053 --
ML: -809.2550714296696 Information: 2.8383051634645655
              3     -1134.6329         4.0         -791.2335      -343.3994 --
ML: -795.0721239456259 Information: 3.838549431435078
              4     -1080.4368         4.0         -785.5002      -294.9366 --
ML: -790.3300353868788 Information: 4.7798048706642815
              5     -1062.4164         3.4         -774.3412      -288.0751 --
ML: -780.1797946630855 Information: 5.838083674279038
              6     -1055.3983         3.2         -772.5052      -282.8930 --
ML: -778.9837149617495 Information: 5.923173966652257
              7     -1050.6642         3.2         -772.4678      -278.1964 --
ML: -778.7475179972203 Information: 5.811670266418332
              8     -1048.9950         3.4         -766.6268      -282.3682 --
ML: -775.4285424032765 Information: 8.573377486959433
              9     -1052.4050         2.7         -765.6356      -286.7694 --
ML: -774.7579583603168 Information: 8.498646778678392
             10     -1042.6715         3.0         -754.2066      -288.4648 --
ML: -765.0451785722629 Information: 10.837770883269345
             11     -1026.6806         3.3         -742.8082      -283.8723 --
ML: -754.6467424051822 Information: 11.838182709135035
             12     -1026.7360         3.4         -741.8130      -284.9229 --
ML: -753.9560209816394 Information: 11.644012632813315
             13     -1024.6854         3.5         -740.0768      -284.6085 --
ML: -753.2423825642808 Information: 12.070600862809897
             14     -1026.1126         3.5         -740.0209      -286.0916 --
ML: -753.0613375067979 Information: 12.080137205181131
             15     -1021.0104         3.6         -739.5281      -281.4823 --
ML: -752.9662776381158 Information: 12.116844953388636
             16     -1010.0102         3.7         -730.9629      -279.0472 --
ML: -747.7957777585862 Information: 16.77669020472279
             17     -1015.6786         3.6         -729.2759      -286.4026 --
ML: -746.7050973734263 Information: 16.843446830345385
             18     -1004.6997         3.6         -727.1668      -277.5328 --
ML: -745.6021422787203 Information: 17.540896326194883
             19     -1010.5139         3.4         -725.7881      -284.7257 --
ML: -744.9212030811018 Information: 17.98254585648374
             20     -1016.5683         3.4         -719.5093      -297.0590 --
ML: -740.3376472238846 Information: 20.75237330633155
             21     -1013.5260         3.5         -714.1586      -299.3673 --
ML: -735.9842953713577 Information: 21.755807925752165
             22     -1008.1471         3.5         -713.4234      -294.7236 --
ML: -735.4203987771557 Information: 21.538889581949718
             23      -997.9162         3.5         -710.0448      -287.8714 --
ML: -733.6886181702056 Information: 22.96482390715039
             24     -1008.7013         3.5         -709.1998      -299.5014 --
ML: -733.1551560880333 Information: 23.061399175063627
             25      -994.9252         3.5         -708.4410      -286.4842 --
ML: -732.8738604153937 Information: 23.185350591210295
             26      -988.7364         3.5         -697.6313      -291.1050 --
ML: -724.4697216472034 Information: 26.835636619436
             27      -982.2603         3.6         -696.7979      -285.4623 --
ML: -723.8565180996762 Information: 26.605684060701265
             28      -978.8042         3.6         -696.6895      -282.1146 --
ML: -723.684292741074 Information: 26.522258079364747
             29      -973.3004         3.5         -694.9920      -278.3084 --
ML: -723.4083214674084 Information: 26.76961569071773
             30      -969.7383         3.5         -693.8042      -275.9341 --
ML: -723.1529094868051 Information: 27.153105410551916
             31      -961.6268         3.4         -691.1590      -270.4678 --
ML: -722.3790942203543 Information: 28.987253780708897
             32      -973.8628         3.4         -688.9577      -284.9051 --
ML: -721.3526800342139 Information: 30.806250508452308
             33      -961.5555         3.3         -685.5391      -276.0164 --
ML: -719.2477521294546 Information: 33.09845646764197
             34      -962.9595         3.2         -673.2721      -289.6873 --
ML: -708.1106630823788 Information: 34.838358557574935
             35      -955.2232         3.2         -663.3131      -291.9100 --
ML: -699.1515928258639 Information: 35.83715165979454
             36      -962.0901         3.1         -656.4325      -305.6576 --
ML: -693.2682741205283 Information: 36.81660141094004
             37      -954.2378         3.1         -654.4442      -299.7936 --
ML: -691.9656034597588 Information: 36.97574128244051
             38      -937.9417         3.0         -645.6194      -292.3222 --
ML: -684.4575022417856 Information: 38.832871075722316
             39      -943.4936         2.7         -639.5134      -303.9802 --
ML: -679.3459480666334 Information: 39.79568527817396
             40      -943.3889         2.7         -632.2838      -311.1050 --
ML: -673.1204388248456 Information: 40.82220511808253
             41      -931.1795         2.6         -629.1334      -302.0460 --
ML: -670.8616929402075 Information: 41.39755078951394
             42      -895.2647         2.7         -616.1241      -279.1406 --
ML: -658.9626595191734 Information: 42.838463169568655
             43      -915.1035         2.7         -610.7397      -304.3638 --
ML: -654.5658869011168 Information: 43.75984638111802
             44      -893.8017         2.7         -607.6522      -286.1495 --
ML: -652.372522622557 Information: 44.36851511605059
             45      -893.6395         2.7         -595.8548      -297.7846 --
ML: -641.6934190037814 Information: 45.838257932113905
             46      -888.8453         2.7         -593.2264      -295.6188 --
ML: -639.8858629285868 Information: 46.22812383541664
             47      -890.6385         2.7         -593.0851      -297.5534 --
ML: -639.5826331877679 Information: 46.07467342622368
             48      -881.9559         2.7         -591.4070      -290.5488 --
ML: -639.1670125448293 Information: 46.3735054505201
             49      -864.0594         2.7         -588.2851      -275.7743 --
ML: -637.8218887947277 Information: 48.36230084102223
             50      -883.1967         2.7         -587.7027      -295.4939 --
ML: -637.4251073926316 Information: 48.54091526072722
             51      -892.5836         2.6         -581.5681      -311.0154 --
ML: -633.3889238444832 Information: 51.69150249399459
             52      -871.6583         2.6         -581.1537      -290.5045 --
ML: -632.9526470928365 Information: 51.4474344171461
             53      -863.7878         2.6         -580.0352      -283.7525 --
ML: -632.6175752173517 Information: 51.53086995600819
             54      -863.4269         2.6         -579.0855      -284.3414 --
ML: -632.3779569247905 Information: 51.71764736462126
             55      -882.2582         2.5         -579.0029      -303.2552 --
ML: -632.2962555941594 Information: 51.7659704098827
             56      -876.6004         2.5         -576.9843      -299.6160 --
ML: -632.0996531158453 Information: 52.202255662940104
             57      -890.3399         2.5         -576.9610      -313.3789 --
ML: -632.0346073402774 Information: 52.322127170930685
             58      -871.7836         2.5         -571.9878      -299.7958 --
ML: -630.5650006366227 Information: 56.800381530815486
             59      -857.2001         2.4         -571.9622      -285.2378 --
ML: -630.309898136002 Information: 56.95110156546929
             60      -854.0989         2.4         -571.7800      -282.3189 --
ML: -630.215140244962 Information: 56.99907641246409
             61      -852.1846         2.4         -570.1902      -281.9944 --
ML: -630.0640888333246 Information: 57.2722351527828
             62      -856.2787         2.4         -569.0852      -287.1935 --
ML: -629.9193625251418 Information: 57.6269463446925
             63      -866.3628         2.4         -568.7948      -297.5680 --
ML: -629.85519728313 Information: 57.78015532833649
             64      -858.4173         2.4         -567.4389      -290.9783 --
ML: -629.7702014102797 Information: 58.072923140300645
             65      -859.3060         2.4         -564.5965      -294.7095 --
ML: -629.3552457010985 Information: 60.069580198781296
             66      -855.5566         2.4         -562.2656      -293.2910 --
ML: -628.5286973898344 Information: 63.1914173856062
             67      -850.5857         2.4         -561.3234      -289.2622 --
ML: -628.1028771966777 Information: 64.15746786884898
             68      -847.3559         2.4         -560.9989      -286.3569 --
ML: -627.9403640931583 Information: 64.43690810524902
             69      -842.4974         2.4         -559.2872      -283.2102 --
ML: -627.6736828158755 Information: 65.15717950893321
             70      -854.8309         2.4         -558.9728      -295.8580 --
ML: -627.5622126517194 Information: 65.4194988306848
             71      -839.2716         2.4         -558.3908      -280.8808 --
ML: -627.4950709589157 Information: 65.59599347091557
             72      -841.8015         2.4         -555.5469      -286.2546 --
ML: -627.1511321428609 Information: 67.10071180173867
             73      -839.7805         2.4         -554.5527      -285.2278 --
ML: -626.8969991042277 Information: 68.0803269383278
             74      -859.0606         2.4         -553.9363      -305.1242 --
ML: -626.7547141280631 Information: 68.5852959331209
             75      -832.1340         2.4         -549.5079      -282.6260 --
ML: -625.1277110675372 Information: 73.91762935726265
             76      -828.8117         2.4         -546.4753      -282.3364 --
ML: -623.1628996049292 Information: 76.02380343378475
             77      -826.6344         2.4         -545.9477      -280.6866 --
ML: -622.7336590372784 Information: 76.01032436580493
             78      -824.6933         2.4         -544.8143      -279.8790 --
ML: -622.3980176177125 Information: 76.21898804971806
             79      -848.2883         2.4         -542.6650      -305.6232 --
ML: -621.7562832809743 Information: 77.24153981285059
             80      -842.0136         2.4         -541.3873      -300.6263 --
ML: -621.2706142775152 Information: 77.95904109093891
             81      -842.5240         2.4         -541.1482      -301.3758 --
ML: -621.1053089102447 Information: 78.12335488692008
             82      -829.2591         2.4         -537.6587      -291.6004 --
ML: -620.06263169429 Information: 80.52741860337201
             83      -832.7165         2.4         -536.9990      -295.7174 --
ML: -619.6837053441733 Information: 80.94840950530471
             84      -824.5463         2.4         -535.9354      -288.6108 --
ML: -619.3939407730879 Information: 81.3629741217839
             85      -820.1465         2.4         -535.4593      -284.6872 --
ML: -619.2550713238151 Information: 81.55753457091663
             86      -806.1334         2.4         -528.3644      -277.7689 --
ML: -615.1857563505919 Information: 86.6618295761274
             87      -812.3238         2.5         -527.8529      -284.4708 --
ML: -614.7138488235692 Information: 86.44233513109162
             88      -809.4353         2.5         -520.0448      -289.3905 --
ML: -608.8804779981883 Information: 88.81153891893013
             89      -804.4857         2.5         -519.1809      -285.3047 --
ML: -608.2544473389996 Information: 88.59866614547155
             90      -793.3475         2.5         -518.2280      -275.1194 --
ML: -607.8871102802115 Information: 88.6702392099807
             91      -802.8220         2.5         -514.4538      -288.3682 --
ML: -606.1076192469826 Information: 90.85013160062292
             92      -813.1569         2.5         -512.7100      -300.4468 --
ML: -605.0964296068511 Information: 91.4596326613671
             93      -811.4696         2.5         -511.2667      -300.2029 --
ML: -604.4076933149905 Information: 91.95070105899885
             94      -811.2269         2.5         -510.6995      -300.5274 --
ML: -604.1278717565814 Information: 92.09983485201235
             95      -810.7188         2.5         -509.7237      -300.9951 --
ML: -603.9141752396444 Information: 92.32949647655408
             96      -825.0528         2.5         -509.3229      -315.7298 --
ML: -603.813718786932 Information: 92.44520140767855
             97      -806.7888         2.5         -507.7979      -298.9909 --
ML: -603.6639392692938 Information: 92.79209929097004
             98      -803.7597         2.6         -504.4741      -299.2855 --
ML: -602.7798411592069 Information: 95.66288642417058
             99      -814.1942         2.6         -503.3719      -310.8223 --
ML: -602.2790054489253 Information: 96.63750847977195
            100      -810.7587         2.6         -498.1053      -312.6534 --
ML: -598.908875154986 Information: 100.54443724948882
            101      -800.7115         2.6         -497.6679      -303.0435 --
ML: -598.4705408816917 Information: 100.35328732833375
            102      -793.0249         2.6         -494.0883      -298.9365 --
ML: -596.733301939072 Information: 101.93585602327117
            103      -783.3339         2.6         -493.8424      -289.4914 --
ML: -596.4057189498188 Information: 101.87502531392335
            104      -795.9587         2.6         -493.6013      -302.3574 --
ML: -596.282805682691 Information: 101.85959975982831
            105      -800.2581         2.6         -493.1831      -307.0750 --
ML: -596.2201660763237 Information: 101.87225582921405
            106      -804.1917         2.6         -493.0872      -311.1044 --
ML: -596.1958798157915 Information: 101.87821672723658
            107      -796.9495         2.6         -490.5111      -306.4384 --
ML: -596.0860924524745 Information: 102.16421467192987
            108      -808.3100         2.6         -490.3855      -317.9245 --
ML: -596.0436391056309 Information: 102.26874692882438
            109      -794.1322         2.7         -488.0359      -306.0962 --
ML: -595.8949858955295 Information: 102.91282274398014
            110      -790.1812         2.7         -485.1971      -304.9840 --
ML: -595.2697409305221 Information: 105.9065810825926
            111      -775.9217         2.7         -484.0699      -291.8518 --
ML: -594.8458186849139 Information: 107.31159720677272
            112      -788.9724         2.7         -482.2219      -306.7504 --
ML: -594.2542776936332 Information: 109.09211422845198
            113      -799.5859         2.7         -481.9527      -317.6332 --
ML: -594.0595186349478 Information: 109.46531570831985
            114      -781.3709         2.7         -481.4091      -299.9617 --
ML: -593.9532555246703 Information: 109.68013971090795
            115      -782.2310         2.7         -480.7465      -301.4844 --
ML: -593.8837823064774 Information: 109.84735012511373
            116      -773.0567         2.7         -480.3623      -292.6943 --
ML: -593.848167451413 Information: 109.94028432216447
            117      -781.7514         2.7         -479.6503      -302.1010 --
ML: -593.8222734847357 Information: 110.023218989533
            118      -771.4680         2.7         -478.9911      -292.4768 --
ML: -593.8042575470882 Information: 110.09104565237715
            119      -772.4553         2.7         -478.3378      -294.1174 --
ML: -593.7917130565462 Information: 110.14551063511544
            120      -768.5096         2.7         -477.5457      -290.9638 --
ML: -593.7816379078643 Information: 110.19658942323542
            121      -776.6882         2.7         -475.8301      -300.8580 --
ML: -593.7613409665275 Information: 110.33210563906516
            122      -768.3389         2.7         -475.7861      -292.5527 --
ML: -593.7536465070183 Information: 110.38299464480787
            123      -783.3057         2.7         -475.0030      -308.3027 --
ML: -593.7474948246643 Information: 110.42815985973027
            124      -783.0014         2.7         -474.8734      -308.1279 --
ML: -593.7449298575342 Information: 110.44723052239686
            125      -771.2507         2.7         -470.4032      -300.8474 --
ML: -593.6658038842543 Information: 111.34906804956216
            126      -784.5497         2.8         -467.8333      -316.7164 --
ML: -593.3541722057016 Information: 114.91535449105925
            127      -764.4090         2.8         -465.9261      -298.4829 --
ML: -592.8453794754166 Information: 119.39634451938826
            128      -761.2046         2.8         -465.1787      -296.0259 --
ML: -592.5755188323872 Information: 121.08253351778802
            129      -759.9696         2.8         -461.7703      -298.1992 --
ML: -591.2865545415272 Information: 126.83707753621917
            130      -766.0209         2.8         -456.6057      -309.4151 --
ML: -587.4231392856506 Information: 130.65265370728025
            131      -756.3299         2.8         -456.1756      -300.1542 --
ML: -586.9824743727803 Information: 130.42398726165965
            132      -759.8586         2.8         -454.2778      -305.5807 --
ML: -586.3540498635065 Information: 130.85964083134579
            133      -747.2452         2.8         -454.2313      -293.0139 --
ML: -586.1886909937845 Information: 130.88679186277295
            134      -751.7718         2.8         -453.7776      -297.9941 --
ML: -586.1041177754533 Information: 130.92582587849733
            135      -763.6644         2.8         -453.4567      -310.2076 --
ML: -586.0638192899758 Information: 130.9535224003646
            136      -760.2568         2.8         -453.4495      -306.8073 --
ML: -586.0492892958943 Information: 130.96294894538056
            137      -747.2514         2.8         -453.1750      -294.0764 --
ML: -586.0423308430677 Information: 130.96924398195677
            138      -748.9956         2.8         -453.1270      -295.8685 --
ML: -586.0396580056517 Information: 130.9717656444896
            139      -753.5104         2.8         -452.4740      -301.0363 --
ML: -586.037773178635 Information: 130.97476511185704
            140      -747.8451         2.8         -451.2946      -296.5505 --
ML: -586.0355225616066 Information: 130.9809861161413
            141      -749.3539         2.8         -450.9481      -298.4057 --
ML: -586.0343537887189 Information: 130.98461393961833
            142      -780.8250         2.8         -450.5674      -330.2576 --
ML: -586.0337251303787 Information: 130.98680225514357
            143      -785.4865         2.8         -450.3335      -335.1530 --
ML: -586.033433054347 Information: 130.9878866515694
            144      -760.7524         2.8         -448.9978      -311.7545 --
ML: -586.0330246222984 Information: 130.9899477868899
            145      -775.2008         2.8         -447.6314      -327.5694 --
ML: -586.0324357585997 Information: 130.993722055611
            146      -773.6356         2.8         -447.5711      -326.0645 --
ML: -586.0322057391951 Information: 130.9952095331227
            147      -774.6958         2.8         -447.5053      -327.1905 --
ML: -586.0321153817321 Information: 130.99579968654206
            148      -759.5610         2.8         -446.8309      -312.7300 --
ML: -586.0320501427182 Information: 130.99626973842607
            149      -757.0936         2.8         -446.3029      -310.7906 --
ML: -586.0320094525786 Information: 130.99658437933772
            150      -763.7970         2.8         -446.1970      -317.5999 --
ML: -586.0319928111685 Information: 130.9967148196074
            151      -764.4394         2.8         -445.7917      -318.6477 --
ML: -586.0319836293453 Information: 130.99679051016295
            152      -766.6375         2.8         -445.7620      -320.8754 --
ML: -586.0319801500103 Information: 130.99681929500736
            153      -757.2070         2.8         -445.4798      -311.7272 --
ML: -586.0319784526669 Information: 130.9968338162745
            154      -751.5217         2.8         -444.6801      -306.8415 --
ML: -586.0319770634561 Information: 130.99684681224562
            155      -760.6841         2.8         -443.5226      -317.1615 --
ML: -586.0319754371845 Information: 130.99686390842197
            156      -760.9806         2.8         -442.5162      -318.4644 --
ML: -586.0319738004248 Information: 130.99688276210588
            157      -770.7316         2.8         -441.6204      -329.1112 --
ML: -586.031972325667 Information: 130.99690107071672
            158      -766.9553         2.8         -440.8596      -326.0957 --
ML: -586.0319711646582 Information: 130.9969163674847
            159      -767.0837         2.8         -440.7466      -326.3370 --
ML: -586.0319706864559 Information: 130.99692272205
            160      -757.0345         2.8         -438.5414      -318.4930 --
ML: -586.0319690905194 Information: 130.99694744882066
            161      -767.0798         2.8         -437.7456      -329.3342 --
ML: -586.0319677893225 Information: 130.99696864451886
            162      -776.5223         2.9         -437.1477      -339.3746 --
ML: -586.031966918932 Information: 130.99698334301502
            163      -773.4968         2.9         -437.1154      -336.3813 --
ML: -586.0319665882432 Information: 130.99698893811632
            164      -764.0642         2.9         -436.8852      -327.1789 --
ML: -586.0319664350861 Information: 130.99699156471883
            165      -764.9378         2.9         -436.8625      -328.0753 --
ML: -586.031966377451 Information: 130.99699255443136
            166      -763.5447         2.9         -434.9555      -328.5891 --
ML: -586.0319662346958 Information: 130.99699527811373
            167      -752.9948         2.9         -434.6429      -318.3519 --
ML: -586.031966162905 Information: 130.99699667029796
            168      -755.9083         2.9         -434.5191      -321.3891 --
ML: -586.0319661330165 Information: 130.99699725357942
            169      -771.3272         2.9         -434.2430      -337.0841 --
ML: -586.0319661185247 Information: 130.99699754037994
            170      -767.6363         2.9         -433.4707      -334.1655 --
ML: -586.0319661069836 Information: 130.99699777772912
            171      -777.4749         2.9         -433.3586      -344.1162 --
ML: -586.0319661022343 Information: 130.9969978759226
            172      -772.3237         2.9         -433.3170      -339.0066 --
ML: -586.0319661004128 Information: 130.99699791366942
            173      -772.7278         2.9         -433.2555      -339.4723 --
ML: -586.0319660997002 Information: 130.99699792847417
            174      -767.5448         2.9         -431.9750      -335.5697 --
ML: -586.0319660987569 Information: 130.9969979492775
            175      -759.5353         2.9         -431.5422      -327.9930 --
ML: -586.031966098222 Information: 130.99699796129119
            176      -770.1814         2.9         -431.4091      -338.7723 --
ML: -586.0319660979972 Information: 130.99699796640186
            177      -756.3523         2.9         -430.3855      -325.9667 --
ML: -586.0319660977669 Information: 130.99699797186327
            178      -757.1002         2.9         -430.0384      -327.0617 --
ML: -586.0319660976471 Information: 130.9969979747417
            179      -758.0904         2.9         -429.8259      -328.2644 --
ML: -586.0319660975927 Information: 130.99699797603574
            180      -764.9991         2.9         -429.0152      -335.9839 --
ML: -586.0319660975475 Information: 130.99699797717295
            181      -777.2016         2.9         -428.7254      -348.4761 --
ML: -586.0319660975254 Information: 130.99699797773127
            182      -756.8465         2.9         -428.3536      -328.4929 --
ML: -586.0319660975135 Information: 130.99699797803135
            183      -761.7829         2.9         -427.8143      -333.9686 --
ML: -586.031966097506 Information: 130.99699797824502
            184      -769.8852         2.9         -427.5367      -342.3485 --
ML: -586.0319660975024 Information: 130.99699797834722
            185      -759.3515         3.0         -427.5180      -331.8334 --
ML: -586.031966097501 Information: 130.99699797838582
            186      -760.2536         3.0         -427.1246      -333.1289 --
ML: -586.0319660975002 Information: 130.99699797843073
            187      -763.9808         3.0         -426.8746      -337.1061 --
ML: -586.0319660974999 Information: 130.99699797843618
            188      -775.4865         3.0         -426.5493      -348.9372 --
ML: -586.0319660974997 Information: 130.99699797846336
            189      -761.3850         3.0         -425.8149      -335.5700 --
ML: -586.0319660974995 Information: 130.99699797845676
            190      -775.9971         3.0         -425.3745      -350.6226 --
ML: -586.0319660974994 Information: 130.99699797847518
            191      -779.4097         3.0         -425.3540      -354.0557 --
ML: -586.0319660974994 Information: 130.99699797846267
            192      -772.1432         3.0         -424.4911      -347.6520 --
ML: -586.0319660974994 Information: 130.99699797845187
            193      -778.3834         3.0         -423.9358      -354.4476 --
ML: -586.0319660974994 Information: 130.99699797844494
            194      -769.3180         3.0         -423.8833      -345.4346 --
ML: -586.0319660974994 Information: 130.9969979784422
            195      -766.7320         3.0         -423.6953      -343.0366 --
ML: -586.0319660974994 Information: 130.99699797844096
            196      -771.0794         3.0         -422.3221      -348.7573 --
ML: -586.0319660974994 Information: 130.99699797843925
            197      -800.3178         3.0         -422.2776      -378.0401 --
ML: -586.0319660974994 Information: 130.99699797843857
            198      -778.9109         3.1         -421.6591      -357.2518 --
ML: -586.0319660974994 Information: 130.99699797843812
            199      -767.8545         3.1         -421.3347      -346.5198 --
ML: -586.0319660974994 Information: 130.9969979784379
            200      -781.3199         3.1         -421.1378      -360.1820 --
ML: -586.0319660974994 Information: 130.99699797843778
            201      -777.2496         3.1         -421.1378      -356.1118 --
ML: -586.0319660974994 Information: 130.99699797843778
            202      -780.9095         3.1         -420.9719      -359.9376 --
ML: -586.0319660974994 Information: 130.99699797843778
            203      -778.1352         3.1         -420.1750      -357.9602 --
ML: -586.0319660974994 Information: 130.99699797843778
            204      -774.5508         3.1         -418.0528      -356.4980 --
ML: -586.0319660974994 Information: 130.99699797843778
            205      -774.2391         3.1         -417.5710      -356.6681 --
ML: -586.0319660974994 Information: 130.99699797843778
            206      -770.5779         3.1         -417.3486      -353.2292 --
ML: -586.0319660974994 Information: 130.99699797843778
            207      -775.1743         3.1         -416.6233      -358.5509 --
ML: -586.0319660974994 Information: 130.99699797843778
            208      -785.6274         3.2         -416.2590      -369.3684 --
ML: -586.0319660974994 Information: 130.99699797843778
            209      -786.8483         3.2         -416.2064      -370.6419 --
ML: -586.0319660974994 Information: 130.99699797843778
            210      -787.3323         3.2         -415.9652      -371.3671 --
ML: -586.0319660974994 Information: 130.99699797843778
            211      -777.6799         3.2         -415.9147      -361.7652 --
ML: -586.0319660974994 Information: 130.99699797843778
            212      -777.8074         3.2         -415.6758      -362.1315 --
ML: -586.0319660974994 Information: 130.99699797843778
            213      -776.8686         3.2         -415.5153      -361.3532 --
ML: -586.0319660974994 Information: 130.99699797843778
            214      -789.6666         3.2         -415.4852      -374.1814 --
ML: -586.0319660974994 Information: 130.99699797843778
            215      -785.6467         3.2         -414.8893      -370.7574 --
ML: -586.0319660974994 Information: 130.99699797843778
            216      -803.3651         3.3         -414.2388      -389.1262 --
ML: -586.0319660974994 Information: 130.99699797843778
            217      -791.4708         3.3         -413.8333      -377.6374 --
ML: -586.0319660974994 Information: 130.99699797843778
            218      -779.4950         3.3         -412.6849      -366.8101 --
ML: -586.0319660974994 Information: 130.99699797843778
            219      -788.8896         3.3         -411.8771      -377.0125 --
ML: -586.0319660974994 Information: 130.99699797843778
            220      -780.5442         3.3         -411.8374      -368.7068 --
ML: -586.0319660974994 Information: 130.99699797843778
            221      -781.7443         3.3         -411.7558      -369.9884 --
ML: -586.0319660974994 Information: 130.99699797843778
            222      -777.8536         3.3         -411.2188      -366.6347 --
ML: -586.0319660974994 Information: 130.99699797843778
            223      -789.8666         3.4         -411.1890      -378.6775 --
ML: -586.0319660974994 Information: 130.99699797843778
            224      -786.8034         3.4         -410.9464      -375.8570 --
ML: -586.0319660974994 Information: 130.99699797843778
            225      -777.5999         3.4         -410.8208      -366.7790 --
ML: -586.0319660974994 Information: 130.99699797843778
            226      -800.0581         3.4         -410.7534      -389.3046 --
ML: -586.0319660974994 Information: 130.99699797843778
            227      -777.8328         3.4         -410.6645      -367.1682 --
ML: -586.0319660974994 Information: 130.99699797843778
            228      -783.3893         3.4         -409.7027      -373.6865 --
ML: -586.0319660974994 Information: 130.99699797843778
            229      -789.4950         3.4         -409.6973      -379.7977 --
ML: -586.0319660974994 Information: 130.99699797843778
            230      -793.6882         3.5         -409.6772      -384.0110 --
ML: -586.0319660974994 Information: 130.99699797843778
            231      -790.2676         3.5         -409.4782      -380.7894 --
ML: -586.0319660974994 Information: 130.99699797843778
            232      -788.2885         3.5         -409.3266      -378.9618 --
ML: -586.0319660974994 Information: 130.99699797843778
            233      -786.5759         3.5         -408.9883      -377.5876 --
ML: -586.0319660974994 Information: 130.99699797843778
            234      -784.8502         3.5         -408.8649      -375.9852 --
ML: -586.0319660974994 Information: 130.99699797843778
            235      -801.7784         3.5         -408.2946      -393.4837 --
ML: -586.0319660974994 Information: 130.99699797843778
            236      -798.5794         3.5         -408.2739      -390.3054 --
ML: -586.0319660974994 Information: 130.99699797843778
            237      -795.1448         3.6         -408.2110      -386.9338 --
ML: -586.0319660974994 Information: 130.99699797843778
            238      -809.8802         3.6         -408.0053      -401.8748 --
ML: -586.0319660974994 Information: 130.99699797843778
            239      -792.2714         3.6         -407.7686      -384.5028 --
ML: -586.0319660974994 Information: 130.99699797843778
            240      -786.4355         3.6         -407.7157      -378.7198 --
ML: -586.0319660974994 Information: 130.99699797843778
            241      -793.1673         3.6         -407.3350      -385.8323 --
ML: -586.0319660974994 Information: 130.99699797843778
            242      -797.1982         3.7         -407.3039      -389.8942 --
ML: -586.0319660974994 Information: 130.99699797843778
            243      -800.3248         3.7         -407.2800      -393.0448 --
ML: -586.0319660974994 Information: 130.99699797843778
            244      -811.4853         3.7         -407.0771      -404.4081 --
ML: -586.0319660974994 Information: 130.99699797843778
            245      -801.4972         3.7         -407.0536      -394.4435 --
ML: -586.0319660974994 Information: 130.99699797843778
            246      -804.7924         3.7         -407.0440      -397.7483 --
ML: -586.0319660974994 Information: 130.99699797843778
            247      -800.8426         3.7         -407.0419      -393.8007 --
ML: -586.0319660974994 Information: 130.99699797843778
            248      -788.1696         3.8         -406.1974      -381.9722 --
ML: -586.0319660974994 Information: 130.99699797843778
            249      -803.4293         3.8         -406.1530      -397.2763 --
ML: -586.0319660974994 Information: 130.99699797843778
            250      -814.5924         3.8         -405.9947      -408.5977 --
ML: -586.0319660974994 Information: 130.99699797843778
            251      -806.0414         3.8         -405.8505      -400.1909 --
ML: -586.0319660974994 Information: 130.99699797843778
            252      -797.9143         3.8         -405.7962      -392.1180 --
ML: -586.0319660974994 Information: 130.99699797843778
            253      -809.3044         3.9         -405.5499      -403.7545 --
ML: -586.0319660974994 Information: 130.99699797843778
            254      -802.8152         3.9         -405.1058      -397.7094 --
ML: -586.0319660974994 Information: 130.99699797843778
            255      -791.9149         3.9         -404.9676      -386.9472 --
ML: -586.0319660974994 Information: 130.99699797843778
            256      -786.1273         3.9         -404.7039      -381.4233 --
ML: -586.0319660974994 Information: 130.99699797843778
            257      -787.3331         3.9         -404.6472      -382.6859 --
ML: -586.0319660974994 Information: 130.99699797843778
            258      -807.1183         3.9         -404.5412      -402.5771 --
ML: -586.0319660974994 Information: 130.99699797843778
            259      -806.7480         4.0         -404.3491      -402.3989 --
ML: -586.0319660974994 Information: 130.99699797843778
            260      -807.4119         4.0         -404.3348      -403.0770 --
ML: -586.0319660974994 Information: 130.99699797843778
            261      -825.2882         4.0         -404.2145      -421.0737 --
ML: -586.0319660974994 Information: 130.99699797843778
262<=1000000&& (262<2.0*130.99699797843778*1||Math.abs(-586.0319660974994 - -586.0319660974994)/Math.abs(-586.0319660974994) > 1.0E-10
Finished in 262 steps!
Marginal likelihood: -585.0793962861055 (bootstrap SD=11.44448272250904)
Marginal likelihood: -584.9104536288622 (subsample SD=13.010072041740013)
Marginal likelihood: -585.5859812654309(10.853372994034535)
Information: 130.99699797843778
SD: 11.445391997587404

Operator                                                                Tuning    #accept    #reject      Pr(m)  Pr(acc|m)
Uniform()                                                                    -     486151     243968    0.27778    0.66585 
SubtreeSlide()                                                         1.00000      34611      38173    0.02778    0.47553 Try increasing size to about 2
SubtreeSlide()                                                        30.00000       1690      70941    0.02778    0.02327 Try decreasing size to about 15
Exchange()                                                                   -     109109     621925    0.27778    0.14925 
beast.base.inference.operator.DeltaExchangeOperator(editRateScaler)    1.00000       1404      72110    0.02778    0.01910 Try setting delta to about 0.5
ScaleOperator(clockRateScaler)                                         0.80000      47966      25195    0.02778    0.65562 Try setting scaleFactor to about 0.64
ScaleOperator(silencingRateScaler)                                     0.80000      55274      17561    0.02778    0.75889 Try setting scaleFactor to about 0.64
ScaleOperator(georateScaler.s:tissue)                                  0.99000     708298      22344    0.27778    0.96942 Try setting scaleFactor to about 0.98
ScaleOperator(geoMuScaler.c:tissue)                                    0.90000      60627      12653    0.02778    0.82733 Try setting scaleFactor to about 0.81

     Tuning: The value of the operator's tuning parameter, or '-' if the operator can't be optimized.
    #accept: The total number of times a proposal by this operator has been accepted.
    #reject: The total number of times a proposal by this operator has been rejected.
      Pr(m): The probability this operator is chosen in a step of the MCMC (i.e. the normalized weight).
  Pr(acc|m): The acceptance probability (#accept as a fraction of the total proposals for this operator).


Total calculation time: 379.915 seconds
Done!
