************************************
**** FeastMain BEAST 2 Launcher ****
************************************

Hunting for beast_services.xml files embedded in classpath:
- Processing /feast/beast_services.xml...
- Processing /beast_services.xml...
Done. Handing over to BeastMain...

                   BEAST v2.7.7 Prerelease, 2002-2024
             Bayesian Evolutionary Analysis Sampling Trees
                       Designed and developed by
 Remco Bouckaert, Alexei J. Drummond, Andrew Rambaut & Marc A. Suchard
                                    
                   Centre for Computational Evolution
                         University of Auckland
                       r.bouckaert@auckland.ac.nz
                        alexei@cs.auckland.ac.nz
                                    
                   Institute of Evolutionary Biology
                        University of Edinburgh
                           a.rambaut@ed.ac.uk
                                    
                    David Geffen School of Medicine
                 University of California, Los Angeles
                           msuchard@ucla.edu
                                    
                      Downloads, Help & Resources:
                           http://beast2.org/
                                    
  Source code distributed under the GNU Lesser General Public License:
                   http://github.com/CompEvol/beast2
                                    
                           BEAST developers:
   Alex Alekseyenko, Trevor Bedford, Erik Bloomquist, Joseph Heled, 
 Sebastian Hoehna, Denise Kuehnert, Philippe Lemey, Wai Lok Sibon Li, 
Gerton Lunter, Sidney Markowitz, Vladimir Minin, Michael Defoin Platel, 
          Oliver Pybus, Tim Vaughan, Chieh-Hsi Wu, Walter Xie
                                    
                               Thanks to:
          Roald Forsberg, Beth Shapiro and Korbinian Strimmer

Random number seed: 1733232929476

AlignmentFromFasta(alignment)
  63 taxa
  10 sites
  6 patterns

ASV020 = 420 (0.0)
ASV041 = 420 (0.0)
ASV051 = 420 (0.0)
ASV052 = 420 (0.0)
ASV055 = 420 (0.0)
ASV070 = 420 (0.0)
ASV071 = 420 (0.0)
ASV075 = 420 (0.0)
ASV076 = 420 (0.0)
ASV088 = 420 (0.0)
53 more...
Starting frequencies: [1.0, 0.0, 0.0]
  Using BEAGLE version: 4.0.1 (PRE-RELEASE) resource 0: CPU (x86_64)
    with instance flags:  PRECISION_DOUBLE COMPUTATION_SYNCH EIGEN_COMPLEX SCALING_MANUAL SCALERS_RAW VECTOR_SSE THREADING_NONE PROCESSOR_CPU FRAMEWORK_CPU
Starting frequencies: [1.0, 0.0, 0.0, 0.0]
ASV020 = FML (NaN)
ASV041 = LNSL (NaN)
ASV051 = PRL (NaN)
ASV052 = LNSL (NaN)
ASV055 = LNSL (NaN)
ASV070 = FML (NaN)
ASV071 = PRL (NaN)
ASV075 = FML (NaN)
ASV076 = FML (NaN)
ASV088 = FML (NaN)
53 more...
Starting frequencies: [0.25, 0.25, 0.25, 0.25]
  Using BEAGLE version: 4.0.1 (PRE-RELEASE) resource 0: CPU (x86_64)
    with instance flags:  PRECISION_DOUBLE COMPUTATION_SYNCH EIGEN_COMPLEX SCALING_MANUAL SCALERS_RAW VECTOR_SSE THREADING_NONE PROCESSOR_CPU FRAMEWORK_CPU
===============================================================================
Citations for this model:

Patricio Maturana, Brendon J. Brewer, Steffen Klaere, Remco Bouckaert. Model selection and parameter inference in phylogenetics using Nested Sampling. Systematic Biology, syy050, 2018

Stadler, T., Kuehnert, D., Bonhoeffer, S., and Drummond, A. J. (2013):
 Birth-death skyline plot reveals temporal changes of
 epidemic spread in HIV and hepatitis C virus (HCV). PNAS 110(1): 228–33.
If sampled ancestors are used then please also cite: Gavryushkina A, Welch D, Stadler T, Drummond AJ (2014) 
Bayesian inference of sampled ancestor trees for epidemiology and fossil calibration. 
PLoS Comput Biol 10(12): e1003919. doi:10.1371/journal.pcbi.1003919

Edwards, C. J., Suchard, M. A., Lemey, P., ... & Valdiosera, C. E. (2011).
Ancient hybridization and an Irish origin for the modern polar bear matriline.
Current Biology, 21(15), 1251-1258.

===============================================================================
         Sample      posterior ESS(posterior)     likelihood          prior
Start likelihood 0: -8944.99979553221 
              0     -1497.7726              N     -1021.2514      -476.5212 --
ML: -1022.0899817012992 Information: 0.8385606384288167
              1     -1421.1960         2.0         -997.3439      -423.8521 --
ML: -999.1824665373356 Information: 1.8385606356129336
              2     -1363.2047         3.0         -969.2971      -393.9075 --
ML: -972.1356902384739 Information: 2.838560638401295
              3     -1315.1244         4.0         -945.0645      -370.0598 --
ML: -948.9031557084238 Information: 3.838560636337415
              4     -1201.3321         3.1         -894.8372      -306.4948 --
ML: -899.675822170638 Information: 4.838560638428817
              5     -1192.8921         2.5         -887.2334      -305.6586 --
ML: -893.070702966773 Information: 5.826915198534277
              6     -1182.0637         2.3         -878.3587      -303.7050 --
ML: -885.1968821359646 Information: 6.8347985252034915
              7     -1175.3607         2.5         -874.5567      -300.8039 --
ML: -882.3363966800945 Information: 7.561796860078907
              8     -1180.1725         2.6         -873.0632      -307.1093 --
ML: -881.4025360764065 Information: 7.666664133327686
              9     -1169.8231         2.9         -865.5658      -304.2572 --
ML: -875.4019636656708 Information: 9.815840443035619
             10     -1114.9237         3.3         -816.5129      -298.4107 --
ML: -827.35155608684 Information: 10.838560638428817
             11     -1120.2481         3.5         -813.6622      -306.5858 --
ML: -825.354899962577 Information: 11.305527790215152
             12     -1118.4056         3.6         -813.6370      -304.7686 --
ML: -825.0726976549744 Information: 11.12470602190308
             13     -1104.1117         3.5         -802.2099      -301.9018 --
ML: -816.0483539709243 Information: 13.837026433770992
             14     -1102.0891         3.5         -800.5641      -301.5250 --
ML: -814.9811267681147 Information: 13.850444153983744
             15     -1083.7796         3.5         -795.7350      -288.0446 --
ML: -811.5410454298147 Information: 15.632978833969236
             16     -1090.3491         3.4         -794.4248      -295.9242 --
ML: -810.6994794912594 Information: 15.635308210562641
             17     -1095.1033         3.3         -792.1007      -303.0026 --
ML: -809.5556570005209 Information: 16.51079815267505
             18     -1086.6306         3.4         -789.1593      -297.4712 --
ML: -807.8068230463209 Information: 17.971448160178795
             19     -1089.5545         3.2         -787.1846      -302.3698 --
ML: -806.6470253220102 Information: 18.631216896063393
             20     -1075.2351         3.3         -778.9369      -296.2981 --
ML: -799.7745072948968 Information: 20.82811979470212
             21     -1060.0713         3.3         -763.0942      -296.9771 --
ML: -784.9328312558183 Information: 21.83855459903295
             22     -1050.0729         3.4         -762.6040      -287.4689 --
ML: -784.4624198469717 Information: 21.55211841233256
             23     -1052.4921         3.4         -756.5965      -295.8956 --
ML: -780.4174117863816 Information: 23.710344338988946
             24     -1049.5027         3.4         -752.4587      -297.0439 --
ML: -777.2541044073224 Information: 24.61571200786267
             25     -1034.7882         3.4         -751.1796      -283.6085 --
ML: -776.4360789193537 Information: 24.612674517473067
             26     -1035.5289         3.4         -746.6491      -288.8797 --
ML: -773.4366064287738 Information: 26.529716557171568
             27     -1028.0877         3.4         -746.3394      -281.7483 --
ML: -773.0469603003238 Information: 26.323194608459232
             28     -1038.0882         3.4         -738.1767      -299.9115 --
ML: -767.0129262017864 Information: 28.815684966869743
             29     -1015.3488         3.2         -733.2318      -282.1170 --
ML: -763.0511838631892 Information: 29.72485601250649
             30     -1033.0256         3.1         -728.4737      -304.5519 --
ML: -759.2888035974197 Information: 30.702340569846875
             31     -1043.3423         3.1         -726.1023      -317.2400 --
ML: -757.7099802398792 Information: 31.095350100289778
             32     -1037.0598         3.1         -725.7390      -311.3208 --
ML: -757.3593508032963 Information: 31.003689118392174
             33     -1013.5804         3.1         -723.9666      -289.6137 --
ML: -756.8645033348403 Information: 31.441343636705824
             34     -1014.5273         3.1         -719.9526      -294.5747 --
ML: -754.6727181163194 Information: 34.108942879144664
             35     -1012.8017         3.1         -718.4089      -294.3928 --
ML: -753.7445070036318 Information: 34.48386869827249
             36     -1005.7608         3.1         -718.0006      -287.7601 --
ML: -753.4558529205024 Information: 34.51112320087441
             37     -1010.6641         3.1         -713.5185      -297.1455 --
ML: -751.241479383153 Information: 37.130246078312965
             38     -1008.5327         3.1         -710.9213      -297.6114 --
ML: -749.5551046421874 Information: 38.043026163233264
             39     -1001.2656         2.7         -705.1783      -296.0873 --
ML: -745.0062731808025 Information: 39.7609166418751
             40      -991.6483         2.7         -705.1671      -286.4812 --
ML: -744.6928499128821 Information: 39.468545847536234
             41     -1025.4205         2.7         -702.0567      -323.3638 --
ML: -743.5234554831538 Information: 40.48299685149675
             42     -1012.0172         2.7         -701.6081      -310.4090 --
ML: -743.1889744389387 Information: 40.55570136953082
             43     -1004.0723         2.8         -698.9248      -305.1475 --
ML: -742.2605941452282 Information: 41.87018217148727
             44     -1004.6433         2.8         -696.9910      -307.6522 --
ML: -741.3289071239425 Information: 42.998894264221576
             45      -979.0031         2.8         -690.0109      -288.9922 --
ML: -735.8453345783162 Information: 45.79983624624662
             46      -990.1675         2.8         -684.6407      -305.5268 --
ML: -731.466655618844 Information: 46.758153084941995
             47      -980.7066         2.8         -682.5531      -298.1534 --
ML: -730.0980914216972 Information: 46.996432000097116
             48      -981.7189         2.8         -679.7020      -302.0168 --
ML: -728.3494417953107 Information: 48.05582809470998
             49      -975.9505         2.9         -677.5094      -298.4410 --
ML: -727.0351639952289 Information: 48.77766715943034
             50      -956.7833         2.9         -674.4147      -282.3686 --
ML: -725.0977221766235 Information: 50.12935639720007
             51      -958.4120         2.9         -671.0317      -287.3803 --
ML: -722.7679471540056 Information: 51.353075988298215
             52      -968.7053         2.9         -665.9799      -302.7253 --
ML: -718.7994303865153 Information: 52.716750437446635
             53      -972.0204         2.9         -665.5975      -306.4228 --
ML: -718.3747854657912 Information: 52.45996055803698
             54      -950.5092         2.9         -658.9562      -291.5530 --
ML: -713.7845874235825 Information: 54.75772227598709
             55      -948.3046         2.9         -657.4339      -290.8707 --
ML: -712.8029628832478 Information: 54.77215770155311
             56      -939.1965         3.0         -655.6458      -283.5506 --
ML: -711.9379153474066 Information: 55.28791706195591
             57      -950.1139         3.0         -654.0129      -296.1010 --
ML: -711.2006194405488 Information: 55.92610362842697
             58      -959.5040         3.0         -653.8668      -305.6372 --
ML: -711.0000755539855 Information: 55.98135585724208
             59      -947.5843         2.9         -644.9964      -302.5878 --
ML: -704.8329493190221 Information: 59.8154420128874
             60      -967.4484         2.9         -641.4723      -325.9761 --
ML: -702.2336351566865 Information: 60.49783362991993
             61      -938.9876         2.9         -636.8016      -302.1860 --
ML: -698.6130303077406 Information: 61.6793582189656
             62      -941.6670         2.9         -635.3678      -306.2991 --
ML: -697.6960247209843 Information: 61.70231541810014
             63      -928.7846         2.9         -634.2131      -294.5714 --
ML: -697.1649977821656 Information: 61.90486877756757
             64      -922.4327         2.9         -633.8384      -288.5942 --
ML: -696.9657721849007 Information: 61.96244116718003
             65      -915.7256         2.9         -623.3172      -292.4083 --
ML: -689.1554484398357 Information: 65.83341602874297
             66      -916.8739         2.9         -621.8198      -295.0540 --
ML: -688.1832416916124 Information: 65.79516765197425
             67      -909.1000         2.9         -617.6348      -291.4652 --
ML: -685.4090072144345 Information: 67.47754533825778
             68      -918.0503         2.9         -616.3183      -301.7319 --
ML: -684.5819064973392 Information: 67.55810002162997
             69      -904.5446         2.9         -614.9797      -289.5649 --
ML: -683.9999933727469 Information: 67.87796525668824
             70      -906.6312         2.8         -613.9762      -292.6549 --
ML: -683.6334700323916 Information: 68.16988844585075
             71      -903.5163         2.8         -613.5361      -289.9801 --
ML: -683.4719505756126 Information: 68.29583910950282
             72      -910.3335         2.8         -612.0550      -298.2784 --
ML: -683.2557781795405 Information: 68.6864149062535
             73      -910.0562         2.8         -610.3161      -299.7400 --
ML: -682.9143213075721 Information: 69.57526182349915
             74      -917.5520         2.8         -608.1856      -309.3663 --
ML: -682.2746159549175 Information: 71.37080553522912
             75      -887.3994         2.8         -602.0578      -285.3416 --
ML: -677.8839119286451 Information: 75.71647169459614
             76      -892.5864         2.8         -601.1284      -291.4579 --
ML: -677.2314625748687 Information: 75.56192761799821
             77      -908.6094         2.7         -599.6356      -308.9737 --
ML: -676.6523630914348 Information: 75.87689680578717
             78      -897.5542         2.7         -599.5978      -297.9563 --
ML: -676.4971134204281 Information: 75.89098036924872
             79      -897.1138         2.7         -599.5011      -297.6126 --
ML: -676.4404748562893 Information: 75.89518627167502
             80      -903.2454         2.7         -595.4070      -307.8383 --
ML: -675.6451812967047 Information: 77.91845548031694
             81      -904.6317         2.7         -591.9028      -312.7288 --
ML: -673.6024979388179 Information: 80.94442191155811
             82      -906.7144         2.7         -590.8567      -315.8577 --
ML: -672.9546690583621 Information: 81.15551219090207
             83      -891.8640         2.7         -589.2198      -302.6441 --
ML: -672.3120673634718 Information: 81.73568284445327
             84      -883.4912         2.7         -584.7851      -298.7061 --
ML: -669.5579649656532 Information: 84.40407429445048
             85      -869.8264         2.7         -584.4850      -285.3414 --
ML: -669.1760853142922 Information: 84.23450141608566
             86      -869.2703         2.7         -584.2787      -284.9915 --
ML: -669.0419633779145 Information: 84.18357985826333
             87      -871.6237         2.6         -582.6713      -288.9523 --
ML: -668.8346348786397 Information: 84.38575850918977
             88      -886.6179         2.6         -581.8952      -304.7226 --
ML: -668.6951463861841 Information: 84.5787388815088
             89      -877.2466         2.6         -580.7901      -296.4565 --
ML: -668.5600658876904 Information: 84.86394322264374
             90      -889.6082         2.6         -579.7340      -309.8741 --
ML: -668.434629949823 Information: 85.2055820896635
             91      -873.0898         2.6         -578.7273      -294.3625 --
ML: -668.3224772567422 Information: 85.57102326341476
             92      -891.3790         2.6         -578.3803      -312.9987 --
ML: -668.2687275223586 Information: 85.74601732900283
             93      -896.9209         2.6         -577.8990      -319.0219 --
ML: -668.2380496588976 Information: 85.85503125487742
             94      -885.2485         2.6         -572.9529      -312.2955 --
ML: -667.2969067514481 Information: 90.66452315339762
             95      -882.3084         2.6         -572.4219      -309.8865 --
ML: -666.9737253456874 Information: 91.5040847687738
             96      -875.8191         2.6         -571.5557      -304.2633 --
ML: -666.7573427601624 Information: 92.04924302609646
             97      -864.7051         2.5         -571.1157      -293.5893 --
ML: -666.6519608319511 Information: 92.30316103957375
             98      -874.9019         2.5         -569.6152      -305.2866 --
ML: -666.4992440768186 Information: 92.82084494021689
             99      -883.5599         2.5         -568.4876      -315.0723 --
ML: -666.3500463857671 Information: 93.39109261061577
            100      -885.5176         2.5         -565.4211      -320.0964 --
ML: -665.6107357103012 Information: 96.59069060120669
            101      -883.3172         2.5         -565.1226      -318.1945 --
ML: -665.3803304809604 Information: 97.16231810135315
            102      -882.8788         2.5         -560.9805      -321.8982 --
ML: -663.628588858761 Information: 101.39254566740611
            103      -852.2608         2.5         -556.5775      -295.6833 --
ML: -660.3766690476612 Information: 103.58011032360281
            104      -857.4968         2.5         -556.2496      -301.2472 --
ML: -659.9772871450607 Information: 103.36081734393724
            105      -843.9721         2.5         -549.3368      -294.6352 --
ML: -655.1672385768231 Information: 105.77106943384673
            106      -856.2790         2.5         -548.6768      -307.6022 --
ML: -654.633086573228 Information: 105.53460984882616
            107      -853.6991         2.5         -547.0670      -306.6321 --
ML: -654.066936331022 Information: 105.84664163621039
            108      -862.5150         2.5         -546.3556      -316.1594 --
ML: -653.7863320799197 Information: 106.02227626599932
            109      -866.3337         2.5         -545.5409      -320.7928 --
ML: -653.6012828856501 Information: 106.21279033094521
            110      -860.5681         2.5         -541.8124      -318.7557 --
ML: -652.3241211134672 Information: 108.95692583998564
            111      -851.0997         2.5         -541.5621      -309.5376 --
ML: -652.0308870898474 Information: 109.12244907573086
            112      -851.3006         2.5         -540.9938      -310.3068 --
ML: -651.8781248841215 Information: 109.24091984106371
            113      -866.3680         2.5         -539.6301      -326.7378 --
ML: -651.6926391929977 Information: 109.56452372159293
            114      -846.4944         2.6         -539.1520      -307.3424 --
ML: -651.5969087158077 Information: 109.74048152666614
            115      -856.3274         2.6         -539.0160      -317.3113 --
ML: -651.5591550541875 Information: 109.80796220534864
            116      -848.6890         2.6         -537.6766      -311.0123 --
ML: -651.5084415874245 Information: 109.95872863322722
            117      -841.0823         2.6         -536.7472      -304.3351 --
ML: -651.4633913146542 Information: 110.12522973802095
            118      -851.6318         2.6         -535.0235      -316.6082 --
ML: -651.3764516762114 Information: 110.56408937160433
            119      -837.6393         2.6         -534.7578      -302.8815 --
ML: -651.3372717622655 Information: 110.75753863038813
            120      -838.8686         2.6         -533.7881      -305.0804 --
ML: -651.3006744530737 Information: 110.9650022303922
            121      -838.7630         2.6         -532.3860      -306.3769 --
ML: -651.2483477541093 Information: 111.31795524815891
            122      -846.4019         2.6         -531.2944      -315.1075 --
ML: -651.1939781460528 Information: 111.72058361479759
            123      -844.7878         2.6         -530.7826      -314.0051 --
ML: -651.1620187405103 Information: 111.96198269696959
            124      -834.9756         2.6         -527.8955      -307.0800 --
ML: -650.973376639864 Information: 113.7167744599144
            125      -828.9618         2.6         -527.4680      -301.4938 --
ML: -650.8808104347853 Information: 114.48962913594914
            126      -823.9893         2.6         -524.2991      -299.6901 --
ML: -650.3079054916387 Information: 119.190221119846
            127      -824.5433         2.6         -524.2423      -300.3009 --
ML: -650.1510540529937 Information: 120.03145473182917
            128      -834.5438         2.6         -519.4828      -315.0609 --
ML: -648.1725533437418 Information: 127.21892348379171
            129      -840.3246         2.6         -518.2374      -322.0871 --
ML: -647.4299769364728 Information: 127.89992753161476
            130      -829.6392         2.6         -517.9383      -311.7008 --
ML: -647.1988400185232 Information: 127.99726467005593
            131      -838.9772         2.6         -515.3645      -323.6127 --
ML: -646.5078089626192 Information: 129.22069908351574
            132      -842.4636         2.6         -515.1161      -327.3474 --
ML: -646.2964960019737 Information: 129.42290965666484
            133      -833.7379         2.6         -512.9581      -320.7798 --
ML: -645.8225094911418 Information: 130.42692964595858
            134      -810.1660         2.6         -512.7694      -297.3965 --
ML: -645.6674645083367 Information: 130.6490560729593
            135      -836.5706         2.6         -511.8372      -324.7333 --
ML: -645.5415328188969 Information: 130.89952963742422
            136      -824.8463         2.6         -511.3975      -313.4487 --
ML: -645.476146350827 Information: 131.0395001634942
            137      -820.2868         2.6         -510.8814      -309.4054 --
ML: -645.4378750700492 Information: 131.13472026616103
            138      -822.1960         2.6         -509.2374      -312.9586 --
ML: -645.3688193967064 Information: 131.40367648839913
            139      -820.5049         2.7         -507.6626      -312.8422 --
ML: -645.2567862072547 Information: 131.95961251278533
            140      -821.7403         2.7         -506.4544      -315.2859 --
ML: -645.1341039847401 Information: 132.62696297765137
            141      -820.0631         2.7         -506.0486      -314.0144 --
ML: -645.0723254709502 Information: 132.95210299980852
            142      -828.7778         2.7         -503.5410      -325.2368 --
ML: -644.832867041149 Information: 134.53955085535853
            143      -816.2285         2.7         -502.6023      -313.6261 --
ML: -644.650310054345 Information: 135.64033320122127
            144      -804.7369         2.7         -498.3161      -306.4207 --
ML: -642.9524999874126 Information: 142.67847425054538
            145      -809.8034         2.7         -498.2742      -311.5291 --
ML: -642.6798822453247 Information: 142.8830425080452
            146      -808.1624         2.7         -498.1296      -310.0328 --
ML: -642.5832683908799 Information: 142.93996513350424
            147      -814.3072         2.7         -497.7262      -316.5809 --
ML: -642.5337978403904 Information: 142.98302472168456
            148      -803.9759         2.7         -495.9878      -307.9881 --
ML: -642.4375735987256 Information: 143.21366526369383
            149      -811.8208         2.7         -495.4746      -316.3461 --
ML: -642.3827255203109 Information: 143.35891894688064
            150      -815.5947         2.7         -495.0612      -320.5334 --
ML: -642.3534718123 Information: 143.44390555013706
            151      -810.7050         2.7         -494.9932      -315.7118 --
ML: -642.3421831716084 Information: 143.47657853654988
            152      -821.3416         2.7         -494.9176      -326.4240 --
ML: -642.337739415538 Information: 143.489639582711
            153      -818.4031         2.7         -493.0953      -325.3077 --
ML: -642.3276996960066 Information: 143.53706679081597
            154      -820.5985         2.7         -489.2671      -331.3313 --
ML: -642.1715704812967 Information: 144.75757276732668
            155      -805.5555         2.7         -487.0418      -318.5136 --
ML: -641.7713211175663 Information: 147.77853404175198
            156      -795.7584         2.7         -485.6462      -310.1122 --
ML: -641.3725831877207 Information: 150.1244242459224
            157      -801.0413         2.7         -483.3369      -317.7043 --
ML: -640.5760782412657 Information: 153.6719218242505
            158      -795.1297         2.7         -483.2272      -311.9025 --
ML: -640.3727775619424 Information: 154.1450576245786
            159      -787.5089         2.7         -482.3333      -305.1755 --
ML: -640.2196802355855 Information: 154.5447775773194
            160      -808.2301         2.7         -481.4107      -326.8194 --
ML: -640.0962357037025 Information: 154.91652905825123
            161      -797.3065         2.7         -480.5173      -316.7891 --
ML: -639.9969503540872 Information: 155.2579069140054
            162      -806.8577         2.7         -480.4209      -326.4367 --
ML: -639.9593751309392 Information: 155.3795743521577
            163      -800.0704         2.7         -479.4883      -320.5820 --
ML: -639.9254832015347 Information: 155.51534845630152
            164      -799.8640         2.7         -479.3328      -320.5312 --
ML: -639.9112618717858 Information: 155.57282234428175
            165      -799.6057         2.7         -477.7763      -321.8293 --
ML: -639.8869272464494 Information: 155.70624608127696
            166      -783.6411         2.7         -476.9546      -306.6865 --
ML: -639.8670115784397 Information: 155.8288182549798
            167      -794.8589         2.7         -475.7690      -319.0899 --
ML: -639.8435481382342 Information: 155.99711981711425
            168      -805.5639         2.7         -474.6203      -330.9436 --
ML: -639.8169960749065 Information: 156.21231604226705
            169      -807.1189         2.7         -474.2398      -332.8791 --
ML: -639.8029925829561 Information: 156.32853859738833
            170      -785.8066         2.7         -473.0780      -312.7286 --
ML: -639.7867763375318 Information: 156.4795533220573
            171      -799.1429         2.7         -472.8467      -326.2961 --
ML: -639.7793465727772 Information: 156.54955433728088
            172      -791.9359         2.7         -471.6536      -320.2823 --
ML: -639.7704072455216 Information: 156.64363714992982
            173      -800.3806         2.7         -469.7281      -330.6524 --
ML: -639.7482013071746 Information: 156.9156816948061
            174      -799.3738         2.7         -469.4542      -329.9195 --
ML: -639.7376335301536 Information: 157.0457475799904
            175      -797.1707         2.7         -468.9834      -328.1873 --
ML: -639.7314597258412 Information: 157.1239464163146
            176      -796.1874         2.7         -468.6201      -327.5673 --
ML: -639.7282090258326 Information: 157.16609058907738
            177      -798.3822         2.7         -468.3856      -329.9965 --
ML: -639.7267007137423 Information: 157.18594868569858
            178      -811.6965         2.7         -468.3638      -343.3327 --
ML: -639.7261341782743 Information: 157.19341160598668
            179      -796.1909         2.7         -467.8749      -328.3160 --
ML: -639.7257945077722 Information: 157.19804990694644
            180      -806.7478         2.7         -467.5155      -339.2322 --
ML: -639.725615559488 Information: 157.20055712331572
            181      -801.6287         2.7         -466.2903      -335.3384 --
ML: -639.7253914497821 Information: 157.20397096891782
            182      -800.1527         2.7         -464.9631      -335.1895 --
ML: -639.7250806948048 Information: 157.20911567649637
            183      -796.9711         2.7         -464.8463      -332.1248 --
ML: -639.7249522397896 Information: 157.21125682154394
            184      -785.5530         2.7         -464.4736      -321.0794 --
ML: -639.7248836451575 Information: 157.21242563449368
            185      -793.9902         2.7         -464.2890      -329.7012 --
ML: -639.7248532954309 Information: 157.2129483523882
            186      -794.1279         2.7         -463.6120      -330.5159 --
ML: -639.7248313238867 Information: 157.2133416353961
            187      -786.3647         2.7         -463.5968      -322.7679 --
ML: -639.7248231171853 Information: 157.2134886550686
            188      -789.8893         2.7         -463.1195      -326.7698 --
ML: -639.7248182512344 Information: 157.21357814854844
            189      -794.5055         2.7         -462.5905      -331.9150 --
ML: -639.7248152131098 Information: 157.21363563195342
            190      -793.4305         2.7         -462.1473      -331.2832 --
ML: -639.7248134721468 Information: 157.21366934365813
            191      -784.0637         2.7         -461.8318      -322.2319 --
ML: -639.72481259411 Information: 157.21368662279718
            192      -798.4043         2.7         -461.6988      -336.7054 --
ML: -639.7248122251627 Information: 157.21369393245328
            193      -783.3611         2.7         -461.5843      -321.7767 --
ML: -639.7248120729647 Information: 157.21369696526506
            194      -786.4425         2.7         -461.2728      -325.1697 --
ML: -639.7248119965114 Information: 157.2136985125515
            195      -800.1579         2.7         -460.7177      -339.4401 --
ML: -639.7248119475163 Information: 157.2136995313149
            196      -807.8539         2.7         -460.1294      -347.7245 --
ML: -639.7248119150531 Information: 157.2137002254405
            197      -801.5499         2.7         -460.0583      -341.4915 --
ML: -639.7248119022307 Information: 157.21370050052985
            198      -786.6407         2.7         -459.7450      -326.8957 --
ML: -639.7248118957782 Information: 157.21370064098858
            199      -789.3193         2.7         -459.7397      -329.5796 --
ML: -639.7248118933917 Information: 157.21370069296745
            200      -785.6436         2.7         -459.4072      -326.2364 --
ML: -639.7248118921675 Information: 157.21370072001872
            201      -784.4366         2.7         -457.6196      -326.8169 --
ML: -639.7248118894768 Information: 157.21370078428384
            202      -778.5364         2.7         -456.7470      -321.7894 --
ML: -639.7248118871076 Information: 157.21370084297558
            203      -779.0958         2.7         -456.0992      -322.9966 --
ML: -639.7248118854419 Information: 157.21370088530358
            204      -783.8567         2.7         -455.8067      -328.0500 --
ML: -639.7248118846209 Information: 157.21370090641977
            205      -790.1730         2.7         -454.8722      -335.3007 --
ML: -639.724811883852 Information: 157.21370092687698
            206      -787.9592         2.7         -454.2857      -333.6735 --
ML: -639.7248118833435 Information: 157.21370094070699
            207      -788.2784         2.8         -453.9265      -334.3519 --
ML: -639.7248118830755 Information: 157.21370094810715
            208      -800.8830         2.8         -453.1240      -347.7589 --
ML: -639.7248118828556 Information: 157.2137009543319
            209      -784.4030         2.7         -452.9598      -331.4432 --
ML: -639.7248118827603 Information: 157.21370095707618
            210      -789.0954         2.7         -452.9246      -336.1708 --
ML: -639.7248118827239 Information: 157.21370095813933
            211      -779.3680         2.8         -451.9511      -327.4169 --
ML: -639.7248118826885 Information: 157.21370095917388
            212      -789.6922         2.8         -451.5135      -338.1786 --
ML: -639.7248118826684 Information: 157.21370095976067
            213      -782.2773         2.8         -451.3178      -330.9594 --
ML: -639.7248118826594 Information: 157.2137009600147
            214      -786.3860         2.8         -450.6127      -335.7733 --
ML: -639.7248118826527 Information: 157.21370096021798
            215      -785.7102         2.8         -450.3947      -335.3154 --
ML: -639.7248118826496 Information: 157.21370096031222
            216      -790.6027         2.8         -450.2140      -340.3886 --
ML: -639.7248118826483 Information: 157.2137009603594
            217      -787.3264         2.8         -450.0824      -337.2439 --
ML: -639.7248118826477 Information: 157.2137009603773
            218      -788.3843         2.8         -449.9546      -338.4297 --
ML: -639.7248118826475 Information: 157.21370096037992
            219      -791.6388         2.8         -449.3672      -342.2716 --
ML: -639.7248118826474 Information: 157.21370096036395
            220      -785.6744         2.8         -448.8847      -336.7897 --
ML: -639.7248118826473 Information: 157.21370096037663
            221      -776.7629         2.8         -448.8125      -327.9504 --
ML: -639.7248118826473 Information: 157.21370096036003
            222      -793.0675         2.8         -447.6708      -345.3967 --
ML: -639.7248118826473 Information: 157.21370096034093
            223      -789.8762         2.8         -447.6142      -342.2619 --
ML: -639.7248118826473 Information: 157.21370096033354
            224      -775.1041         2.8         -447.6084      -327.4956 --
ML: -639.7248118826473 Information: 157.2137009603308
            225      -779.9717         2.8         -447.3622      -332.6095 --
ML: -639.7248118826473 Information: 157.21370096032956
            226      -775.8085         2.8         -446.7757      -329.0327 --
ML: -639.7248118826473 Information: 157.21370096032865
            227      -782.8901         2.8         -445.8641      -337.0259 --
ML: -639.7248118826473 Information: 157.21370096032786
            228      -778.0200         2.8         -445.6066      -332.4133 --
ML: -639.7248118826473 Information: 157.21370096032751
            229      -775.8385         2.8         -445.1467      -330.6917 --
ML: -639.7248118826473 Information: 157.2137009603273
            230      -782.7954         2.8         -443.4040      -339.3914 --
ML: -639.7248118826473 Information: 157.21370096032683
            231      -786.2325         2.8         -441.8733      -344.3592 --
ML: -639.7248118826473 Information: 157.21370096032604
            232      -791.9038         2.8         -441.3478      -350.5559 --
ML: -639.7248118826473 Information: 157.21370096032558
            233      -796.3123         2.8         -441.3233      -354.9889 --
ML: -639.7248118826473 Information: 157.21370096032535
            234      -778.7640         2.8         -440.6056      -338.1583 --
ML: -639.7248118826473 Information: 157.21370096032524
            235      -793.7455         2.8         -440.4354      -353.3101 --
ML: -639.7248118826473 Information: 157.21370096032513
            236      -789.0742         2.8         -439.6780      -349.3961 --
ML: -639.7248118826473 Information: 157.21370096032513
            237      -783.3074         2.8         -439.2672      -344.0401 --
ML: -639.7248118826473 Information: 157.21370096032513
            238      -791.4686         2.8         -438.4637      -353.0049 --
ML: -639.7248118826473 Information: 157.21370096032513
            239      -783.8455         2.8         -438.2215      -345.6240 --
ML: -639.7248118826473 Information: 157.21370096032513
            240      -775.7766         2.8         -438.0926      -337.6839 --
ML: -639.7248118826473 Information: 157.21370096032513
            241      -770.3982         2.8         -436.4540      -333.9441 --
ML: -639.7248118826473 Information: 157.21370096032513
            242      -783.0626         2.8         -436.0883      -346.9743 --
ML: -639.7248118826473 Information: 157.21370096032513
            243      -777.4462         2.8         -435.3939      -342.0523 --
ML: -639.7248118826473 Information: 157.21370096032513
            244      -781.2474         2.8         -434.8770      -346.3703 --
ML: -639.7248118826473 Information: 157.21370096032513
            245      -773.2336         2.8         -434.8394      -338.3941 --
ML: -639.7248118826473 Information: 157.21370096032513
            246      -780.8885         2.8         -434.5919      -346.2966 --
ML: -639.7248118826473 Information: 157.21370096032513
            247      -785.7811         2.9         -434.5782      -351.2028 --
ML: -639.7248118826473 Information: 157.21370096032513
            248      -787.7121         2.9         -433.5879      -354.1241 --
ML: -639.7248118826473 Information: 157.21370096032513
            249      -803.0344         2.9         -433.5364      -369.4979 --
ML: -639.7248118826473 Information: 157.21370096032513
            250      -803.3418         2.9         -432.9428      -370.3989 --
ML: -639.7248118826473 Information: 157.21370096032513
            251      -797.8049         2.9         -432.3430      -365.4619 --
ML: -639.7248118826473 Information: 157.21370096032513
            252      -797.8935         2.9         -432.1132      -365.7803 --
ML: -639.7248118826473 Information: 157.21370096032513
            253      -789.4114         2.9         -432.1058      -357.3056 --
ML: -639.7248118826473 Information: 157.21370096032513
            254      -787.3897         2.9         -431.8179      -355.5717 --
ML: -639.7248118826473 Information: 157.21370096032513
            255      -784.8966         2.9         -431.1781      -353.7184 --
ML: -639.7248118826473 Information: 157.21370096032513
            256      -787.9972         2.9         -430.9946      -357.0025 --
ML: -639.7248118826473 Information: 157.21370096032513
            257      -791.1855         2.9         -430.9304      -360.2551 --
ML: -639.7248118826473 Information: 157.21370096032513
            258      -800.8428         2.9         -430.4147      -370.4281 --
ML: -639.7248118826473 Information: 157.21370096032513
            259      -788.7170         2.9         -430.1765      -358.5405 --
ML: -639.7248118826473 Information: 157.21370096032513
            260      -793.3043         2.9         -428.8527      -364.4515 --
ML: -639.7248118826473 Information: 157.21370096032513
            261      -803.2916         2.9         -428.2267      -375.0648 --
ML: -639.7248118826473 Information: 157.21370096032513
            262      -797.4374         2.9         -428.0810      -369.3563 --
ML: -639.7248118826473 Information: 157.21370096032513
            263      -795.6044         2.9         -427.7212      -367.8831 --
ML: -639.7248118826473 Information: 157.21370096032513
            264      -796.5592         2.9         -427.1374      -369.4217 --
ML: -639.7248118826473 Information: 157.21370096032513
            265      -795.3863         2.9         -427.0822      -368.3040 --
ML: -639.7248118826473 Information: 157.21370096032513
            266      -795.8581         2.9         -426.9516      -368.9065 --
ML: -639.7248118826473 Information: 157.21370096032513
            267      -806.9680         3.0         -426.3552      -380.6128 --
ML: -639.7248118826473 Information: 157.21370096032513
            268      -811.2715         3.0         -426.3278      -384.9436 --
ML: -639.7248118826473 Information: 157.21370096032513
            269      -798.1690         3.0         -425.9695      -372.1994 --
ML: -639.7248118826473 Information: 157.21370096032513
            270      -805.1807         3.0         -425.9564      -379.2243 --
ML: -639.7248118826473 Information: 157.21370096032513
            271      -798.5327         3.0         -425.8385      -372.6942 --
ML: -639.7248118826473 Information: 157.21370096032513
            272      -800.6010         3.0         -425.7303      -374.8707 --
ML: -639.7248118826473 Information: 157.21370096032513
            273      -801.1290         3.0         -425.5960      -375.5329 --
ML: -639.7248118826473 Information: 157.21370096032513
            274      -807.1745         3.0         -425.4005      -381.7740 --
ML: -639.7248118826473 Information: 157.21370096032513
            275      -803.7261         3.0         -424.1900      -379.5361 --
ML: -639.7248118826473 Information: 157.21370096032513
            276      -800.4142         3.0         -423.8099      -376.6043 --
ML: -639.7248118826473 Information: 157.21370096032513
            277      -799.0785         3.0         -423.7451      -375.3334 --
ML: -639.7248118826473 Information: 157.21370096032513
            278      -804.7181         3.0         -422.8282      -381.8898 --
ML: -639.7248118826473 Information: 157.21370096032513
            279      -816.5530         3.0         -422.8005      -393.7525 --
ML: -639.7248118826473 Information: 157.21370096032513
            280      -810.1928         3.0         -422.5635      -387.6292 --
ML: -639.7248118826473 Information: 157.21370096032513
            281      -798.6361         3.1         -422.0295      -376.6065 --
ML: -639.7248118826473 Information: 157.21370096032513
            282      -811.3964         3.1         -421.9680      -389.4283 --
ML: -639.7248118826473 Information: 157.21370096032513
            283      -817.5987         3.1         -421.7541      -395.8445 --
ML: -639.7248118826473 Information: 157.21370096032513
            284      -798.5185         3.1         -421.6395      -376.8789 --
ML: -639.7248118826473 Information: 157.21370096032513
            285      -815.7676         3.1         -421.6069      -394.1606 --
ML: -639.7248118826473 Information: 157.21370096032513
            286      -810.1378         3.1         -421.0297      -389.1081 --
ML: -639.7248118826473 Information: 157.21370096032513
            287      -797.8451         3.1         -420.8954      -376.9497 --
ML: -639.7248118826473 Information: 157.21370096032513
            288      -796.8843         3.1         -420.8832      -376.0011 --
ML: -639.7248118826473 Information: 157.21370096032513
            289      -812.5149         3.1         -420.3808      -392.1341 --
ML: -639.7248118826473 Information: 157.21370096032513
            290      -813.6674         3.1         -420.0255      -393.6418 --
ML: -639.7248118826473 Information: 157.21370096032513
            291      -815.6647         3.1         -420.0016      -395.6630 --
ML: -639.7248118826473 Information: 157.21370096032513
            292      -811.3733         3.1         -419.8290      -391.5442 --
ML: -639.7248118826473 Information: 157.21370096032513
            293      -827.1563         3.2         -419.6337      -407.5225 --
ML: -639.7248118826473 Information: 157.21370096032513
            294      -827.5274         3.2         -419.5675      -407.9598 --
ML: -639.7248118826473 Information: 157.21370096032513
            295      -821.9351         3.2         -418.8969      -403.0382 --
ML: -639.7248118826473 Information: 157.21370096032513
            296      -821.2605         3.2         -418.1432      -403.1172 --
ML: -639.7248118826473 Information: 157.21370096032513
            297      -825.9121         3.2         -417.8825      -408.0295 --
ML: -639.7248118826473 Information: 157.21370096032513
            298      -818.0145         3.2         -417.8115      -400.2030 --
ML: -639.7248118826473 Information: 157.21370096032513
            299      -809.1816         3.2         -417.7633      -391.4182 --
ML: -639.7248118826473 Information: 157.21370096032513
            300      -812.5133         3.2         -417.6761      -394.8371 --
ML: -639.7248118826473 Information: 157.21370096032513
            301      -827.8378         3.2         -417.4181      -410.4196 --
ML: -639.7248118826473 Information: 157.21370096032513
            302      -827.8166         3.3         -417.0907      -410.7258 --
ML: -639.7248118826473 Information: 157.21370096032513
            303      -806.3641         3.3         -416.7582      -389.6058 --
ML: -639.7248118826473 Information: 157.21370096032513
            304      -821.1696         3.3         -416.4643      -404.7053 --
ML: -639.7248118826473 Information: 157.21370096032513
            305      -810.6874         3.3         -416.3864      -394.3009 --
ML: -639.7248118826473 Information: 157.21370096032513
            306      -809.9793         3.3         -416.0802      -393.8990 --
ML: -639.7248118826473 Information: 157.21370096032513
            307      -818.7009         3.3         -415.9020      -402.7989 --
ML: -639.7248118826473 Information: 157.21370096032513
            308      -818.0615         3.3         -415.6467      -402.4148 --
ML: -639.7248118826473 Information: 157.21370096032513
            309      -815.6504         3.3         -415.4948      -400.1556 --
ML: -639.7248118826473 Information: 157.21370096032513
            310      -810.0251         3.3         -415.3777      -394.6474 --
ML: -639.7248118826473 Information: 157.21370096032513
            311      -814.7099         3.4         -415.3249      -399.3850 --
ML: -639.7248118826473 Information: 157.21370096032513
            312      -809.8778         3.4         -415.2921      -394.5857 --
ML: -639.7248118826473 Information: 157.21370096032513
            313      -820.9601         3.4         -414.5272      -406.4328 --
ML: -639.7248118826473 Information: 157.21370096032513
            314      -820.8132         3.4         -414.4789      -406.3342 --
ML: -639.7248118826473 Information: 157.21370096032513
315<=1000000&& (315<2.0*157.21370096032513*1||Math.abs(-639.7248118826473 - -639.7248118826473)/Math.abs(-639.7248118826473) > 1.0E-10
Finished in 315 steps!
Marginal likelihood: -637.0985477935789 (bootstrap SD=12.314191230017535)
Marginal likelihood: -635.5682162360847 (subsample SD=14.525268521885849)
Marginal likelihood: -637.2536361394075(11.499714972974923)
Information: 157.21370096032513
SD: 12.538488782956467

Operator                                                                Tuning    #accept    #reject      Pr(m)  Pr(acc|m)
Uniform()                                                                    -     558413     319578    0.27778    0.63601 
SubtreeSlide()                                                         1.00000      42567      45177    0.02778    0.48513 Try increasing size to about 2
SubtreeSlide()                                                        30.00000       2044      85478    0.02778    0.02335 Try decreasing size to about 15
Exchange()                                                                   -      85866     792162    0.27778    0.09779 
beast.base.inference.operator.DeltaExchangeOperator(editRateScaler)    1.00000       1635      86161    0.02778    0.01862 Try setting delta to about 0.5
ScaleOperator(clockRateScaler)                                         0.80000      58288      29706    0.02778    0.66241 Try setting scaleFactor to about 0.64
ScaleOperator(silencingRateScaler)                                     0.80000      67293      20368    0.02778    0.76765 Try setting scaleFactor to about 0.64
ScaleOperator(georateScaler.s:tissue)                                  0.99000     850593      27264    0.27778    0.96894 Try setting scaleFactor to about 0.98
ScaleOperator(geoMuScaler.c:tissue)                                    0.90000      74217      13190    0.02778    0.84910 Try setting scaleFactor to about 0.81

     Tuning: The value of the operator's tuning parameter, or '-' if the operator can't be optimized.
    #accept: The total number of times a proposal by this operator has been accepted.
    #reject: The total number of times a proposal by this operator has been rejected.
      Pr(m): The probability this operator is chosen in a step of the MCMC (i.e. the normalized weight).
  Pr(acc|m): The acceptance probability (#accept as a fraction of the total proposals for this operator).


Total calculation time: 533.469 seconds
Done!
