************************************
**** FeastMain BEAST 2 Launcher ****
************************************

Hunting for beast_services.xml files embedded in classpath:
- Processing /feast/beast_services.xml...
- Processing /beast_services.xml...
Done. Handing over to BeastMain...

                   BEAST v2.7.7 Prerelease, 2002-2024
             Bayesian Evolutionary Analysis Sampling Trees
                       Designed and developed by
 Remco Bouckaert, Alexei J. Drummond, Andrew Rambaut & Marc A. Suchard
                                    
                   Centre for Computational Evolution
                         University of Auckland
                       r.bouckaert@auckland.ac.nz
                        alexei@cs.auckland.ac.nz
                                    
                   Institute of Evolutionary Biology
                        University of Edinburgh
                           a.rambaut@ed.ac.uk
                                    
                    David Geffen School of Medicine
                 University of California, Los Angeles
                           msuchard@ucla.edu
                                    
                      Downloads, Help & Resources:
                           http://beast2.org/
                                    
  Source code distributed under the GNU Lesser General Public License:
                   http://github.com/CompEvol/beast2
                                    
                           BEAST developers:
   Alex Alekseyenko, Trevor Bedford, Erik Bloomquist, Joseph Heled, 
 Sebastian Hoehna, Denise Kuehnert, Philippe Lemey, Wai Lok Sibon Li, 
Gerton Lunter, Sidney Markowitz, Vladimir Minin, Michael Defoin Platel, 
          Oliver Pybus, Tim Vaughan, Chieh-Hsi Wu, Walter Xie
                                    
                               Thanks to:
          Roald Forsberg, Beth Shapiro and Korbinian Strimmer

Random number seed: 1733232926627

AlignmentFromFasta(alignment)
  63 taxa
  10 sites
  6 patterns

ASV020 = 420 (0.0)
ASV041 = 420 (0.0)
ASV051 = 420 (0.0)
ASV052 = 420 (0.0)
ASV055 = 420 (0.0)
ASV070 = 420 (0.0)
ASV071 = 420 (0.0)
ASV075 = 420 (0.0)
ASV076 = 420 (0.0)
ASV088 = 420 (0.0)
53 more...
Starting frequencies: [1.0, 0.0, 0.0]
  Using BEAGLE version: 4.0.1 (PRE-RELEASE) resource 0: CPU (x86_64)
    with instance flags:  PRECISION_DOUBLE COMPUTATION_SYNCH EIGEN_COMPLEX SCALING_MANUAL SCALERS_RAW VECTOR_SSE THREADING_NONE PROCESSOR_CPU FRAMEWORK_CPU
Starting frequencies: [1.0, 0.0, 0.0, 0.0]
ASV020 = FML (NaN)
ASV041 = LNSL (NaN)
ASV051 = PRL (NaN)
ASV052 = LNSL (NaN)
ASV055 = LNSL (NaN)
ASV070 = FML (NaN)
ASV071 = PRL (NaN)
ASV075 = FML (NaN)
ASV076 = FML (NaN)
ASV088 = FML (NaN)
53 more...
Starting frequencies: [0.25, 0.25, 0.25, 0.25]
  Using BEAGLE version: 4.0.1 (PRE-RELEASE) resource 0: CPU (x86_64)
    with instance flags:  PRECISION_DOUBLE COMPUTATION_SYNCH EIGEN_COMPLEX SCALING_MANUAL SCALERS_RAW VECTOR_SSE THREADING_NONE PROCESSOR_CPU FRAMEWORK_CPU
===============================================================================
Citations for this model:

Patricio Maturana, Brendon J. Brewer, Steffen Klaere, Remco Bouckaert. Model selection and parameter inference in phylogenetics using Nested Sampling. Systematic Biology, syy050, 2018

Stadler, T., Kuehnert, D., Bonhoeffer, S., and Drummond, A. J. (2013):
 Birth-death skyline plot reveals temporal changes of
 epidemic spread in HIV and hepatitis C virus (HCV). PNAS 110(1): 228–33.
If sampled ancestors are used then please also cite: Gavryushkina A, Welch D, Stadler T, Drummond AJ (2014) 
Bayesian inference of sampled ancestor trees for epidemiology and fossil calibration. 
PLoS Comput Biol 10(12): e1003919. doi:10.1371/journal.pcbi.1003919

Edwards, C. J., Suchard, M. A., Lemey, P., ... & Valdiosera, C. E. (2011).
Ancient hybridization and an Irish origin for the modern polar bear matriline.
Current Biology, 21(15), 1251-1258.

===============================================================================
         Sample      posterior ESS(posterior)     likelihood          prior
Start likelihood 0: -8944.99979553221 
              0     -2529.6025              N     -2036.6776      -492.9249 --
ML: -2037.5161912237745 Information: 0.8385606384288167
              1     -2449.0050         2.0        -2008.7756      -440.2293 --
ML: -2010.6142042837114 Information: 1.8385606383152686
              2     -2020.8666         3.0        -1598.4175      -422.4490 --
ML: -1601.256125346056 Information: 2.8385606384288167
              3     -1383.2679         4.0         -971.0587      -412.2092 --
ML: -974.8972722525533 Information: 3.8385606384288167
              4     -1325.8644         3.3         -926.7569      -399.1074 --
ML: -931.5955510170971 Information: 4.838560638428817
              5     -1282.0514         2.4         -919.4922      -362.5591 --
ML: -925.3289324592638 Information: 5.82286712687391
              6     -1218.6226         2.5         -912.4752      -306.1474 --
ML: -919.3113524104929 Information: 6.81899811603979
              7     -1199.7032         2.6         -905.1538      -294.5493 --
ML: -912.9905871054629 Information: 7.823561622369696
              8     -1177.0943         2.9         -882.0480      -295.0463 --
ML: -890.8866427025667 Information: 8.838560632324295
              9     -1153.5315         3.9         -873.7379      -279.7935 --
ML: -883.5758203705296 Information: 9.832338743753231
             10     -1182.1308         4.2         -872.9200      -309.2107 --
ML: -882.9699017716359 Information: 9.600605499620542
             11     -1162.7828         4.6         -870.9389      -291.8439 --
ML: -882.1759256809809 Information: 10.138366263644912
             12     -1151.2770         4.8         -862.2496      -289.0274 --
ML: -875.0873977638357 Information: 12.829556448369896
             13     -1138.0601         5.0         -850.3544      -287.7057 --
ML: -864.1930054487275 Information: 13.838321125348571
             14     -1131.8954         5.2         -847.6997      -284.1957 --
ML: -862.3633631141621 Information: 14.237601249627886
             15     -1131.5544         5.4         -845.9619      -285.5925 --
ML: -861.3496834606993 Information: 14.602544542169824
             16     -1127.2938         5.6         -835.2214      -292.0724 --
ML: -852.0598886945935 Information: 16.837403733564813
             17     -1120.0981         5.9         -833.2471      -286.8510 --
ML: -850.7654353234943 Information: 16.976952696725874
             18     -1122.8489         6.1         -831.1254      -291.7234 --
ML: -849.5933430186999 Information: 17.64311167148651
             19     -1139.7255         6.9         -826.4304      -313.2951 --
ML: -846.2336175968204 Information: 19.611413144954312
             20     -1116.8394         7.0         -821.7180      -295.1214 --
ML: -842.5315823376637 Information: 20.692575297192125
             21     -1098.7590         7.1         -809.2836      -289.4753 --
ML: -831.1222230217841 Information: 21.838410293574402
             22     -1088.8634         7.2         -801.6017      -287.2616 --
ML: -824.4390985012934 Information: 22.827691174473557
             23     -1084.1824         7.3         -790.1413      -294.0411 --
ML: -813.9798820378415 Information: 23.838202963149143
             24     -1096.5700         7.4         -784.3060      -312.2639 --
ML: -809.1366723749924 Information: 24.784652728555596
             25     -1095.7155         7.4         -782.7166      -312.9989 --
ML: -808.1110993902238 Information: 24.808035650356032
             26     -1084.9968         7.5         -782.2243      -302.7724 --
ML: -807.7846502497068 Information: 24.78202624179869
             27     -1089.4472         7.6         -776.4540      -312.9931 --
ML: -804.2626680407109 Information: 27.615125726971684
             28     -1064.2521         7.6         -763.6367      -300.6154 --
ML: -792.4753479512938 Information: 28.838454152259693
             29     -1054.6380         3.8         -758.9373      -295.7007 --
ML: -788.751443825455 Information: 29.700679388035738
             30     -1056.3838         3.7         -756.3927      -299.9910 --
ML: -787.0335790430527 Information: 30.16381229743095
             31     -1043.0906         3.7         -751.0360      -292.0545 --
ML: -782.859152967551 Information: 31.733311758790112
             32     -1052.2375         3.7         -750.4602      -301.7772 --
ML: -782.3618818124171 Information: 31.49680978103828
             33     -1063.8014         3.7         -749.2470      -314.5543 --
ML: -781.9665120928912 Information: 31.629830811671127
             34     -1051.6480         3.6         -747.0331      -304.6149 --
ML: -781.224823644203 Information: 32.618189467700006
             35     -1038.2213         3.6         -745.6945      -292.5267 --
ML: -780.673993467378 Information: 33.30070441141254
             36     -1031.1546         3.6         -744.3771      -286.7775 --
ML: -780.2154641524103 Information: 33.9441153234323
             37     -1053.0409         3.5         -737.6379      -315.4030 --
ML: -775.467793886391 Information: 37.75498312868032
             38     -1026.5649         3.5         -727.5130      -299.0519 --
ML: -766.3514721827119 Information: 38.837330245656595
             39     -1031.1340         3.2         -726.9242      -304.2098 --
ML: -765.843001637978 Information: 38.56397207029892
             40     -1022.6836         3.1         -726.3586      -296.3249 --
ML: -765.613361922121 Information: 38.52317212124285
             41     -1016.2101         3.1         -705.5534      -310.6567 --
ML: -747.3919616737801 Information: 41.83856036332567
             42     -1010.0410         3.1         -704.6393      -305.4017 --
ML: -746.7408770793343 Information: 41.62485649282979
             43     -1005.2420         3.0         -702.8613      -302.3807 --
ML: -746.0270291473101 Information: 42.061448420968304
             44     -1001.5543         3.0         -702.6249      -298.9293 --
ML: -745.8137260329132 Information: 42.105662949690895
             45      -993.4865         3.0         -701.8619      -291.6246 --
ML: -745.6726082235441 Information: 42.20751931943062
             46     -1002.6071         3.0         -695.9546      -306.6524 --
ML: -742.7385945147007 Information: 46.384484036717474
             47     -1004.2403         3.0         -693.5200      -310.7202 --
ML: -741.1342147646217 Information: 47.04446541398366
             48      -985.9215         3.0         -692.5416      -293.3798 --
ML: -740.5565364186234 Information: 47.14607727605403
             49      -980.0350         2.8         -687.0965      -292.9385 --
ML: -736.9087362727912 Information: 49.647700472837116
             50     -1001.8237         2.8         -683.3703      -318.4533 --
ML: -734.1438398504746 Information: 50.52846049997514
             51      -985.8978         2.7         -681.5568      -304.3409 --
ML: -733.0080309159392 Information: 50.790063571202836
             52      -980.0623         2.7         -679.7145      -300.3477 --
ML: -732.0617994369786 Information: 51.37539492437389
             53      -967.2360         2.7         -673.8000      -293.4360 --
ML: -727.6266432078257 Information: 53.74501066718281
             54      -963.3149         2.7         -672.4396      -290.8753 --
ML: -726.7441696982453 Information: 53.70789812199183
             55      -972.5614         2.7         -667.8537      -304.7076 --
ML: -723.6461537487992 Information: 55.55844080410013
             56      -955.7230         2.7         -665.7789      -289.9440 --
ML: -722.3119009777602 Information: 55.924897966203304
             57      -959.6472         2.7         -662.4638      -297.1833 --
ML: -720.1766410592174 Information: 57.24898812432549
             58      -960.4095         2.7         -662.1449      -298.2646 --
ML: -719.8076515409963 Information: 57.1215287248105
             59      -944.2095         2.6         -660.7781      -283.4313 --
ML: -719.4393580324114 Information: 57.34104742396511
             60      -941.8838         2.6         -659.8977      -281.9861 --
ML: -719.1976935446089 Information: 57.571802735787514
             61      -949.5721         2.6         -656.4111      -293.1609 --
ML: -717.9221877103 Information: 60.05461810739416
             62      -954.4661         2.6         -655.3639      -299.1021 --
ML: -717.3594277642553 Information: 60.56931269023926
             63      -960.7971         2.6         -653.8430      -306.9540 --
ML: -716.8144458446657 Information: 61.262540163965525
             64      -959.2978         2.6         -653.5753      -305.7225 --
ML: -716.6304595531763 Information: 61.41071519801574
             65      -955.7879         2.6         -648.6794      -307.1085 --
ML: -714.4038147610088 Information: 65.01876058882316
             66      -956.7981         2.5         -646.9773      -309.8207 --
ML: -713.3741294191441 Information: 65.53693217291143
             67      -954.3247         2.5         -646.6576      -307.6671 --
ML: -713.0922563137991 Information: 65.54479879203393
             68      -949.5537         2.5         -642.4820      -307.0716 --
ML: -711.1635751430576 Information: 67.94530660619026
             69      -934.9651         2.5         -638.7172      -296.2479 --
ML: -708.4846552823315 Information: 69.45851329325232
             70      -932.1442         2.5         -637.5669      -294.5773 --
ML: -707.7511588506919 Information: 69.48345965145461
             71      -948.4565         2.5         -633.3216      -315.1348 --
ML: -705.0879799810817 Information: 71.4214181695404
             72      -932.8092         2.5         -627.9404      -304.8688 --
ML: -700.765636774914 Information: 72.74922447162564
             73      -923.6491         2.5         -624.2990      -299.3501 --
ML: -698.0679146250391 Information: 73.51843159892584
             74      -926.2045         2.5         -617.1444      -309.0601 --
ML: -691.9807135878865 Information: 74.81946379647864
             75      -928.6461         2.5         -616.1572      -312.4889 --
ML: -691.2950842118895 Information: 74.63204838844149
             76      -922.8967         2.5         -615.9948      -306.9018 --
ML: -691.1005544527791 Information: 74.55563894221274
             77      -894.8598         2.5         -611.4484      -283.4114 --
ML: -689.1359409536258 Information: 76.97291733070126
             78      -900.7822         2.5         -609.9203      -290.8618 --
ML: -688.2366185850613 Information: 77.40384276440903
             79      -904.8135         2.5         -608.2367      -296.5767 --
ML: -687.4595864629466 Information: 78.02924745673437
             80      -896.3617         2.5         -607.2245      -289.1372 --
ML: -687.0233311316703 Information: 78.37285772376066
             81      -899.1207         2.5         -607.1612      -291.9594 --
ML: -686.8935712820884 Information: 78.42432584548112
             82      -900.3259         2.6         -605.7789      -294.5469 --
ML: -686.7294511358834 Information: 78.66740336621217
             83      -897.9711         2.6         -604.1253      -293.8458 --
ML: -686.4740455535707 Information: 79.29931519481318
             84      -896.8926         2.6         -603.9178      -292.9748 --
ML: -686.3768798639176 Information: 79.50371857748905
             85      -904.8139         2.6         -602.9771      -301.8368 --
ML: -686.2932190315408 Information: 79.73273680454929
             86      -899.0279         2.6         -602.7350      -296.2928 --
ML: -686.2562955931552 Information: 79.83448564541357
             87      -894.5151         2.6         -598.4646      -296.0505 --
ML: -685.5863429283175 Information: 83.04974109140778
             88      -890.7650         2.6         -594.5031      -296.2619 --
ML: -683.2410159177621 Information: 87.96810889645872
             89      -892.9059         2.6         -588.7080      -304.1979 --
ML: -678.5375169257937 Information: 89.76995527049867
             90      -887.4636         2.6         -585.0048      -302.4587 --
ML: -675.7780320659019 Information: 90.5348735172334
             91      -889.4397         2.6         -583.9473      -305.4924 --
ML: -675.0888128333031 Information: 90.49101219927462
             92      -889.9864         2.6         -582.3282      -307.6581 --
ML: -674.4339253004287 Information: 90.92662163361899
             93      -875.4153         2.6         -582.1657      -293.2495 --
ML: -674.2449898674048 Information: 90.96864642132522
             94      -875.9420         2.6         -581.5544      -294.3875 --
ML: -674.1346022632017 Information: 91.0382154352377
             95      -881.2443         2.6         -580.6021      -300.6421 --
ML: -674.039611508912 Information: 91.16924943466177
             96      -872.2344         2.6         -577.0293      -295.2051 --
ML: -673.2569125843091 Information: 93.55724499164734
             97      -872.2701         2.6         -576.2772      -295.9929 --
ML: -672.9036943952359 Information: 94.22246562549947
             98      -882.5414         2.6         -575.5019      -307.0395 --
ML: -672.6904436981308 Information: 94.61979348405276
             99      -875.1163         2.6         -574.1201      -300.9961 --
ML: -672.4425585961374 Information: 95.23923753133158
            100      -884.5758         2.6         -573.7812      -310.7945 --
ML: -672.3351855815012 Information: 95.48026081253147
            101      -862.2010         2.6         -571.4185      -290.7824 --
ML: -672.0003266196487 Information: 96.69237547709378
            102      -892.5022         2.6         -571.2790      -321.2232 --
ML: -671.8866756245568 Information: 97.0115543490565
            103      -887.5434         2.6         -570.8836      -316.6597 --
ML: -671.8296476467627 Information: 97.17578143997264
            104      -885.8211         2.6         -570.2445      -315.5765 --
ML: -671.791736875776 Information: 97.30190076418967
            105      -891.7904         2.6         -570.0470      -321.7434 --
ML: -671.7751995549486 Information: 97.35823134359146
            106      -876.4792         2.6         -568.4971      -307.9821 --
ML: -671.7471724800216 Information: 97.49381522456895
            107      -870.5425         2.6         -566.1409      -304.4016 --
ML: -671.6452635186997 Information: 98.17790791291179
            108      -873.2410         2.6         -562.2908      -310.9501 --
ML: -670.6612845275658 Information: 104.19243004910086
            109      -863.4047         2.6         -561.5208      -301.8839 --
ML: -670.2574676960954 Information: 105.43251505422086
            110      -871.8905         2.6         -559.4543      -312.4362 --
ML: -669.5818825120612 Information: 107.3946578560998
            111      -882.6785         2.6         -559.3511      -323.3274 --
ML: -669.3992904570707 Information: 107.68538613873261
            112      -856.5791         2.6         -555.5416      -301.0375 --
ML: -668.0720365903913 Information: 110.89348469807712
            113      -856.5769         2.6         -551.5143      -305.0625 --
ML: -665.2890919943484 Information: 113.42434534365538
            114      -842.7272         2.6         -548.5495      -294.1776 --
ML: -663.2488827106099 Information: 114.26832096830393
            115      -827.2338         2.6         -546.9283      -280.3054 --
ML: -662.2859948052633 Information: 114.5741278339319
            116      -832.3597         2.6         -543.6927      -288.6669 --
ML: -660.3718033523196 Information: 116.08636552138624
            117      -854.7546         2.6         -543.0746      -311.6800 --
ML: -659.9131545352859 Information: 116.07312449964104
            118      -838.3981         2.6         -542.8785      -295.5196 --
ML: -659.7607368826937 Information: 116.05663193501346
            119      -847.8455         2.6         -541.8520      -305.9934 --
ML: -659.6251885590705 Information: 116.15585398111625
            120      -850.6444         2.6         -539.6397      -311.0046 --
ML: -659.2702634256007 Information: 116.9451032779586
            121      -848.8047         2.6         -538.3493      -310.4554 --
ML: -658.9341648109112 Information: 117.74390294244228
            122      -839.3495         2.6         -535.3758      -303.9736 --
ML: -657.8177403918602 Information: 120.53796552629109
            123      -846.3902         2.6         -531.1348      -315.2554 --
ML: -654.9168741899607 Information: 123.44419576628644
            124      -841.3455         2.6         -530.4906      -310.8549 --
ML: -654.4087906623108 Information: 123.32730647788179
            125      -835.3719         2.6         -529.3494      -306.0224 --
ML: -654.031210393619 Information: 123.4944104426649
            126      -835.2549         2.6         -527.2923      -307.9625 --
ML: -653.386676197356 Information: 124.39128687830953
            127      -825.6353         2.6         -526.1171      -299.5181 --
ML: -652.9381101292691 Information: 124.9830758601239
            128      -815.1062         2.6         -519.8664      -295.2398 --
ML: -648.6906277188548 Information: 128.7084892108575
            129      -838.1488         2.6         -517.4382      -320.7105 --
ML: -647.0591213908199 Information: 129.12318859574833
            130      -831.2905         2.6         -515.7859      -315.5045 --
ML: -646.1252447183637 Information: 129.4942900003265
            131      -818.3545         2.7         -514.2662      -304.0883 --
ML: -645.4218127662032 Information: 129.98532385114342
            132      -845.0461         2.7         -514.2337      -330.8124 --
ML: -645.2462220145989 Information: 130.00341717215224
            133      -827.7744         2.7         -513.7206      -314.0537 --
ML: -645.1518552644733 Information: 130.04611990862537
            134      -827.4948         2.7         -513.1391      -314.3557 --
ML: -645.0942851845238 Information: 130.09857047998003
            135      -811.3377         2.7         -512.0431      -299.2946 --
ML: -645.0345260845984 Information: 130.2100865903452
            136      -822.9042         2.7         -511.8252      -311.0789 --
ML: -645.0083373124045 Information: 130.2614228896835
            137      -814.3080         2.7         -511.7511      -302.5568 --
ML: -644.9981487401697 Information: 130.28160174730135
            138      -820.9734         2.7         -511.5795      -309.3938 --
ML: -644.9937313544671 Information: 130.29101096780653
            139      -819.7121         2.7         -510.8342      -308.8778 --
ML: -644.990320627284 Information: 130.30077191023622
            140      -826.0467         2.7         -509.6885      -316.3581 --
ML: -644.9863893203269 Information: 130.31646236316635
            141      -822.5597         2.7         -507.8751      -314.6846 --
ML: -644.9775778922807 Information: 130.3672598339171
            142      -825.5251         2.7         -506.8578      -318.6672 --
ML: -644.9686920166811 Information: 130.42695614922837
            143      -814.0386         2.7         -504.5708      -309.4678 --
ML: -644.937152085509 Information: 130.70499055255925
            144      -813.4097         2.7         -503.7760      -309.6337 --
ML: -644.912178728632 Information: 130.93790842862506
            145      -809.6621         2.7         -503.3193      -306.3427 --
ML: -644.8979551655883 Information: 131.07416304582802
            146      -824.9316         2.7         -503.2927      -321.6388 --
ML: -644.8926338271301 Information: 131.1247320395235
            147      -815.2843         2.7         -501.4689      -313.8154 --
ML: -644.880609946053 Information: 131.25970420156978
            148      -807.9703         2.7         -499.9912      -307.9791 --
ML: -644.8615231650241 Information: 131.49829671804957
            149      -804.4412         2.7         -499.7853      -304.6559 --
ML: -644.8530141416347 Information: 131.604832154559
            150      -807.5857         2.7         -499.2732      -308.3124 --
ML: -644.847826155071 Information: 131.6719580900055
            151      -801.9441         2.7         -499.0607      -302.8833 --
ML: -644.8454745930107 Information: 131.70276007224447
            152      -801.4841         2.7         -496.0472      -305.4369 --
ML: -644.8280358342855 Information: 131.98086072519942
            153      -804.3420         2.7         -493.0543      -311.2876 --
ML: -644.7086244625463 Information: 134.0892764530621
            154      -788.4306         2.7         -492.2398      -296.1908 --
ML: -644.6192359781579 Information: 135.57151871162176
            155      -796.4241         2.7         -491.6220      -304.8020 --
ML: -644.5625291526817 Information: 136.4754708593917
            156      -803.7824         2.7         -491.2442      -312.5382 --
ML: -644.5333661478717 Information: 136.93040289775013
            157      -804.8543         2.7         -491.1641      -313.6902 --
ML: -644.5219761055492 Information: 137.10518967217962
            158      -799.4094         2.7         -490.2309      -309.1785 --
ML: -644.5114382814166 Information: 137.2748025562165
            159      -797.6342         2.7         -489.5774      -308.0567 --
ML: -644.5040531896175 Information: 137.39735161093836
            160      -804.1408         2.7         -488.5335      -315.6072 --
ML: -644.4963944905738 Information: 137.53139558535833
            161      -809.5580         2.7         -486.3681      -323.1899 --
ML: -644.4722188166941 Information: 137.99919225361833
            162      -799.5530         2.7         -486.2676      -313.2853 --
ML: -644.4625498897865 Information: 138.18394611616912
            163      -805.6658         2.7         -484.9262      -320.7396 --
ML: -644.4491029652186 Information: 138.45570066700895
            164      -804.3763         2.7         -484.7207      -319.6556 --
ML: -644.443086204593 Information: 138.57729215196798
            165      -799.4899         2.7         -484.4237      -315.0661 --
ML: -644.4401207366018 Information: 138.63781815359482
            166      -805.5626         2.7         -482.6185      -322.9441 --
ML: -644.4335178747069 Information: 138.78379040871044
            167      -805.8199         2.7         -480.9718      -324.8480 --
ML: -644.4210322289847 Information: 139.0775080286499
            168      -809.5977         2.7         -478.1511      -331.4465 --
ML: -644.3471875087037 Information: 140.93933039854505
            169      -795.9628         2.7         -476.0732      -319.8896 --
ML: -644.1572543384381 Information: 145.4778922263444
            170      -794.0752         2.7         -473.5124      -320.5628 --
ML: -643.5562839535546 Information: 156.24535208299392
            171      -802.6175         2.7         -472.9759      -329.6415 --
ML: -643.306185544552 Information: 159.16723459460917
            172      -797.2473         2.7         -472.6396      -324.6077 --
ML: -643.1982714071315 Information: 160.2356501206549
            173      -793.9027         2.7         -472.5067      -321.3960 --
ML: -643.1561886179251 Information: 160.62445117235882
            174      -783.5399         2.7         -471.3122      -312.2276 --
ML: -643.1073469247754 Information: 161.11042000259437
            175      -783.9993         2.7         -471.2032      -312.7961 --
ML: -643.0879801415227 Information: 161.2980801847852
            176      -785.5389         2.7         -470.3937      -315.1451 --
ML: -643.072251195075 Information: 161.46019759286276
            177      -796.9491         2.7         -470.2359      -326.7131 --
ML: -643.0655510480372 Information: 161.5294641378452
            178      -792.9333         2.7         -468.6513      -324.2820 --
ML: -643.053639853523 Information: 161.670115674969
            179      -797.5953         2.7         -468.6191      -328.9761 --
ML: -643.049151798405 Information: 161.72278638235207
            180      -792.7183         2.7         -468.2443      -324.4739 --
ML: -643.046758313328 Information: 161.75166694682252
            181      -797.6732         2.7         -468.1758      -329.4974 --
ML: -643.045816861662 Information: 161.7630708480719
            182      -780.9528         2.7         -467.1360      -313.8167 --
ML: -643.0448381366416 Information: 161.77593109787733
            183      -788.2549         2.7         -466.9075      -321.3474 --
ML: -643.0443859767745 Information: 161.78197111023053
            184      -782.5970         2.7         -466.0218      -316.5751 --
ML: -643.0439828370621 Information: 161.78771080869683
            185      -796.0041         2.7         -465.9946      -330.0095 --
ML: -643.0438304766478 Information: 161.7898835446283
            186      -785.2589         2.7         -465.9533      -319.3056 --
ML: -643.0437720712576 Information: 161.7907187508743
            187      -778.9599         2.7         -465.7251      -313.2347 --
ML: -643.0437450779984 Information: 161.7911109014479
            188      -804.8092         2.7         -464.7979      -340.0112 --
ML: -643.0437199810099 Information: 161.79149876266217
            189      -791.2304         2.7         -462.9171      -328.3133 --
ML: -643.0436594305957 Information: 161.7925483739811
            190      -778.1986         2.7         -462.2623      -315.9362 --
ML: -643.0436165594394 Information: 161.79331955386579
            191      -785.5156         2.7         -462.2247      -323.2909 --
ML: -643.0436001832288 Information: 161.79361474182076
            192      -792.9251         2.7         -460.8004      -332.1246 --
ML: -643.0435751527364 Information: 161.79410156703847
            193      -795.8229         2.7         -460.7827      -335.0401 --
ML: -643.0435657800431 Information: 161.7942840220714
            194      -801.0811         2.7         -460.2372      -340.8438 --
ML: -643.0435598306851 Information: 161.79440308056343
            195      -796.1653         2.7         -460.2234      -335.9419 --
ML: -643.0435576115948 Information: 161.79444751943123
            196      -796.6202         2.7         -459.5328      -337.0874 --
ML: -643.0435559830206 Information: 161.7944812574309
            197      -796.9246         2.7         -459.4982      -337.4264 --
ML: -643.0435553628187 Information: 161.79449412713154
            198      -792.7646         2.7         -459.3775      -333.3870 --
ML: -643.0435551054111 Information: 161.79449949960014
            199      -802.6765         2.7         -459.0544      -343.6221 --
ML: -643.0435549745879 Information: 161.79450227235986
            200      -777.5915         2.7         -458.9112      -318.6803 --
ML: -643.0435549190533 Information: 161.79450345734136
            201      -792.0189         2.7         -458.4835      -333.5353 --
ML: -643.0435548877189 Information: 161.79450413934268
            202      -792.2799         2.7         -458.0282      -334.2517 --
ML: -643.043554869544 Information: 161.79450454320573
            203      -815.4775         2.7         -457.4832      -357.9942 --
ML: -643.0435548580134 Information: 161.794504805719
            204      -803.0256         2.7         -457.0444      -345.9812 --
ML: -643.0435548514346 Information: 161.79450495840223
            205      -789.9378         2.7         -456.2845      -333.6533 --
ML: -643.0435548462602 Information: 161.79450508238426
            206      -774.3329         2.7         -455.7400      -318.5929 --
ML: -643.0435548429789 Information: 161.79450516279775
            207      -790.5468         2.7         -452.5298      -338.0170 --
ML: -643.0435548130615 Information: 161.79450599209378
            208      -778.9516         2.7         -452.1303      -326.8213 --
ML: -643.043554796651 Information: 161.79450645352114
            209      -798.7534         2.7         -452.0010      -346.7524 --
ML: -643.0435547897807 Information: 161.7945066476159
            210      -787.2555         2.7         -450.8197      -336.4357 --
ML: -643.043554781545 Information: 161.79450688996138
            211      -772.8348         2.7         -450.5403      -322.2944 --
ML: -643.0435547775385 Information: 161.79450700897252
            212      -782.3260         2.7         -450.4423      -331.8837 --
ML: -643.0435547759128 Information: 161.79450705742534
            213      -778.1920         2.7         -449.8488      -328.3432 --
ML: -643.0435547748301 Information: 161.79450709031443
            214      -770.5055         2.8         -449.8383      -320.6672 --
ML: -643.0435547744277 Information: 161.79450710254025
            215      -782.9527         2.8         -449.4060      -333.5466 --
ML: -643.0435547741995 Information: 161.79450710959463
            216      -793.0283         2.8         -448.8793      -344.1489 --
ML: -643.0435547740574 Information: 161.79450711404905
            217      -796.8319         2.8         -448.2484      -348.5835 --
ML: -643.0435547739592 Information: 161.7945071171792
            218      -802.6886         2.8         -447.6582      -355.0304 --
ML: -643.0435547738939 Information: 161.79450711932094
            219      -788.9228         2.8         -446.9228      -342.0000 --
ML: -643.0435547738439 Information: 161.79450712097128
            220      -797.6016         2.8         -446.7124      -350.8892 --
ML: -643.0435547738211 Information: 161.79450712173798
            221      -792.6223         2.8         -445.9655      -346.6567 --
ML: -643.0435547738035 Information: 161.7945071223317
            222      -788.4209         2.8         -445.8606      -342.5603 --
ML: -643.0435547737964 Information: 161.79450712255687
            223      -798.8801         2.8         -445.4967      -353.3833 --
ML: -643.0435547737925 Information: 161.79450712271313
            224      -794.4582         2.8         -444.8856      -349.5725 --
ML: -643.0435547737899 Information: 161.794507122818
            225      -787.2115         2.8         -442.5759      -344.6355 --
ML: -643.0435547737803 Information: 161.7945071231626
            226      -799.1957         2.8         -441.2846      -357.9111 --
ML: -643.0435547737675 Information: 161.7945071236727
            227      -797.4330         2.8         -440.7046      -356.7284 --
ML: -643.0435547737591 Information: 161.7945071239995
            228      -788.4247         2.8         -440.3223      -348.1024 --
ML: -643.0435547737545 Information: 161.79450712418299
            229      -806.1771         2.8         -440.3107      -365.8664 --
ML: -643.0435547737528 Information: 161.7945071242574
            230      -794.7329         2.8         -440.2371      -354.4958 --
ML: -643.0435547737521 Information: 161.7945071242902
            231      -789.8642         2.8         -438.7997      -351.0644 --
ML: -643.0435547737511 Information: 161.79450712432657
            232      -791.0464         2.8         -437.7006      -353.3457 --
ML: -643.04355477375 Information: 161.79450712437142
            233      -798.5565         2.8         -437.5496      -361.0068 --
ML: -643.0435547737495 Information: 161.7945071243755
            234      -797.7138         2.8         -437.3944      -360.3193 --
ML: -643.0435547737493 Information: 161.79450712439262
            235      -803.4615         2.8         -437.0567      -366.4047 --
ML: -643.0435547737492 Information: 161.7945071243998
            236      -794.9703         2.8         -436.8637      -358.1065 --
ML: -643.0435547737492 Information: 161.79450712437864
            237      -802.3759         2.8         -436.1303      -366.2455 --
ML: -643.0435547737492 Information: 161.7945071243625
            238      -789.9499         2.8         -435.0911      -354.8588 --
ML: -643.0435547737492 Information: 161.79450712434567
            239      -805.3703         2.8         -435.0798      -370.2905 --
ML: -643.0435547737492 Information: 161.79450712433942
            240      -803.2941         2.8         -435.0663      -368.2278 --
ML: -643.0435547737492 Information: 161.79450712433714
            241      -794.8486         2.9         -434.9386      -359.9100 --
ML: -643.0435547737492 Information: 161.79450712433612
            242      -796.0269         2.9         -434.3305      -361.6963 --
ML: -643.0435547737492 Information: 161.79450712433544
            243      -793.8656         2.9         -434.0722      -359.7933 --
ML: -643.0435547737492 Information: 161.7945071243351
            244      -802.5687         2.9         -433.7869      -368.7817 --
ML: -643.0435547737492 Information: 161.79450712433498
            245      -803.6870         2.9         -433.7007      -369.9862 --
ML: -643.0435547737492 Information: 161.79450712433487
            246      -808.3070         2.9         -433.3800      -374.9270 --
ML: -643.0435547737492 Information: 161.79450712433487
            247      -811.4256         2.9         -432.7640      -378.6616 --
ML: -643.0435547737492 Information: 161.79450712433487
            248      -814.0263         2.9         -432.5518      -381.4745 --
ML: -643.0435547737492 Information: 161.79450712433487
            249      -816.1227         2.9         -432.4149      -383.7078 --
ML: -643.0435547737492 Information: 161.79450712433487
            250      -817.6114         2.9         -432.2841      -385.3272 --
ML: -643.0435547737492 Information: 161.79450712433487
            251      -810.0709         2.9         -432.0759      -377.9949 --
ML: -643.0435547737492 Information: 161.79450712433487
            252      -812.5603         2.9         -432.0473      -380.5130 --
ML: -643.0435547737492 Information: 161.79450712433487
            253      -822.4516         2.9         -431.9770      -390.4745 --
ML: -643.0435547737492 Information: 161.79450712433487
            254      -820.1677         2.9         -431.0337      -389.1339 --
ML: -643.0435547737492 Information: 161.79450712433487
            255      -812.0683         2.9         -430.6916      -381.3766 --
ML: -643.0435547737492 Information: 161.79450712433487
            256      -808.2661         2.9         -430.4622      -377.8038 --
ML: -643.0435547737492 Information: 161.79450712433487
            257      -813.3945         3.0         -430.1789      -383.2155 --
ML: -643.0435547737492 Information: 161.79450712433487
            258      -810.7124         3.0         -429.5604      -381.1520 --
ML: -643.0435547737492 Information: 161.79450712433487
            259      -813.8463         3.0         -429.3234      -384.5229 --
ML: -643.0435547737492 Information: 161.79450712433487
            260      -814.5961         3.0         -429.0614      -385.5347 --
ML: -643.0435547737492 Information: 161.79450712433487
            261      -807.7175         3.0         -428.8922      -378.8253 --
ML: -643.0435547737492 Information: 161.79450712433487
            262      -815.0024         3.0         -428.6796      -386.3227 --
ML: -643.0435547737492 Information: 161.79450712433487
            263      -824.3144         3.0         -427.5550      -396.7594 --
ML: -643.0435547737492 Information: 161.79450712433487
            264      -817.1174         3.0         -427.3887      -389.7286 --
ML: -643.0435547737492 Information: 161.79450712433487
            265      -806.1036         3.0         -426.9713      -379.1322 --
ML: -643.0435547737492 Information: 161.79450712433487
            266      -814.5399         3.0         -426.8799      -387.6599 --
ML: -643.0435547737492 Information: 161.79450712433487
            267      -808.7135         3.0         -426.7369      -381.9765 --
ML: -643.0435547737492 Information: 161.79450712433487
            268      -818.7153         3.0         -425.3760      -393.3393 --
ML: -643.0435547737492 Information: 161.79450712433487
            269      -808.3758         3.0         -425.0884      -383.2874 --
ML: -643.0435547737492 Information: 161.79450712433487
            270      -814.4427         3.0         -424.7267      -389.7160 --
ML: -643.0435547737492 Information: 161.79450712433487
            271      -833.3182         3.1         -424.4532      -408.8650 --
ML: -643.0435547737492 Information: 161.79450712433487
            272      -830.0207         3.1         -424.3960      -405.6247 --
ML: -643.0435547737492 Information: 161.79450712433487
            273      -834.4389         3.1         -423.7759      -410.6630 --
ML: -643.0435547737492 Information: 161.79450712433487
            274      -820.4516         3.1         -423.6612      -396.7903 --
ML: -643.0435547737492 Information: 161.79450712433487
            275      -820.3376         3.1         -423.6514      -396.6862 --
ML: -643.0435547737492 Information: 161.79450712433487
            276      -828.6737         3.1         -423.1863      -405.4874 --
ML: -643.0435547737492 Information: 161.79450712433487
            277      -828.9077         3.1         -423.0549      -405.8528 --
ML: -643.0435547737492 Information: 161.79450712433487
            278      -833.9178         3.1         -422.9913      -410.9264 --
ML: -643.0435547737492 Information: 161.79450712433487
            279      -835.6602         3.1         -422.6605      -412.9997 --
ML: -643.0435547737492 Information: 161.79450712433487
            280      -836.8230         3.1         -422.2734      -414.5496 --
ML: -643.0435547737492 Information: 161.79450712433487
            281      -819.6861         3.2         -421.7738      -397.9122 --
ML: -643.0435547737492 Information: 161.79450712433487
            282      -817.1963         3.2         -421.6020      -395.5943 --
ML: -643.0435547737492 Information: 161.79450712433487
            283      -817.5783         3.2         -421.1637      -396.4145 --
ML: -643.0435547737492 Information: 161.79450712433487
            284      -820.3016         3.2         -421.0686      -399.2329 --
ML: -643.0435547737492 Information: 161.79450712433487
            285      -814.6394         3.2         -420.7647      -393.8746 --
ML: -643.0435547737492 Information: 161.79450712433487
            286      -824.2797         3.2         -420.5985      -403.6811 --
ML: -643.0435547737492 Information: 161.79450712433487
            287      -813.5119         3.2         -420.4476      -393.0643 --
ML: -643.0435547737492 Information: 161.79450712433487
            288      -812.0932         3.2         -419.9502      -392.1430 --
ML: -643.0435547737492 Information: 161.79450712433487
            289      -813.1663         3.2         -419.8424      -393.3239 --
ML: -643.0435547737492 Information: 161.79450712433487
            290      -818.8710         3.3         -419.5624      -399.3086 --
ML: -643.0435547737492 Information: 161.79450712433487
            291      -822.2990         3.3         -419.5362      -402.7628 --
ML: -643.0435547737492 Information: 161.79450712433487
            292      -816.3665         3.3         -419.4679      -396.8986 --
ML: -643.0435547737492 Information: 161.79450712433487
            293      -828.0455         3.3         -419.2579      -408.7876 --
ML: -643.0435547737492 Information: 161.79450712433487
            294      -845.4238         3.3         -419.1840      -426.2397 --
ML: -643.0435547737492 Information: 161.79450712433487
            295      -842.1453         3.3         -419.1160      -423.0293 --
ML: -643.0435547737492 Information: 161.79450712433487
            296      -826.1002         3.3         -418.8820      -407.2182 --
ML: -643.0435547737492 Information: 161.79450712433487
            297      -822.0909         3.3         -418.8399      -403.2509 --
ML: -643.0435547737492 Information: 161.79450712433487
            298      -831.7556         3.4         -418.7705      -412.9850 --
ML: -643.0435547737492 Information: 161.79450712433487
            299      -834.6956         3.4         -418.7165      -415.9791 --
ML: -643.0435547737492 Information: 161.79450712433487
            300      -830.7647         3.4         -418.4889      -412.2757 --
ML: -643.0435547737492 Information: 161.79450712433487
            301      -848.9707         3.4         -418.3343      -430.6363 --
ML: -643.0435547737492 Information: 161.79450712433487
            302      -834.9080         3.4         -418.0874      -416.8206 --
ML: -643.0435547737492 Information: 161.79450712433487
            303      -835.2930         3.4         -417.8854      -417.4076 --
ML: -643.0435547737492 Information: 161.79450712433487
            304      -833.6640         3.4         -417.7711      -415.8929 --
ML: -643.0435547737492 Information: 161.79450712433487
            305      -831.1204         3.5         -417.7492      -413.3711 --
ML: -643.0435547737492 Information: 161.79450712433487
            306      -824.7361         3.5         -417.7105      -407.0255 --
ML: -643.0435547737492 Information: 161.79450712433487
            307      -831.3515         3.5         -417.6741      -413.6774 --
ML: -643.0435547737492 Information: 161.79450712433487
            308      -822.2413         3.5         -417.5154      -404.7259 --
ML: -643.0435547737492 Information: 161.79450712433487
            309      -835.2294         3.5         -417.4500      -417.7793 --
ML: -643.0435547737492 Information: 161.79450712433487
            310      -835.4509         3.5         -417.2883      -418.1625 --
ML: -643.0435547737492 Information: 161.79450712433487
            311      -813.9327         3.5         -417.1478      -396.7849 --
ML: -643.0435547737492 Information: 161.79450712433487
            312      -829.7750         3.6         -416.8499      -412.9251 --
ML: -643.0435547737492 Information: 161.79450712433487
            313      -826.0477         3.6         -416.6865      -409.3611 --
ML: -643.0435547737492 Information: 161.79450712433487
            314      -821.8253         3.6         -416.6099      -405.2153 --
ML: -643.0435547737492 Information: 161.79450712433487
            315      -824.4089         3.6         -416.4268      -407.9821 --
ML: -643.0435547737492 Information: 161.79450712433487
            316      -836.6062         3.6         -416.2258      -420.3803 --
ML: -643.0435547737492 Information: 161.79450712433487
            317      -826.4202         3.6         -416.0535      -410.3666 --
ML: -643.0435547737492 Information: 161.79450712433487
            318      -826.8219         3.6         -415.7912      -411.0306 --
ML: -643.0435547737492 Information: 161.79450712433487
            319      -824.7462         3.7         -415.7640      -408.9822 --
ML: -643.0435547737492 Information: 161.79450712433487
            320      -848.3577         3.7         -415.6422      -432.7155 --
ML: -643.0435547737492 Information: 161.79450712433487
            321      -860.3758         3.7         -415.4127      -444.9630 --
ML: -643.0435547737492 Information: 161.79450712433487
            322      -848.7096         3.7         -415.3612      -433.3483 --
ML: -643.0435547737492 Information: 161.79450712433487
            323      -849.2605         3.7         -415.1751      -434.0853 --
ML: -643.0435547737492 Information: 161.79450712433487
324<=1000000&& (324<2.0*161.79450712433487*1||Math.abs(-643.0435547737492 - -643.0435547737492)/Math.abs(-643.0435547737492) > 1.0E-10
Finished in 324 steps!
Marginal likelihood: -640.3512686469526 (bootstrap SD=12.269750472920366)
Marginal likelihood: -638.8726255200145 (subsample SD=14.040016072712024)
Marginal likelihood: -640.3203529564148(12.496457876131608)
Information: 161.79450712433487
SD: 12.719846977237378

Operator                                                                Tuning    #accept    #reject      Pr(m)  Pr(acc|m)
Uniform()                                                                    -     570359     332645    0.27778    0.63162 
SubtreeSlide()                                                         1.00000      44098      46838    0.02778    0.48493 Try increasing size to about 2
SubtreeSlide()                                                        30.00000       2111      88656    0.02778    0.02326 Try decreasing size to about 15
Exchange()                                                                   -      94137     808231    0.27778    0.10432 
beast.base.inference.operator.DeltaExchangeOperator(editRateScaler)    1.00000       1660      88612    0.02778    0.01839 Try setting delta to about 0.5
ScaleOperator(clockRateScaler)                                         0.80000      58910      31771    0.02778    0.64964 Try setting scaleFactor to about 0.64
ScaleOperator(silencingRateScaler)                                     0.80000      68460      21900    0.02778    0.75764 Try setting scaleFactor to about 0.64
ScaleOperator(georateScaler.s:tissue)                                  0.99000     872226      29633    0.27778    0.96714 Try setting scaleFactor to about 0.98
ScaleOperator(geoMuScaler.c:tissue)                                    0.90000      76645      13108    0.02778    0.85395 Try setting scaleFactor to about 0.81

     Tuning: The value of the operator's tuning parameter, or '-' if the operator can't be optimized.
    #accept: The total number of times a proposal by this operator has been accepted.
    #reject: The total number of times a proposal by this operator has been rejected.
      Pr(m): The probability this operator is chosen in a step of the MCMC (i.e. the normalized weight).
  Pr(acc|m): The acceptance probability (#accept as a fraction of the total proposals for this operator).


Total calculation time: 502.53 seconds
Done!
