************************************
**** FeastMain BEAST 2 Launcher ****
************************************

Hunting for beast_services.xml files embedded in classpath:
- Processing /feast/beast_services.xml...
- Processing /beast_services.xml...
Done. Handing over to BeastMain...

                   BEAST v2.7.7 Prerelease, 2002-2024
             Bayesian Evolutionary Analysis Sampling Trees
                       Designed and developed by
 Remco Bouckaert, Alexei J. Drummond, Andrew Rambaut & Marc A. Suchard
                                    
                   Centre for Computational Evolution
                         University of Auckland
                       r.bouckaert@auckland.ac.nz
                        alexei@cs.auckland.ac.nz
                                    
                   Institute of Evolutionary Biology
                        University of Edinburgh
                           a.rambaut@ed.ac.uk
                                    
                    David Geffen School of Medicine
                 University of California, Los Angeles
                           msuchard@ucla.edu
                                    
                      Downloads, Help & Resources:
                           http://beast2.org/
                                    
  Source code distributed under the GNU Lesser General Public License:
                   http://github.com/CompEvol/beast2
                                    
                           BEAST developers:
   Alex Alekseyenko, Trevor Bedford, Erik Bloomquist, Joseph Heled, 
 Sebastian Hoehna, Denise Kuehnert, Philippe Lemey, Wai Lok Sibon Li, 
Gerton Lunter, Sidney Markowitz, Vladimir Minin, Michael Defoin Platel, 
          Oliver Pybus, Tim Vaughan, Chieh-Hsi Wu, Walter Xie
                                    
                               Thanks to:
          Roald Forsberg, Beth Shapiro and Korbinian Strimmer

Random number seed: 1733232927214

AlignmentFromFasta(alignment)
  63 taxa
  10 sites
  6 patterns

ASV020 = 420 (0.0)
ASV041 = 420 (0.0)
ASV051 = 420 (0.0)
ASV052 = 420 (0.0)
ASV055 = 420 (0.0)
ASV070 = 420 (0.0)
ASV071 = 420 (0.0)
ASV075 = 420 (0.0)
ASV076 = 420 (0.0)
ASV088 = 420 (0.0)
53 more...
Starting frequencies: [1.0, 0.0, 0.0]
  Using BEAGLE version: 4.0.1 (PRE-RELEASE) resource 0: CPU (x86_64)
    with instance flags:  PRECISION_DOUBLE COMPUTATION_SYNCH EIGEN_COMPLEX SCALING_MANUAL SCALERS_RAW VECTOR_SSE THREADING_NONE PROCESSOR_CPU FRAMEWORK_CPU
Starting frequencies: [1.0, 0.0, 0.0, 0.0]
ASV020 = FML (NaN)
ASV041 = LNSL (NaN)
ASV051 = PRL (NaN)
ASV052 = LNSL (NaN)
ASV055 = LNSL (NaN)
ASV070 = FML (NaN)
ASV071 = PRL (NaN)
ASV075 = FML (NaN)
ASV076 = FML (NaN)
ASV088 = FML (NaN)
53 more...
Starting frequencies: [0.25, 0.25, 0.25, 0.25]
  Using BEAGLE version: 4.0.1 (PRE-RELEASE) resource 0: CPU (x86_64)
    with instance flags:  PRECISION_DOUBLE COMPUTATION_SYNCH EIGEN_COMPLEX SCALING_MANUAL SCALERS_RAW VECTOR_SSE THREADING_NONE PROCESSOR_CPU FRAMEWORK_CPU
===============================================================================
Citations for this model:

Patricio Maturana, Brendon J. Brewer, Steffen Klaere, Remco Bouckaert. Model selection and parameter inference in phylogenetics using Nested Sampling. Systematic Biology, syy050, 2018

Stadler, T., Kuehnert, D., Bonhoeffer, S., and Drummond, A. J. (2013):
 Birth-death skyline plot reveals temporal changes of
 epidemic spread in HIV and hepatitis C virus (HCV). PNAS 110(1): 228–33.
If sampled ancestors are used then please also cite: Gavryushkina A, Welch D, Stadler T, Drummond AJ (2014) 
Bayesian inference of sampled ancestor trees for epidemiology and fossil calibration. 
PLoS Comput Biol 10(12): e1003919. doi:10.1371/journal.pcbi.1003919

Edwards, C. J., Suchard, M. A., Lemey, P., ... & Valdiosera, C. E. (2011).
Ancient hybridization and an Irish origin for the modern polar bear matriline.
Current Biology, 21(15), 1251-1258.

===============================================================================
         Sample      posterior ESS(posterior)     likelihood          prior
Start likelihood 0: -4592.144071225491 
              0     -2661.1337              N     -2203.9662      -457.1675 --
ML: -2204.8047753023966 Information: 0.8385606384285893
              1     -2439.2913         2.0        -2050.9203      -388.3709 --
ML: -2052.7589579294645 Information: 1.8385606384285893
              2     -1967.6796         3.0        -1605.4819      -362.1977 --
ML: -1608.3205403294896 Information: 2.8385606384288167
              3     -1456.7886         4.0        -1114.8086      -341.9799 --
ML: -1118.647256522415 Information: 3.8385606384288167
              4     -1240.1670         3.0         -901.6317      -338.5353 --
ML: -906.4702734717491 Information: 4.838560638428817
              5     -1145.6915         2.4         -848.6503      -297.0412 --
ML: -854.488944149033 Information: 5.838560638428817
              6     -1142.0293         2.4         -827.8256      -314.2037 --
ML: -834.6641877662681 Information: 6.838560584859175
              7     -1080.6810         2.5         -800.4993      -280.1817 --
ML: -808.3378687315575 Information: 7.838560638285527
              8     -1079.0263         2.8         -798.5201      -280.5062 --
ML: -807.0397774195867 Information: 7.979236857704024
              9     -1082.4795         3.4         -798.3811      -284.0983 --
ML: -806.7718107281012 Information: 7.870975607363675
             10     -1069.9747         3.7         -786.4968      -283.4779 --
ML: -797.3353295455021 Information: 10.83749152549707
             11     -1059.9029         4.1         -771.1792      -288.7236 --
ML: -783.017831343082 Information: 11.838550760374302
             12     -1046.1941         4.4         -762.3418      -283.8523 --
ML: -775.1799663911115 Information: 12.834679571884969
             13     -1045.7998         4.7         -758.5129      -287.2869 --
ML: -772.2940449609197 Information: 13.567280098219697
             14     -1041.9964         4.9         -754.8160      -287.1803 --
ML: -769.5856317588683 Information: 14.508973193615759
             15     -1022.0469         5.1         -749.0954      -272.9515 --
ML: -764.9244809736731 Information: 15.772504035678939
             16     -1022.4980         5.3         -748.0559      -274.4420 --
ML: -764.2162444711203 Information: 15.620479959426916
             17     -1004.8640         5.5         -739.7518      -265.1121 --
ML: -757.5891336088341 Information: 17.825526651655668
             18     -1022.3735         5.8         -737.9021      -284.4713 --
ML: -756.3843861463057 Information: 17.924218437805337
             19     -1026.1721         6.3         -733.2533      -292.9188 --
ML: -753.0554338342824 Information: 19.615509219652303
             20     -1010.7835         6.6         -732.4062      -278.3773 --
ML: -752.4524963135344 Information: 19.480620124358325
             21     -1014.3949         6.7         -730.6925      -283.7024 --
ML: -751.7978705669758 Information: 19.920912880141998
             22     -1009.3542         6.8         -729.8740      -279.4802 --
ML: -751.4609507131889 Information: 20.156896930870857
             23      -998.2714         7.0         -729.1238      -269.1475 --
ML: -751.2598114897136 Information: 20.35298607538357
             24     -1001.2313         7.1         -729.0936      -272.1376 --
ML: -751.1930073626584 Information: 20.403352036177353
             25     -1016.4109         7.2         -728.2454      -288.1655 --
ML: -751.138971028815 Information: 20.483149137174337
             26     -1000.3903         7.3         -726.1506      -274.2396 --
ML: -750.9929657343066 Information: 20.949159788904012
             27      -999.4719         7.4         -725.3373      -274.1346 --
ML: -750.8861638215479 Information: 21.31910877624182
             28      -995.5435         7.6         -712.5706      -282.9728 --
ML: -741.40916741527 Information: 28.837182227706304
             29      -992.9692         5.2         -711.2214      -281.7477 --
ML: -740.5262995380704 Information: 28.74625512872734
             30      -984.7069         5.3         -709.5215      -275.1853 --
ML: -739.7466070890318 Information: 29.18943365695111
             31      -988.4599         5.3         -707.9826      -280.4772 --
ML: -739.0900773992598 Information: 29.772144485968454
             32      -970.9576         5.3         -690.7756      -280.1819 --
ML: -723.6142062107431 Information: 32.83855692399629
             33      -986.5720         5.3         -687.9504      -298.6215 --
ML: -721.6395650698408 Information: 33.29694957205933
             34      -976.4001         5.4         -685.7777      -290.6224 --
ML: -720.3092268343809 Information: 33.85338086122732
             35      -975.1087         5.4         -680.5874      -294.5213 --
ML: -716.4055897938964 Information: 35.69982882040347
             36      -966.6790         5.4         -677.2516      -289.4273 --
ML: -713.9960487279641 Information: 36.43403241154481
             37      -971.3401         5.4         -674.9332      -296.4068 --
ML: -712.5140824224934 Information: 36.9836058657971
             38      -973.0880         5.4         -674.7591      -298.3288 --
ML: -712.2226309150063 Information: 36.88716480720268
             39      -964.7616         3.8         -673.0103      -291.7513 --
ML: -711.79437646257 Information: 37.268874583432876
             40      -965.8462         3.8         -669.4512      -296.3950 --
ML: -710.0892204183684 Information: 39.71576377561297
             41      -960.7961         3.8         -668.1906      -292.6055 --
ML: -709.3656133855452 Information: 40.11630772955613
             42      -950.3965         3.8         -667.5443      -282.8522 --
ML: -709.0569711475473 Information: 40.26043074816124
             43      -949.1126         3.8         -667.3712      -281.7414 --
ML: -708.9470831016326 Information: 40.298865669517795
             44      -950.7828         3.7         -667.1060      -283.6768 --
ML: -708.8983761970063 Information: 40.32347517450728
             45      -957.1025         3.7         -664.9828      -292.1197 --
ML: -708.7619598968628 Information: 40.64511624075874
             46      -970.2354         3.7         -664.2626      -305.9728 --
ML: -708.6699240941708 Information: 40.891973936370505
             47      -951.7784         3.7         -658.8769      -292.9014 --
ML: -706.583053792334 Information: 46.60169799293895
             48      -950.9770         3.6         -657.7115      -293.2655 --
ML: -705.873303911402 Information: 47.045533381896234
             49      -938.2718         3.1         -657.5023      -280.7695 --
ML: -705.6659017575876 Information: 47.08639282081924
             50      -951.8965         3.1         -647.1853      -304.7112 --
ML: -698.0234406943279 Information: 50.832615712412895
             51      -945.2711         3.1         -642.9560      -302.3150 --
ML: -694.7558137265725 Information: 51.6383898972762
             52      -932.7063         3.1         -640.2436      -292.4626 --
ML: -692.9103390256288 Information: 52.21273791585709
             53      -928.2177         3.1         -639.1123      -289.1053 --
ML: -692.2372960534944 Information: 52.3161999844142
             54      -912.7966         3.1         -633.4918      -279.3048 --
ML: -688.3104967062573 Information: 54.691958144551606
             55      -913.1124         3.1         -630.9211      -282.1913 --
ML: -686.5673549187491 Information: 55.17426017172657
             56      -908.0387         3.1         -629.9360      -278.1026 --
ML: -685.9724654110966 Information: 55.232685672541436
             57      -906.0752         3.0         -629.4127      -276.6625 --
ML: -685.7268793241492 Information: 55.27607490970121
             58      -907.2776         3.0         -624.1371      -283.1404 --
ML: -682.913856786575 Information: 58.3976968901638
             59      -920.6929         2.9         -621.5775      -299.1154 --
ML: -681.2142455187619 Information: 59.099691483980195
             60      -898.5553         2.9         -616.8146      -281.7406 --
ML: -677.6252398309115 Information: 60.66413328114468
             61      -907.2456         2.9         -615.5050      -291.7405 --
ML: -676.7814168920346 Information: 60.65014982892171
             62      -919.8332         2.9         -614.1285      -305.7046 --
ML: -676.176822071014 Information: 60.95418671370197
             63      -921.2210         2.9         -611.0644      -310.1565 --
ML: -674.6563337374635 Information: 62.68288494675073
             64      -898.8166         2.9         -604.5689      -294.2477 --
ML: -669.4022259186995 Information: 64.79462473241965
             65      -895.6955         2.9         -603.7780      -291.9174 --
ML: -668.8105498385027 Information: 64.57341419687299
             66      -882.5354         2.9         -600.9562      -281.5792 --
ML: -667.4857561902887 Information: 65.65725849669116
             67      -897.9458         2.8         -599.9333      -298.0124 --
ML: -666.9254904526506 Information: 65.90989751008715
             68      -883.9477         2.8         -598.6499      -285.2977 --
ML: -666.4747376159312 Information: 66.31752656628538
             69      -880.3485         2.7         -595.1998      -285.1486 --
ML: -664.8250750159618 Information: 68.67284333528212
             70      -896.7218         2.7         -594.1934      -302.5284 --
ML: -664.2300362685154 Information: 68.95625358822127
             71      -879.4828         2.7         -591.2389      -288.2438 --
ML: -662.803019269481 Information: 70.59563079842513
             72      -880.2870         2.7         -590.1529      -290.1341 --
ML: -662.1996890264179 Information: 70.92298207217999
             73      -874.1738         2.7         -584.5576      -289.6162 --
ML: -658.3741798277051 Information: 73.66998772236126
             74      -873.8681         2.7         -582.6937      -291.1743 --
ML: -657.174036529476 Information: 73.87480723690427
             75      -866.9901         2.7         -579.9014      -287.0886 --
ML: -655.5262455510588 Information: 74.97079658962787
             76      -871.9317         2.7         -577.6804      -294.2512 --
ML: -654.2076807254617 Information: 75.75812283798359
             77      -868.5062         2.6         -575.2396      -293.2666 --
ML: -652.7981251964673 Information: 76.77447835698729
             78      -865.2400         2.6         -575.2137      -290.0262 --
ML: -652.5471369620653 Information: 76.70325142525678
             79      -872.5917         2.6         -572.4100      -300.1817 --
ML: -651.6936018064821 Information: 77.82108470316686
             80      -856.8020         2.6         -568.8441      -287.9579 --
ML: -649.5570589373124 Information: 80.11926411573722
             81      -864.9690         2.6         -565.8015      -299.1674 --
ML: -647.502954883903 Information: 81.23516840186355
             82      -862.4539         2.6         -564.4340      -298.0198 --
ML: -646.6880045867929 Information: 81.44224365556457
             83      -843.6370         2.6         -553.7434      -289.8935 --
ML: -637.5818748226488 Information: 83.83717308032249
             84      -847.6622         2.6         -553.4958      -294.1663 --
ML: -637.1958164004072 Information: 83.53081446273524
             85      -855.9468         2.6         -553.0022      -302.9445 --
ML: -637.0193353111504 Information: 83.46155542433712
             86      -847.5804         2.6         -547.5773      -300.0031 --
ML: -634.3445244927943 Information: 86.3549819222707
             87      -846.2765         2.6         -547.5051      -298.7714 --
ML: -634.0310355180692 Information: 86.17185499464762
             88      -844.8870         2.6         -546.6586      -298.2283 --
ML: -633.8233731237335 Information: 86.1893071992705
             89      -833.8334         2.5         -546.0934      -287.7399 --
ML: -633.708795287821 Information: 86.24150957215898
             90      -847.8415         2.5         -541.9158      -305.9256 --
ML: -632.4287108837408 Information: 88.96944918480293
             91      -844.1223         2.5         -540.8991      -303.2231 --
ML: -631.878194094058 Information: 89.50273282772582
             92      -843.7993         2.5         -539.8374      -303.9618 --
ML: -631.506414039299 Information: 89.91899230103229
             93      -850.7956         2.5         -538.8112      -311.9844 --
ML: -631.2297427347415 Information: 90.31331010272947
             94      -847.9082         2.5         -536.9797      -310.9284 --
ML: -630.7882044149821 Information: 91.27696913998557
             95      -828.5216         2.5         -536.5892      -291.9324 --
ML: -630.6108433628971 Information: 91.57450162446918
             96      -813.9963         2.5         -533.2365      -280.7597 --
ML: -629.6144020916846 Information: 94.23659396564858
             97      -818.8627         2.5         -532.5949      -286.2678 --
ML: -629.2491794019005 Information: 94.72281596921368
             98      -824.7631         2.5         -530.8516      -293.9115 --
ML: -628.7524247841509 Information: 95.66470729612246
             99      -830.6572         2.5         -529.9805      -300.6767 --
ML: -628.4566531777956 Information: 96.16451502796667
            100      -837.3018         2.5         -529.5507      -307.7511 --
ML: -628.3214576511676 Information: 96.37597939420573
            101      -846.2874         2.5         -529.5243      -316.7630 --
ML: -628.2747983748928 Information: 96.4396927575525
            102      -844.0395         2.5         -528.3316      -315.7079 --
ML: -628.2209942646217 Information: 96.56940919758307
            103      -835.9790         2.5         -525.7802      -310.1988 --
ML: -628.0001360918524 Information: 97.5120796120703
            104      -832.5966         2.5         -525.1465      -307.4500 --
ML: -627.8714078880278 Information: 98.02853370440539
            105      -838.4706         2.5         -524.5045      -313.9661 --
ML: -627.7903426547533 Information: 98.36314552886978
            106      -822.3314         2.5         -520.4815      -301.8498 --
ML: -626.8346715707654 Information: 102.91305636315133
            107      -821.1878         2.5         -514.0166      -307.1712 --
ML: -621.8483098437682 Information: 107.7640508410707
            108      -830.4443         2.5         -513.6192      -316.8251 --
ML: -621.4141739275921 Information: 107.49368403888462
            109      -804.0171         2.4         -513.4397      -290.5774 --
ML: -621.2700525778462 Information: 107.41408135173276
            110      -801.5890         2.5         -513.4005      -288.1884 --
ML: -621.2199783623562 Information: 107.38624802738326
            111      -795.3246         2.5         -512.0890      -283.2356 --
ML: -621.1554110173606 Information: 107.4307730465352
            112      -818.0127         2.5         -510.6737      -307.3389 --
ML: -621.0649208836734 Information: 107.60423305541366
            113      -803.2751         2.5         -508.7072      -294.5679 --
ML: -620.8599902261402 Information: 108.28010016478743
            114      -791.5055         2.5         -506.3949      -285.1106 --
ML: -620.3362452991429 Information: 110.27798467919843
            115      -787.1249         2.5         -506.1071      -281.0178 --
ML: -620.1539259310576 Information: 110.7541789236127
            116      -794.6902         2.5         -504.8342      -289.8560 --
ML: -619.9559223715739 Information: 111.37629843906569
            117      -786.8865         2.5         -503.0306      -283.8558 --
ML: -619.6185848580024 Information: 112.62781664620286
            118      -775.1790         2.5         -498.9590      -276.2200 --
ML: -617.6475788700809 Information: 117.5695796483491
            119      -786.8059         2.5         -498.8908      -287.9151 --
ML: -617.3556705042417 Information: 117.57821826912482
            120      -808.2626         2.5         -496.6958      -311.5667 --
ML: -616.7479046735604 Information: 118.37391888292541
            121      -795.8204         2.5         -496.5650      -299.2553 --
ML: -616.5731541877192 Information: 118.48919453091628
            122      -790.4096         2.5         -492.2717      -298.1379 --
ML: -614.9020117985557 Information: 121.53738310581767
            123      -796.6190         2.5         -492.2380      -304.3810 --
ML: -614.6327886199898 Information: 121.53406653672232
            124      -802.6842         2.5         -491.6961      -310.9880 --
ML: -614.4936550777841 Information: 121.57710716994734
            125      -779.0387         2.5         -487.8223      -291.2163 --
ML: -613.2998799345496 Information: 123.93357360824646
            126      -784.2537         2.5         -487.3610      -296.8926 --
ML: -612.9586413768284 Information: 124.17208294644468
            127      -796.6387         2.5         -486.8047      -309.8339 --
ML: -612.7884796593296 Information: 124.31201019947326
            128      -799.9599         2.5         -486.6904      -313.2695 --
ML: -612.7259386273054 Information: 124.35774940117528
            129      -788.6257         2.5         -483.7312      -304.8944 --
ML: -612.3682371671259 Information: 125.39445745325372
            130      -780.1828         2.5         -483.6614      -296.5214 --
ML: -612.2561328588341 Information: 125.63362489120027
            131      -789.5097         2.5         -483.5132      -305.9965 --
ML: -612.2118810881215 Information: 125.72396449762817
            132      -785.7724         2.5         -482.9114      -302.8610 --
ML: -612.1832267849715 Information: 125.7963381225149
            133      -776.8458         2.5         -480.9827      -295.8630 --
ML: -612.1141715909356 Information: 126.08787057061744
            134      -769.9110         2.5         -480.8091      -289.1018 --
ML: -612.085388844201 Information: 126.20711087754478
            135      -772.8051         2.5         -480.0414      -292.7637 --
ML: -612.0631460228291 Information: 126.31326297167158
            136      -781.5770         2.5         -479.8621      -301.7148 --
ML: -612.0535116556364 Information: 126.36008049303871
            137      -769.4612         2.5         -476.8717      -292.5895 --
ML: -611.9856900150988 Information: 126.87072367281439
            138      -769.7843         2.5         -469.3810      -300.4033 --
ML: -608.1966850495479 Information: 138.4598105113141
            139      -778.1626         2.5         -467.1157      -311.0469 --
ML: -606.7006490411554 Information: 138.997753410222
            140      -766.8698         2.5         -465.4275      -301.4423 --
ML: -605.7668186437462 Information: 139.44494918716157
            141      -763.5141         2.5         -464.1411      -299.3730 --
ML: -605.1744604102229 Information: 139.82732780699422
            142      -757.3757         2.5         -462.6179      -294.7577 --
ML: -604.6124166064227 Information: 140.4387261513018
            143      -765.3150         2.5         -458.5077      -306.8073 --
ML: -602.2476055102771 Information: 143.20746692891913
            144      -765.0379         2.5         -458.3298      -306.7081 --
ML: -601.9124173755035 Information: 143.07457013004364
            145      -760.0263         2.5         -458.0392      -301.9870 --
ML: -601.7813049338805 Information: 143.04158578169267
            146      -755.5714         2.5         -455.4522      -300.1192 --
ML: -601.3107884665397 Information: 143.80494135286506
            147      -755.7229         2.5         -454.1050      -301.6178 --
ML: -600.8848076101726 Information: 144.5585993166738
            148      -758.5337         2.5         -452.4283      -306.1053 --
ML: -600.3645820355862 Information: 145.61938738875568
            149      -764.0157         2.5         -451.4346      -312.5811 --
ML: -600.025920018748 Information: 146.2317623270239
            150      -748.0109         2.5         -451.3317      -296.6791 --
ML: -599.9151528856768 Information: 146.37918142145315
            151      -757.8966         2.5         -450.9632      -306.9334 --
ML: -599.8608893186753 Information: 146.46080328426672
            152      -734.0908         2.5         -450.6490      -283.4417 --
ML: -599.834633329732 Information: 146.50583889873366
            153      -737.8519         2.5         -448.7779      -289.0739 --
ML: -599.7745544386429 Information: 146.71111693057912
            154      -744.3863         2.5         -447.8963      -296.4899 --
ML: -599.7240519349059 Information: 146.91508456851278
            155      -753.1010         2.5         -446.9865      -306.1144 --
ML: -599.6800349540963 Information: 147.1217928534811
            156      -751.5012         2.5         -446.8455      -304.6557 --
ML: -599.6619574447745 Information: 147.20605948588707
            157      -753.9979         2.5         -446.6174      -307.3805 --
ML: -599.6537129258526 Information: 147.2457520469601
            158      -758.9511         2.5         -445.8150      -313.1360 --
ML: -599.6469971186374 Information: 147.2831643876367
            159      -761.7214         2.5         -445.0149      -316.7065 --
ML: -599.6415313933915 Information: 147.3177560061356
            160      -757.7144         2.5         -444.9646      -312.7497 --
ML: -599.6394249922846 Information: 147.33113447247604
            161      -758.7092         2.5         -444.7791      -313.9300 --
ML: -599.6384935267608 Information: 147.3372128765809
            162      -753.8661         2.5         -444.6094      -309.2567 --
ML: -599.6380877466565 Information: 147.3399276635833
            163      -760.7779         2.5         -443.9148      -316.8630 --
ML: -599.6377888819326 Information: 147.342133886032
            164      -762.2935         2.5         -442.1365      -320.1570 --
ML: -599.637138290879 Information: 147.3480905798316
            165      -766.9600         2.5         -441.7278      -325.2321 --
ML: -599.6367783250495 Information: 147.35153158246834
            166      -754.4360         2.5         -440.3887      -314.0472 --
ML: -599.6362732525703 Information: 147.35703357394692
            167      -757.7839         2.5         -440.2247      -317.5592 --
ML: -599.6360544037497 Information: 147.35945255114052
            168      -760.2089         2.5         -439.3375      -320.8714 --
ML: -599.6358589439119 Information: 147.36178590878694
            169      -768.2496         2.5         -439.0163      -329.2333 --
ML: -599.6357598137218 Information: 147.36300095651353
            170      -754.0286         2.5         -437.7253      -316.3032 --
ML: -599.6356272246886 Information: 147.36479706129126
            171      -758.8424         2.5         -436.9329      -321.9094 --
ML: -599.6355195044886 Information: 147.3663414477378
            172      -766.3142         2.5         -436.8918      -329.4224 --
ML: -599.6354782143007 Information: 147.36693507829642
            173      -756.9383         2.5         -436.3439      -320.5944 --
ML: -599.6354519430149 Information: 147.36732716137192
            174      -756.8988         2.5         -435.5779      -321.3208 --
ML: -599.6354311530655 Information: 147.36765335627024
            175      -747.1505         2.5         -435.4290      -311.7214 --
ML: -599.6354222770098 Information: 147.36779394131082
            176      -750.5414         2.5         -435.2840      -315.2574 --
ML: -599.6354185022761 Information: 147.36785427495562
            177      -759.4809         2.5         -435.0960      -324.3848 --
ML: -599.6354168264392 Information: 147.36788137574933
            178      -765.5976         2.5         -434.8492      -330.7483 --
ML: -599.6354160373662 Information: 147.36789433094026
            179      -770.0328         2.6         -433.5066      -336.5262 --
ML: -599.6354149258058 Information: 147.3679140732504
            180      -773.9913         2.6         -433.0826      -340.9087 --
ML: -599.6354143009543 Information: 147.36792543609846
            181      -767.8496         2.6         -432.7082      -335.1414 --
ML: -599.635413966702 Information: 147.3679316395834
            182      -780.5065         2.6         -432.7003      -347.8061 --
ML: -599.6354138427699 Information: 147.36793394063864
            183      -780.6508         2.6         -431.9062      -348.7446 --
ML: -599.6354137418917 Information: 147.3679358937614
            184      -768.3000         2.6         -430.8917      -337.4082 --
ML: -599.6354136395477 Information: 147.3679379790956
            185      -771.3889         2.6         -426.6991      -344.6898 --
ML: -599.6354111472505 Information: 147.36799921055
            186      -770.8880         2.6         -426.5975      -344.2904 --
ML: -599.6354101323726 Information: 147.36802424741177
            187      -772.1131         2.6         -425.8195      -346.2936 --
ML: -599.6354093195295 Information: 147.36804493249497
            188      -778.7769         2.6         -425.5210      -353.2558 --
ML: -599.6354089164838 Information: 147.36805530940546
            189      -764.3980         2.6         -425.4718      -338.9261 --
ML: -599.6354087607372 Information: 147.36805932696734
            190      -772.7770         2.6         -425.2376      -347.5393 --
ML: -599.6354086883221 Information: 147.3680612119208
            191      -789.8022         2.6         -424.3724      -365.4298 --
ML: -599.6354086250362 Information: 147.36806291398545
            192      -779.9936         2.6         -424.2859      -355.7077 --
ML: -599.6354085996518 Information: 147.3680635989104
            193      -774.2097         2.6         -424.0340      -350.1757 --
ML: -599.6354085876377 Information: 147.36806392609373
            194      -780.4828         2.6         -423.7818      -356.7009 --
ML: -599.6354085819504 Information: 147.3680640824145
            195      -767.5152         2.6         -423.5133      -344.0019 --
ML: -599.6354085792137 Information: 147.36806415835804
            196      -804.9987         2.6         -423.4443      -381.5543 --
ML: -599.6354085781351 Information: 147.36806418836744
            197      -772.0811         2.6         -423.1533      -348.9277 --
ML: -599.6354085776042 Information: 147.36806420331243
            198      -780.8266         2.6         -422.2895      -358.5371 --
ML: -599.6354085771409 Information: 147.36806421673197
            199      -780.3156         2.6         -422.0573      -358.2583 --
ML: -599.6354085769259 Information: 147.36806422301584
            200      -777.2565         2.6         -420.6164      -356.6401 --
ML: -599.6354085765918 Information: 147.368064233265
            201      -780.6066         2.6         -420.5993      -360.0072 --
ML: -599.6354085764667 Information: 147.36806423711465
            202      -767.2770         2.6         -420.5848      -346.6921 --
ML: -599.6354085764201 Information: 147.3680642385226
            203      -769.4976         2.6         -420.2743      -349.2232 --
ML: -599.6354085763967 Information: 147.3680642392493
            204      -771.1860         2.6         -419.7467      -351.4393 --
ML: -599.6354085763821 Information: 147.3680642396871
            205      -766.7688         2.6         -419.3314      -347.4374 --
ML: -599.635408576374 Information: 147.3680642399687
            206      -774.0675         2.7         -418.4578      -355.6097 --
ML: -599.6354085763668 Information: 147.36806424020006
            207      -770.6991         2.7         -418.2371      -352.4619 --
ML: -599.6354085763635 Information: 147.36806424031215
            208      -773.5146         2.7         -418.1801      -355.3345 --
ML: -599.6354085763622 Information: 147.3680642403408
            209      -791.5889         2.7         -418.0653      -373.5236 --
ML: -599.6354085763617 Information: 147.36806424037633
            210      -792.4300         2.7         -417.7792      -374.6508 --
ML: -599.6354085763614 Information: 147.3680642403708
            211      -759.7818         2.7         -417.4971      -342.2846 --
ML: -599.6354085763613 Information: 147.3680642403694
            212      -790.5717         2.7         -417.2512      -373.3204 --
ML: -599.6354085763612 Information: 147.36806424039594
            213      -782.0083         2.7         -416.5506      -365.4576 --
ML: -599.6354085763612 Information: 147.36806424037763
            214      -780.8184         2.7         -415.9203      -364.8980 --
ML: -599.6354085763612 Information: 147.36806424036502
            215      -780.8612         2.7         -415.5536      -365.3075 --
ML: -599.6354085763612 Information: 147.3680642403583
            216      -796.3824         2.7         -414.8913      -381.4910 --
ML: -599.6354085763612 Information: 147.36806424035353
            217      -793.4497         2.7         -414.6249      -378.8247 --
ML: -599.6354085763612 Information: 147.36806424035126
            218      -802.4409         2.7         -414.4325      -388.0084 --
ML: -599.6354085763612 Information: 147.36806424035024
            219      -801.6622         2.8         -414.4116      -387.2505 --
ML: -599.6354085763612 Information: 147.3680642403499
            220      -798.2866         2.8         -413.6761      -384.6105 --
ML: -599.6354085763612 Information: 147.36806424034955
            221      -792.0251         2.8         -413.5702      -378.4548 --
ML: -599.6354085763612 Information: 147.36806424034944
            222      -796.5212         2.8         -413.4999      -383.0213 --
ML: -599.6354085763612 Information: 147.36806424034944
            223      -821.0670         2.8         -413.3825      -407.6845 --
ML: -599.6354085763612 Information: 147.36806424034944
            224      -797.6052         2.8         -413.3056      -384.2996 --
ML: -599.6354085763612 Information: 147.36806424034944
            225      -803.8972         2.8         -413.2892      -390.6079 --
ML: -599.6354085763612 Information: 147.36806424034944
            226      -804.0670         2.8         -413.2145      -390.8525 --
ML: -599.6354085763612 Information: 147.36806424034944
            227      -790.4870         2.8         -412.6486      -377.8383 --
ML: -599.6354085763612 Information: 147.36806424034944
            228      -788.5619         2.9         -412.5020      -376.0599 --
ML: -599.6354085763612 Information: 147.36806424034944
            229      -790.1848         2.9         -412.1492      -378.0355 --
ML: -599.6354085763612 Information: 147.36806424034944
            230      -815.0921         2.9         -411.9105      -403.1816 --
ML: -599.6354085763612 Information: 147.36806424034944
            231      -792.8455         2.9         -411.8164      -381.0290 --
ML: -599.6354085763612 Information: 147.36806424034944
            232      -805.6781         2.9         -411.6674      -394.0106 --
ML: -599.6354085763612 Information: 147.36806424034944
            233      -792.2776         2.9         -411.2873      -380.9902 --
ML: -599.6354085763612 Information: 147.36806424034944
            234      -799.2569         2.9         -411.1208      -388.1361 --
ML: -599.6354085763612 Information: 147.36806424034944
            235      -803.6713         3.0         -410.2954      -393.3758 --
ML: -599.6354085763612 Information: 147.36806424034944
            236      -789.2046         3.0         -409.9924      -379.2122 --
ML: -599.6354085763612 Information: 147.36806424034944
            237      -804.8402         3.0         -409.7864      -395.0538 --
ML: -599.6354085763612 Information: 147.36806424034944
            238      -787.9733         3.0         -409.5368      -378.4365 --
ML: -599.6354085763612 Information: 147.36806424034944
            239      -784.5413         3.0         -408.5847      -375.9565 --
ML: -599.6354085763612 Information: 147.36806424034944
            240      -781.1116         3.0         -408.2737      -372.8379 --
ML: -599.6354085763612 Information: 147.36806424034944
            241      -781.9716         3.0         -407.7819      -374.1897 --
ML: -599.6354085763612 Information: 147.36806424034944
            242      -797.0818         3.0         -407.6577      -389.4240 --
ML: -599.6354085763612 Information: 147.36806424034944
            243      -787.3344         3.1         -407.3979      -379.9365 --
ML: -599.6354085763612 Information: 147.36806424034944
            244      -807.2138         3.1         -406.5569      -400.6568 --
ML: -599.6354085763612 Information: 147.36806424034944
            245      -807.5198         3.1         -405.9759      -401.5438 --
ML: -599.6354085763612 Information: 147.36806424034944
            246      -804.8614         3.1         -405.9387      -398.9227 --
ML: -599.6354085763612 Information: 147.36806424034944
            247      -814.8591         3.1         -405.6596      -409.1994 --
ML: -599.6354085763612 Information: 147.36806424034944
            248      -814.8687         3.1         -405.3865      -409.4822 --
ML: -599.6354085763612 Information: 147.36806424034944
            249      -796.9674         3.2         -405.1904      -391.7769 --
ML: -599.6354085763612 Information: 147.36806424034944
            250      -802.2223         3.2         -405.1855      -397.0368 --
ML: -599.6354085763612 Information: 147.36806424034944
            251      -801.4695         3.2         -405.1776      -396.2918 --
ML: -599.6354085763612 Information: 147.36806424034944
            252      -822.1977         3.2         -404.9562      -417.2415 --
ML: -599.6354085763612 Information: 147.36806424034944
            253      -808.6087         3.2         -404.8404      -403.7683 --
ML: -599.6354085763612 Information: 147.36806424034944
            254      -812.1470         3.2         -404.8032      -407.3438 --
ML: -599.6354085763612 Information: 147.36806424034944
            255      -820.8380         3.2         -404.7054      -416.1325 --
ML: -599.6354085763612 Information: 147.36806424034944
            256      -813.8237         3.3         -404.4760      -409.3477 --
ML: -599.6354085763612 Information: 147.36806424034944
            257      -817.9613         3.3         -404.2292      -413.7320 --
ML: -599.6354085763612 Information: 147.36806424034944
            258      -803.8293         3.3         -403.6272      -400.2020 --
ML: -599.6354085763612 Information: 147.36806424034944
            259      -821.5160         3.3         -403.1813      -418.3346 --
ML: -599.6354085763612 Information: 147.36806424034944
            260      -819.0719         3.3         -402.5058      -416.5661 --
ML: -599.6354085763612 Information: 147.36806424034944
            261      -810.4514         3.3         -402.2113      -408.2401 --
ML: -599.6354085763612 Information: 147.36806424034944
            262      -809.5973         3.4         -402.1523      -407.4450 --
ML: -599.6354085763612 Information: 147.36806424034944
            263      -812.2609         3.4         -401.9620      -410.2988 --
ML: -599.6354085763612 Information: 147.36806424034944
            264      -803.5170         3.4         -401.9481      -401.5689 --
ML: -599.6354085763612 Information: 147.36806424034944
            265      -803.3371         3.4         -401.9477      -401.3894 --
ML: -599.6354085763612 Information: 147.36806424034944
            266      -790.1026         3.4         -401.9061      -388.1964 --
ML: -599.6354085763612 Information: 147.36806424034944
            267      -809.9024         3.4         -401.8022      -408.1001 --
ML: -599.6354085763612 Information: 147.36806424034944
            268      -801.1624         3.5         -401.7938      -399.3686 --
ML: -599.6354085763612 Information: 147.36806424034944
            269      -794.9260         3.5         -401.5678      -393.3581 --
ML: -599.6354085763612 Information: 147.36806424034944
            270      -803.5898         3.5         -401.1778      -402.4119 --
ML: -599.6354085763612 Information: 147.36806424034944
            271      -797.8404         3.5         -400.7727      -397.0676 --
ML: -599.6354085763612 Information: 147.36806424034944
            272      -809.8143         3.5         -400.1748      -409.6394 --
ML: -599.6354085763612 Information: 147.36806424034944
            273      -810.7478         3.5         -400.0780      -410.6698 --
ML: -599.6354085763612 Information: 147.36806424034944
            274      -819.6284         3.6         -399.9397      -419.6886 --
ML: -599.6354085763612 Information: 147.36806424034944
            275      -816.5507         3.6         -399.7812      -416.7694 --
ML: -599.6354085763612 Information: 147.36806424034944
            276      -809.5180         3.6         -399.6824      -409.8355 --
ML: -599.6354085763612 Information: 147.36806424034944
            277      -810.5382         3.6         -399.1992      -411.3389 --
ML: -599.6354085763612 Information: 147.36806424034944
            278      -818.3561         3.6         -399.1475      -419.2085 --
ML: -599.6354085763612 Information: 147.36806424034944
            279      -812.6502         3.7         -399.0304      -413.6197 --
ML: -599.6354085763612 Information: 147.36806424034944
            280      -812.6066         3.7         -398.7444      -413.8622 --
ML: -599.6354085763612 Information: 147.36806424034944
            281      -815.6497         3.7         -398.7139      -416.9358 --
ML: -599.6354085763612 Information: 147.36806424034944
            282      -802.9597         3.7         -398.5645      -404.3951 --
ML: -599.6354085763612 Information: 147.36806424034944
            283      -813.2818         3.7         -398.5491      -414.7326 --
ML: -599.6354085763612 Information: 147.36806424034944
            284      -813.5557         3.7         -398.3248      -415.2308 --
ML: -599.6354085763612 Information: 147.36806424034944
            285      -818.3242         3.8         -398.1892      -420.1349 --
ML: -599.6354085763612 Information: 147.36806424034944
            286      -827.2597         3.8         -398.1867      -429.0729 --
ML: -599.6354085763612 Information: 147.36806424034944
            287      -817.4271         3.8         -398.1612      -419.2658 --
ML: -599.6354085763612 Information: 147.36806424034944
            288      -811.4346         3.8         -398.1111      -413.3234 --
ML: -599.6354085763612 Information: 147.36806424034944
            289      -810.3975         3.8         -398.0930      -412.3045 --
ML: -599.6354085763612 Information: 147.36806424034944
            290      -818.5876         3.9         -397.9764      -420.6111 --
ML: -599.6354085763612 Information: 147.36806424034944
            291      -818.3906         3.9         -397.6071      -420.7834 --
ML: -599.6354085763612 Information: 147.36806424034944
            292      -824.7542         3.9         -397.5064      -427.2478 --
ML: -599.6354085763612 Information: 147.36806424034944
            293      -826.3065         3.9         -397.2781      -429.0284 --
ML: -599.6354085763612 Information: 147.36806424034944
            294      -823.5039         3.9         -397.1240      -426.3799 --
ML: -599.6354085763612 Information: 147.36806424034944
295<=1000000&& (295<2.0*147.36806424034944*1||Math.abs(-599.6354085763612 - -599.6354085763612)/Math.abs(-599.6354085763612) > 1.0E-10
Finished in 295 steps!
Marginal likelihood: -598.7384713000829 (bootstrap SD=11.749266846259557)
Marginal likelihood: -597.4697044087601 (subsample SD=14.46102575037303)
Marginal likelihood: -597.9449020749652(12.568064296460745)
Information: 147.36806424034944
SD: 12.139524877043147

Operator                                                                Tuning    #accept    #reject      Pr(m)  Pr(acc|m)
Uniform()                                                                    -     542457     280041    0.27778    0.65952 
SubtreeSlide()                                                         1.00000      39256      43027    0.02778    0.47709 Try increasing size to about 2
SubtreeSlide()                                                        30.00000       1980      80552    0.02778    0.02399 Try decreasing size to about 15
Exchange()                                                                   -     127599     695225    0.27778    0.15507 
beast.base.inference.operator.DeltaExchangeOperator(editRateScaler)    1.00000       1507      80495    0.02778    0.01838 Try setting delta to about 0.5
ScaleOperator(clockRateScaler)                                         0.80000      52859      29720    0.02778    0.64010 Try setting scaleFactor to about 0.64
ScaleOperator(silencingRateScaler)                                     0.80000      60589      21549    0.02778    0.73765 Try setting scaleFactor to about 0.64
ScaleOperator(georateScaler.s:tissue)                                  0.99000     794936      26120    0.27778    0.96819 Try setting scaleFactor to about 0.98
ScaleOperator(geoMuScaler.c:tissue)                                    0.90000      67906      14182    0.02778    0.82723 Try setting scaleFactor to about 0.81

     Tuning: The value of the operator's tuning parameter, or '-' if the operator can't be optimized.
    #accept: The total number of times a proposal by this operator has been accepted.
    #reject: The total number of times a proposal by this operator has been rejected.
      Pr(m): The probability this operator is chosen in a step of the MCMC (i.e. the normalized weight).
  Pr(acc|m): The acceptance probability (#accept as a fraction of the total proposals for this operator).


Total calculation time: 503.548 seconds
Done!
