************************************
**** FeastMain BEAST 2 Launcher ****
************************************

Hunting for beast_services.xml files embedded in classpath:
- Processing /feast/beast_services.xml...
- Processing /beast_services.xml...
Done. Handing over to BeastMain...

                   BEAST v2.7.7 Prerelease, 2002-2024
             Bayesian Evolutionary Analysis Sampling Trees
                       Designed and developed by
 Remco Bouckaert, Alexei J. Drummond, Andrew Rambaut & Marc A. Suchard
                                    
                   Centre for Computational Evolution
                         University of Auckland
                       r.bouckaert@auckland.ac.nz
                        alexei@cs.auckland.ac.nz
                                    
                   Institute of Evolutionary Biology
                        University of Edinburgh
                           a.rambaut@ed.ac.uk
                                    
                    David Geffen School of Medicine
                 University of California, Los Angeles
                           msuchard@ucla.edu
                                    
                      Downloads, Help & Resources:
                           http://beast2.org/
                                    
  Source code distributed under the GNU Lesser General Public License:
                   http://github.com/CompEvol/beast2
                                    
                           BEAST developers:
   Alex Alekseyenko, Trevor Bedford, Erik Bloomquist, Joseph Heled, 
 Sebastian Hoehna, Denise Kuehnert, Philippe Lemey, Wai Lok Sibon Li, 
Gerton Lunter, Sidney Markowitz, Vladimir Minin, Michael Defoin Platel, 
          Oliver Pybus, Tim Vaughan, Chieh-Hsi Wu, Walter Xie
                                    
                               Thanks to:
          Roald Forsberg, Beth Shapiro and Korbinian Strimmer

Random number seed: 1733232928378

AlignmentFromFasta(alignment)
  63 taxa
  10 sites
  6 patterns

ASV020 = 420 (0.0)
ASV041 = 420 (0.0)
ASV051 = 420 (0.0)
ASV052 = 420 (0.0)
ASV055 = 420 (0.0)
ASV070 = 420 (0.0)
ASV071 = 420 (0.0)
ASV075 = 420 (0.0)
ASV076 = 420 (0.0)
ASV088 = 420 (0.0)
53 more...
Starting frequencies: [1.0, 0.0, 0.0]
  Using BEAGLE version: 4.0.1 (PRE-RELEASE) resource 0: CPU (x86_64)
    with instance flags:  PRECISION_DOUBLE COMPUTATION_SYNCH EIGEN_COMPLEX SCALING_MANUAL SCALERS_RAW VECTOR_SSE THREADING_NONE PROCESSOR_CPU FRAMEWORK_CPU
Starting frequencies: [1.0, 0.0, 0.0, 0.0]
ASV020 = FML (NaN)
ASV041 = LNSL (NaN)
ASV051 = PRL (NaN)
ASV052 = LNSL (NaN)
ASV055 = LNSL (NaN)
ASV070 = FML (NaN)
ASV071 = PRL (NaN)
ASV075 = FML (NaN)
ASV076 = FML (NaN)
ASV088 = FML (NaN)
53 more...
Starting frequencies: [0.25, 0.25, 0.25, 0.25]
  Using BEAGLE version: 4.0.1 (PRE-RELEASE) resource 0: CPU (x86_64)
    with instance flags:  PRECISION_DOUBLE COMPUTATION_SYNCH EIGEN_COMPLEX SCALING_MANUAL SCALERS_RAW VECTOR_SSE THREADING_NONE PROCESSOR_CPU FRAMEWORK_CPU
===============================================================================
Citations for this model:

Patricio Maturana, Brendon J. Brewer, Steffen Klaere, Remco Bouckaert. Model selection and parameter inference in phylogenetics using Nested Sampling. Systematic Biology, syy050, 2018

Stadler, T., Kuehnert, D., Bonhoeffer, S., and Drummond, A. J. (2013):
 Birth-death skyline plot reveals temporal changes of
 epidemic spread in HIV and hepatitis C virus (HCV). PNAS 110(1): 228–33.
If sampled ancestors are used then please also cite: Gavryushkina A, Welch D, Stadler T, Drummond AJ (2014) 
Bayesian inference of sampled ancestor trees for epidemiology and fossil calibration. 
PLoS Comput Biol 10(12): e1003919. doi:10.1371/journal.pcbi.1003919

Edwards, C. J., Suchard, M. A., Lemey, P., ... & Valdiosera, C. E. (2011).
Ancient hybridization and an Irish origin for the modern polar bear matriline.
Current Biology, 21(15), 1251-1258.

===============================================================================
         Sample      posterior ESS(posterior)     likelihood          prior
Start likelihood 0: -8944.99979553221 
              0     -3476.2221              N     -3007.3982      -468.8238 --
ML: -3008.2368567456706 Information: 0.8385606384285893
              1     -1742.1354         2.0        -1370.6756      -371.4598 --
ML: -1372.5142066438516 Information: 1.8385606384288167
              2     -1653.3948         3.0        -1323.6991      -329.6957 --
ML: -1326.5376918901252 Information: 2.8385606384288167
              3     -1405.3770         4.0        -1098.5539      -306.8231 --
ML: -1102.3924967524813 Information: 3.8385606384288167
              4     -1246.3445         4.8         -932.9013      -313.4431 --
ML: -937.7399501191704 Information: 4.838560638428817
              5     -1214.8246         4.2         -922.6367      -292.1878 --
ML: -928.4752044312625 Information: 5.837493817234092
              6     -1211.2610         4.3         -906.8815      -304.3795 --
ML: -913.7200880330312 Information: 6.838554090411938
              7     -1187.2589         4.5         -904.5443      -282.7145 --
ML: -912.1497789230968 Information: 7.119309217351173
              8     -1178.4673         4.9         -897.3982      -281.0690 --
ML: -906.2341315660051 Information: 8.815276704454542
              9     -1160.8991         3.1         -892.6456      -268.2534 --
ML: -902.4610084059258 Information: 9.705624248699134
             10     -1153.9079         3.4         -880.5911      -273.3168 --
ML: -891.4297195436623 Information: 10.838347546423668
             11     -1141.6992         3.7         -878.3190      -263.3802 --
ML: -889.9105692944338 Information: 11.094106755554776
             12     -1144.1043         3.9         -869.9054      -274.1988 --
ML: -882.7432609000379 Information: 12.83091503995697
             13     -1145.7699         4.1         -864.2305      -281.5394 --
ML: -878.0597843355891 Information: 13.776731981810563
             14     -1141.3802         4.2         -864.0604      -277.3197 --
ML: -877.700686708354 Information: 13.484786478248566
             15     -1148.7742         4.4         -863.2679      -285.5062 --
ML: -877.481426923204 Information: 13.45215747324994
             16     -1144.9142         4.6         -855.7626      -289.1516 --
ML: -872.5936463248879 Information: 16.76867908119549
             17     -1133.2974         4.8         -843.2180      -290.0794 --
ML: -861.0565628335679 Information: 17.838427816629938
             18     -1127.8976         5.0         -839.2647      -288.6329 --
ML: -858.0524206635736 Information: 18.591692321472046
             19     -1105.6670         5.8         -808.5091      -297.1578 --
ML: -828.3477199153248 Information: 19.838560638415135
             20     -1087.4450         5.8         -803.4203      -284.0246 --
ML: -824.2423374974093 Information: 20.738057870104473
             21     -1083.1863         5.9         -803.0208      -280.1655 --
ML: -823.810857661988 Information: 20.476005676457362
             22     -1073.1198         5.9         -796.1598      -276.9599 --
ML: -818.990306574001 Information: 22.77261822024246
             23     -1093.7484         5.9         -792.7834      -300.9649 --
ML: -816.5325350035642 Information: 23.454990366111687
             24     -1080.8317         5.9         -791.1806      -289.6511 --
ML: -815.5501389595863 Information: 23.6592714580367
             25     -1079.5287         5.8         -790.1778      -289.3509 --
ML: -815.0631863135199 Information: 23.832701502434816
             26     -1072.8257         5.8         -789.0709      -283.7547 --
ML: -814.706229091625 Information: 24.12402149392483
             27     -1069.6219         5.7         -779.5047      -290.1172 --
ML: -807.3426369746194 Information: 27.830904303513076
             28     -1066.2838         5.6         -776.1321      -290.1516 --
ML: -804.8815215088371 Information: 28.460946653049092
             29     -1059.8651         3.8         -771.5270      -288.3381 --
ML: -801.3363028587614 Information: 29.66803458301988
             30     -1071.1665         3.7         -763.4125      -307.7540 --
ML: -794.2502334415607 Information: 30.83081618441905
             31     -1051.4672         3.6         -759.5177      -291.9495 --
ML: -791.3024018976054 Information: 31.580024577836838
             32     -1046.9228         3.5         -757.9776      -288.9452 --
ML: -790.3369185884742 Information: 31.694857249285178
             33     -1046.5237         3.4         -755.6393      -290.8843 --
ML: -789.1247266730225 Information: 32.591944485883715
             34     -1036.5345         3.4         -755.2424      -281.2920 --
ML: -788.7995285572918 Information: 32.62495318641572
             35     -1044.8708         3.4         -755.0983      -289.7725 --
ML: -788.6880155695362 Information: 32.62700822123156
             36     -1029.5442         3.4         -752.9679      -276.5762 --
ML: -788.4052742734243 Information: 33.10603430256617
             37     -1048.1615         3.3         -752.1884      -295.9730 --
ML: -788.2249899694522 Information: 33.43893040351543
             38     -1043.5034         3.3         -751.7344      -291.7689 --
ML: -788.1337294117822 Information: 33.613828324689166
             39     -1036.8927         2.6         -746.3977      -290.4950 --
ML: -786.0965497691193 Information: 38.6397420081701
             40     -1039.3380         2.6         -742.3740      -296.9639 --
ML: -783.1582494798479 Information: 40.51499302437317
             41     -1038.5531         2.6         -738.2914      -300.2617 --
ML: -780.0827324300129 Information: 41.59039025998265
             42     -1026.3586         2.6         -734.5387      -291.8198 --
ML: -777.3125961956589 Information: 42.52615137620032
             43     -1052.6862         2.6         -733.9416      -318.7445 --
ML: -776.8261594037654 Information: 42.36512777739972
             44     -1035.7696         2.6         -732.4078      -303.3617 --
ML: -776.3212371138593 Information: 42.67416916762835
             45      -995.5822         2.7         -730.1933      -265.3888 --
ML: -775.4730192946755 Information: 43.80084549406246
             46     -1015.3237         2.7         -727.3842      -287.9395 --
ML: -773.9709077168112 Information: 45.63193104940308
             47     -1013.7239         2.7         -726.4985      -287.2254 --
ML: -773.4441904027527 Information: 45.85879555451339
             48     -1011.0576         2.7         -725.6163      -285.4412 --
ML: -773.1338016854181 Information: 46.07382187364294
             49     -1021.0356         2.7         -724.3755      -296.6600 --
ML: -772.8415236518563 Information: 46.46187183753716
             50     -1004.3332         2.7         -718.6331      -285.7001 --
ML: -769.4378606516016 Information: 50.5471620434732
             51     -1004.1735         2.7         -709.8285      -294.3450 --
ML: -761.6666863980893 Information: 51.834317161531615
             52     -1006.8203         2.8         -707.8983      -298.9220 --
ML: -760.404251574423 Information: 51.958664504086386
             53     -1011.3453         2.8         -700.6631      -310.6822 --
ML: -754.4989486415816 Information: 53.814625072066484
             54      -985.7718         2.8         -699.0037      -286.7680 --
ML: -753.4245333946684 Information: 53.84686562178038
             55      -995.7993         2.8         -692.2857      -303.5136 --
ML: -748.1193033785389 Information: 55.797374141883104
             56      -982.5622         2.8         -688.5755      -293.9867 --
ML: -745.3493992414601 Information: 56.53906514765429
             57      -996.2514         2.8         -685.8471      -310.4042 --
ML: -743.5122210713614 Information: 57.19314382001184
             58      -984.8042         2.8         -685.3857      -299.4185 --
ML: -743.1130203356352 Information: 57.10115210020433
             59      -987.7115         2.8         -684.1534      -303.5580 --
ML: -742.7657499281956 Information: 57.29911334121988
             60      -974.1079         2.8         -682.1334      -291.9744 --
ML: -742.1704130509083 Information: 58.199132852911646
             61      -986.3967         2.8         -674.0090      -312.3876 --
ML: -735.8458293437183 Information: 61.81891789387267
             62      -971.0694         2.8         -673.7584      -297.3109 --
ML: -735.4593503549085 Information: 61.51848238016686
             63      -959.5504         2.8         -665.7525      -293.7978 --
ML: -729.5883233165631 Information: 63.81264592544346
             64      -958.6061         2.8         -663.5829      -295.0231 --
ML: -728.1504450005299 Information: 64.04687617159422
             65      -957.8239         2.8         -660.4876      -297.3363 --
ML: -726.1765955778128 Information: 65.18665788276694
             66      -966.6694         2.8         -659.8612      -306.8081 --
ML: -725.7112127203956 Information: 65.14127303585741
             67      -951.1491         2.8         -657.7019      -293.4472 --
ML: -724.9290661360138 Information: 65.91524189645548
             68      -950.0758         2.8         -655.6339      -294.4418 --
ML: -723.9818323948342 Information: 67.03710213489336
             69      -957.6806         2.8         -655.5147      -302.1658 --
ML: -723.7557047598741 Information: 67.10038245480416
             70      -938.5622         2.8         -655.2647      -283.2975 --
ML: -723.6644004580264 Information: 67.13042379031003
             71      -947.7016         2.8         -652.7227      -294.9788 --
ML: -723.3223606867472 Information: 67.89241213750074
             72      -941.3366         2.8         -648.9788      -292.3577 --
ML: -721.6169278038149 Information: 71.46592447592214
             73      -939.0133         2.8         -644.2354      -294.7779 --
ML: -718.0455007829457 Information: 73.64372242153524
             74      -936.8293         2.8         -643.5828      -293.2464 --
ML: -717.5227611204785 Information: 73.45436032862722
             75      -935.5285         2.8         -640.6523      -294.8761 --
ML: -716.186133600419 Information: 74.63626582344682
             76      -934.0390         2.7         -637.0895      -296.9495 --
ML: -713.8286658408873 Information: 76.31690430474967
             77      -950.4660         2.7         -636.2176      -314.2484 --
ML: -713.2428222984321 Information: 76.30483367326383
             78      -944.4015         2.7         -634.5554      -309.8460 --
ML: -712.6224360022605 Information: 76.7857863751276
             79      -929.9321         2.7         -626.2563      -303.6758 --
ML: -706.0934244018272 Information: 79.82310755061691
             80      -906.2885         2.7         -623.0069      -283.2815 --
ML: -703.7451312722809 Information: 80.42639873393799
             81      -923.0862         2.7         -622.7297      -300.3565 --
ML: -703.3811642980553 Information: 80.24211720903355
             82      -929.2342         2.7         -617.0713      -312.1629 --
ML: -699.8792824482298 Information: 82.62507164690706
             83      -910.7610         2.7         -615.4134      -295.3475 --
ML: -698.8240842211244 Information: 82.76983949715515
             84      -927.3805         2.7         -614.2413      -313.1392 --
ML: -698.2506828314117 Information: 82.98758479313483
             85      -923.9409         2.7         -612.5811      -311.3598 --
ML: -697.6384860950353 Information: 83.60329135630593
             86      -918.3908         2.7         -611.7174      -306.6733 --
ML: -697.3023725828793 Information: 83.92879027817833
             87      -914.5894         2.7         -611.3821      -303.2072 --
ML: -697.1653574859565 Information: 84.04675935468447
             88      -893.6514         2.6         -611.3507      -282.3007 --
ML: -697.1178941918542 Information: 84.08124289237321
             89      -907.7794         2.6         -611.2641      -296.5152 --
ML: -697.0994690985079 Information: 84.09517729723984
             90      -904.6962         2.6         -608.2966      -296.3996 --
ML: -696.9767321538083 Information: 84.51619335591988
             91      -900.0151         2.6         -606.2302      -293.7849 --
ML: -696.6874028404966 Information: 85.79213677917983
             92      -907.2344         2.6         -603.6593      -303.5751 --
ML: -695.895041783411 Information: 88.95943952758336
             93      -906.9735         2.6         -602.9490      -304.0245 --
ML: -695.5517353459429 Information: 89.77454122120923
             94      -902.2357         2.6         -602.3690      -299.8666 --
ML: -695.377010918562 Information: 90.14617610865236
             95      -908.2995         2.6         -598.3707      -309.9287 --
ML: -693.9384941313449 Information: 93.93995121569245
             96      -882.4846         2.6         -595.9205      -286.5640 --
ML: -692.491052138976 Information: 95.61144198123719
             97      -889.0923         2.6         -594.0991      -294.9932 --
ML: -691.4834669707383 Information: 96.3691445905877
             98      -877.7659         2.6         -593.1071      -284.6587 --
ML: -690.9949802147449 Information: 96.65630848197947
             99      -890.7812         2.6         -592.5490      -298.2322 --
ML: -690.7731022534996 Information: 96.7905401930787
            100      -877.9912         2.6         -590.0287      -287.9624 --
ML: -690.1259687075103 Information: 98.02720433275044
            101      -876.7885         2.6         -589.3815      -287.4070 --
ML: -689.837170458187 Information: 98.41997978952992
            102      -882.6454         2.6         -588.1547      -294.4907 --
ML: -689.5635518440048 Information: 98.92732857541216
            103      -889.7798         2.6         -587.8353      -301.9444 --
ML: -689.4491571139285 Information: 99.11569205023841
            104      -903.7644         2.6         -587.0527      -316.7117 --
ML: -689.3657563290227 Information: 99.29481004167621
            105      -887.3972         2.6         -582.5534      -304.8437 --
ML: -688.0716231083004 Information: 103.45735837197051
            106      -874.5598         2.6         -579.3445      -295.2153 --
ML: -686.0422480273132 Information: 106.00513839287282
            107      -886.6526         2.6         -578.6323      -308.0202 --
ML: -685.5406429269752 Information: 106.0576236395072
            108      -882.6786         2.5         -578.1279      -304.5507 --
ML: -685.3252849941515 Information: 106.104811339756
            109      -868.1730         2.5         -578.0933      -290.0797 --
ML: -685.2540952855143 Information: 106.11107339810542
            110      -872.5721         2.5         -577.5539      -295.0181 --
ML: -685.2116568452367 Information: 106.1346621136355
            111      -875.1174         2.5         -576.6079      -298.5094 --
ML: -685.1730454085922 Information: 106.1895675862603
            112      -878.7584         2.5         -575.6192      -303.1391 --
ML: -685.1362811392978 Information: 106.27423982941343
            113      -872.1690         2.5         -574.1950      -297.9739 --
ML: -685.0825794126702 Information: 106.46455244342997
            114      -885.2062         2.5         -572.8424      -312.3638 --
ML: -685.0108257792396 Information: 106.79269914389329
            115      -884.1319         2.5         -571.1761      -312.9558 --
ML: -684.884355041466 Information: 107.50282070974237
            116      -878.8223         2.5         -566.9020      -311.9202 --
ML: -683.4640454384632 Information: 114.0297179368649
            117      -873.4833         2.5         -566.8551      -306.6281 --
ML: -683.2075559178229 Information: 114.35672948312862
            118      -862.2260         2.5         -563.1904      -299.0356 --
ML: -681.7607460256582 Information: 117.2382722555401
            119      -866.3902         2.5         -562.0129      -304.3773 --
ML: -681.1119556398457 Information: 117.78732978426518
            120      -877.5860         2.5         -558.0633      -319.5226 --
ML: -678.7978659786 Information: 120.21436539465446
            121      -863.8362         2.5         -557.6920      -306.1441 --
ML: -678.405439368671 Information: 120.11127667621616
            122      -871.9859         2.5         -557.0074      -314.9785 --
ML: -678.1929131385095 Information: 120.14511054372531
            123      -856.2778         2.5         -555.6222      -300.6556 --
ML: -677.944937060237 Information: 120.42984283519667
            124      -860.8074         2.5         -555.4348      -305.3725 --
ML: -677.8519545421995 Information: 120.52156472478572
            125      -863.2650         2.5         -552.7924      -310.4726 --
ML: -677.4743035645589 Information: 121.57124343267748
            126      -858.5789         2.5         -551.0224      -307.5565 --
ML: -676.9559150307697 Information: 123.02717980441037
            127      -846.6114         2.5         -550.9285      -295.6829 --
ML: -676.8045159699158 Information: 123.29729481100838
            128      -838.2131         2.5         -550.4335      -287.7795 --
ML: -676.7231337478777 Information: 123.45614393564335
            129      -841.7772         2.5         -550.2706      -291.5065 --
ML: -676.6898538355437 Information: 123.52093964892038
            130      -850.8662         2.5         -547.2160      -303.6502 --
ML: -676.4623615122919 Information: 124.50468930646781
            131      -847.8557         2.5         -544.9118      -302.9439 --
ML: -675.9028993985288 Information: 126.96425013089947
            132      -842.3850         2.5         -543.5891      -298.7958 --
ML: -675.4381188949554 Information: 128.48802156075095
            133      -844.7683         2.5         -542.3745      -302.3937 --
ML: -675.0591978181966 Information: 129.55222986549717
            134      -847.5069         2.6         -539.8972      -307.6096 --
ML: -674.1913563471439 Information: 131.9388127269712
            135      -842.3938         2.6         -537.2292      -305.1645 --
ML: -672.7863397353764 Information: 134.32452358707442
            136      -847.6126         2.6         -536.2209      -311.3916 --
ML: -672.2204984813545 Information: 134.72698104659025
            137      -846.2799         2.6         -536.1271      -310.1527 --
ML: -672.0595689427279 Information: 134.76915433156375
            138      -835.2543         2.6         -535.5022      -299.7520 --
ML: -671.9623014771054 Information: 134.83762398844829
            139      -836.3934         2.6         -535.3751      -301.0183 --
ML: -671.924312102024 Information: 134.86485202001722
            140      -838.7899         2.6         -535.0828      -303.7071 --
ML: -671.9061100257701 Information: 134.88230277563264
            141      -832.4006         2.6         -534.4237      -297.9769 --
ML: -671.8933644050009 Information: 134.9024863625042
            142      -827.1375         2.6         -534.0901      -293.0473 --
ML: -671.8868816409549 Information: 134.91474738968384
            143      -829.4845         2.6         -531.3510      -298.1335 --
ML: -671.8507584499753 Information: 135.07805290662645
            144      -830.2346         2.6         -531.0874      -299.1472 --
ML: -671.8339137964308 Information: 135.15617175375712
            145      -841.7333         2.6         -529.1987      -312.5346 --
ML: -671.7940921353562 Information: 135.40832510526127
            146      -819.6782         2.6         -528.9912      -290.6869 --
ML: -671.7765737672923 Information: 135.51921828330387
            147      -839.6821         2.6         -528.6024      -311.0796 --
ML: -671.7671937048804 Information: 135.5813056444166
            148      -836.5333         2.6         -527.8616      -308.6716 --
ML: -671.7600149258654 Information: 135.6336706238701
            149      -838.3918         2.6         -526.9178      -311.4740 --
ML: -671.7532752281393 Information: 135.68878490522184
            150      -842.7744         2.6         -526.8055      -315.9688 --
ML: -671.7505144696124 Information: 135.7115504998277
            151      -839.9792         2.6         -522.6893      -317.2899 --
ML: -671.6901702811854 Information: 136.43295548484906
            152      -842.4903         2.6         -521.7546      -320.7356 --
ML: -671.6367661884001 Information: 137.08172686213146
            153      -822.0324         2.6         -517.2894      -304.7430 --
ML: -670.6572355530357 Information: 146.88477074552526
            154      -824.5226         2.6         -513.4766      -311.0460 --
ML: -668.2234102058488 Information: 153.84382209585803
            155      -817.0680         2.6         -510.9384      -306.1295 --
ML: -666.5656212187338 Information: 154.97140984308592
            156      -814.2558         2.6         -509.8740      -304.3818 --
ML: -665.9432588571767 Information: 155.1460526300928
            157      -826.9579         2.6         -509.3461      -317.6117 --
ML: -665.6894259459007 Information: 155.21750924601662
            158      -813.7965         2.6         -509.1392      -304.6573 --
ML: -665.5928132454119 Information: 155.2436282702085
            159      -824.1629         2.6         -509.1150      -315.0478 --
ML: -665.5586940625717 Information: 155.25090685982696
            160      -813.0282         2.6         -508.3251      -304.7030 --
ML: -665.531871205473 Information: 155.27655597642269
            161      -822.6811         2.6         -508.2695      -314.4116 --
ML: -665.5216303698285 Information: 155.28654718256024
            162      -805.4898         2.6         -507.2215      -298.2683 --
ML: -665.5109973335793 Information: 155.30778752583154
            163      -807.5820         2.6         -507.0109      -300.5711 --
ML: -665.5062057917578 Information: 155.31825527694923
            164      -810.3138         2.6         -506.7774      -303.5364 --
ML: -665.5039872533458 Information: 155.32359469501176
            165      -804.7873         2.6         -502.3305      -302.4567 --
ML: -665.4367123402561 Information: 155.76704394416544
            166      -797.9647         2.6         -500.9468      -297.0178 --
ML: -665.3455105076565 Information: 156.43617706409321
            167      -787.3083         2.6         -500.4863      -286.8219 --
ML: -665.2959373538893 Information: 156.7939761474305
            168      -810.6494         2.6         -500.1184      -310.5309 --
ML: -665.2705573812085 Information: 156.9786919486918
            169      -797.2168         2.6         -495.9124      -301.3044 --
ML: -664.7890460393128 Information: 161.2279974730859
            170      -799.5852         2.6         -495.0196      -304.5656 --
ML: -664.4939083085047 Information: 163.1158051327513
            171      -798.4688         2.6         -494.8508      -303.6179 --
ML: -664.3883789791416 Information: 163.66398919355458
            172      -804.5835         2.6         -494.5646      -310.0188 --
ML: -664.340492104253 Information: 163.90411977454187
            173      -789.4271         2.6         -493.1304      -296.2966 --
ML: -664.2707939980153 Information: 164.3262895417247
            174      -807.8615         2.6         -492.5302      -315.3312 --
ML: -664.2266463763486 Information: 164.60234162128467
            175      -800.3391         2.6         -492.1149      -308.2242 --
ML: -664.2028628548916 Information: 164.7550502883946
            176      -797.5920         2.6         -491.2961      -306.2959 --
ML: -664.1834444993829 Information: 164.8923975260028
            177      -803.2285         2.6         -490.4406      -312.7879 --
ML: -664.1669380627229 Information: 165.02078093560618
            178      -798.6103         2.6         -488.6421      -309.9682 --
ML: -664.1312057980186 Information: 165.35375373830584
            179      -795.3803         2.6         -487.9264      -307.4539 --
ML: -664.1051327750258 Information: 165.6069431199764
            180      -787.1192         2.6         -487.3990      -299.7202 --
ML: -664.0892163072103 Information: 165.76628800716014
            181      -788.9477         2.6         -486.3807      -302.5670 --
ML: -664.0732621715954 Information: 165.93934991552993
            182      -808.7410         2.6         -486.3568      -322.3841 --
ML: -664.0673165039768 Information: 166.00321917204718
            183      -782.5210         2.6         -484.9019      -297.6191 --
ML: -664.0580173833928 Information: 166.11574922686378
            184      -782.3706         2.6         -484.1407      -298.2298 --
ML: -664.050754480016 Information: 166.20836193005965
            185      -795.1648         2.6         -483.7929      -311.3719 --
ML: -664.046991810203 Information: 166.2573633879183
            186      -804.9983         2.6         -483.7820      -321.2162 --
ML: -664.0455961145279 Information: 166.27550430854467
            187      -793.4316         2.6         -483.6818      -309.7497 --
ML: -664.0450290806923 Information: 166.2829235236972
            188      -792.6411         2.6         -483.6379      -309.0032 --
ML: -664.044811195241 Information: 166.28578276175836
            189      -810.6291         2.6         -481.2456      -329.3834 --
ML: -664.0439349114922 Information: 166.29937055984226
            190      -810.0986         2.6         -480.9041      -329.1944 --
ML: -664.0434816523704 Information: 166.3065486224644
            191      -797.4588         2.6         -480.5746      -316.8841 --
ML: -664.043249909438 Information: 166.3102936479658
            192      -793.8667         2.6         -480.3197      -313.5470 --
ML: -664.0431399229852 Information: 166.3120987688352
            193      -797.2110         2.6         -479.7083      -317.5027 --
ML: -664.0430653521865 Information: 166.3133681178818
            194      -799.3513         2.6         -479.1240      -320.2273 --
ML: -664.0430161497347 Information: 166.31423433648558
            195      -801.4383         2.6         -476.6511      -324.7872 --
ML: -664.0428015620334 Information: 166.31854226619612
            196      -810.0885         2.6         -476.5911      -333.4974 --
ML: -664.0427177473347 Information: 166.32022964656517
            197      -800.6602         2.6         -476.4344      -324.2258 --
ML: -664.042681685045 Information: 166.3209612675671
            198      -812.6553         2.6         -476.0521      -336.6032 --
ML: -664.0426622417785 Information: 166.32136314798657
            199      -802.8385         2.6         -475.8959      -326.9426 --
ML: -664.0426538797449 Information: 166.32153728984514
            200      -798.6863         2.6         -475.7754      -322.9108 --
ML: -664.042650409874 Information: 166.32160996835955
            201      -797.3746         2.6         -475.4716      -321.9029 --
ML: -664.0426486801579 Information: 166.32164672374705
            202      -793.4981         2.6         -474.3408      -319.1573 --
ML: -664.0426467086534 Information: 166.32169084638224
            203      -787.0141         2.6         -474.2041      -312.8099 --
ML: -664.0426458771686 Information: 166.32170956878878
            204      -789.1241         2.6         -473.3156      -315.8084 --
ML: -664.0426451334439 Information: 166.3217269758684
            205      -801.0658         2.6         -472.8805      -328.1853 --
ML: -664.0426447106684 Information: 166.32173705501526
            206      -794.7119         2.6         -471.8430      -322.8688 --
ML: -664.0426442717383 Information: 166.3217479746699
            207      -789.1242         2.6         -471.5650      -317.5591 --
ML: -664.0426440585339 Information: 166.3217533379928
            208      -790.7362         2.6         -471.0509      -319.6852 --
ML: -664.0426439273732 Information: 166.3217567048656
            209      -790.5016         2.7         -470.9726      -319.5289 --
ML: -664.0426438751937 Information: 166.32175804837004
            210      -792.2594         2.7         -468.1272      -324.1322 --
ML: -664.0426435448561 Information: 166.32176749392693
            211      -796.8832         2.7         -467.5128      -329.3704 --
ML: -664.0426433202074 Information: 166.32177405550283
            212      -787.3982         2.7         -466.1804      -321.2177 --
ML: -664.0426430070033 Information: 166.32178362088587
            213      -789.4097         2.7         -465.6648      -323.7449 --
ML: -664.0426428140415 Information: 166.3217896134836
            214      -795.1255         2.7         -465.2869      -329.8385 --
ML: -664.0426427104604 Information: 166.32179286944023
            215      -777.6664         2.7         -463.7237      -313.9427 --
ML: -664.0426425285289 Information: 166.3217988726346
            216      -781.0365         2.7         -462.8351      -318.2013 --
ML: -664.0426423657781 Information: 166.32180438755273
            217      -781.1061         2.7         -462.7555      -318.3506 --
ML: -664.0426423009469 Information: 166.32180658955622
            218      -783.8986         2.7         -462.3291      -321.5694 --
ML: -664.0426422644161 Information: 166.32180784591947
            219      -771.5383         2.7         -462.0153      -309.5229 --
ML: -664.0426422460226 Information: 166.32180848427078
            220      -798.3497         2.7         -461.3125      -337.0372 --
ML: -664.0426422323577 Information: 166.32180896812315
            221      -794.8704         2.7         -461.1941      -333.6762 --
ML: -664.0426422266993 Information: 166.32180916913302
            222      -789.4182         2.7         -461.1444      -328.2737 --
ML: -664.0426422245114 Information: 166.3218092469832
            223      -792.2560         2.7         -461.0407      -331.2152 --
ML: -664.0426422236186 Information: 166.32180927885332
            224      -786.1746         2.7         -459.9052      -326.2693 --
ML: -664.0426422225962 Information: 166.32180931650578
            225      -790.3047         2.7         -459.7516      -330.5530 --
ML: -664.0426422221577 Information: 166.3218093326946
            226      -786.5228         2.7         -459.4041      -327.1186 --
ML: -664.0426422219293 Information: 166.32180934123465
            227      -789.7477         2.7         -458.6503      -331.0973 --
ML: -664.0426422217508 Information: 166.32180934801465
            228      -780.4575         2.7         -457.2984      -323.1591 --
ML: -664.042642221497 Information: 166.3218093580369
            229      -770.8049         2.7         -456.9228      -313.8821 --
ML: -664.042642221361 Information: 166.32180936345657
            230      -778.2445         2.7         -456.5868      -321.6576 --
ML: -664.042642221291 Information: 166.32180936628816
            231      -794.2766         2.7         -456.5585      -337.7181 --
ML: -664.0426422212645 Information: 166.32180936735375
            232      -797.5605         2.7         -456.0293      -341.5312 --
ML: -664.042642221248 Information: 166.3218093679992
            233      -780.3902         2.7         -455.5729      -324.8173 --
ML: -664.0426422212385 Information: 166.3218093683675
            234      -782.3183         2.7         -454.8974      -327.4208 --
ML: -664.0426422212315 Information: 166.3218093686541
            235      -775.5904         2.7         -454.4546      -321.1358 --
ML: -664.0426422212275 Information: 166.32180936882338
            236      -768.6732         2.7         -453.3930      -315.2802 --
ML: -664.0426422212233 Information: 166.32180936899522
            237      -790.1876         2.7         -452.6300      -337.5576 --
ML: -664.04264222122 Information: 166.32180936912255
            238      -779.8416         2.7         -452.5005      -327.3411 --
ML: -664.0426422212187 Information: 166.32180936916785
            239      -782.2279         2.7         -452.0326      -330.1953 --
ML: -664.0426422212179 Information: 166.32180936919218
            240      -779.9660         2.7         -451.8775      -328.0885 --
ML: -664.0426422212175 Information: 166.32180936920219
            241      -778.4636         2.7         -450.9814      -327.4821 --
ML: -664.0426422212172 Information: 166.32180936922822
            242      -793.6171         2.7         -450.6361      -342.9810 --
ML: -664.0426422212171 Information: 166.3218093692102
            243      -784.9244         2.7         -449.5418      -335.3826 --
ML: -664.0426422212169 Information: 166.32180936924152
            244      -798.0353         2.7         -448.7591      -349.2761 --
ML: -664.0426422212167 Information: 166.32180936923248
            245      -786.4548         2.7         -448.5666      -337.8882 --
ML: -664.0426422212166 Information: 166.3218093692597
            246      -795.9143         2.7         -448.2356      -347.6787 --
ML: -664.0426422212166 Information: 166.3218093692447
            247      -787.4520         2.7         -448.0914      -339.3606 --
ML: -664.0426422212166 Information: 166.32180936923834
            248      -787.6346         2.7         -447.7941      -339.8404 --
ML: -664.0426422212166 Information: 166.32180936923515
            249      -790.7513         2.7         -446.3562      -344.3950 --
ML: -664.0426422212166 Information: 166.32180936923027
            250      -795.0581         2.7         -446.0900      -348.9681 --
ML: -664.0426422212166 Information: 166.321809369228
            251      -791.3571         2.7         -445.8316      -345.5255 --
ML: -664.0426422212166 Information: 166.32180936922686
            252      -791.3110         2.7         -444.7470      -346.5639 --
ML: -664.0426422212166 Information: 166.3218093692256
            253      -790.3783         2.7         -444.7459      -345.6323 --
ML: -664.0426422212166 Information: 166.32180936922515
            254      -798.3240         2.7         -441.6360      -356.6880 --
ML: -664.0426422212166 Information: 166.3218093692215
            255      -804.6763         2.8         -438.6507      -366.0256 --
ML: -664.0426422212165 Information: 166.3218093692517
            256      -799.0024         2.8         -436.9533      -362.0490 --
ML: -664.0426422212164 Information: 166.32180936925562
            257      -809.4903         2.8         -436.6674      -372.8229 --
ML: -664.0426422212163 Information: 166.32180936928637
            258      -805.0267         2.8         -436.2584      -368.7683 --
ML: -664.0426422212163 Information: 166.32180936927216
            259      -801.1760         2.8         -434.6451      -366.5308 --
ML: -664.0426422212162 Information: 166.32180936930246
            260      -804.0515         2.8         -433.8658      -370.1857 --
ML: -664.0426422212162 Information: 166.32180936928154
            261      -791.6161         2.8         -432.9115      -358.7045 --
ML: -664.0426422212162 Information: 166.32180936926153
            262      -801.6260         2.8         -432.6976      -368.9284 --
ML: -664.0426422212162 Information: 166.32180936925243
            263      -817.8694         2.8         -432.1095      -385.7598 --
ML: -664.0426422212162 Information: 166.3218093692464
            264      -803.8854         2.8         -432.0799      -371.8055 --
ML: -664.0426422212162 Information: 166.32180936924414
            265      -803.1411         2.8         -432.0117      -371.1293 --
ML: -664.0426422212162 Information: 166.32180936924323
            266      -813.2041         2.8         -431.2397      -381.9644 --
ML: -664.0426422212162 Information: 166.32180936924254
            267      -801.3859         2.8         -431.2196      -370.1663 --
ML: -664.0426422212162 Information: 166.32180936924232
            268      -799.8404         2.8         -430.9963      -368.8440 --
ML: -664.0426422212162 Information: 166.3218093692422
            269      -796.3720         2.8         -430.8302      -365.5417 --
ML: -664.0426422212162 Information: 166.3218093692422
            270      -799.4060         2.8         -430.0634      -369.3425 --
ML: -664.0426422212162 Information: 166.3218093692422
            271      -807.0680         2.8         -428.3054      -378.7625 --
ML: -664.0426422212162 Information: 166.3218093692421
            272      -813.2388         2.8         -428.2540      -384.9847 --
ML: -664.0426422212162 Information: 166.3218093692421
            273      -813.5838         2.8         -428.1838      -385.4000 --
ML: -664.0426422212162 Information: 166.3218093692421
            274      -802.3578         2.8         -427.9507      -374.4071 --
ML: -664.0426422212162 Information: 166.3218093692421
            275      -817.2656         2.8         -427.7260      -389.5395 --
ML: -664.0426422212162 Information: 166.3218093692421
            276      -806.0143         2.8         -427.1998      -378.8144 --
ML: -664.0426422212162 Information: 166.3218093692421
            277      -803.5369         2.9         -427.0895      -376.4473 --
ML: -664.0426422212162 Information: 166.3218093692421
            278      -800.5476         2.9         -427.0028      -373.5447 --
ML: -664.0426422212162 Information: 166.3218093692421
            279      -797.1744         2.9         -426.6300      -370.5443 --
ML: -664.0426422212162 Information: 166.3218093692421
            280      -799.1072         2.9         -426.2833      -372.8238 --
ML: -664.0426422212162 Information: 166.3218093692421
            281      -814.9908         2.9         -426.1183      -388.8725 --
ML: -664.0426422212162 Information: 166.3218093692421
            282      -796.9959         2.9         -425.9608      -371.0351 --
ML: -664.0426422212162 Information: 166.3218093692421
            283      -814.3695         2.9         -425.6468      -388.7227 --
ML: -664.0426422212162 Information: 166.3218093692421
            284      -810.0188         2.9         -425.1450      -384.8737 --
ML: -664.0426422212162 Information: 166.3218093692421
            285      -819.1188         2.9         -424.9130      -394.2057 --
ML: -664.0426422212162 Information: 166.3218093692421
            286      -818.1606         2.9         -424.8357      -393.3248 --
ML: -664.0426422212162 Information: 166.3218093692421
            287      -812.8965         2.9         -424.1653      -388.7311 --
ML: -664.0426422212162 Information: 166.3218093692421
            288      -824.0537         2.9         -423.2902      -400.7634 --
ML: -664.0426422212162 Information: 166.3218093692421
            289      -816.8712         2.9         -423.1718      -393.6994 --
ML: -664.0426422212162 Information: 166.3218093692421
            290      -809.3227         2.9         -423.0617      -386.2609 --
ML: -664.0426422212162 Information: 166.3218093692421
            291      -799.7431         2.9         -423.0312      -376.7118 --
ML: -664.0426422212162 Information: 166.3218093692421
            292      -815.8093         3.0         -422.9500      -392.8593 --
ML: -664.0426422212162 Information: 166.3218093692421
            293      -822.1792         3.0         -422.2448      -399.9343 --
ML: -664.0426422212162 Information: 166.3218093692421
            294      -815.4778         3.0         -422.0243      -393.4535 --
ML: -664.0426422212162 Information: 166.3218093692421
            295      -813.9340         3.0         -421.9606      -391.9733 --
ML: -664.0426422212162 Information: 166.3218093692421
            296      -804.8312         3.0         -421.7862      -383.0450 --
ML: -664.0426422212162 Information: 166.3218093692421
            297      -822.7640         3.0         -421.3222      -401.4418 --
ML: -664.0426422212162 Information: 166.3218093692421
            298      -823.4474         3.0         -421.0752      -402.3722 --
ML: -664.0426422212162 Information: 166.3218093692421
            299      -814.7104         3.0         -421.0686      -393.6417 --
ML: -664.0426422212162 Information: 166.3218093692421
            300      -804.7777         3.0         -420.8764      -383.9012 --
ML: -664.0426422212162 Information: 166.3218093692421
            301      -818.5923         3.0         -420.7889      -397.8033 --
ML: -664.0426422212162 Information: 166.3218093692421
            302      -826.8103         3.0         -420.7780      -406.0323 --
ML: -664.0426422212162 Information: 166.3218093692421
            303      -820.8415         3.0         -420.2963      -400.5451 --
ML: -664.0426422212162 Information: 166.3218093692421
            304      -820.9154         3.1         -420.1860      -400.7293 --
ML: -664.0426422212162 Information: 166.3218093692421
            305      -812.4420         3.1         -420.1694      -392.2725 --
ML: -664.0426422212162 Information: 166.3218093692421
            306      -824.7239         3.1         -419.7023      -405.0215 --
ML: -664.0426422212162 Information: 166.3218093692421
            307      -817.4486         3.1         -419.6611      -397.7874 --
ML: -664.0426422212162 Information: 166.3218093692421
            308      -819.2109         3.1         -419.5942      -399.6167 --
ML: -664.0426422212162 Information: 166.3218093692421
            309      -801.8784         3.1         -419.4938      -382.3846 --
ML: -664.0426422212162 Information: 166.3218093692421
            310      -822.2976         3.1         -419.4789      -402.8187 --
ML: -664.0426422212162 Information: 166.3218093692421
            311      -815.2721         3.1         -419.0581      -396.2140 --
ML: -664.0426422212162 Information: 166.3218093692421
            312      -813.1354         3.1         -419.0381      -394.0972 --
ML: -664.0426422212162 Information: 166.3218093692421
            313      -832.2772         3.1         -418.4862      -413.7910 --
ML: -664.0426422212162 Information: 166.3218093692421
            314      -806.5888         3.1         -418.4131      -388.1756 --
ML: -664.0426422212162 Information: 166.3218093692421
            315      -826.4338         3.1         -418.1950      -408.2388 --
ML: -664.0426422212162 Information: 166.3218093692421
            316      -809.5573         3.2         -418.0690      -391.4882 --
ML: -664.0426422212162 Information: 166.3218093692421
            317      -817.1768         3.2         -417.6616      -399.5151 --
ML: -664.0426422212162 Information: 166.3218093692421
            318      -814.9673         3.2         -417.5861      -397.3812 --
ML: -664.0426422212162 Information: 166.3218093692421
            319      -819.1358         3.2         -417.5150      -401.6208 --
ML: -664.0426422212162 Information: 166.3218093692421
            320      -825.8020         3.2         -417.4412      -408.3608 --
ML: -664.0426422212162 Information: 166.3218093692421
            321      -822.7663         3.2         -417.2476      -405.5187 --
ML: -664.0426422212162 Information: 166.3218093692421
            322      -829.0323         3.2         -417.1537      -411.8785 --
ML: -664.0426422212162 Information: 166.3218093692421
            323      -817.7202         3.2         -416.5412      -401.1790 --
ML: -664.0426422212162 Information: 166.3218093692421
            324      -815.1289         3.2         -416.2710      -398.8578 --
ML: -664.0426422212162 Information: 166.3218093692421
            325      -817.4418         3.2         -416.1179      -401.3239 --
ML: -664.0426422212162 Information: 166.3218093692421
            326      -837.0575         3.3         -415.2918      -421.7657 --
ML: -664.0426422212162 Information: 166.3218093692421
            327      -840.3046         3.3         -415.2054      -425.0992 --
ML: -664.0426422212162 Information: 166.3218093692421
            328      -830.5966         3.3         -415.1144      -415.4821 --
ML: -664.0426422212162 Information: 166.3218093692421
            329      -821.4506         3.3         -415.0623      -406.3882 --
ML: -664.0426422212162 Information: 166.3218093692421
            330      -833.7847         3.3         -414.9777      -418.8070 --
ML: -664.0426422212162 Information: 166.3218093692421
            331      -830.9998         3.3         -414.3035      -416.6962 --
ML: -664.0426422212162 Information: 166.3218093692421
            332      -829.2694         3.3         -413.1830      -416.0864 --
ML: -664.0426422212162 Information: 166.3218093692421
333<=1000000&& (333<2.0*166.3218093692421*1||Math.abs(-664.0426422212162 - -664.0426422212162)/Math.abs(-664.0426422212162) > 1.0E-10
Finished in 333 steps!
Marginal likelihood: -662.6545632900123 (bootstrap SD=12.873727950600092)
Marginal likelihood: -660.5458733011187 (subsample SD=14.556938836877395)
Marginal likelihood: -661.8102945695795(10.690293054262328)
Information: 166.3218093692421
SD: 12.89658130549496

Operator                                                                Tuning    #accept    #reject      Pr(m)  Pr(acc|m)
Uniform()                                                                    -     599413     327731    0.27778    0.64652 
SubtreeSlide()                                                         1.00000      45457      47646    0.02778    0.48824 Try increasing size to about 2
SubtreeSlide()                                                        30.00000       2249      90528    0.02778    0.02424 Try decreasing size to about 15
Exchange()                                                                   -     102909     825545    0.27778    0.11084 
beast.base.inference.operator.DeltaExchangeOperator(editRateScaler)    1.00000       1828      91039    0.02778    0.01968 Try setting delta to about 0.5
ScaleOperator(clockRateScaler)                                         0.80000      61816      31208    0.02778    0.66452 Try setting scaleFactor to about 0.64
ScaleOperator(silencingRateScaler)                                     0.80000      72293      20550    0.02778    0.77866 Try setting scaleFactor to about 0.64
ScaleOperator(georateScaler.s:tissue)                                  0.99000     900761      26007    0.27778    0.97194 Try setting scaleFactor to about 0.98
ScaleOperator(geoMuScaler.c:tissue)                                    0.90000      80078      12942    0.02778    0.86087 Try setting scaleFactor to about 0.81

     Tuning: The value of the operator's tuning parameter, or '-' if the operator can't be optimized.
    #accept: The total number of times a proposal by this operator has been accepted.
    #reject: The total number of times a proposal by this operator has been rejected.
      Pr(m): The probability this operator is chosen in a step of the MCMC (i.e. the normalized weight).
  Pr(acc|m): The acceptance probability (#accept as a fraction of the total proposals for this operator).


Total calculation time: 520.123 seconds
Done!
