************************************
**** FeastMain BEAST 2 Launcher ****
************************************

Hunting for beast_services.xml files embedded in classpath:
- Processing /feast/beast_services.xml...
- Processing /beast_services.xml...
Done. Handing over to BeastMain...

                   BEAST v2.7.7 Prerelease, 2002-2024
             Bayesian Evolutionary Analysis Sampling Trees
                       Designed and developed by
 Remco Bouckaert, Alexei J. Drummond, Andrew Rambaut & Marc A. Suchard
                                    
                   Centre for Computational Evolution
                         University of Auckland
                       r.bouckaert@auckland.ac.nz
                        alexei@cs.auckland.ac.nz
                                    
                   Institute of Evolutionary Biology
                        University of Edinburgh
                           a.rambaut@ed.ac.uk
                                    
                    David Geffen School of Medicine
                 University of California, Los Angeles
                           msuchard@ucla.edu
                                    
                      Downloads, Help & Resources:
                           http://beast2.org/
                                    
  Source code distributed under the GNU Lesser General Public License:
                   http://github.com/CompEvol/beast2
                                    
                           BEAST developers:
   Alex Alekseyenko, Trevor Bedford, Erik Bloomquist, Joseph Heled, 
 Sebastian Hoehna, Denise Kuehnert, Philippe Lemey, Wai Lok Sibon Li, 
Gerton Lunter, Sidney Markowitz, Vladimir Minin, Michael Defoin Platel, 
          Oliver Pybus, Tim Vaughan, Chieh-Hsi Wu, Walter Xie
                                    
                               Thanks to:
          Roald Forsberg, Beth Shapiro and Korbinian Strimmer

Random number seed: 1733232928750

AlignmentFromFasta(alignment)
  63 taxa
  10 sites
  6 patterns

ASV020 = 420 (0.0)
ASV041 = 420 (0.0)
ASV051 = 420 (0.0)
ASV052 = 420 (0.0)
ASV055 = 420 (0.0)
ASV070 = 420 (0.0)
ASV071 = 420 (0.0)
ASV075 = 420 (0.0)
ASV076 = 420 (0.0)
ASV088 = 420 (0.0)
53 more...
Starting frequencies: [1.0, 0.0, 0.0]
  Using BEAGLE version: 4.0.1 (PRE-RELEASE) resource 0: CPU (x86_64)
    with instance flags:  PRECISION_DOUBLE COMPUTATION_SYNCH EIGEN_COMPLEX SCALING_MANUAL SCALERS_RAW VECTOR_SSE THREADING_NONE PROCESSOR_CPU FRAMEWORK_CPU
Starting frequencies: [1.0, 0.0, 0.0, 0.0]
ASV020 = FML (NaN)
ASV041 = LNSL (NaN)
ASV051 = PRL (NaN)
ASV052 = LNSL (NaN)
ASV055 = LNSL (NaN)
ASV070 = FML (NaN)
ASV071 = PRL (NaN)
ASV075 = FML (NaN)
ASV076 = FML (NaN)
ASV088 = FML (NaN)
53 more...
Starting frequencies: [0.25, 0.25, 0.25, 0.25]
  Using BEAGLE version: 4.0.1 (PRE-RELEASE) resource 0: CPU (x86_64)
    with instance flags:  PRECISION_DOUBLE COMPUTATION_SYNCH EIGEN_COMPLEX SCALING_MANUAL SCALERS_RAW VECTOR_SSE THREADING_NONE PROCESSOR_CPU FRAMEWORK_CPU
===============================================================================
Citations for this model:

Patricio Maturana, Brendon J. Brewer, Steffen Klaere, Remco Bouckaert. Model selection and parameter inference in phylogenetics using Nested Sampling. Systematic Biology, syy050, 2018

Stadler, T., Kuehnert, D., Bonhoeffer, S., and Drummond, A. J. (2013):
 Birth-death skyline plot reveals temporal changes of
 epidemic spread in HIV and hepatitis C virus (HCV). PNAS 110(1): 228–33.
If sampled ancestors are used then please also cite: Gavryushkina A, Welch D, Stadler T, Drummond AJ (2014) 
Bayesian inference of sampled ancestor trees for epidemiology and fossil calibration. 
PLoS Comput Biol 10(12): e1003919. doi:10.1371/journal.pcbi.1003919

Edwards, C. J., Suchard, M. A., Lemey, P., ... & Valdiosera, C. E. (2011).
Ancient hybridization and an Irish origin for the modern polar bear matriline.
Current Biology, 21(15), 1251-1258.

===============================================================================
         Sample      posterior ESS(posterior)     likelihood          prior
Start likelihood 0: -8944.99979553221 
              0     -1753.9331              N     -1296.8049      -457.1282 --
ML: -1297.6434876030128 Information: 0.8385606384288167
              1     -1651.3490         2.0        -1245.6038      -405.7451 --
ML: -1247.4424508930515 Information: 1.8385606384288167
              2     -1463.1535         3.0        -1077.2350      -385.9184 --
ML: -1080.073650316323 Information: 2.8385606384288167
              3     -1414.9367         4.0        -1065.9879      -348.9487 --
ML: -1069.826493036781 Information: 3.8381263773946475
              4     -1412.4367         3.7        -1064.0804      -348.3563 --
ML: -1068.5800207289026 Information: 3.9510047952082914
              5     -1357.3863         3.0        -1015.0761      -342.3102 --
ML: -1020.9146747991326 Information: 5.838560638428817
              6     -1276.1603         3.1         -987.8202      -288.3400 --
ML: -994.6588557293829 Information: 6.838560638339931
              7     -1207.6775         3.1         -933.9723      -273.7051 --
ML: -941.8108998083773 Information: 7.838560638428817
              8     -1194.6291         3.1         -923.2762      -271.3528 --
ML: -932.1147225198497 Information: 8.837841112412105
              9     -1204.2063         2.9         -921.8965      -282.3098 --
ML: -931.2138698585773 Information: 8.756590820647546
             10     -1201.1387         2.9         -919.5706      -281.5680 --
ML: -930.0395444847371 Information: 9.576854699415605
             11     -1190.9752         2.7         -908.6111      -282.3640 --
ML: -920.4496741974864 Information: 11.837681357786218
             12     -1193.2455         2.8         -902.7446      -290.5008 --
ML: -915.5755438960289 Information: 12.786052893756981
             13     -1180.2070         2.9         -892.6868      -287.5202 --
ML: -906.5252999000778 Information: 13.837257599789675
             14     -1154.2874         3.0         -886.1768      -268.1106 --
ML: -901.0113485633386 Information: 14.808281157558152
             15     -1162.0808         3.1         -880.5166      -281.5642 --
ML: -896.3457600791593 Information: 15.77557214938277
             16     -1166.8657         3.3         -874.2589      -292.6067 --
ML: -891.0923073029247 Information: 16.80031351009086
             17     -1145.1237         3.4         -870.7789      -274.3447 --
ML: -888.5366888302503 Information: 17.48496913815032
             18     -1132.0512         3.5         -866.6407      -265.4104 --
ML: -885.4333876444477 Information: 18.594565636664043
             19     -1140.9683         3.5         -865.5376      -275.4307 --
ML: -884.7112418298341 Information: 18.54160254629909
             20     -1138.1531         3.6         -853.0846      -285.0685 --
ML: -873.923170521088 Information: 20.838269863066014
             21     -1131.1956         3.6         -850.8501      -280.3455 --
ML: -872.4332818429526 Information: 21.079442047992245
             22     -1137.4419         3.7         -850.6985      -286.7434 --
ML: -872.1469011211215 Information: 20.95624401443115
             23     -1134.4525         3.7         -844.9961      -289.4563 --
ML: -868.7989458889609 Information: 23.584997344689196
             24     -1124.7327         3.7         -835.0507      -289.6820 --
ML: -859.889166968019 Information: 24.83705290769703
             25     -1119.4487         3.7         -832.1549      -287.2938 --
ML: -857.8535460070575 Information: 25.320239890282323
             26     -1126.2812         3.7         -829.4533      -296.8279 --
ML: -856.1014275068057 Information: 26.11402814940317
             27     -1106.1966         3.8         -818.4951      -287.7015 --
ML: -846.333616526812 Information: 27.837845258921146
             28     -1094.1210         3.8         -809.9830      -284.1379 --
ML: -838.8210801277074 Information: 28.833364706920683
             29     -1104.5539         3.9         -806.0764      -298.4774 --
ML: -835.861775322262 Information: 29.58249501067168
             30     -1100.2525         3.9         -804.7835      -295.4689 --
ML: -835.0416201163804 Information: 29.599418283629745
             31     -1076.6208         3.9         -801.9065      -274.7143 --
ML: -833.503323776904 Information: 30.837534240855064
             32     -1088.0877         3.9         -801.1163      -286.9714 --
ML: -833.0106808908861 Information: 30.947620225426135
             33     -1083.3171         3.9         -798.2169      -285.1002 --
ML: -831.7300147673564 Information: 32.44439331420912
             34     -1091.6025         3.9         -797.5298      -294.0727 --
ML: -831.305957527995 Information: 32.62716114343527
             35     -1085.0677         3.9         -794.2580      -290.8096 --
ML: -829.8354641989242 Information: 34.56149304613285
             36     -1082.5780         3.8         -793.1178      -289.4601 --
ML: -829.2009844758448 Information: 34.93991310493851
             37     -1071.1317         3.8         -787.4379      -283.6938 --
ML: -825.2569081133088 Information: 37.68684295359316
             38     -1069.4276         3.8         -784.3332      -285.0944 --
ML: -823.0546433366285 Information: 38.36356646122509
             39     -1074.9449         3.7         -781.0415      -293.9033 --
ML: -820.7724723508027 Information: 39.35842818740211
             40     -1066.6158         3.7         -778.2380      -288.3777 --
ML: -818.9081970432442 Information: 40.17782816812591
             41     -1069.0415         3.7         -775.5317      -293.5098 --
ML: -817.1756682885513 Information: 41.07831952152938
             42     -1061.7592         3.6         -764.1122      -297.6469 --
ML: -806.9507490273181 Information: 42.83808985546982
             43     -1063.9304         3.6         -756.2345      -307.6959 --
ML: -800.0721003711117 Information: 43.829419810046005
             44     -1060.0285         3.6         -754.7664      -305.2621 --
ML: -799.1183709265127 Information: 43.78313741518451
             45     -1029.4991         3.6         -740.7639      -288.7352 --
ML: -786.6024891712716 Information: 45.838503523933056
             46     -1040.8023         3.5         -740.2658      -300.5364 --
ML: -786.1291203395439 Information: 45.55299834966894
             47     -1028.3332         3.5         -734.7199      -293.6133 --
ML: -782.5307253030104 Information: 47.65054112756639
             48     -1012.4391         3.5         -730.6202      -281.8189 --
ML: -779.4134933820454 Information: 48.60464153426704
             49     -1019.9016         3.1         -729.0744      -290.8272 --
ML: -778.43911250231 Information: 48.71005761140617
             50     -1020.3497         3.1         -728.1289      -292.2207 --
ML: -777.975650588351 Information: 48.84008328584298
             51     -1019.8585         3.1         -724.0399      -295.8185 --
ML: -775.7626954646693 Information: 51.16538562606719
             52     -1023.1928         3.0         -723.3902      -299.8026 --
ML: -775.2756826014703 Information: 51.143751362159776
             53     -1015.0781         3.0         -722.5155      -292.5625 --
ML: -774.9829277362284 Information: 51.261214318027214
             54     -1009.9496         3.0         -721.7546      -288.1949 --
ML: -774.8007506735831 Information: 51.40664057159108
             55     -1025.4920         3.0         -721.4274      -304.0645 --
ML: -774.7191867675476 Information: 51.47911379830202
             56     -1019.1821         3.0         -720.1431      -299.0389 --
ML: -774.6201722717428 Information: 51.67204287521383
             57     -1019.3646         3.0         -719.6804      -299.6842 --
ML: -774.5665487366585 Information: 51.78902878603458
             58     -1011.1696         2.9         -716.3980      -294.7716 --
ML: -774.1533351591214 Information: 53.53512594559464
             59     -1004.1413         2.7         -714.3609      -289.7804 --
ML: -773.4830232935288 Information: 55.92116441179326
             60      -997.2360         2.7         -712.4090      -284.8269 --
ML: -772.6652368263433 Information: 57.98171910363061
             61      -990.6466         2.7         -701.3341      -289.3124 --
ML: -763.1726300796083 Information: 61.83747858842573
             62      -999.5366         2.7         -701.1347      -298.4019 --
ML: -762.8017329925384 Information: 61.528690287774566
             63      -978.9414         2.7         -699.0064      -279.9349 --
ML: -762.1300058768276 Information: 61.965707044897385
             64      -985.9264         2.7         -697.6065      -288.3198 --
ML: -761.5820573446108 Information: 62.49677756379981
             65      -980.5399         2.7         -696.8318      -283.7080 --
ML: -761.2918024283065 Information: 62.7742210073734
             66      -997.9644         2.6         -695.3739      -302.5905 --
ML: -760.956587316565 Information: 63.334364736017335
             67      -995.0084         2.6         -695.2661      -299.7422 --
ML: -760.8462038214815 Information: 63.47021577872897
             68      -986.4602         2.6         -694.4868      -291.9733 --
ML: -760.7657244953613 Information: 63.61313901717426
             69      -980.4213         2.5         -693.8574      -286.5639 --
ML: -760.7137203209633 Information: 63.72811461032086
             70      -994.3321         2.5         -693.0079      -301.3241 --
ML: -760.6710473741678 Information: 63.85160983144635
             71      -980.4536         2.5         -685.6527      -294.8008 --
ML: -757.4505657874896 Information: 71.35185507009386
             72      -993.6560         2.5         -682.7563      -310.8997 --
ML: -755.4496075443882 Information: 72.2413856431824
             73      -974.8720         2.5         -682.7167      -292.1553 --
ML: -755.1636820098881 Information: 72.07769150370132
             74      -969.8466         2.5         -678.1605      -291.6860 --
ML: -752.8904677468839 Information: 74.22266138311988
             75      -960.5847         2.5         -674.2227      -286.3619 --
ML: -750.0039436822628 Information: 75.53327686141992
             76      -972.6580         2.5         -671.8086      -300.8494 --
ML: -748.4180518265484 Information: 76.0643463846987
             77      -966.5440         2.5         -667.1847      -299.3592 --
ML: -744.9903564356099 Information: 77.63776899384546
             78      -959.8304         2.5         -666.8190      -293.0113 --
ML: -744.5761735974162 Information: 77.40453134700323
             79      -957.8609         2.5         -666.3643      -291.4965 --
ML: -744.3967160320427 Information: 77.35769149114856
             80      -958.5862         2.5         -664.2252      -294.3609 --
ML: -743.9825060038395 Information: 77.89772404460803
             81      -948.6221         2.5         -663.0999      -285.5221 --
ML: -743.6572186044289 Information: 78.40126756260145
             82      -951.5112         2.5         -663.0640      -288.4472 --
ML: -743.5565675858918 Information: 78.51049843636679
             83      -953.8023         2.5         -660.0590      -293.7432 --
ML: -743.0194803235647 Information: 80.04576908913305
             84      -949.3952         2.5         -660.0452      -289.3499 --
ML: -742.8753796854601 Information: 80.29466647363188
             85      -952.8548         2.5         -656.8469      -296.0078 --
ML: -742.0828036612626 Information: 82.64030466398617
             86      -959.7818         2.5         -656.0930      -303.6887 --
ML: -741.7265854480084 Information: 83.28784581333372
             87      -967.6406         2.5         -652.1042      -315.5364 --
ML: -739.7874885439708 Information: 86.77215175026679
             88      -962.7426         2.5         -651.9087      -310.8339 --
ML: -739.4632543062074 Information: 86.75435996443076
             89      -945.1875         2.6         -651.4322      -293.7552 --
ML: -739.3113411317049 Information: 86.78237735328344
             90      -937.5792         2.6         -648.3863      -289.1928 --
ML: -738.5740601196882 Information: 88.20581514718936
             91      -939.8247         2.6         -646.6148      -293.2098 --
ML: -737.8187958698156 Information: 89.44025039678223
             92      -929.2329         2.6         -642.3661      -286.8667 --
ML: -735.1340228466647 Information: 92.35761751046238
             93      -945.8309         2.6         -637.8928      -307.9380 --
ML: -731.6986613433569 Information: 93.64849873096799
             94      -925.0599         2.6         -637.3380      -287.7219 --
ML: -731.2161897998957 Information: 93.4385963532182
             95      -926.9324         2.6         -633.7048      -293.2276 --
ML: -729.3713646728793 Information: 95.02281209566422
             96      -927.0658         2.6         -633.6411      -293.4247 --
ML: -729.0860957828895 Information: 94.91312335434583
             97      -928.1464         2.6         -633.1781      -294.9683 --
ML: -728.9506360278664 Information: 94.90369697418203
             98      -937.6853         2.6         -632.6538      -305.0314 --
ML: -728.874857838234 Information: 94.92958085578516
             99      -926.1770         2.6         -632.5518      -293.6252 --
ML: -728.8455594926497 Information: 94.94051574963851
            100      -921.3727         2.6         -626.1383      -295.2344 --
ML: -726.8333589297721 Information: 99.6566772714679
            101      -919.1725         2.6         -624.1844      -294.9880 --
ML: -725.6551038144095 Information: 100.54960186561968
            102      -925.5613         2.6         -622.9621      -302.5992 --
ML: -725.0321001564928 Information: 100.920415991077
            103      -926.0781         2.6         -620.4434      -305.6347 --
ML: -723.895141968526 Information: 102.27497328953282
            104      -920.9346         2.6         -618.3653      -302.5692 --
ML: -722.7978279065495 Information: 103.34610753388037
            105      -922.3291         2.6         -612.3060      -310.0231 --
ML: -718.1350836197636 Information: 105.7616160424337
            106      -902.7467         2.6         -609.2771      -293.4695 --
ML: -715.9910768433264 Information: 106.35108231411722
            107      -896.1837         2.6         -608.1577      -288.0260 --
ML: -715.3005568760411 Information: 106.3997212255253
            108      -886.2943         2.6         -606.6015      -279.6927 --
ML: -714.6747692322194 Information: 106.84345420772775
            109      -888.7973         2.6         -604.0091      -284.7882 --
ML: -713.4849005251939 Information: 108.3128342374211
            110      -896.5885         2.6         -603.9430      -292.6455 --
ML: -713.2431832929657 Information: 108.33501688616991
            111      -894.8140         2.6         -603.4327      -291.3813 --
ML: -713.1195611276238 Information: 108.38297125098029
            112      -887.7854         2.6         -597.2439      -290.5414 --
ML: -710.0356479221161 Information: 112.44868851901683
            113      -882.6226         2.6         -597.2021      -285.4205 --
ML: -709.7237378726049 Information: 112.23989657832567
            114      -885.8633         2.6         -596.7309      -289.1324 --
ML: -709.5771225770177 Information: 112.19596043187062
            115      -899.0820         2.6         -596.0484      -303.0335 --
ML: -709.4824766648693 Information: 112.22166254325145
            116      -895.5243         2.6         -595.7561      -299.7681 --
ML: -709.4389375982322 Information: 112.24222886043674
            117      -886.1317         2.6         -595.5768      -290.5548 --
ML: -709.4203599849557 Information: 112.25346614933085
            118      -896.0938         2.6         -592.6861      -303.4077 --
ML: -709.3053100169536 Information: 112.62538039730566
            119      -889.6865         2.6         -592.2931      -297.3934 --
ML: -709.2477696314213 Information: 112.8131344908494
            120      -886.2633         2.6         -591.2224      -295.0408 --
ML: -709.1894914592236 Information: 113.04993087598973
            121      -875.6232         2.6         -587.0608      -288.5624 --
ML: -708.3408262744545 Information: 117.39441267087696
            122      -868.6396         2.6         -585.3000      -283.3396 --
ML: -707.5414588987644 Information: 119.70273833367145
            123      -884.9786         2.6         -582.6223      -302.3562 --
ML: -706.1686942849478 Information: 122.22447529044055
            124      -886.1973         2.6         -581.7446      -304.4526 --
ML: -705.6614890739597 Information: 122.59230126940258
            125      -883.8149         2.6         -581.6662      -302.1486 --
ML: -705.5145408393142 Information: 122.63708316743305
            126      -881.4187         2.6         -580.0313      -301.3873 --
ML: -705.2851387528696 Information: 122.99110473118554
            127      -870.7821         2.6         -576.4440      -294.3380 --
ML: -703.970044445759 Information: 125.95555584539335
            128      -865.4933         2.6         -575.9489      -289.5444 --
ML: -703.6043152759835 Information: 126.22253137880517
            129      -865.8605         2.6         -575.2229      -290.6375 --
ML: -703.3949635869868 Information: 126.4209538587358
            130      -859.6510         2.6         -575.0955      -284.5554 --
ML: -703.3189908337677 Information: 126.48240599427754
            131      -854.3829         2.6         -573.8762      -280.5066 --
ML: -703.2318099662732 Information: 126.64237596433338
            132      -867.6511         2.6         -570.9205      -296.7306 --
ML: -702.767961104936 Information: 128.2824763038824
            133      -867.5155         2.6         -568.7639      -298.7515 --
ML: -701.9886948131023 Information: 130.60000984259779
            134      -861.9305         2.6         -568.5169      -293.4135 --
ML: -701.7616206492137 Information: 130.95629952520198
            135      -860.4860         2.6         -568.2818      -292.2042 --
ML: -701.6712911029107 Information: 131.08392239735485
            136      -865.7070         2.6         -567.9220      -297.7850 --
ML: -701.6267634227762 Information: 131.15547262510495
            137      -881.4612         2.6         -567.8762      -313.5850 --
ML: -701.6101303628068 Information: 131.1816462485349
            138      -865.6415         2.6         -565.6380      -300.0035 --
ML: -701.5547888740356 Information: 131.38421469261903
            139      -868.8379         2.6         -562.1211      -306.7168 --
ML: -701.0437588427021 Information: 134.09392848567398
            140      -866.1658         2.6         -560.1023      -306.0635 --
ML: -700.2978564216578 Information: 136.94771433693973
            141      -852.0836         2.6         -559.2612      -292.8224 --
ML: -699.92735402512 Information: 137.84319164863996
            142      -865.7068         2.6         -557.4313      -308.2754 --
ML: -699.3909062925559 Information: 139.2384710928465
            143      -854.9685         2.6         -556.3481      -298.6204 --
ML: -699.0184893828504 Information: 140.04894595884406
            144      -848.5406         2.6         -553.0308      -295.5098 --
ML: -697.5941215311533 Information: 143.13404921028666
            145      -849.7911         2.6         -551.7602      -298.0309 --
ML: -696.9032975266147 Information: 143.79001526861828
            146      -860.4795         2.6         -551.1467      -309.3328 --
ML: -696.6114337090565 Information: 143.9959453385673
            147      -858.6379         2.6         -542.2279      -316.4099 --
ML: -690.0650911526175 Information: 147.8222144630177
            148      -842.8033         2.6         -541.2871      -301.5162 --
ML: -689.4018056649063 Information: 147.622296094818
            149      -848.2956         2.6         -540.0820      -308.2136 --
ML: -688.934773153777 Information: 147.7886678214835
            150      -856.1331         2.6         -537.7374      -318.3957 --
ML: -688.0462129924805 Information: 148.90699061207167
            151      -856.4536         2.6         -537.4099      -319.0436 --
ML: -687.7834572670392 Information: 149.04382300372396
            152      -852.6392         2.6         -532.4549      -320.1842 --
ML: -685.2138493272738 Information: 152.27771436433258
            153      -862.6903         2.6         -530.9920      -331.6982 --
ML: -684.3108530002158 Information: 152.53074388693284
            154      -865.5909         2.6         -530.9122      -334.6786 --
ML: -684.0982164266004 Information: 152.4843435848407
            155      -830.8703         2.6         -528.0526      -302.8176 --
ML: -683.2962410282103 Information: 153.64656672825862
            156      -843.2340         2.6         -526.7175      -316.5165 --
ML: -682.7245978806559 Information: 154.35159230674424
            157      -845.1780         2.6         -526.6116      -318.5663 --
ML: -682.5607274049225 Information: 154.45394541124892
            158      -827.6916         2.6         -525.1066      -302.5850 --
ML: -682.3372243395083 Information: 154.83132848736443
            159      -825.8569         2.6         -524.6574      -301.1994 --
ML: -682.2279544736468 Information: 155.01690400711323
            160      -835.1353         2.6         -522.1027      -313.0326 --
ML: -681.8291881520922 Information: 156.29800725021033
            161      -832.7446         2.6         -520.5794      -312.1652 --
ML: -681.3877228037538 Information: 157.62384987758878
            162      -829.8260         2.6         -518.1276      -311.6984 --
ML: -680.4617963325934 Information: 160.10125314304148
            163      -818.2178         2.6         -517.1846      -301.0331 --
ML: -680.010467675172 Information: 160.80346473330667
            164      -831.4614         2.6         -516.7424      -314.7189 --
ML: -679.8215529951378 Information: 161.0388099189335
            165      -828.1747         2.6         -513.1608      -315.0138 --
ML: -678.6351568564206 Information: 163.75779815796173
            166      -833.6240         2.6         -512.6634      -320.9606 --
ML: -678.2842978209578 Information: 164.06208316574237
            167      -836.4765         2.6         -512.0788      -324.3976 --
ML: -678.1058907771928 Information: 164.23389058980615
            168      -830.7557         2.6         -511.8269      -318.9287 --
ML: -678.0314001684695 Information: 164.30620248772988
            169      -823.8651         2.6         -510.9774      -312.8877 --
ML: -677.97147984093 Information: 164.40609122968925
            170      -820.9473         2.6         -510.4873      -310.4600 --
ML: -677.9371454312911 Information: 164.47564711647823
            171      -831.2522         2.6         -509.3346      -321.9176 --
ML: -677.8985804172662 Information: 164.59320428549012
            172      -836.7671         2.6         -508.9326      -327.8345 --
ML: -677.8779902796083 Information: 164.6617285907143
            173      -821.6366         2.6         -508.6038      -313.0327 --
ML: -677.8676286373039 Information: 164.69891195806144
            174      -811.4504         2.6         -507.3619      -304.0884 --
ML: -677.854584992505 Information: 164.7611173224024
            175      -820.4154         2.6         -506.6160      -313.7993 --
ML: -677.8445838422703 Information: 164.8155746846627
            176      -830.9978         2.6         -506.4243      -324.5735 --
ML: -677.8401589046308 Information: 164.84031056829895
            177      -825.9300         2.6         -506.3727      -319.5572 --
ML: -677.8384501907693 Information: 164.84991598628676
            178      -827.4542         2.6         -505.9850      -321.4692 --
ML: -677.8375251210529 Information: 164.85546661496642
            179      -830.9443         2.6         -504.0963      -326.8480 --
ML: -677.8352788591704 Information: 164.87315762809845
            180      -845.9588         2.6         -502.4450      -343.5138 --
ML: -677.8309845336303 Information: 164.91393027608967
            181      -811.9432         2.6         -501.7369      -310.2062 --
ML: -677.8277893597805 Information: 164.94640050313018
            182      -829.7455         2.6         -500.9143      -328.8312 --
ML: -677.8251214936824 Information: 164.97561648889956
            183      -818.9221         2.6         -499.0649      -319.8571 --
ML: -677.8189110657983 Information: 165.05474858139883
            184      -812.3728         2.6         -498.6552      -313.7176 --
ML: -677.8154859581259 Information: 165.09956532080417
            185      -825.1613         2.6         -498.1299      -327.0314 --
ML: -677.8133611106874 Information: 165.12840059933734
            186      -832.8947         2.6         -496.3524      -336.5423 --
ML: -677.8087529422439 Information: 165.19888238082194
            187      -814.2734         2.6         -495.8490      -318.4244 --
ML: -677.8059588916204 Information: 165.24285352679442
            188      -812.2166         2.6         -495.5024      -316.7142 --
ML: -677.8045082352102 Information: 165.26613413203336
            189      -811.1614         2.6         -494.1606      -317.0008 --
ML: -677.8024701146952 Information: 165.30151387263436
            190      -811.0488         2.6         -492.5131      -318.5356 --
ML: -677.7985873426342 Information: 165.37508863310666
            191      -804.8763         2.6         -492.3060      -312.5702 --
ML: -677.7968352336485 Information: 165.40855356333964
            192      -807.8263         2.6         -491.8004      -316.0259 --
ML: -677.7957679970336 Information: 165.4294467222154
            193      -825.6533         2.6         -491.0499      -334.6033 --
ML: -677.7949372178373 Information: 165.44631779621625
            194      -801.3566         2.6         -489.8723      -311.4843 --
ML: -677.7939458979097 Information: 165.467596605766
            195      -801.9312         2.6         -489.7867      -312.1444 --
ML: -677.793548910296 Information: 165.47614576723333
            196      -817.5031         2.6         -487.2170      -330.2860 --
ML: -677.7916433735516 Information: 165.52202437804243
            197      -820.9985         2.6         -487.1846      -333.8139 --
ML: -677.7909202341235 Information: 165.53943462617832
            198      -812.8937         2.6         -485.8861      -327.0075 --
ML: -677.7899464137987 Information: 165.5641234019052
            199      -804.1628         2.6         -485.7000      -318.4628 --
ML: -677.7895151687065 Information: 165.57512881985429
            200      -802.6071         2.6         -484.6916      -317.9155 --
ML: -677.7890804756 Information: 165.58665548905554
            201      -816.1531         2.6         -483.4458      -332.7072 --
ML: -677.7885249828461 Information: 165.60206960325985
            202      -813.4329         2.6         -482.9655      -330.4673 --
ML: -677.788194773527 Information: 165.61138680536965
            203      -807.7005         2.6         -482.8850      -324.8154 --
ML: -677.7880631391382 Information: 165.61511071977304
            204      -810.9967         2.6         -481.7155      -329.2812 --
ML: -677.7879072129061 Information: 165.61970353097718
            205      -815.3949         2.6         -481.7011      -333.6938 --
ML: -677.7878490229378 Information: 165.62141816837266
            206      -802.6886         2.6         -480.7270      -321.9616 --
ML: -677.7877923241042 Information: 165.6231439970835
            207      -806.9451         2.6         -480.3946      -326.5505 --
ML: -677.787763242099 Information: 165.6240388381176
            208      -811.7952         2.6         -479.9627      -331.8325 --
ML: -677.7877467647788 Information: 165.62455294270137
            209      -816.0197         2.6         -477.8002      -338.2195 --
ML: -677.7876940725691 Information: 165.62631086470196
            210      -808.1833         2.6         -477.4588      -330.7245 --
ML: -677.7876668027449 Information: 165.62722991395037
            211      -811.5022         2.6         -477.3535      -334.1486 --
ML: -677.7876556567813 Information: 165.6276067223165
            212      -818.8287         2.6         -476.0506      -342.7781 --
ML: -677.7876405675124 Information: 165.62813649392638
            213      -810.4542         2.6         -475.6760      -334.7782 --
ML: -677.7876324940238 Information: 165.62842296841438
            214      -812.0545         2.6         -475.2234      -336.8310 --
ML: -677.7876278242016 Information: 165.6285907815742
            215      -794.2837         2.6         -474.8498      -319.4338 --
ML: -677.7876253282157 Information: 165.62868140857552
            216      -798.9710         2.6         -473.9613      -325.0096 --
ML: -677.7876230954184 Information: 165.62876446320968
            217      -799.1389         2.6         -473.3448      -325.7940 --
ML: -677.7876215738958 Information: 165.6288219980246
            218      -800.9580         2.6         -473.2864      -327.6715 --
ML: -677.7876209804707 Information: 165.62884447242504
            219      -798.2094         2.6         -470.3578      -327.8515 --
ML: -677.7876168979395 Information: 165.62901104311175
            220      -812.9031         2.6         -470.0176      -342.8854 --
ML: -677.7876147874215 Information: 165.62909787180308
            221      -807.9445         2.6         -469.7935      -338.1509 --
ML: -677.7876138160035 Information: 165.62913805444236
            222      -813.2760         2.6         -469.3451      -343.9308 --
ML: -677.7876132564585 Information: 165.62916145087195
            223      -809.6289         2.6         -467.7353      -341.8936 --
ML: -677.7876122268369 Information: 165.62920616019392
            224      -799.8032         2.6         -466.8699      -332.9332 --
ML: -677.7876113268841 Information: 165.6292460176627
            225      -795.5257         2.6         -466.8657      -328.6599 --
ML: -677.7876109943928 Information: 165.629260744592
            226      -789.3551         2.6         -466.7449      -322.6101 --
ML: -677.7876108563772 Information: 165.62926687434867
            227      -778.5076         2.7         -466.7220      -311.7856 --
ML: -677.7876108044254 Information: 165.6292691829201
            228      -783.8308         2.7         -466.0979      -317.7329 --
ML: -677.7876107687522 Information: 165.62927079036444
            229      -779.6167         2.7         -464.4953      -315.1213 --
ML: -677.7876107035856 Information: 165.62927383124588
            230      -796.2426         2.7         -463.0101      -333.2325 --
ML: -677.7876105977217 Information: 165.62927892841662
            231      -786.4687         2.7         -462.9730      -323.4957 --
ML: -677.7876105573044 Information: 165.62928087593173
            232      -806.2700         2.7         -462.2333      -344.0366 --
ML: -677.7876105261496 Information: 165.6292824001572
            233      -801.4843         2.7         -461.4062      -340.0781 --
ML: -677.7876104999406 Information: 165.62928370412237
            234      -798.1160         2.7         -461.3807      -336.7353 --
ML: -677.7876104900499 Information: 165.62928419647028
            235      -807.3231         2.7         -460.2743      -347.0487 --
ML: -677.7876104790497 Information: 165.62928475619094
            236      -803.2228         2.7         -459.9365      -343.2863 --
ML: -677.7876104733763 Information: 165.6292850467953
            237      -793.7264         2.7         -457.9715      -335.7548 --
ML: -677.7876104584846 Information: 165.6292858388614
            238      -785.1510         2.7         -457.1373      -328.0136 --
ML: -677.787610445869 Information: 165.62928652036044
            239      -785.8832         2.7         -456.2720      -329.6112 --
ML: -677.7876104348428 Information: 165.629287125529
            240      -789.2046         2.7         -453.6361      -335.5685 --
ML: -677.7876103782322 Information: 165.62929038190953
            241      -787.0100         2.7         -453.4122      -333.5978 --
ML: -677.7876103521799 Information: 165.62929188631404
            242      -790.0828         2.7         -451.8835      -338.1993 --
ML: -677.7876103079773 Information: 165.62929450639274
            243      -787.8729         2.7         -450.9645      -336.9084 --
ML: -677.7876102672152 Information: 165.6292969599898
            244      -809.2511         2.7         -450.2972      -358.9538 --
ML: -677.7876102379897 Information: 165.62929873867358
            245      -800.9768         2.7         -450.2103      -350.7665 --
ML: -677.7876102262616 Information: 165.6292994534847
            246      -782.6421         2.7         -448.7189      -333.9231 --
ML: -677.787610207092 Information: 165.62930065041633
            247      -781.2449         2.7         -448.5811      -332.6637 --
ML: -677.787610198998 Information: 165.62930115694326
            248      -782.5152         2.7         -448.2720      -334.2431 --
ML: -677.7876101949417 Information: 165.62930141200434
            249      -783.2383         2.7         -448.1944      -335.0439 --
ML: -677.7876101933291 Information: 165.62930151356647
            250      -777.6503         2.7         -448.1230      -329.5272 --
ML: -677.7876101926919 Information: 165.62930155374602
            251      -779.8191         2.7         -446.8742      -332.9449 --
ML: -677.7876101918747 Information: 165.62930160629628
            252      -785.2608         2.7         -446.6000      -338.6607 --
ML: -677.7876101914793 Information: 165.6293016318101
            253      -796.0919         2.7         -445.7948      -350.2971 --
ML: -677.7876101911538 Information: 165.6293016530966
            254      -795.7067         2.7         -445.4508      -350.2558 --
ML: -677.7876101909849 Information: 165.6293016642204
            255      -785.6291         2.7         -445.3744      -340.2547 --
ML: -677.7876101909178 Information: 165.62930166863714
            256      -790.6326         2.7         -445.3033      -345.3292 --
ML: -677.7876101908913 Information: 165.629301670382
            257      -794.6014         2.7         -444.9098      -349.6915 --
ML: -677.7876101908769 Information: 165.62930167133663
            258      -788.6919         2.7         -444.3945      -344.2973 --
ML: -677.787610190868 Information: 165.6293016719162
            259      -788.8027         2.7         -442.6928      -346.1098 --
ML: -677.78761019085 Information: 165.6293016731546
            260      -804.2178         2.7         -441.5464      -362.6713 --
ML: -677.7876101908292 Information: 165.62930167461752
            261      -804.7488         2.7         -441.0101      -363.7387 --
ML: -677.7876101908162 Information: 165.6293016755384
            262      -796.1128         2.7         -440.6648      -355.4479 --
ML: -677.7876101908093 Information: 165.62930167603372
            263      -797.1578         2.7         -440.1992      -356.9585 --
ML: -677.7876101908054 Information: 165.62930167631646
            264      -791.9432         2.7         -439.5108      -352.4324 --
ML: -677.7876101908024 Information: 165.62930167654702
            265      -796.6070         2.7         -439.1997      -357.4072 --
ML: -677.7876101908009 Information: 165.62930167666002
            266      -798.4008         2.7         -439.1463      -359.2544 --
ML: -677.7876101908004 Information: 165.6293016767013
            267      -787.4745         2.7         -437.9452      -349.5292 --
ML: -677.7876101907997 Information: 165.62930167674597
            268      -785.5709         2.7         -437.3106      -348.2602 --
ML: -677.7876101907992 Information: 165.6293016767678
            269      -785.6768         2.7         -436.8257      -348.8510 --
ML: -677.7876101907989 Information: 165.62930167681634
            270      -789.0097         2.8         -435.5448      -353.4649 --
ML: -677.7876101907985 Information: 165.62930167682464
            271      -793.4609         2.8         -435.1878      -358.2731 --
ML: -677.7876101907983 Information: 165.62930167685363
            272      -817.3421         2.8         -435.1631      -382.1789 --
ML: -677.7876101907982 Information: 165.62930167687887
            273      -803.8452         2.8         -434.9429      -368.9022 --
ML: -677.7876101907982 Information: 165.62930167686375
            274      -796.2864         2.8         -434.3565      -361.9299 --
ML: -677.7876101907982 Information: 165.62930167685374
            275      -794.4865         2.8         -434.2278      -360.2586 --
ML: -677.7876101907982 Information: 165.62930167684954
            276      -806.3133         2.8         -433.5301      -372.7832 --
ML: -677.7876101907982 Information: 165.62930167684647
            277      -798.2833         2.8         -433.3629      -364.9203 --
ML: -677.7876101907982 Information: 165.6293016768451
            278      -782.7167         2.8         -432.6832      -350.0335 --
ML: -677.7876101907982 Information: 165.62930167684408
            279      -796.4275         2.8         -431.6419      -364.7855 --
ML: -677.7876101907982 Information: 165.62930167684306
            280      -797.3676         2.8         -431.5507      -365.8169 --
ML: -677.7876101907982 Information: 165.6293016768426
            281      -796.1045         2.8         -431.5473      -364.5571 --
ML: -677.7876101907982 Information: 165.6293016768425
            282      -792.1963         2.8         -430.9385      -361.2577 --
ML: -677.7876101907982 Information: 165.62930167684237
            283      -796.9962         2.8         -430.6111      -366.3850 --
ML: -677.7876101907982 Information: 165.62930167684237
            284      -796.6116         2.8         -430.4822      -366.1294 --
ML: -677.7876101907982 Information: 165.62930167684237
            285      -811.9744         2.8         -430.4659      -381.5085 --
ML: -677.7876101907982 Information: 165.62930167684237
            286      -799.0379         2.8         -430.1662      -368.8716 --
ML: -677.7876101907982 Information: 165.62930167684237
            287      -801.2574         2.8         -430.0025      -371.2548 --
ML: -677.7876101907982 Information: 165.62930167684237
            288      -793.2781         2.8         -429.7510      -363.5270 --
ML: -677.7876101907982 Information: 165.62930167684237
            289      -810.9622         2.8         -428.6335      -382.3287 --
ML: -677.7876101907982 Information: 165.62930167684237
            290      -801.0807         2.8         -428.3039      -372.7768 --
ML: -677.7876101907982 Information: 165.62930167684237
            291      -808.1480         2.8         -427.9059      -380.2421 --
ML: -677.7876101907982 Information: 165.62930167684237
            292      -807.7598         2.8         -427.7361      -380.0236 --
ML: -677.7876101907982 Information: 165.62930167684237
            293      -797.0265         2.8         -427.7257      -369.3007 --
ML: -677.7876101907982 Information: 165.62930167684237
            294      -815.8986         2.8         -427.4841      -388.4145 --
ML: -677.7876101907982 Information: 165.62930167684237
            295      -808.1670         2.8         -426.9997      -381.1673 --
ML: -677.7876101907982 Information: 165.62930167684237
            296      -797.1710         2.8         -426.8273      -370.3436 --
ML: -677.7876101907982 Information: 165.62930167684237
            297      -817.0945         2.8         -426.2689      -390.8255 --
ML: -677.7876101907982 Information: 165.62930167684237
            298      -800.6183         2.9         -426.1004      -374.5178 --
ML: -677.7876101907982 Information: 165.62930167684237
            299      -813.5502         2.9         -425.6477      -387.9024 --
ML: -677.7876101907982 Information: 165.62930167684237
            300      -804.2719         2.9         -425.5973      -378.6745 --
ML: -677.7876101907982 Information: 165.62930167684237
            301      -800.2665         2.9         -425.3816      -374.8849 --
ML: -677.7876101907982 Information: 165.62930167684237
            302      -815.3886         2.9         -424.4952      -390.8934 --
ML: -677.7876101907982 Information: 165.62930167684237
            303      -805.6213         2.9         -424.2472      -381.3740 --
ML: -677.7876101907982 Information: 165.62930167684237
            304      -823.2288         2.9         -423.2866      -399.9422 --
ML: -677.7876101907982 Information: 165.62930167684237
            305      -807.4565         2.9         -423.1510      -384.3054 --
ML: -677.7876101907982 Information: 165.62930167684237
            306      -809.1677         2.9         -422.4667      -386.7009 --
ML: -677.7876101907982 Information: 165.62930167684237
            307      -815.0097         2.9         -422.4284      -392.5812 --
ML: -677.7876101907982 Information: 165.62930167684237
            308      -828.9716         2.9         -422.2713      -406.7003 --
ML: -677.7876101907982 Information: 165.62930167684237
            309      -820.1565         2.9         -421.8288      -398.3276 --
ML: -677.7876101907982 Information: 165.62930167684237
            310      -823.9165         2.9         -421.5939      -402.3226 --
ML: -677.7876101907982 Information: 165.62930167684237
            311      -827.1738         2.9         -421.5907      -405.5831 --
ML: -677.7876101907982 Information: 165.62930167684237
            312      -814.9087         2.9         -421.5473      -393.3613 --
ML: -677.7876101907982 Information: 165.62930167684237
            313      -822.8456         2.9         -421.0653      -401.7802 --
ML: -677.7876101907982 Information: 165.62930167684237
            314      -824.4500         2.9         -420.9892      -403.4607 --
ML: -677.7876101907982 Information: 165.62930167684237
            315      -818.0159         2.9         -420.9579      -397.0580 --
ML: -677.7876101907982 Information: 165.62930167684237
            316      -821.2627         2.9         -420.9341      -400.3285 --
ML: -677.7876101907982 Information: 165.62930167684237
            317      -818.8649         2.9         -420.8278      -398.0371 --
ML: -677.7876101907982 Information: 165.62930167684237
            318      -812.8172         3.0         -420.7946      -392.0226 --
ML: -677.7876101907982 Information: 165.62930167684237
            319      -822.3351         3.0         -420.5009      -401.8341 --
ML: -677.7876101907982 Information: 165.62930167684237
            320      -811.7743         3.0         -420.4378      -391.3365 --
ML: -677.7876101907982 Information: 165.62930167684237
            321      -813.0088         3.0         -420.2282      -392.7805 --
ML: -677.7876101907982 Information: 165.62930167684237
            322      -814.0172         3.0         -420.1779      -393.8392 --
ML: -677.7876101907982 Information: 165.62930167684237
            323      -817.4352         3.0         -419.9668      -397.4683 --
ML: -677.7876101907982 Information: 165.62930167684237
            324      -827.3073         3.0         -419.6482      -407.6590 --
ML: -677.7876101907982 Information: 165.62930167684237
            325      -810.8106         3.0         -419.5404      -391.2702 --
ML: -677.7876101907982 Information: 165.62930167684237
            326      -815.2348         3.0         -419.4458      -395.7890 --
ML: -677.7876101907982 Information: 165.62930167684237
            327      -824.1863         3.0         -419.2118      -404.9744 --
ML: -677.7876101907982 Information: 165.62930167684237
            328      -821.1484         3.0         -419.0807      -402.0677 --
ML: -677.7876101907982 Information: 165.62930167684237
            329      -826.5049         3.0         -418.9523      -407.5525 --
ML: -677.7876101907982 Information: 165.62930167684237
            330      -833.2679         3.0         -418.6281      -414.6397 --
ML: -677.7876101907982 Information: 165.62930167684237
            331      -828.3601         3.0         -418.4552      -409.9048 --
ML: -677.7876101907982 Information: 165.62930167684237
332<=1000000&& (332<2.0*165.62930167684237*1||Math.abs(-677.7876101907982 - -677.7876101907982)/Math.abs(-677.7876101907982) > 1.0E-10
Finished in 332 steps!
Marginal likelihood: -675.2064892164241 (bootstrap SD=12.75900568464487)
Marginal likelihood: -674.4863294109308 (subsample SD=15.652683790668863)
Marginal likelihood: -671.8600639382464(11.52990714534255)
Information: 165.62930167684237
SD: 12.869704801464653

Operator                                                                Tuning    #accept    #reject      Pr(m)  Pr(acc|m)
Uniform()                                                                    -     604920     319369    0.27778    0.65447 
SubtreeSlide()                                                         1.00000      45446      47927    0.02778    0.48671 Try increasing size to about 2
SubtreeSlide()                                                        30.00000       2251      90098    0.02778    0.02437 Try decreasing size to about 15
Exchange()                                                                   -     115865     808905    0.27778    0.12529 
beast.base.inference.operator.DeltaExchangeOperator(editRateScaler)    1.00000       1810      91175    0.02778    0.01947 Try setting delta to about 0.5
ScaleOperator(clockRateScaler)                                         0.80000      62590      29825    0.02778    0.67727 Try setting scaleFactor to about 0.64
ScaleOperator(silencingRateScaler)                                     0.80000      72242      19745    0.02778    0.78535 Try setting scaleFactor to about 0.64
ScaleOperator(georateScaler.s:tissue)                                  0.99000     897254      27813    0.27778    0.96993 Try setting scaleFactor to about 0.98
ScaleOperator(geoMuScaler.c:tissue)                                    0.90000      80487      12278    0.02778    0.86764 Try setting scaleFactor to about 0.81

     Tuning: The value of the operator's tuning parameter, or '-' if the operator can't be optimized.
    #accept: The total number of times a proposal by this operator has been accepted.
    #reject: The total number of times a proposal by this operator has been rejected.
      Pr(m): The probability this operator is chosen in a step of the MCMC (i.e. the normalized weight).
  Pr(acc|m): The acceptance probability (#accept as a fraction of the total proposals for this operator).


Total calculation time: 510.172 seconds
Done!
