************************************
**** FeastMain BEAST 2 Launcher ****
************************************

Hunting for beast_services.xml files embedded in classpath:
- Processing /feast/beast_services.xml...
- Processing /beast_services.xml...
Done. Handing over to BeastMain...

                   BEAST v2.7.7 Prerelease, 2002-2024
             Bayesian Evolutionary Analysis Sampling Trees
                       Designed and developed by
 Remco Bouckaert, Alexei J. Drummond, Andrew Rambaut & Marc A. Suchard
                                    
                   Centre for Computational Evolution
                         University of Auckland
                       r.bouckaert@auckland.ac.nz
                        alexei@cs.auckland.ac.nz
                                    
                   Institute of Evolutionary Biology
                        University of Edinburgh
                           a.rambaut@ed.ac.uk
                                    
                    David Geffen School of Medicine
                 University of California, Los Angeles
                           msuchard@ucla.edu
                                    
                      Downloads, Help & Resources:
                           http://beast2.org/
                                    
  Source code distributed under the GNU Lesser General Public License:
                   http://github.com/CompEvol/beast2
                                    
                           BEAST developers:
   Alex Alekseyenko, Trevor Bedford, Erik Bloomquist, Joseph Heled, 
 Sebastian Hoehna, Denise Kuehnert, Philippe Lemey, Wai Lok Sibon Li, 
Gerton Lunter, Sidney Markowitz, Vladimir Minin, Michael Defoin Platel, 
          Oliver Pybus, Tim Vaughan, Chieh-Hsi Wu, Walter Xie
                                    
                               Thanks to:
          Roald Forsberg, Beth Shapiro and Korbinian Strimmer

Random number seed: 1733232929831

AlignmentFromFasta(alignment)
  63 taxa
  10 sites
  6 patterns

ASV020 = 420 (0.0)
ASV041 = 420 (0.0)
ASV051 = 420 (0.0)
ASV052 = 420 (0.0)
ASV055 = 420 (0.0)
ASV070 = 420 (0.0)
ASV071 = 420 (0.0)
ASV075 = 420 (0.0)
ASV076 = 420 (0.0)
ASV088 = 420 (0.0)
53 more...
Starting frequencies: [1.0, 0.0, 0.0]
  Using BEAGLE version: 4.0.1 (PRE-RELEASE) resource 0: CPU (x86_64)
    with instance flags:  PRECISION_DOUBLE COMPUTATION_SYNCH EIGEN_COMPLEX SCALING_MANUAL SCALERS_RAW VECTOR_SSE THREADING_NONE PROCESSOR_CPU FRAMEWORK_CPU
Starting frequencies: [1.0, 0.0, 0.0, 0.0]
ASV020 = FML (NaN)
ASV041 = LNSL (NaN)
ASV051 = PRL (NaN)
ASV052 = LNSL (NaN)
ASV055 = LNSL (NaN)
ASV070 = FML (NaN)
ASV071 = PRL (NaN)
ASV075 = FML (NaN)
ASV076 = FML (NaN)
ASV088 = FML (NaN)
53 more...
Starting frequencies: [0.25, 0.25, 0.25, 0.25]
  Using BEAGLE version: 4.0.1 (PRE-RELEASE) resource 0: CPU (x86_64)
    with instance flags:  PRECISION_DOUBLE COMPUTATION_SYNCH EIGEN_COMPLEX SCALING_MANUAL SCALERS_RAW VECTOR_SSE THREADING_NONE PROCESSOR_CPU FRAMEWORK_CPU
===============================================================================
Citations for this model:

Patricio Maturana, Brendon J. Brewer, Steffen Klaere, Remco Bouckaert. Model selection and parameter inference in phylogenetics using Nested Sampling. Systematic Biology, syy050, 2018

Stadler, T., Kuehnert, D., Bonhoeffer, S., and Drummond, A. J. (2013):
 Birth-death skyline plot reveals temporal changes of
 epidemic spread in HIV and hepatitis C virus (HCV). PNAS 110(1): 228–33.
If sampled ancestors are used then please also cite: Gavryushkina A, Welch D, Stadler T, Drummond AJ (2014) 
Bayesian inference of sampled ancestor trees for epidemiology and fossil calibration. 
PLoS Comput Biol 10(12): e1003919. doi:10.1371/journal.pcbi.1003919

Edwards, C. J., Suchard, M. A., Lemey, P., ... & Valdiosera, C. E. (2011).
Ancient hybridization and an Irish origin for the modern polar bear matriline.
Current Biology, 21(15), 1251-1258.

===============================================================================
         Sample      posterior ESS(posterior)     likelihood          prior
Start likelihood 0: -8944.99979553221 
              0     -2305.7340              N     -1826.6059      -479.1281 --
ML: -1827.4445136199267 Information: 0.8385606384288167
              1     -2178.6772         2.0        -1779.3014      -399.3758 --
ML: -1781.1400000111166 Information: 1.8385606384288167
              2     -1597.6892         3.0        -1218.0701      -379.6190 --
ML: -1220.9086875903597 Information: 2.8385606384288167
              3     -1376.9430         4.0        -1021.8730      -355.0700 --
ML: -1025.7116072830677 Information: 3.838560638428703
              4     -1348.7775         3.5        -1017.3957      -331.3818 --
ML: -1022.2038772870171 Information: 4.673975792137057
              5     -1320.5627         2.8         -992.1752      -328.3875 --
ML: -998.0137773264925 Information: 5.838560637653871
              6     -1298.1223         2.9         -987.8184      -310.3039 --
ML: -994.6227896628059 Information: 6.6575904602982305
              7     -1278.1132         3.1         -977.2034      -300.9098 --
ML: -985.0419085417188 Information: 7.837748648564654
              8     -1215.4965         3.4         -913.5022      -301.9943 --
ML: -922.3408006659828 Information: 8.838560638428817
              9     -1207.3136         4.8         -912.5631      -294.7504 --
ML: -921.6776368611295 Information: 8.630658045378425
             10     -1197.6283         5.0         -901.3626      -296.2656 --
ML: -912.2011806058914 Information: 10.837588575153493
             11     -1188.6488         5.1         -879.7959      -308.8529 --
ML: -891.6345007160013 Information: 11.838560612022729
             12     -1169.0578         5.0         -874.0685      -294.9892 --
ML: -886.8983381114663 Information: 12.779507963678709
             13     -1148.7496         5.0         -873.1995      -275.5500 --
ML: -886.2726388310226 Information: 12.58137589393209
             14     -1149.0039         5.1         -873.1773      -275.8265 --
ML: -886.1114219309738 Information: 12.496670604017368
             15     -1129.0516         5.2         -845.5386      -283.5130 --
ML: -861.3771690528716 Information: 15.83856063786894
             16     -1134.2102         5.1         -838.9268      -295.2834 --
ML: -855.7617472111755 Information: 16.81083744343033
             17     -1110.7051         5.1         -831.6869      -279.0181 --
ML: -849.523602430557 Information: 17.822415370567093
             18     -1098.6963         5.1         -825.8150      -272.8812 --
ML: -844.6459845651718 Information: 18.786092786318108
             19     -1101.7692         3.3         -821.8796      -279.8895 --
ML: -841.6660486374783 Information: 19.58424674919071
             20     -1091.3307         3.3         -812.6586      -278.6720 --
ML: -833.496976743921 Information: 20.83560793335287
             21     -1099.2921         3.3         -811.5854      -287.7066 --
ML: -832.7667028627338 Information: 20.662878190973174
             22     -1101.0803         3.4         -805.2096      -295.8706 --
ML: -828.0393152682084 Information: 22.768661223142292
             23     -1100.9644         3.4         -804.2033      -296.7610 --
ML: -827.3474865963233 Information: 22.609758819620197
             24     -1093.0265         3.4         -794.0401      -298.9864 --
ML: -818.8784781160681 Information: 24.836105607160825
             25     -1084.9447         3.4         -790.3192      -294.6254 --
ML: -816.0940501059766 Information: 25.54484959430902
             26     -1079.7549         3.4         -786.2070      -293.5478 --
ML: -812.9992923440083 Information: 26.595579791091872
             27     -1061.9652         3.5         -771.2641      -290.7011 --
ML: -799.1026702567431 Information: 27.838545756284866
             28     -1074.9186         3.5         -771.0392      -303.8794 --
ML: -798.7237998072324 Information: 27.530589372883583
             29     -1053.5694         3.0         -767.7896      -285.7798 --
ML: -797.3397880860816 Information: 28.69728732601405
             30     -1041.2202         3.0         -765.1235      -276.0967 --
ML: -795.7372253022095 Information: 29.905042282993094
             31     -1049.7091         3.0         -764.0858      -285.6232 --
ML: -795.1333055218693 Information: 30.092788889105407
             32     -1051.6269         3.1         -763.0139      -288.6130 --
ML: -794.7364433639355 Information: 30.35978363681909
             33     -1052.6769         3.1         -760.7604      -291.9164 --
ML: -793.9722447040427 Information: 31.52767662825795
             34     -1054.5257         3.1         -754.3321      -300.1935 --
ML: -789.1625740704826 Information: 34.76425646484472
             35     -1036.7368         3.1         -749.4952      -287.2415 --
ML: -785.3123373426484 Information: 35.71274573947964
             36     -1036.2111         3.2         -747.9718      -288.2393 --
ML: -784.337051780326 Information: 35.75141424318758
             37     -1034.9757         3.2         -743.8530      -291.1227 --
ML: -781.6229956312895 Information: 37.45637548580872
             38     -1024.3821         3.2         -734.3239      -290.0582 --
ML: -773.1623051292852 Information: 38.83626602754969
             39     -1016.9058         3.2         -730.5602      -286.3455 --
ML: -770.3376661725976 Information: 39.55397422137414
             40     -1036.5675         3.2         -728.7764      -307.7910 --
ML: -769.2192825723189 Information: 39.78685325432431
             41     -1028.5513         3.2         -720.6744      -307.8769 --
ML: -762.5117716003376 Information: 41.8266385362883
             42     -1009.6712         3.2         -713.9420      -295.7292 --
ML: -756.7773684438812 Information: 42.81352346199217
             43      -999.9869         3.2         -709.2903      -290.6965 --
ML: -753.1032471068663 Information: 43.69428798004383
             44      -995.0173         3.2         -707.9871      -287.0301 --
ML: -752.2617622483519 Information: 43.66168490696214
             45      -997.1503         3.2         -706.8136      -290.3366 --
ML: -751.7449223331517 Information: 43.86582355588541
             46      -998.7263         3.2         -702.7610      -295.9652 --
ML: -749.4889801061322 Information: 46.19164345855084
             47     -1006.9925         3.2         -699.3780      -307.6144 --
ML: -747.1185420056945 Information: 47.37424825744719
             48      -994.4005         3.2         -698.9608      -295.4397 --
ML: -746.7089617575069 Information: 47.22796634616327
             49      -984.5203         3.1         -698.8582      -285.6621 --
ML: -746.5805747266058 Information: 47.174614890705584
             50      -985.1860         3.1         -695.4974      -289.6885 --
ML: -745.7576986354734 Information: 48.543750038464964
             51      -991.8843         3.1         -693.8012      -298.0830 --
ML: -745.0038682671913 Information: 49.59673950623289
             52      -979.9236         3.1         -689.6672      -290.2564 --
ML: -742.4267647777054 Information: 52.32332821475684
             53      -978.8862         3.1         -687.6868      -291.1994 --
ML: -741.1846282665691 Information: 52.79996849178184
             54      -978.1627         3.0         -687.6028      -290.5598 --
ML: -740.9342121535998 Information: 52.72273488684175
             55      -974.1317         3.0         -685.7906      -288.3410 --
ML: -740.5293703359337 Information: 53.123822689145356
             56      -980.5740         3.0         -681.0610      -299.5130 --
ML: -737.8299617371805 Information: 56.34230777141283
             57      -982.9861         3.0         -679.8236      -303.1624 --
ML: -737.0494524307501 Information: 56.46337454420899
             58      -979.0201         3.0         -677.2770      -301.7430 --
ML: -735.7841367132171 Information: 57.57342874926562
             59      -957.7803         2.9         -670.6297      -287.1505 --
ML: -730.4634192770503 Information: 59.79659429157828
             60      -968.3380         2.9         -670.2535      -298.0845 --
ML: -730.0359871404726 Information: 59.51292366164091
             61      -963.2247         2.9         -668.8819      -294.3427 --
ML: -729.6276427888889 Information: 59.654759127504406
             62      -957.0929         2.9         -666.4773      -290.6155 --
ML: -728.766522443621 Information: 60.81166024265917
             63      -954.5266         2.9         -665.9861      -288.5404 --
ML: -728.4685903534006 Information: 61.02095317130369
             64      -946.6653         2.9         -663.0373      -283.6279 --
ML: -727.4358113810389 Information: 62.82833886163803
             65      -969.0615         2.9         -662.0931      -306.9683 --
ML: -726.9601806989585 Information: 63.304400457175745
             66      -954.2085         2.9         -660.9364      -293.2721 --
ML: -726.5936520679293 Information: 63.77233773691961
             67      -946.7847         2.9         -657.4199      -289.3647 --
ML: -725.0249604977319 Information: 66.47977591952247
             68      -943.1430         2.9         -656.4750      -286.6680 --
ML: -724.4657428538837 Information: 66.80730436499891
             69      -941.5825         2.8         -652.9424      -288.6401 --
ML: -722.6108468070297 Information: 68.93049401016782
             70      -942.1107         2.8         -651.2258      -290.8849 --
ML: -721.6076274632675 Information: 69.48170395491832
             71      -948.2991         2.8         -650.4628      -297.8362 --
ML: -721.2023870792772 Information: 69.63055945321236
             72      -929.1388         2.8         -648.5056      -280.6332 --
ML: -720.577640230131 Information: 70.43036740068811
             73      -935.4423         2.8         -646.5572      -288.8851 --
ML: -719.7894485876966 Information: 71.5999389618068
             74      -926.2606         2.8         -646.0507      -280.2099 --
ML: -719.5020703241623 Information: 71.8467716853504
             75      -926.7055         2.8         -646.0323      -280.6732 --
ML: -719.4126009856911 Information: 71.8962045030737
             76      -946.0495         2.8         -645.2057      -300.8438 --
ML: -719.3431167071989 Information: 71.98182271174994
             77      -948.2278         2.8         -643.5622      -304.6655 --
ML: -719.2228983656539 Information: 72.29192963340051
             78      -935.6584         2.8         -642.9867      -292.6717 --
ML: -719.1514197939111 Information: 72.49253862300202
             79      -936.9217         2.7         -640.9904      -295.9312 --
ML: -718.980136509027 Information: 73.21356648214021
             80      -926.6823         2.7         -639.5290      -287.1532 --
ML: -718.7572353283514 Information: 74.23695319869773
             81      -938.5324         2.7         -632.5622      -305.9702 --
ML: -714.3880459666085 Information: 81.67441138800984
             82      -932.7013         2.7         -632.4688      -300.2325 --
ML: -714.0524508678686 Information: 81.40860147572545
             83      -930.8064         2.7         -632.0415      -298.7649 --
ML: -713.9033507071941 Information: 81.34292998553474
             84      -914.9066         2.7         -628.9717      -285.9349 --
ML: -713.162617195751 Information: 82.47990254738306
             85      -917.5070         2.7         -626.7660      -290.7409 --
ML: -712.1520405280638 Information: 83.96028883161904
             86      -929.7074         2.7         -623.9315      -305.7758 --
ML: -710.5461289785884 Information: 85.75949242106641
             87      -923.6423         2.7         -620.2930      -303.3492 --
ML: -708.0459761444271 Information: 87.38412433464401
             88      -920.7714         2.7         -618.8467      -301.9247 --
ML: -707.1563015021974 Information: 87.56394907673544
             89      -919.8210         2.7         -616.8894      -302.9316 --
ML: -706.2262488358127 Information: 88.2704188747544
             90      -912.3736         2.7         -614.0703      -298.3032 --
ML: -704.6716045472319 Information: 89.78037615415417
             91      -943.3658         2.7         -613.1729      -330.1928 --
ML: -704.1340545499876 Information: 89.95730740252259
             92      -911.5015         2.7         -611.0813      -300.4202 --
ML: -703.3280983007323 Information: 90.86417217352562
             93      -918.6614         2.7         -610.6223      -308.0391 --
ML: -703.048859788919 Information: 91.03361364892936
             94      -920.8046         2.7         -609.4887      -311.3159 --
ML: -702.8031892287806 Information: 91.33827261812729
             95      -908.0201         2.7         -608.9863      -299.0338 --
ML: -702.678823243442 Information: 91.50376124639627
             96      -908.0013         2.7         -605.2124      -302.7888 --
ML: -701.6232702954645 Information: 94.33585099706616
             97      -900.4884         2.7         -604.1977      -296.2906 --
ML: -701.1154821604475 Information: 95.05827684217354
             98      -907.2068         2.7         -602.8236      -304.3832 --
ML: -700.6587798523336 Information: 95.78710825554231
             99      -904.8104         2.7         -602.6214      -302.1889 --
ML: -700.5059764801472 Information: 95.95316498298507
            100      -909.4809         2.7         -601.1731      -308.3078 --
ML: -700.305602589527 Information: 96.36645838149457
            101      -901.2258         2.7         -600.4235      -300.8022 --
ML: -700.1733911261466 Information: 96.66963190186175
            102      -899.2606         2.7         -597.7310      -301.5295 --
ML: -699.6588645971788 Information: 98.47697632435842
            103      -904.2671         2.7         -592.1309      -312.1361 --
ML: -695.9448219178058 Information: 103.5932288698745
            104      -901.3168         2.7         -591.5004      -309.8163 --
ML: -695.4294881985762 Information: 103.42063167922475
            105      -898.3989         2.7         -588.8038      -309.5950 --
ML: -694.2672976551107 Information: 104.46090902897072
            106      -890.6184         2.8         -588.2073      -302.4111 --
ML: -693.8895137124954 Information: 104.5862206144418
            107      -903.3435         2.8         -587.4311      -315.9123 --
ML: -693.665151422416 Information: 104.73810742863697
            108      -898.1392         2.8         -585.3566      -312.7825 --
ML: -693.2023229039962 Information: 105.59810205120039
            109      -891.5246         2.7         -584.6474      -306.8772 --
ML: -692.9578042500907 Information: 105.99495627092227
            110      -879.3745         2.7         -581.0598      -298.3146 --
ML: -691.6007682260769 Information: 109.02136342467807
            111      -872.9238         2.8         -577.1211      -295.8027 --
ML: -688.8908044884523 Information: 111.40651297859299
            112      -867.2148         2.8         -571.1470      -296.0678 --
ML: -683.9782018053775 Information: 112.78458013946329
            113      -870.5766         2.8         -570.5624      -300.0141 --
ML: -683.4742963446031 Information: 112.53049484265904
            114      -880.8559         2.8         -569.6360      -311.2199 --
ML: -683.1611067120759 Information: 112.56895732985373
            115      -887.3008         2.8         -569.3209      -317.9799 --
ML: -683.0339867234362 Information: 112.59358453989364
            116      -878.6245         2.8         -564.6762      -313.9482 --
ML: -681.3168576202336 Information: 115.60548623386056
            117      -849.8640         2.8         -562.6792      -287.1847 --
ML: -680.1464417868243 Information: 116.52648542238873
            118      -852.0884         2.8         -557.9477      -294.1406 --
ML: -676.7522131372674 Information: 118.61402368514597
            119      -864.6536         2.8         -557.1183      -307.5353 --
ML: -676.1561695256655 Information: 118.47591765871942
            120      -856.5892         2.8         -555.2623      -301.3269 --
ML: -675.4350112628509 Information: 118.99710446111095
            121      -858.1888         2.8         -553.7473      -304.4415 --
ML: -674.8144692699669 Information: 119.62053432500977
            122      -880.1302         2.8         -553.5391      -326.5911 --
ML: -674.6242933484513 Information: 119.71694975253604
            123      -854.5723         2.8         -549.1845      -305.3878 --
ML: -672.8394361916056 Information: 122.6944533498178
            124      -858.9150         2.8         -548.9278      -309.9872 --
ML: -672.5059961044026 Information: 122.70613412205955
            125      -845.5588         2.8         -547.5662      -297.9926 --
ML: -672.164496153567 Information: 123.01081356654703
            126      -863.2093         2.8         -547.4228      -315.7865 --
ML: -672.0486395282724 Information: 123.0843050190071
            127      -848.8208         2.8         -546.0452      -302.7755 --
ML: -671.9005734941342 Information: 123.33798324547138
            128      -848.5408         2.8         -544.4292      -304.1116 --
ML: -671.6735947624003 Information: 123.95032453286018
            129      -858.2955         2.8         -540.2763      -318.0192 --
ML: -669.923938513947 Information: 128.35307359431735
            130      -843.2491         2.8         -533.2232      -310.0258 --
ML: -664.0590021043204 Information: 130.81203561331765
            131      -853.0499         2.8         -532.7775      -320.2723 --
ML: -663.6061186134687 Information: 130.53010317874947
            132      -835.2392         2.8         -531.7055      -303.5337 --
ML: -663.2757897617496 Information: 130.5853126644161
            133      -832.2116         2.8         -527.9425      -304.2690 --
ML: -661.5787560095423 Information: 132.76622988092822
            134      -833.3434         2.8         -527.8869      -305.4565 --
ML: -661.3028993468954 Information: 132.7135041742124
            135      -838.0329         2.8         -527.4139      -310.6190 --
ML: -661.1698245360717 Information: 132.72689561441064
            136      -833.9273         2.8         -526.7421      -307.1851 --
ML: -661.0838925428072 Information: 132.7810082420326
            137      -830.5623         2.8         -526.0888      -304.4735 --
ML: -661.0273028206512 Information: 132.84623195176766
            138      -826.6342         2.8         -522.8805      -303.7537 --
ML: -660.6213752247011 Information: 134.20879438637814
            139      -823.5708         2.8         -520.9358      -302.6349 --
ML: -660.0018435188213 Information: 136.11841423270545
            140      -824.1727         2.8         -520.5014      -303.6712 --
ML: -659.7688834486673 Information: 136.58828348276762
            141      -839.7060         2.8         -518.6579      -321.0480 --
ML: -659.3747884840393 Information: 137.66725235696606
            142      -829.3325         2.8         -515.5367      -313.7958 --
ML: -658.0618990485701 Information: 140.86496060615278
            143      -812.1754         2.8         -513.1258      -299.0495 --
ML: -656.6764558155137 Information: 142.5319587441467
            144      -820.1937         2.8         -511.5391      -308.6546 --
ML: -655.8228047699494 Information: 143.17416522194196
            145      -807.2912         2.8         -506.5267      -300.7645 --
ML: -652.3342571755161 Information: 145.62054386345687
            146      -815.5381         2.8         -505.8838      -309.6542 --
ML: -651.8164715888798 Information: 145.43815636096917
            147      -822.4655         2.8         -505.2544      -317.2110 --
ML: -651.5703934536734 Information: 145.4372355571707
            148      -815.7034         2.8         -505.0466      -310.6567 --
ML: -651.4761914311886 Information: 145.44070949677803
            149      -808.5920         2.8         -504.4339      -304.1581 --
ML: -651.4169478622562 Information: 145.47358993394988
            150      -803.6341         2.8         -503.1163      -300.5177 --
ML: -651.3408909349985 Information: 145.60457032589767
            151      -806.5900         2.8         -500.5514      -306.0386 --
ML: -651.0406017752125 Information: 146.64921808258526
            152      -820.3914         2.8         -496.2549      -324.1364 --
ML: -648.960155571516 Information: 151.68914386412158
            153      -822.1918         2.8         -495.9537      -326.2380 --
ML: -648.5989079800135 Information: 151.7272872051314
            154      -817.9223         2.8         -495.9020      -322.0203 --
ML: -648.4878572029079 Information: 151.71814208371018
            155      -807.5410         2.8         -493.5347      -314.0062 --
ML: -648.1424769456098 Information: 152.31752973947624
            156      -803.4463         2.7         -491.1275      -312.3188 --
ML: -647.3572462725106 Information: 154.08763227074763
            157      -806.2590         2.7         -488.3572      -317.9017 --
ML: -645.9234808461408 Information: 156.39506395432005
            158      -808.7362         2.7         -487.7643      -320.9718 --
ML: -645.5134228446377 Information: 156.57841680384428
            159      -828.2652         2.7         -486.7907      -341.4745 --
ML: -645.230033121233 Information: 156.82417196186486
            160      -807.5961         2.7         -486.6211      -320.9749 --
ML: -645.1278705680304 Information: 156.89533595308086
            161      -795.8130         2.7         -486.3192      -309.4938 --
ML: -645.080682397723 Information: 156.93633580620093
            162      -796.1500         2.7         -485.7207      -310.4292 --
ML: -645.050299200261 Information: 156.97848159204068
            163      -788.7305         2.7         -485.5763      -303.1542 --
ML: -645.0376592783974 Information: 156.99718621547663
            164      -795.8522         2.7         -485.3827      -310.4694 --
ML: -645.0320672718642 Information: 157.00641491283142
            165      -815.5872         2.7         -485.0253      -330.5618 --
ML: -645.0291389213276 Information: 157.01225962411672
            166      -802.8728         2.7         -484.3822      -318.4906 --
ML: -645.0270946113246 Information: 157.01763803151317
            167      -791.9177         2.7         -482.1989      -309.7187 --
ML: -645.0204485334414 Information: 157.0494810735642
            168      -789.3069         2.7         -482.1569      -307.1499 --
ML: -645.0179105144864 Information: 157.06168032979383
            169      -807.1634         2.7         -481.3456      -325.8178 --
ML: -645.0158136408023 Information: 157.07343057078197
            170      -784.8404         2.7         -481.0826      -303.7578 --
ML: -645.0148117727597 Information: 157.07929781753865
            171      -785.1262         2.7         -478.5237      -306.6025 --
ML: -645.0100630357764 Information: 157.11913710841088
            172      -785.4152         2.7         -477.3902      -308.0250 --
ML: -645.0046634607398 Information: 157.170283993488
            173      -780.4363         2.7         -476.8827      -303.5536 --
ML: -645.0013780536293 Information: 157.20292019102516
            174      -778.7664         2.7         -475.8252      -302.9411 --
ML: -644.9979099863854 Information: 157.24090412527943
            175      -787.4074         2.7         -474.7394      -312.6680 --
ML: -644.9941447651005 Information: 157.28606085616383
            176      -797.9037         2.7         -473.2059      -324.6977 --
ML: -644.9877583796367 Information: 157.37199540914094
            177      -783.2673         2.6         -472.1983      -311.0689 --
ML: -644.9813642663308 Information: 157.46386731504913
            178      -794.8793         2.6         -470.1904      -324.6889 --
ML: -644.9640508672572 Information: 157.74396269685565
            179      -793.3504         2.6         -469.1844      -324.1659 --
ML: -644.946931353899 Information: 158.03297654962017
            180      -784.7034         2.6         -469.0590      -315.6444 --
ML: -644.9398777394305 Information: 158.15142137194158
            181      -789.7664         2.6         -469.0514      -320.7150 --
ML: -644.9372755816447 Information: 158.19491375676114
            182      -798.8468         2.6         -468.7125      -330.1342 --
ML: -644.9359348688835 Information: 158.2177295807673
            183      -798.7887         2.6         -467.3638      -331.4248 --
ML: -644.9340377767787 Information: 158.25251466128026
            184      -799.4399         2.6         -467.2150      -332.2248 --
ML: -644.9332290257623 Information: 158.26744304148286
            185      -798.5572         2.6         -467.1254      -331.4318 --
ML: -644.9329037717279 Information: 158.27347234014997
            186      -794.1694         2.6         -465.7832      -328.3861 --
ML: -644.9324460187248 Information: 158.28256851442148
            187      -786.0692         2.6         -465.1624      -320.9068 --
ML: -644.932132822426 Information: 158.28898405989605
            188      -782.0174         2.6         -464.1151      -317.9023 --
ML: -644.9318045633088 Information: 158.29604961951782
            189      -787.2985         2.6         -460.4831      -326.8153 --
ML: -644.9272526924589 Information: 158.4102703497793
            190      -785.1155         2.6         -459.6620      -325.4535 --
ML: -644.9234619988522 Information: 158.50808595617588
            191      -801.9741         2.6         -459.4765      -342.4976 --
ML: -644.921787837799 Information: 158.55147406876853
            192      -791.1320         2.6         -458.8433      -332.2886 --
ML: -644.9206294472759 Information: 158.5821841654908
            193      -787.8183         2.6         -458.7750      -329.0432 --
ML: -644.9201735544573 Information: 158.5942913427961
            194      -794.9847         2.6         -458.2665      -336.7181 --
ML: -644.9198947852451 Information: 158.60183354744925
            195      -787.1398         2.6         -458.1335      -329.0062 --
ML: -644.9197776637006 Information: 158.6050172432967
            196      -781.8887         2.6         -458.0619      -323.8267 --
ML: -644.9197313831385 Information: 158.60627848690308
            197      -798.2543         2.6         -458.0038      -340.2505 --
ML: -644.9197133387656 Information: 158.60677126716598
            198      -788.9980         2.6         -457.6551      -331.3429 --
ML: -644.9197039313991 Information: 158.60703145276204
            199      -777.3102         2.6         -457.3086      -320.0016 --
ML: -644.9196990376278 Information: 158.60716849752134
            200      -788.8523         2.6         -456.6207      -332.2315 --
ML: -644.9196954556809 Information: 158.6072712697768
            201      -780.4685         2.6         -454.9497      -325.5187 --
ML: -644.9196884488251 Information: 158.6074840158562
            202      -793.7889         2.6         -454.1206      -339.6682 --
ML: -644.9196825430191 Information: 158.60766822628324
            203      -804.7920         2.6         -453.9541      -350.8379 --
ML: -644.9196799766352 Information: 158.60774870256228
            204      -791.6388         2.6         -452.5099      -339.1288 --
ML: -644.9196759752657 Information: 158.6078799549481
            205      -797.9535         2.6         -452.4562      -345.4972 --
ML: -644.9196744220534 Information: 158.6079309864811
            206      -805.5460         2.6         -452.0888      -353.4572 --
ML: -644.9196735969024 Information: 158.60795840041635
            207      -788.7541         2.6         -451.1433      -337.6108 --
ML: -644.9196728155424 Information: 158.60798509820484
            208      -804.2933         2.6         -450.4115      -353.8817 --
ML: -644.9196722179856 Information: 158.60800595305028
            209      -809.2170         2.6         -450.2907      -358.9263 --
ML: -644.919671969934 Information: 158.6080146400393
            210      -804.8360         2.6         -449.9905      -354.8454 --
ML: -644.9196718467366 Information: 158.6080189914976
            211      -800.4785         2.6         -449.9561      -350.5223 --
ML: -644.9196717998266 Information: 158.60802065001155
            212      -809.2183         2.6         -449.1093      -360.1089 --
ML: -644.9196717595812 Information: 158.60802210700615
            213      -811.3559         2.6         -448.2447      -363.1112 --
ML: -644.9196717244309 Information: 158.60802340993627
            214      -807.4642         2.6         -448.1688      -359.2953 --
ML: -644.9196717104804 Information: 158.60802392808756
            215      -795.4836         2.6         -448.0728      -347.4108 --
ML: -644.919671704831 Information: 158.6080241384833
            216      -803.1671         2.6         -448.0218      -355.1452 --
ML: -644.919671702644 Information: 158.60802422002985
            217      -799.9825         2.6         -447.8131      -352.1693 --
ML: -644.9196717016528 Information: 158.6080242572039
            218      -809.4731         2.6         -447.7149      -361.7582 --
ML: -644.9196717012504 Information: 158.60802427235313
            219      -799.4584         2.6         -447.5652      -351.8931 --
ML: -644.9196717010785 Information: 158.6080242788417
            220      -806.4133         2.6         -446.7144      -359.6988 --
ML: -644.9196717009305 Information: 158.60802428453297
            221      -799.8014         2.6         -446.5366      -353.2647 --
ML: -644.9196717008655 Information: 158.60802428703494
            222      -796.0808         2.6         -445.1161      -350.9646 --
ML: -644.9196717007663 Information: 158.60802429104263
            223      -808.0545         2.6         -444.8421      -363.2124 --
ML: -644.9196717007184 Information: 158.60802429299866
            224      -805.2921         2.6         -444.7944      -360.4976 --
ML: -644.9196717006998 Information: 158.608024293764
            225      -799.0035         2.6         -444.7917      -354.2117 --
ML: -644.919671700693 Information: 158.6080242940393
            226      -798.4138         2.6         -444.5159      -353.8979 --
ML: -644.9196717006897 Information: 158.60802429416913
            227      -810.9347         2.6         -444.3966      -366.5380 --
ML: -644.9196717006884 Information: 158.60802429422193
            228      -805.1343         2.6         -444.1008      -361.0335 --
ML: -644.9196717006877 Information: 158.60802429425195
            229      -809.9089         2.6         -443.5181      -366.3908 --
ML: -644.9196717006872 Information: 158.60802429427457
            230      -808.4973         2.6         -443.4056      -365.0916 --
ML: -644.919671700687 Information: 158.6080242943034
            231      -801.8172         2.6         -442.8198      -358.9973 --
ML: -644.9196717006869 Information: 158.6080242943048
            232      -806.0556         2.6         -442.7967      -363.2589 --
ML: -644.9196717006869 Information: 158.60802429428458
            233      -803.4358         2.6         -442.7951      -360.6407 --
ML: -644.9196717006869 Information: 158.60802429427707
            234      -805.2618         2.6         -442.4713      -362.7904 --
ML: -644.9196717006869 Information: 158.60802429427332
            235      -809.2904         2.6         -442.2845      -367.0058 --
ML: -644.9196717006869 Information: 158.60802429427162
            236      -816.1775         2.6         -441.6497      -374.5278 --
ML: -644.9196717006869 Information: 158.60802429427048
            237      -801.0656         2.6         -440.9258      -360.1397 --
ML: -644.9196717006869 Information: 158.60802429426957
            238      -811.0094         2.6         -440.5835      -370.4258 --
ML: -644.9196717006869 Information: 158.60802429426911
            239      -810.6090         2.6         -440.0151      -370.5938 --
ML: -644.9196717006869 Information: 158.60802429426877
            240      -812.3625         2.6         -439.7457      -372.6168 --
ML: -644.9196717006869 Information: 158.60802429426866
            241      -797.9748         2.6         -439.3075      -358.6672 --
ML: -644.9196717006869 Information: 158.60802429426855
            242      -814.1712         2.6         -439.1884      -374.9828 --
ML: -644.9196717006869 Information: 158.60802429426855
            243      -801.3560         2.6         -438.9671      -362.3889 --
ML: -644.9196717006869 Information: 158.60802429426855
            244      -804.5269         2.6         -438.9527      -365.5741 --
ML: -644.9196717006869 Information: 158.60802429426855
            245      -800.0029         2.6         -438.8913      -361.1115 --
ML: -644.9196717006869 Information: 158.60802429426855
            246      -791.0323         2.6         -438.6952      -352.3371 --
ML: -644.9196717006869 Information: 158.60802429426855
            247      -789.4910         2.6         -437.8416      -351.6493 --
ML: -644.9196717006869 Information: 158.60802429426855
            248      -811.3828         2.6         -437.5934      -373.7894 --
ML: -644.9196717006869 Information: 158.60802429426855
            249      -811.9887         2.6         -437.3347      -374.6540 --
ML: -644.9196717006869 Information: 158.60802429426855
            250      -803.9726         2.6         -436.8389      -367.1337 --
ML: -644.9196717006869 Information: 158.60802429426855
            251      -804.9919         2.7         -435.8157      -369.1762 --
ML: -644.9196717006869 Information: 158.60802429426855
            252      -800.7226         2.7         -435.5988      -365.1237 --
ML: -644.9196717006869 Information: 158.60802429426855
            253      -813.9866         2.7         -435.3498      -378.6367 --
ML: -644.9196717006869 Information: 158.60802429426855
            254      -810.7722         2.7         -435.2650      -375.5071 --
ML: -644.9196717006869 Information: 158.60802429426855
            255      -800.8820         2.7         -434.5223      -366.3597 --
ML: -644.9196717006869 Information: 158.60802429426855
            256      -805.1360         2.7         -434.1148      -371.0212 --
ML: -644.9196717006869 Information: 158.60802429426855
            257      -806.8100         2.7         -434.0672      -372.7428 --
ML: -644.9196717006869 Information: 158.60802429426855
            258      -816.2511         2.7         -434.0425      -382.2086 --
ML: -644.9196717006869 Information: 158.60802429426855
            259      -819.5588         2.7         -433.9965      -385.5622 --
ML: -644.9196717006869 Information: 158.60802429426855
            260      -818.1367         2.7         -432.8122      -385.3244 --
ML: -644.9196717006869 Information: 158.60802429426855
            261      -824.7175         2.7         -432.7987      -391.9188 --
ML: -644.9196717006869 Information: 158.60802429426855
            262      -816.4853         2.7         -432.7042      -383.7810 --
ML: -644.9196717006869 Information: 158.60802429426855
            263      -817.3206         2.7         -432.3521      -384.9684 --
ML: -644.9196717006869 Information: 158.60802429426855
            264      -821.1848         2.7         -431.1103      -390.0744 --
ML: -644.9196717006869 Information: 158.60802429426855
            265      -814.3041         2.7         -430.9609      -383.3432 --
ML: -644.9196717006869 Information: 158.60802429426855
            266      -820.2794         2.8         -430.8763      -389.4030 --
ML: -644.9196717006869 Information: 158.60802429426855
            267      -831.4575         2.8         -430.5993      -400.8582 --
ML: -644.9196717006869 Information: 158.60802429426855
            268      -819.7569         2.8         -429.8027      -389.9541 --
ML: -644.9196717006869 Information: 158.60802429426855
            269      -803.3399         2.8         -429.6867      -373.6532 --
ML: -644.9196717006869 Information: 158.60802429426855
            270      -813.7699         2.8         -429.2111      -384.5587 --
ML: -644.9196717006869 Information: 158.60802429426855
            271      -806.3778         2.8         -429.1897      -377.1880 --
ML: -644.9196717006869 Information: 158.60802429426855
            272      -804.9259         2.8         -428.9179      -376.0079 --
ML: -644.9196717006869 Information: 158.60802429426855
            273      -815.0996         2.8         -428.8204      -386.2791 --
ML: -644.9196717006869 Information: 158.60802429426855
            274      -816.1093         2.8         -428.7800      -387.3293 --
ML: -644.9196717006869 Information: 158.60802429426855
            275      -819.0242         2.8         -428.5403      -390.4838 --
ML: -644.9196717006869 Information: 158.60802429426855
            276      -825.2540         2.8         -428.1981      -397.0559 --
ML: -644.9196717006869 Information: 158.60802429426855
            277      -818.2302         2.8         -428.1687      -390.0615 --
ML: -644.9196717006869 Information: 158.60802429426855
            278      -828.7041         2.8         -427.7611      -400.9429 --
ML: -644.9196717006869 Information: 158.60802429426855
            279      -812.8997         2.9         -427.3086      -385.5911 --
ML: -644.9196717006869 Information: 158.60802429426855
            280      -825.4811         2.9         -426.8803      -398.6008 --
ML: -644.9196717006869 Information: 158.60802429426855
            281      -825.2918         2.9         -426.3135      -398.9783 --
ML: -644.9196717006869 Information: 158.60802429426855
            282      -841.9489         2.9         -425.4520      -416.4969 --
ML: -644.9196717006869 Information: 158.60802429426855
            283      -831.6773         2.9         -425.4057      -406.2716 --
ML: -644.9196717006869 Information: 158.60802429426855
            284      -836.3129         2.9         -425.1602      -411.1526 --
ML: -644.9196717006869 Information: 158.60802429426855
            285      -837.2663         2.9         -425.0667      -412.1996 --
ML: -644.9196717006869 Information: 158.60802429426855
            286      -831.1803         2.9         -424.9276      -406.2526 --
ML: -644.9196717006869 Information: 158.60802429426855
            287      -823.3830         2.9         -424.7387      -398.6443 --
ML: -644.9196717006869 Information: 158.60802429426855
            288      -835.7910         2.9         -424.5815      -411.2094 --
ML: -644.9196717006869 Information: 158.60802429426855
            289      -827.5215         3.0         -424.5600      -402.9615 --
ML: -644.9196717006869 Information: 158.60802429426855
            290      -824.2949         3.0         -423.9274      -400.3674 --
ML: -644.9196717006869 Information: 158.60802429426855
            291      -832.2038         3.0         -423.1738      -409.0300 --
ML: -644.9196717006869 Information: 158.60802429426855
            292      -838.1978         3.0         -423.0666      -415.1312 --
ML: -644.9196717006869 Information: 158.60802429426855
            293      -832.7086         3.0         -422.9593      -409.7492 --
ML: -644.9196717006869 Information: 158.60802429426855
            294      -829.1685         3.0         -422.0982      -407.0702 --
ML: -644.9196717006869 Information: 158.60802429426855
            295      -828.4044         3.0         -421.7569      -406.6475 --
ML: -644.9196717006869 Information: 158.60802429426855
            296      -839.3702         3.0         -421.6206      -417.7495 --
ML: -644.9196717006869 Information: 158.60802429426855
            297      -829.5823         3.0         -421.4442      -408.1380 --
ML: -644.9196717006869 Information: 158.60802429426855
            298      -825.8105         3.0         -420.7382      -405.0722 --
ML: -644.9196717006869 Information: 158.60802429426855
            299      -857.9368         3.1         -420.5865      -437.3502 --
ML: -644.9196717006869 Information: 158.60802429426855
            300      -840.9634         3.1         -420.4359      -420.5274 --
ML: -644.9196717006869 Information: 158.60802429426855
            301      -844.4696         3.1         -419.9488      -424.5208 --
ML: -644.9196717006869 Information: 158.60802429426855
            302      -843.0599         3.1         -419.8535      -423.2064 --
ML: -644.9196717006869 Information: 158.60802429426855
            303      -830.5090         3.1         -419.8149      -410.6941 --
ML: -644.9196717006869 Information: 158.60802429426855
            304      -836.3124         3.1         -419.7889      -416.5234 --
ML: -644.9196717006869 Information: 158.60802429426855
            305      -848.0515         3.1         -419.4824      -428.5690 --
ML: -644.9196717006869 Information: 158.60802429426855
            306      -844.2145         3.1         -419.2840      -424.9304 --
ML: -644.9196717006869 Information: 158.60802429426855
            307      -839.5873         3.2         -418.8638      -420.7234 --
ML: -644.9196717006869 Information: 158.60802429426855
            308      -824.5389         3.2         -418.7820      -405.7569 --
ML: -644.9196717006869 Information: 158.60802429426855
            309      -838.8038         3.2         -418.7725      -420.0312 --
ML: -644.9196717006869 Information: 158.60802429426855
            310      -856.3246         3.2         -418.7592      -437.5653 --
ML: -644.9196717006869 Information: 158.60802429426855
            311      -820.6158         3.2         -418.4787      -402.1370 --
ML: -644.9196717006869 Information: 158.60802429426855
            312      -833.7314         3.2         -418.2760      -415.4554 --
ML: -644.9196717006869 Information: 158.60802429426855
            313      -850.9036         3.2         -418.1180      -432.7855 --
ML: -644.9196717006869 Information: 158.60802429426855
            314      -856.1857         3.3         -418.0550      -438.1307 --
ML: -644.9196717006869 Information: 158.60802429426855
            315      -856.6192         3.3         -417.9769      -438.6423 --
ML: -644.9196717006869 Information: 158.60802429426855
            316      -840.4537         3.3         -417.8774      -422.5763 --
ML: -644.9196717006869 Information: 158.60802429426855
            317      -848.5624         3.3         -417.8618      -430.7005 --
ML: -644.9196717006869 Information: 158.60802429426855
318<=1000000&& (318<2.0*158.60802429426855*1||Math.abs(-644.9196717006869 - -644.9196717006869)/Math.abs(-644.9196717006869) > 1.0E-10
Finished in 318 steps!
Marginal likelihood: -643.2361655434602 (bootstrap SD=12.434579420923612)
Marginal likelihood: -641.3747260636911 (subsample SD=15.193594613799696)
Marginal likelihood: -643.9746625192554(13.095029850413528)
Information: 158.60802429426855
SD: 12.593967774068208

Operator                                                                Tuning    #accept    #reject      Pr(m)  Pr(acc|m)
Uniform()                                                                    -     565437     320651    0.27778    0.63813 
SubtreeSlide()                                                         1.00000      43422      45082    0.02778    0.49062 Try increasing size to about 2
SubtreeSlide()                                                        30.00000       2113      86410    0.02778    0.02387 Try decreasing size to about 15
Exchange()                                                                   -     102052     784558    0.27778    0.11510 
beast.base.inference.operator.DeltaExchangeOperator(editRateScaler)    1.00000       1622      86923    0.02778    0.01832 Try setting delta to about 0.5
ScaleOperator(clockRateScaler)                                         0.80000      57990      30651    0.02778    0.65421 Try setting scaleFactor to about 0.64
ScaleOperator(silencingRateScaler)                                     0.80000      67673      20978    0.02778    0.76336 Try setting scaleFactor to about 0.64
ScaleOperator(georateScaler.s:tissue)                                  0.99000     860013      25451    0.27778    0.97126 Try setting scaleFactor to about 0.98
ScaleOperator(geoMuScaler.c:tissue)                                    0.90000      76561      12413    0.02778    0.86049 Try setting scaleFactor to about 0.81

     Tuning: The value of the operator's tuning parameter, or '-' if the operator can't be optimized.
    #accept: The total number of times a proposal by this operator has been accepted.
    #reject: The total number of times a proposal by this operator has been rejected.
      Pr(m): The probability this operator is chosen in a step of the MCMC (i.e. the normalized weight).
  Pr(acc|m): The acceptance probability (#accept as a fraction of the total proposals for this operator).


Total calculation time: 478.104 seconds
Done!
