************************************
**** FeastMain BEAST 2 Launcher ****
************************************

Hunting for beast_services.xml files embedded in classpath:
- Processing /feast/beast_services.xml...
- Processing /beast_services.xml...
Done. Handing over to BeastMain...

                   BEAST v2.7.7 Prerelease, 2002-2024
             Bayesian Evolutionary Analysis Sampling Trees
                       Designed and developed by
 Remco Bouckaert, Alexei J. Drummond, Andrew Rambaut & Marc A. Suchard
                                    
                   Centre for Computational Evolution
                         University of Auckland
                       r.bouckaert@auckland.ac.nz
                        alexei@cs.auckland.ac.nz
                                    
                   Institute of Evolutionary Biology
                        University of Edinburgh
                           a.rambaut@ed.ac.uk
                                    
                    David Geffen School of Medicine
                 University of California, Los Angeles
                           msuchard@ucla.edu
                                    
                      Downloads, Help & Resources:
                           http://beast2.org/
                                    
  Source code distributed under the GNU Lesser General Public License:
                   http://github.com/CompEvol/beast2
                                    
                           BEAST developers:
   Alex Alekseyenko, Trevor Bedford, Erik Bloomquist, Joseph Heled, 
 Sebastian Hoehna, Denise Kuehnert, Philippe Lemey, Wai Lok Sibon Li, 
Gerton Lunter, Sidney Markowitz, Vladimir Minin, Michael Defoin Platel, 
          Oliver Pybus, Tim Vaughan, Chieh-Hsi Wu, Walter Xie
                                    
                               Thanks to:
          Roald Forsberg, Beth Shapiro and Korbinian Strimmer

Random number seed: 1733232926942

AlignmentFromFasta(alignment)
  63 taxa
  10 sites
  6 patterns

ASV020 = 420 (0.0)
ASV041 = 420 (0.0)
ASV051 = 420 (0.0)
ASV052 = 420 (0.0)
ASV055 = 420 (0.0)
ASV070 = 420 (0.0)
ASV071 = 420 (0.0)
ASV075 = 420 (0.0)
ASV076 = 420 (0.0)
ASV088 = 420 (0.0)
53 more...
Starting frequencies: [1.0, 0.0, 0.0]
  Using BEAGLE version: 4.0.1 (PRE-RELEASE) resource 0: CPU (x86_64)
    with instance flags:  PRECISION_DOUBLE COMPUTATION_SYNCH EIGEN_COMPLEX SCALING_MANUAL SCALERS_RAW VECTOR_SSE THREADING_NONE PROCESSOR_CPU FRAMEWORK_CPU
Starting frequencies: [1.0, 0.0, 0.0, 0.0]
ASV020 = FML (NaN)
ASV041 = LNSL (NaN)
ASV051 = PRL (NaN)
ASV052 = LNSL (NaN)
ASV055 = LNSL (NaN)
ASV070 = FML (NaN)
ASV071 = PRL (NaN)
ASV075 = FML (NaN)
ASV076 = FML (NaN)
ASV088 = FML (NaN)
53 more...
Starting frequencies: [0.25, 0.25, 0.25, 0.25]
  Using BEAGLE version: 4.0.1 (PRE-RELEASE) resource 0: CPU (x86_64)
    with instance flags:  PRECISION_DOUBLE COMPUTATION_SYNCH EIGEN_COMPLEX SCALING_MANUAL SCALERS_RAW VECTOR_SSE THREADING_NONE PROCESSOR_CPU FRAMEWORK_CPU
===============================================================================
Citations for this model:

Patricio Maturana, Brendon J. Brewer, Steffen Klaere, Remco Bouckaert. Model selection and parameter inference in phylogenetics using Nested Sampling. Systematic Biology, syy050, 2018

Stadler, T., Kuehnert, D., Bonhoeffer, S., and Drummond, A. J. (2013):
 Birth-death skyline plot reveals temporal changes of
 epidemic spread in HIV and hepatitis C virus (HCV). PNAS 110(1): 228–33.
If sampled ancestors are used then please also cite: Gavryushkina A, Welch D, Stadler T, Drummond AJ (2014) 
Bayesian inference of sampled ancestor trees for epidemiology and fossil calibration. 
PLoS Comput Biol 10(12): e1003919. doi:10.1371/journal.pcbi.1003919

Edwards, C. J., Suchard, M. A., Lemey, P., ... & Valdiosera, C. E. (2011).
Ancient hybridization and an Irish origin for the modern polar bear matriline.
Current Biology, 21(15), 1251-1258.

===============================================================================
         Sample      posterior ESS(posterior)     likelihood          prior
Start likelihood 0: -4592.144071225491 
              0     -1671.0108              N     -1172.3686      -498.6421 --
ML: -1173.2072074838345 Information: 0.8385606384288167
              1     -1285.2863         2.0         -864.9134      -420.3729 --
ML: -866.7520274981414 Information: 1.8385606384288167
              2     -1219.0329         3.0         -859.9096      -359.1232 --
ML: -862.7301507955714 Information: 2.7308143166318875
              3     -1162.9674         4.0         -849.9271      -313.0403 --
ML: -853.7655451104517 Information: 3.8371449796634343
              4     -1157.2049         4.7         -846.4405      -310.7644 --
ML: -851.199170616864 Information: 4.490721294997186
              5     -1119.3625         4.1         -821.0364      -298.3261 --
ML: -826.8749710297761 Information: 5.838560637689775
              6     -1107.1826         4.1         -813.4481      -293.7344 --
ML: -820.2853828482594 Information: 6.826754284764757
              7     -1080.8939         4.3         -800.5200      -280.3739 --
ML: -808.3585609381138 Information: 7.838468494445984
              8     -1082.2508         4.5         -798.7031      -283.5477 --
ML: -807.1758229744902 Information: 7.915872445963402
              9     -1071.4821         3.0         -783.2926      -288.1894 --
ML: -793.1312160943659 Information: 9.838547145179122
             10     -1074.9458         3.1         -774.5479      -300.3978 --
ML: -785.386059290109 Information: 10.834342693265615
             11     -1061.4665         3.0         -772.7512      -288.7152 --
ML: -784.2175730521672 Information: 10.906643603769453
             12     -1054.5909         3.0         -772.4638      -282.1270 --
ML: -783.9264249556256 Information: 10.82946807529845
             13     -1058.0730         3.1         -767.6023      -290.4707 --
ML: -781.3609110556654 Information: 13.33614113693465
             14     -1056.4271         3.2         -766.0644      -290.3626 --
ML: -780.4128403442679 Information: 13.588780182373227
             15     -1051.9063         3.3         -762.4836      -289.4227 --
ML: -778.2056438045338 Information: 15.244532030271444
             16     -1026.7432         3.4         -755.9659      -270.7772 --
ML: -772.8000338851601 Information: 16.802641849160977
             17     -1027.0931         3.5         -745.3671      -281.7260 --
ML: -763.2056353745033 Information: 17.837768509371063
             18     -1043.5688         3.5         -745.1539      -298.4148 --
ML: -762.8304519094745 Information: 17.52950145411137
             19     -1041.1804         3.3         -743.3919      -297.7884 --
ML: -762.3174616450378 Information: 17.78258665055739
             20     -1013.0533         3.4         -728.8428      -284.2104 --
ML: -749.6814555823624 Information: 20.838506343390303
             21      -996.0295         3.4         -714.9729      -281.0566 --
ML: -736.8114598638307 Information: 21.838522360856338
             22      -984.5855         3.4         -712.2648      -272.3206 --
ML: -734.9368315195812 Information: 22.256560665682827
             23      -988.4051         3.3         -701.4604      -286.9447 --
ML: -725.2989620604166 Information: 23.837763760338436
             24      -988.5266         3.3         -690.4958      -298.0307 --
ML: -715.3343571088157 Information: 24.837997839228493
             25      -955.9327         3.3         -678.8340      -277.0987 --
ML: -704.6725548553458 Information: 25.83826405110288
             26      -965.6528         3.2         -678.1241      -287.5286 --
ML: -704.114013734973 Information: 25.583617405909308
             27      -972.2588         3.1         -675.2302      -297.0285 --
ML: -702.7675403579309 Information: 26.67870321472634
             28      -957.9111         3.1         -673.8128      -284.0983 --
ML: -702.0146243844847 Information: 27.12982369661995
             29      -953.8132         2.8         -671.4676      -282.3455 --
ML: -700.9058321435767 Information: 28.310644959977907
             30      -969.6920         2.8         -671.1985      -298.4934 --
ML: -700.6262254002443 Information: 28.37169626766763
             31      -955.7021         2.7         -668.3282      -287.3738 --
ML: -699.6772437394187 Information: 29.828966603615868
             32      -976.8421         2.7         -666.7292      -310.1128 --
ML: -698.927902158994 Information: 30.7243393235226
             33      -956.6743         2.7         -664.5892      -292.0850 --
ML: -697.9537880994548 Information: 32.000018711207844
             34      -960.9255         2.7         -663.8962      -297.0292 --
ML: -697.5767711169253 Information: 32.26925367119202
             35      -952.6084         2.6         -661.5702      -291.0382 --
ML: -696.7961021437003 Information: 33.51383132345006
             36      -959.5802         2.6         -658.9674      -300.6127 --
ML: -695.4900836508626 Information: 35.3537546719389
             37      -959.7720         2.6         -658.2820      -301.4899 --
ML: -695.0633032710268 Information: 35.5711412774092
             38      -949.5413         2.6         -656.3137      -293.2275 --
ML: -694.4136567851273 Information: 36.44005657262301
             39      -955.1613         2.6         -655.4348      -299.7265 --
ML: -694.0606947512196 Information: 36.84211665610337
             40      -945.2390         2.6         -650.8143      -294.4246 --
ML: -691.5667628841717 Information: 40.22347889098786
             41      -937.4811         2.6         -650.4453      -287.0357 --
ML: -691.1692451992967 Information: 40.12048501111599
             42      -939.3133         2.6         -642.1571      -297.1561 --
ML: -684.9936382061653 Information: 42.81798846114321
             43      -932.0660         2.6         -637.9264      -294.1396 --
ML: -681.7261787275613 Information: 43.6378055309424
             44      -936.2798         2.6         -636.3235      -299.9563 --
ML: -680.7117243050262 Information: 43.748266992498685
             45      -923.0579         2.7         -631.9098      -291.1481 --
ML: -677.6980056037461 Information: 45.54002648809781
             46      -911.8801         2.7         -631.0000      -280.8801 --
ML: -677.0726725781763 Information: 45.453053332309366
             47      -910.5401         2.7         -629.3945      -281.1456 --
ML: -676.4565155416543 Information: 45.86040796492705
             48      -902.3504         2.8         -626.2828      -276.0675 --
ML: -674.8878447195432 Information: 47.70642142585112
             49      -917.1623         2.8         -625.5504      -291.6119 --
ML: -674.4142226258368 Information: 47.848081295560064
             50      -925.3332         2.8         -624.8772      -300.4560 --
ML: -674.1735520693173 Information: 47.968665637064476
             51      -912.7870         2.8         -622.5559      -290.2310 --
ML: -673.5848151837348 Information: 49.00358216529793
             52      -907.6289         2.8         -622.5100      -285.1188 --
ML: -673.4266248439061 Information: 49.148428859733826
             53      -913.2586         2.8         -620.2075      -293.0511 --
ML: -672.9959915755146 Information: 50.14213233516216
             54      -913.0499         2.8         -619.7675      -293.2823 --
ML: -672.8137904034143 Information: 50.4739995057588
             55      -925.8367         2.8         -619.5953      -306.2413 --
ML: -672.7435239474652 Information: 50.589955852005914
             56      -910.0498         2.8         -617.1495      -292.9003 --
ML: -672.4903803490608 Information: 51.455935357187
             57      -913.9540         2.8         -616.5476      -297.4063 --
ML: -672.3504517037394 Information: 51.901889576179656
             58      -915.7591         2.8         -613.7114      -302.0477 --
ML: -671.7521037506201 Information: 54.33714539282994
             59      -922.4770         2.8         -611.5038      -310.9731 --
ML: -670.8332651152797 Information: 56.97099743380241
             60      -896.7772         2.8         -598.6707      -298.1064 --
ML: -659.5093390237745 Information: 60.83836503878995
             61      -887.1799         2.9         -596.4940      -290.6859 --
ML: -658.0638767519364 Information: 61.0568788928467
             62      -897.6159         2.9         -594.4978      -303.1180 --
ML: -656.9422334254916 Information: 61.62706482503731
             63      -880.5917         2.9         -590.8281      -289.7635 --
ML: -654.5689511532495 Information: 63.322684495376286
             64      -865.8667         2.9         -583.8202      -282.0464 --
ML: -648.6560862512677 Information: 64.81576937663144
             65      -866.8166         2.9         -582.8049      -284.0116 --
ML: -647.9566486433675 Information: 64.63724428826771
             66      -877.0241         2.9         -578.1660      -298.8581 --
ML: -644.9536859906831 Information: 66.53183452554113
             67      -872.8816         2.9         -575.1286      -297.7530 --
ML: -642.8386281394617 Information: 67.3127640703371
             68      -884.1659         2.9         -574.6446      -309.5212 --
ML: -642.4167204772317 Information: 67.19416592865656
             69      -880.1866         2.8         -570.8250      -309.3616 --
ML: -640.5038430345996 Information: 69.02948315972861
             70      -864.4919         2.8         -570.4204      -294.0714 --
ML: -640.1186365222252 Information: 68.98119143526588
             71      -870.2046         2.8         -568.3298      -301.8747 --
ML: -639.4500830392913 Information: 69.68146658794302
             72      -857.9388         2.8         -565.2823      -292.6565 --
ML: -637.8860897884861 Information: 71.66475930723442
             73      -848.2370         2.8         -562.8440      -285.3930 --
ML: -636.4201046054501 Information: 72.79643571517875
             74      -853.6401         2.8         -560.1323      -293.5078 --
ML: -634.7600497476275 Information: 73.96388507886924
             75      -855.6577         2.8         -558.1511      -297.5065 --
ML: -633.609333977781 Information: 74.62126024192685
             76      -839.1487         2.8         -555.8155      -283.3332 --
ML: -632.3285831997784 Information: 75.63164026295684
             77      -842.9807         2.8         -550.1041      -292.8766 --
ML: -627.9302897393667 Information: 77.7451053005864
             78      -835.7810         2.8         -547.4746      -288.3064 --
ML: -626.1321569249936 Information: 78.20862286507288
             79      -835.5813         2.8         -547.4151      -288.1661 --
ML: -625.850162558341 Information: 78.0515481779683
             80      -826.6485         2.8         -542.6593      -283.9892 --
ML: -623.4069731442645 Information: 80.30114880081481
             81      -837.3238         2.8         -542.0684      -295.2553 --
ML: -622.9328998428423 Information: 80.2187345974753
             82      -837.8308         2.8         -541.2976      -296.5332 --
ML: -622.6703728857941 Information: 80.28328291636927
             83      -855.6537         2.8         -538.9815      -316.6721 --
ML: -622.0493025781931 Information: 81.23771298335112
             84      -839.1125         2.8         -537.0984      -302.0140 --
ML: -621.2984577778856 Information: 82.44750224290883
             85      -835.2458         2.8         -536.2892      -298.9566 --
ML: -620.9363682738232 Information: 82.86360468388943
             86      -854.6760         2.8         -535.6381      -319.0378 --
ML: -620.7421956698923 Information: 83.09910150292524
             87      -846.5488         2.8         -535.6063      -310.9425 --
ML: -620.6773201911891 Information: 83.16216849948944
             88      -831.5773         2.8         -535.0758      -296.5015 --
ML: -620.6387925781123 Information: 83.21583532645298
             89      -827.5222         2.8         -532.0452      -295.4770 --
ML: -620.3857602059846 Information: 84.16502008072473
             90      -832.8212         2.8         -530.5778      -302.2434 --
ML: -620.0806423204408 Information: 85.34378387954564
             91      -816.9404         2.7         -528.4956      -288.4448 --
ML: -619.506272290113 Information: 87.4964421260625
             92      -834.4131         2.7         -528.3488      -306.0642 --
ML: -619.335557146433 Information: 87.90026733068805
             93      -834.8503         2.7         -527.0620      -307.7883 --
ML: -619.1456948761063 Information: 88.46666128644443
             94      -856.3296         2.7         -525.7963      -330.5332 --
ML: -618.9423101818796 Information: 89.16186016464826
             95      -833.7810         2.7         -524.4915      -309.2894 --
ML: -618.7194713875404 Information: 89.99550799462963
             96      -830.7681         2.7         -524.2618      -306.5062 --
ML: -618.6310333870608 Information: 90.2847464813351
             97      -830.9096         2.7         -522.5196      -308.3899 --
ML: -618.4673960028232 Information: 91.00064220619123
             98      -820.1165         2.7         -519.2396      -300.8768 --
ML: -617.5608175067763 Information: 94.99823261984648
             99      -825.6539         2.7         -518.0832      -307.5706 --
ML: -617.0319698415123 Information: 96.30911635061437
            100      -817.4996         2.7         -516.5587      -300.9409 --
ML: -616.5049081850848 Information: 97.48792627718518
            101      -818.5207         2.7         -516.3161      -302.2046 --
ML: -616.3291967290838 Information: 97.74743207391867
            102      -832.4165         2.7         -515.8862      -316.5303 --
ML: -616.2419962220981 Information: 97.88532388062362
            103      -824.9709         2.7         -513.8395      -311.1314 --
ML: -616.0286127525095 Information: 98.53992955548114
            104      -816.3015         2.7         -511.9729      -304.3286 --
ML: -615.6521660317144 Information: 99.89380476878756
            105      -806.1273         2.7         -511.8860      -294.2412 --
ML: -615.5336040689726 Information: 100.20817874643069
            106      -796.4537         2.7         -500.6430      -295.8107 --
ML: -607.4812608105539 Information: 106.83356801422325
            107      -804.1357         2.7         -499.8939      -304.2418 --
ML: -606.9058536836179 Information: 106.58795630279383
            108      -823.2871         2.7         -498.9753      -324.3118 --
ML: -606.5670121719706 Information: 106.63497895481851
            109      -804.2499         2.6         -498.3279      -305.9220 --
ML: -606.3830200019197 Information: 106.72057245547308
            110      -816.7495         2.6         -498.0708      -318.6787 --
ML: -606.3061060170111 Information: 106.76148720190815
            111      -807.6771         2.6         -497.4475      -310.2296 --
ML: -606.2565605968238 Information: 106.81331072011886
            112      -800.5563         2.6         -497.3274      -303.2289 --
ML: -606.236706764926 Information: 106.83505006264357
            113      -808.0385         2.6         -496.8322      -311.2063 --
ML: -606.2249106632827 Information: 106.85338513328583
            114      -789.6355         2.6         -492.1767      -297.4587 --
ML: -605.8508264439267 Information: 108.72465127999095
            115      -776.4759         2.6         -491.8040      -284.6718 --
ML: -605.6966823093491 Information: 109.33077786885087
            116      -781.3069         2.6         -491.6584      -289.6484 --
ML: -605.6376688886864 Information: 109.54152869189659
            117      -794.7628         2.6         -489.0637      -305.6990 --
ML: -605.3889815534061 Information: 110.84120706656756
            118      -788.1603         2.6         -487.2716      -300.8887 --
ML: -604.9927818457494 Information: 112.82523708076957
            119      -790.8506         2.6         -486.1009      -304.7496 --
ML: -604.6649119941409 Information: 114.19324274297412
            120      -793.9688         2.6         -482.6306      -311.3381 --
ML: -603.2049408705162 Information: 118.75325981192461
            121      -792.1984         2.6         -482.6077      -309.5907 --
ML: -602.9510842788837 Information: 118.91280603793524
            122      -767.8464         2.6         -478.1714      -289.6749 --
ML: -600.8758992823296 Information: 121.9679416660345
            123      -770.1095         2.6         -476.2724      -293.8370 --
ML: -599.7288726777991 Information: 122.61945851469
            124      -775.8114         2.6         -475.3707      -300.4406 --
ML: -599.2473710960998 Information: 122.8023729582676
            125      -770.1004         2.6         -471.4859      -298.6144 --
ML: -597.1881001586638 Information: 125.06960746741925
            126      -774.2326         2.6         -464.8782      -309.3543 --
ML: -591.712628459768 Information: 126.80403968842138
            127      -759.9732         2.6         -462.6034      -297.3697 --
ML: -590.1946543093411 Information: 127.08600285567825
            128      -744.3378         2.7         -460.2012      -284.1365 --
ML: -588.765870296009 Information: 127.86802909794534
            129      -750.3808         2.7         -459.6729      -290.7078 --
ML: -588.3776091335943 Information: 127.87388423203606
            130      -764.2532         2.7         -457.9603      -306.2929 --
ML: -587.8731029767358 Information: 128.3770388650027
            131      -760.9883         2.7         -454.5754      -306.4128 --
ML: -586.204980128482 Information: 130.70152729300486
            132      -758.2950         2.7         -454.0100      -304.2849 --
ML: -585.7827283150691 Information: 130.7936570399458
            133      -761.3800         2.7         -453.5662      -307.8137 --
ML: -585.6025105712023 Information: 130.84807160867234
            134      -761.5421         2.7         -453.4152      -308.1268 --
ML: -585.5343315251079 Information: 130.86815191500187
            135      -752.2382         2.7         -452.9648      -299.2734 --
ML: -585.496995491497 Information: 130.89316591677203
            136      -763.9618         2.7         -452.7255      -311.2362 --
ML: -585.4800134434032 Information: 130.90781192261738
            137      -755.0105         2.7         -451.9770      -303.0335 --
ML: -585.4670044516535 Information: 130.92834451670183
            138      -766.0117         2.7         -451.9290      -314.0826 --
ML: -585.462028320865 Information: 130.93632185386264
            139      -760.0233         2.7         -450.5520      -309.4713 --
ML: -585.454817398249 Information: 130.95766182536852
            140      -757.5323         2.7         -449.2812      -308.2511 --
ML: -585.4454417388563 Information: 130.99696062059945
            141      -765.4888         2.7         -448.3102      -317.1786 --
ML: -585.4364175865934 Information: 131.0430799186629
            142      -752.4457         2.7         -448.0639      -304.3817 --
ML: -585.4321988600855 Information: 131.06550682348353
            143      -740.5834         2.7         -447.8297      -292.7536 --
ML: -585.4302433201021 Information: 131.0763220456484
            144      -741.7875         2.7         -447.0746      -294.7129 --
ML: -585.4287151931011 Information: 131.08590910378854
            145      -744.0683         2.7         -444.0487      -300.0195 --
ML: -585.4172033106071 Information: 131.19222148045827
            146      -748.1059         2.7         -442.9382      -305.1676 --
ML: -585.4045006307211 Information: 131.32198407433208
            147      -745.0605         2.7         -442.6727      -302.3877 --
ML: -585.398463710894 Information: 131.3846193183332
            148      -767.5567         2.7         -442.1412      -325.4155 --
ML: -585.3947032044523 Information: 131.42542203519594
            149      -758.6739         2.6         -441.9601      -316.7138 --
ML: -585.3930495796579 Information: 131.44361067781648
            150      -762.5543         2.6         -441.6708      -320.8835 --
ML: -585.3922382101941 Information: 131.45275772349822
            151      -749.9682         2.6         -441.2692      -308.6990 --
ML: -585.3917924701182 Information: 131.45795836365147
            152      -746.1982         2.6         -441.0618      -305.1363 --
ML: -585.3915907680177 Information: 131.46035270600527
            153      -752.0291         2.6         -439.8275      -312.2016 --
ML: -585.3913358687969 Information: 131.4636923689971
            154      -761.5980         2.6         -439.3986      -322.1993 --
ML: -585.3911919055166 Information: 131.46563989594188
            155      -749.4787         2.6         -439.1569      -310.3218 --
ML: -585.3911244682015 Information: 131.46656838263453
            156      -758.5869         2.6         -438.8404      -319.7464 --
ML: -585.3910904265966 Information: 131.46704781867294
            157      -763.8433         2.6         -438.2009      -325.6423 --
ML: -585.3910666888356 Information: 131.4673973072068
            158      -766.1645         2.6         -438.1699      -327.9946 --
ML: -585.3910576812168 Information: 131.46753020252248
            159      -758.4926         2.6         -438.1137      -320.3789 --
ML: -585.3910541759452 Information: 131.4675821147826
            160      -765.8539         2.6         -437.8338      -328.0201 --
ML: -585.3910524699511 Information: 131.46760785755748
            161      -754.9976         2.6         -436.7118      -318.2858 --
ML: -585.3910505425107 Information: 131.4676391044714
            162      -747.1598         2.6         -436.0502      -311.1096 --
ML: -585.3910491684393 Information: 131.46766228940493
            163      -753.7854         2.6         -435.0976      -318.6878 --
ML: -585.3910478579763 Information: 131.4676856493844
            164      -759.2069         2.6         -434.3885      -324.8183 --
ML: -585.3910468783465 Information: 131.46770380660837
            165      -766.5394         2.6         -434.2174      -332.3220 --
ML: -585.3910464506847 Information: 131.46771180642594
            166      -762.4180         2.6         -434.1218      -328.2961 --
ML: -585.3910462775816 Information: 131.4677150610409
            167      -765.9026         2.6         -433.8145      -332.0880 --
ML: -585.3910461909891 Information: 131.4677167157053
            168      -774.3731         2.6         -433.3863      -340.9868 --
ML: -585.3910461421051 Information: 131.4677176707538
            169      -774.4436         2.6         -432.8961      -341.5474 --
ML: -585.3910461127456 Information: 131.46771825875066
            170      -769.4750         2.6         -432.6775      -336.7975 --
ML: -585.3910460993055 Information: 131.46771853087336
            171      -775.2214         2.6         -432.0169      -343.2045 --
ML: -585.391046089734 Information: 131.46771873096958
            172      -778.2549         2.6         -431.7638      -346.4910 --
ML: -585.3910460851987 Information: 131.46771882695703
            173      -770.0984         2.6         -431.6750      -338.4234 --
ML: -585.3910460833753 Information: 131.4677188656807
            174      -768.5461         2.6         -431.6264      -336.9196 --
ML: -585.3910460826711 Information: 131.46771888068088
            175      -779.9282         2.6         -431.5678      -348.3604 --
ML: -585.3910460823964 Information: 131.46771888653268
            176      -762.5644         2.6         -431.1980      -331.3664 --
ML: -585.3910460822501 Information: 131.46771888973177
            177      -761.1032         2.6         -430.5595      -330.5436 --
ML: -585.3910460821483 Information: 131.46771889199647
            178      -769.3173         2.6         -430.4866      -338.8307 --
ML: -585.3910460821079 Information: 131.46771889291836
            179      -763.0916         2.6         -430.2158      -332.8757 --
ML: -585.3910460820885 Information: 131.46771889335753
            180      -764.6242         2.6         -429.9045      -334.7196 --
ML: -585.3910460820787 Information: 131.46771889358735
            181      -757.8083         2.6         -429.8651      -327.9432 --
ML: -585.3910460820749 Information: 131.46771889367994
            182      -762.6010         2.6         -428.8850      -333.7160 --
ML: -585.3910460820713 Information: 131.4677188937564
            183      -764.0425         2.6         -428.7719      -335.2706 --
ML: -585.3910460820698 Information: 131.46771889377868
            184      -770.3718         2.6         -428.6244      -341.7473 --
ML: -585.3910460820691 Information: 131.46771889381182
            185      -763.4835         2.6         -428.3347      -335.1488 --
ML: -585.3910460820688 Information: 131.4677188938308
            186      -758.3414         2.6         -427.6716      -330.6698 --
ML: -585.3910460820686 Information: 131.4677188938373
            187      -766.6098         2.6         -427.3307      -339.2790 --
ML: -585.3910460820684 Information: 131.46771889383888
            188      -762.7660         2.6         -427.1626      -335.6033 --
ML: -585.3910460820684 Information: 131.46771889381716
            189      -769.5278         2.6         -426.7952      -342.7326 --
ML: -585.3910460820684 Information: 131.46771889380568
            190      -767.9613         2.6         -426.6546      -341.3066 --
ML: -585.3910460820684 Information: 131.4677188938008
            191      -780.6226         2.6         -426.4240      -354.1986 --
ML: -585.3910460820684 Information: 131.46771889379852
            192      -778.2161         2.6         -426.2345      -351.9815 --
ML: -585.3910460820684 Information: 131.4677188937975
            193      -769.3133         2.6         -426.1235      -343.1898 --
ML: -585.3910460820684 Information: 131.46771889379704
            194      -776.4452         2.6         -425.7288      -350.7163 --
ML: -585.3910460820684 Information: 131.4677188937968
            195      -780.8012         2.7         -423.9231      -356.8780 --
ML: -585.3910460820684 Information: 131.46771889379636
            196      -768.6559         2.7         -422.9010      -345.7548 --
ML: -585.3910460820684 Information: 131.4677188937959
            197      -754.2361         2.7         -422.7841      -331.4520 --
ML: -585.3910460820684 Information: 131.46771889379568
            198      -746.8362         2.7         -422.6723      -324.1639 --
ML: -585.3910460820684 Information: 131.46771889379556
            199      -755.9296         2.7         -422.6508      -333.2787 --
ML: -585.3910460820684 Information: 131.46771889379556
            200      -767.3045         2.7         -421.9872      -345.3172 --
ML: -585.3910460820684 Information: 131.46771889379556
            201      -767.7091         2.7         -421.8176      -345.8915 --
ML: -585.3910460820684 Information: 131.46771889379556
            202      -766.1200         2.7         -421.0668      -345.0532 --
ML: -585.3910460820684 Information: 131.46771889379556
            203      -763.3866         2.7         -420.5769      -342.8097 --
ML: -585.3910460820684 Information: 131.46771889379556
            204      -759.6561         2.7         -420.4033      -339.2528 --
ML: -585.3910460820684 Information: 131.46771889379556
            205      -768.7669         2.7         -420.2316      -348.5352 --
ML: -585.3910460820684 Information: 131.46771889379556
            206      -769.4425         2.7         -419.9152      -349.5272 --
ML: -585.3910460820684 Information: 131.46771889379556
            207      -782.6813         2.7         -419.9099      -362.7714 --
ML: -585.3910460820684 Information: 131.46771889379556
            208      -778.0733         2.7         -419.5291      -358.5441 --
ML: -585.3910460820684 Information: 131.46771889379556
            209      -793.5640         2.7         -419.2372      -374.3267 --
ML: -585.3910460820684 Information: 131.46771889379556
            210      -788.0466         2.7         -417.7150      -370.3315 --
ML: -585.3910460820684 Information: 131.46771889379556
            211      -779.4356         2.7         -417.7037      -361.7319 --
ML: -585.3910460820684 Information: 131.46771889379556
            212      -763.9598         2.7         -417.6196      -346.3401 --
ML: -585.3910460820684 Information: 131.46771889379556
            213      -767.3196         2.8         -417.3887      -349.9308 --
ML: -585.3910460820684 Information: 131.46771889379556
            214      -779.2669         2.8         -417.0569      -362.2100 --
ML: -585.3910460820684 Information: 131.46771889379556
            215      -790.2955         2.8         -416.9331      -373.3623 --
ML: -585.3910460820684 Information: 131.46771889379556
            216      -778.2426         2.8         -416.2218      -362.0208 --
ML: -585.3910460820684 Information: 131.46771889379556
            217      -780.5368         2.8         -416.0532      -364.4836 --
ML: -585.3910460820684 Information: 131.46771889379556
            218      -790.5024         2.8         -415.1457      -375.3566 --
ML: -585.3910460820684 Information: 131.46771889379556
            219      -793.1200         2.8         -414.9919      -378.1281 --
ML: -585.3910460820684 Information: 131.46771889379556
            220      -785.9522         2.8         -414.9081      -371.0441 --
ML: -585.3910460820684 Information: 131.46771889379556
            221      -791.8564         2.8         -414.6298      -377.2265 --
ML: -585.3910460820684 Information: 131.46771889379556
            222      -777.0359         2.8         -413.7391      -363.2968 --
ML: -585.3910460820684 Information: 131.46771889379556
            223      -790.9869         2.9         -413.5221      -377.4647 --
ML: -585.3910460820684 Information: 131.46771889379556
            224      -786.2175         2.9         -412.4725      -373.7449 --
ML: -585.3910460820684 Information: 131.46771889379556
            225      -785.6430         2.9         -412.4416      -373.2014 --
ML: -585.3910460820684 Information: 131.46771889379556
            226      -798.7198         2.9         -411.2151      -387.5046 --
ML: -585.3910460820684 Information: 131.46771889379556
            227      -787.2179         2.9         -411.1754      -376.0424 --
ML: -585.3910460820684 Information: 131.46771889379556
            228      -786.7171         2.9         -411.1213      -375.5957 --
ML: -585.3910460820684 Information: 131.46771889379556
            229      -779.0659         2.9         -410.8508      -368.2151 --
ML: -585.3910460820684 Information: 131.46771889379556
            230      -784.2032         2.9         -410.6625      -373.5407 --
ML: -585.3910460820684 Information: 131.46771889379556
            231      -777.5865         3.0         -410.2918      -367.2946 --
ML: -585.3910460820684 Information: 131.46771889379556
            232      -785.9399         3.0         -409.4247      -376.5152 --
ML: -585.3910460820684 Information: 131.46771889379556
            233      -785.5920         3.0         -409.3825      -376.2095 --
ML: -585.3910460820684 Information: 131.46771889379556
            234      -775.7055         3.0         -409.1127      -366.5928 --
ML: -585.3910460820684 Information: 131.46771889379556
            235      -782.9320         3.0         -408.9725      -373.9594 --
ML: -585.3910460820684 Information: 131.46771889379556
            236      -793.0512         3.0         -408.1354      -384.9157 --
ML: -585.3910460820684 Information: 131.46771889379556
            237      -776.6393         3.0         -408.1033      -368.5359 --
ML: -585.3910460820684 Information: 131.46771889379556
            238      -793.6403         3.0         -408.0933      -385.5469 --
ML: -585.3910460820684 Information: 131.46771889379556
            239      -781.1927         3.1         -407.8090      -373.3836 --
ML: -585.3910460820684 Information: 131.46771889379556
            240      -796.7161         3.1         -407.4936      -389.2224 --
ML: -585.3910460820684 Information: 131.46771889379556
            241      -800.0507         3.1         -406.7967      -393.2539 --
ML: -585.3910460820684 Information: 131.46771889379556
            242      -797.9398         3.1         -406.7619      -391.1779 --
ML: -585.3910460820684 Information: 131.46771889379556
            243      -784.3213         3.1         -406.7180      -377.6033 --
ML: -585.3910460820684 Information: 131.46771889379556
            244      -792.4007         3.1         -406.1671      -386.2336 --
ML: -585.3910460820684 Information: 131.46771889379556
            245      -794.8645         3.1         -406.1366      -388.7278 --
ML: -585.3910460820684 Information: 131.46771889379556
            246      -791.8145         3.1         -406.0333      -385.7812 --
ML: -585.3910460820684 Information: 131.46771889379556
            247      -792.7342         3.2         -406.0214      -386.7127 --
ML: -585.3910460820684 Information: 131.46771889379556
            248      -798.6706         3.2         -405.7916      -392.8789 --
ML: -585.3910460820684 Information: 131.46771889379556
            249      -802.5170         3.2         -405.3648      -397.1521 --
ML: -585.3910460820684 Information: 131.46771889379556
            250      -814.0991         3.2         -405.2087      -408.8904 --
ML: -585.3910460820684 Information: 131.46771889379556
            251      -800.4660         3.2         -405.1372      -395.3287 --
ML: -585.3910460820684 Information: 131.46771889379556
            252      -798.1369         3.2         -405.1261      -393.0108 --
ML: -585.3910460820684 Information: 131.46771889379556
            253      -791.3121         3.3         -405.0126      -386.2995 --
ML: -585.3910460820684 Information: 131.46771889379556
            254      -794.0204         3.3         -404.9249      -389.0955 --
ML: -585.3910460820684 Information: 131.46771889379556
            255      -786.5478         3.3         -404.9056      -381.6421 --
ML: -585.3910460820684 Information: 131.46771889379556
            256      -793.8711         3.3         -404.8478      -389.0232 --
ML: -585.3910460820684 Information: 131.46771889379556
            257      -801.8220         3.3         -404.6237      -397.1982 --
ML: -585.3910460820684 Information: 131.46771889379556
            258      -806.2818         3.3         -404.3088      -401.9729 --
ML: -585.3910460820684 Information: 131.46771889379556
            259      -801.3991         3.4         -403.9357      -397.4634 --
ML: -585.3910460820684 Information: 131.46771889379556
            260      -799.7785         3.4         -403.6426      -396.1359 --
ML: -585.3910460820684 Information: 131.46771889379556
            261      -810.2661         3.4         -403.2338      -407.0323 --
ML: -585.3910460820684 Information: 131.46771889379556
            262      -807.8806         3.4         -403.0912      -404.7893 --
ML: -585.3910460820684 Information: 131.46771889379556
263<=1000000&& (263<2.0*131.46771889379556*1||Math.abs(-585.3910460820684 - -585.3910460820684)/Math.abs(-585.3910460820684) > 1.0E-10
Finished in 263 steps!
Marginal likelihood: -584.5126502019656 (bootstrap SD=11.586258219848037)
Marginal likelihood: -584.0941990938927 (subsample SD=13.39409546418449)
Marginal likelihood: -583.8700823678523(10.639105356156042)
Information: 131.46771889379556
SD: 11.465937331670515

Operator                                                                Tuning    #accept    #reject      Pr(m)  Pr(acc|m)
Uniform()                                                                    -     493162     239882    0.27778    0.67276 
SubtreeSlide()                                                         1.00000      34953      38633    0.02778    0.47500 Try increasing size to about 2
SubtreeSlide()                                                        30.00000       1626      71267    0.02778    0.02231 Try decreasing size to about 15
Exchange()                                                                   -     114176     619501    0.27778    0.15562 
beast.base.inference.operator.DeltaExchangeOperator(editRateScaler)    1.00000       1373      72187    0.02778    0.01867 Try setting delta to about 0.5
ScaleOperator(clockRateScaler)                                         0.80000      48355      24716    0.02778    0.66175 Try setting scaleFactor to about 0.64
ScaleOperator(silencingRateScaler)                                     0.80000      55350      18176    0.02778    0.75279 Try setting scaleFactor to about 0.64
ScaleOperator(georateScaler.s:tissue)                                  0.99000     710532      23117    0.27778    0.96849 Try setting scaleFactor to about 0.98
ScaleOperator(geoMuScaler.c:tissue)                                    0.90000      60748      12246    0.02778    0.83223 Try setting scaleFactor to about 0.81

     Tuning: The value of the operator's tuning parameter, or '-' if the operator can't be optimized.
    #accept: The total number of times a proposal by this operator has been accepted.
    #reject: The total number of times a proposal by this operator has been rejected.
      Pr(m): The probability this operator is chosen in a step of the MCMC (i.e. the normalized weight).
  Pr(acc|m): The acceptance probability (#accept as a fraction of the total proposals for this operator).


Total calculation time: 618.927 seconds
Done!
