************************************
**** FeastMain BEAST 2 Launcher ****
************************************

Hunting for beast_services.xml files embedded in classpath:
- Processing /feast/beast_services.xml...
- Processing /beast_services.xml...
Done. Handing over to BeastMain...

                   BEAST v2.7.7 Prerelease, 2002-2024
             Bayesian Evolutionary Analysis Sampling Trees
                       Designed and developed by
 Remco Bouckaert, Alexei J. Drummond, Andrew Rambaut & Marc A. Suchard
                                    
                   Centre for Computational Evolution
                         University of Auckland
                       r.bouckaert@auckland.ac.nz
                        alexei@cs.auckland.ac.nz
                                    
                   Institute of Evolutionary Biology
                        University of Edinburgh
                           a.rambaut@ed.ac.uk
                                    
                    David Geffen School of Medicine
                 University of California, Los Angeles
                           msuchard@ucla.edu
                                    
                      Downloads, Help & Resources:
                           http://beast2.org/
                                    
  Source code distributed under the GNU Lesser General Public License:
                   http://github.com/CompEvol/beast2
                                    
                           BEAST developers:
   Alex Alekseyenko, Trevor Bedford, Erik Bloomquist, Joseph Heled, 
 Sebastian Hoehna, Denise Kuehnert, Philippe Lemey, Wai Lok Sibon Li, 
Gerton Lunter, Sidney Markowitz, Vladimir Minin, Michael Defoin Platel, 
          Oliver Pybus, Tim Vaughan, Chieh-Hsi Wu, Walter Xie
                                    
                               Thanks to:
          Roald Forsberg, Beth Shapiro and Korbinian Strimmer

Random number seed: 1733232927531

AlignmentFromFasta(alignment)
  63 taxa
  10 sites
  6 patterns

ASV020 = 420 (0.0)
ASV041 = 420 (0.0)
ASV051 = 420 (0.0)
ASV052 = 420 (0.0)
ASV055 = 420 (0.0)
ASV070 = 420 (0.0)
ASV071 = 420 (0.0)
ASV075 = 420 (0.0)
ASV076 = 420 (0.0)
ASV088 = 420 (0.0)
53 more...
Starting frequencies: [1.0, 0.0, 0.0]
  Using BEAGLE version: 4.0.1 (PRE-RELEASE) resource 0: CPU (x86_64)
    with instance flags:  PRECISION_DOUBLE COMPUTATION_SYNCH EIGEN_COMPLEX SCALING_MANUAL SCALERS_RAW VECTOR_SSE THREADING_NONE PROCESSOR_CPU FRAMEWORK_CPU
Starting frequencies: [1.0, 0.0, 0.0, 0.0]
ASV020 = FML (NaN)
ASV041 = LNSL (NaN)
ASV051 = PRL (NaN)
ASV052 = LNSL (NaN)
ASV055 = LNSL (NaN)
ASV070 = FML (NaN)
ASV071 = PRL (NaN)
ASV075 = FML (NaN)
ASV076 = FML (NaN)
ASV088 = FML (NaN)
53 more...
Starting frequencies: [0.25, 0.25, 0.25, 0.25]
  Using BEAGLE version: 4.0.1 (PRE-RELEASE) resource 0: CPU (x86_64)
    with instance flags:  PRECISION_DOUBLE COMPUTATION_SYNCH EIGEN_COMPLEX SCALING_MANUAL SCALERS_RAW VECTOR_SSE THREADING_NONE PROCESSOR_CPU FRAMEWORK_CPU
===============================================================================
Citations for this model:

Patricio Maturana, Brendon J. Brewer, Steffen Klaere, Remco Bouckaert. Model selection and parameter inference in phylogenetics using Nested Sampling. Systematic Biology, syy050, 2018

Stadler, T., Kuehnert, D., Bonhoeffer, S., and Drummond, A. J. (2013):
 Birth-death skyline plot reveals temporal changes of
 epidemic spread in HIV and hepatitis C virus (HCV). PNAS 110(1): 228–33.
If sampled ancestors are used then please also cite: Gavryushkina A, Welch D, Stadler T, Drummond AJ (2014) 
Bayesian inference of sampled ancestor trees for epidemiology and fossil calibration. 
PLoS Comput Biol 10(12): e1003919. doi:10.1371/journal.pcbi.1003919

Edwards, C. J., Suchard, M. A., Lemey, P., ... & Valdiosera, C. E. (2011).
Ancient hybridization and an Irish origin for the modern polar bear matriline.
Current Biology, 21(15), 1251-1258.

===============================================================================
         Sample      posterior ESS(posterior)     likelihood          prior
Start likelihood 0: -4592.144071225491 
              0     -1282.2653              N      -857.5836      -424.6816 --
ML: -858.4222588854313 Information: 0.8385606384288167
              1     -1158.2531         2.0         -843.3461      -314.9069 --
ML: -845.1847285206965 Information: 1.838533478558785
              2     -1106.7762         3.0         -821.8543      -284.9218 --
ML: -824.6928958725124 Information: 2.838560610113496
              3     -1079.1669         4.0         -803.2555      -275.9114 --
ML: -807.09406383488 Information: 3.8385601926289175
              4     -1087.8590         4.2         -797.2052      -290.6537 --
ML: -802.0374257523044 Information: 4.7936518363826615
              5     -1074.3903         3.7         -796.6601      -277.7301 --
ML: -801.5485559538917 Information: 4.530457832007869
              6     -1070.7473         3.8         -795.2557      -275.4915 --
ML: -801.0915233466031 Information: 4.719910373581797
              7     -1073.4015         4.1         -777.0160      -296.3854 --
ML: -784.8546587777383 Information: 7.838558830875573
              8     -1051.8743         4.4         -775.3401      -276.5342 --
ML: -783.7674540652222 Information: 7.862270274261903
              9     -1045.7407         4.4         -745.8899      -299.8507 --
ML: -755.7285502702168 Information: 9.838560638420862
             10     -1028.8199         3.8         -742.4889      -286.3310 --
ML: -753.2407231081111 Information: 10.4692174687802
             11     -1028.5128         3.5         -742.2437      -286.2691 --
ML: -752.8823264942178 Information: 10.269788178735553
             12     -1027.4514         3.3         -740.1524      -287.2990 --
ML: -752.242028320717 Information: 10.792796379237927
             13     -1017.5242         3.1         -739.3881      -278.1360 --
ML: -751.9246347977717 Information: 11.035915207763537
             14     -1009.6429         3.0         -734.6123      -275.0306 --
ML: -749.3699983407384 Information: 14.269850817900021
             15     -1009.4178         2.9         -726.2134      -283.2043 --
ML: -742.0513516806025 Information: 15.832004958104989
             16     -1003.0346         2.8         -715.6806      -287.3539 --
ML: -732.519178178419 Information: 16.837724291925273
             17     -1006.1846         2.7         -710.4325      -295.7520 --
ML: -728.2569223236158 Information: 17.750410400570427
             18     -1006.1089         2.7         -710.1633      -295.9456 --
ML: -727.8684471214306 Information: 17.472396043061224
             19      -992.1692         2.5         -707.8459      -284.3233 --
ML: -727.0791038929732 Information: 18.075048102792152
             20      -996.2033         2.5         -707.4073      -288.7959 --
ML: -726.8080393534414 Information: 18.18309383690996
             21      -973.2974         2.6         -695.4926      -277.8047 --
ML: -717.3311784803776 Information: 21.837478048140714
             22      -976.1855         2.6         -694.9672      -281.2182 --
ML: -716.8474560703571 Information: 21.555649903177084
             23      -985.6258         2.6         -694.9439      -290.6819 --
ML: -716.7125555664317 Information: 21.46465355880764
             24      -971.4681         2.6         -694.5631      -276.9049 --
ML: -716.6468253941702 Information: 21.442485105776314
             25      -976.9139         2.6         -694.2489      -282.6649 --
ML: -716.6152854639396 Information: 21.440607747883178
             26      -987.6138         2.6         -692.2537      -295.3601 --
ML: -716.5346339558403 Information: 21.586284283053487
             27      -975.9883         2.7         -688.6619      -287.3263 --
ML: -715.8243024809942 Information: 24.07268196196884
             28      -953.4837         2.7         -687.2737      -266.2100 --
ML: -715.2648066757556 Information: 25.43198624916147
             29      -962.3462         2.7         -686.4887      -275.8575 --
ML: -714.9679730979962 Information: 25.994019489234347
             30      -958.8700         2.7         -684.5605      -274.3095 --
ML: -714.4673303850358 Information: 27.23164279604589
             31      -948.6218         2.7         -672.8364      -275.7854 --
ML: -704.6749473495458 Information: 31.837700195060236
             32      -952.4132         2.7         -669.3907      -283.0224 --
ML: -702.1462105285597 Information: 32.48055020082139
             33      -977.1239         2.7         -664.0272      -313.0966 --
ML: -697.852077747373 Information: 33.747863074963895
             34      -949.8572         2.7         -659.4130      -290.4441 --
ML: -694.2246996228116 Information: 34.68689761103688
             35      -931.7759         2.8         -658.7433      -273.0326 --
ML: -693.6942778195393 Information: 34.483520871589974
             36      -942.1836         2.8         -653.7490      -288.4345 --
ML: -690.5438689434453 Information: 36.560833076606
             37      -935.4445         2.8         -651.1958      -284.2487 --
ML: -688.8347287818442 Information: 37.13432592119807
             38      -934.5932         2.8         -649.8073      -284.7859 --
ML: -688.0426980266866 Information: 37.37796336734715
             39      -933.4285         2.8         -646.4717      -286.9568 --
ML: -686.1474630202864 Information: 39.04557497644775
             40      -933.4634         2.8         -642.0927      -291.3707 --
ML: -682.8919376787154 Information: 40.6060798828008
             41      -911.7262         2.8         -636.8571      -274.8690 --
ML: -678.6808008716495 Information: 41.743115513373255
             42      -907.4015         2.8         -636.7041      -270.6974 --
ML: -678.3284866237178 Information: 41.46014795406256
             43      -913.4950         2.8         -631.1363      -282.3587 --
ML: -674.9405080043209 Information: 43.61058999729559
             44      -923.2337         2.8         -630.4592      -292.7744 --
ML: -674.4101328171278 Information: 43.43860089005989
             45      -920.8428         2.8         -630.2416      -290.6012 --
ML: -674.2376604206495 Information: 43.38176083762346
             46      -914.4416         2.8         -628.6099      -285.8316 --
ML: -673.9768841933561 Information: 43.636529775676706
             47      -914.9268         2.8         -624.8155      -290.1113 --
ML: -672.4179123039022 Information: 46.440231125949396
             48      -921.1706         2.7         -623.3272      -297.8433 --
ML: -671.590812980863 Information: 47.10446497699371
             49      -911.1871         2.7         -622.6308      -288.5563 --
ML: -671.2434347822783 Information: 47.3015955703147
             50      -906.8422         2.7         -617.7912      -289.0509 --
ML: -668.5590960418597 Information: 50.34797385211236
             51      -887.6171         2.7         -613.5150      -274.1021 --
ML: -665.3138410532616 Information: 51.61586904526624
             52      -903.6344         2.7         -613.1577      -290.4766 --
ML: -664.9048039391928 Information: 51.38819021441725
             53      -891.7315         2.7         -612.2760      -279.4555 --
ML: -664.6437776975044 Information: 51.412175449555775
             54      -890.6654         2.7         -612.1251      -278.5403 --
ML: -664.550031400449 Information: 51.417442251024795
             55      -906.4698         2.7         -609.4638      -297.0059 --
ML: -664.1639316399704 Information: 52.206421128229806
             56      -900.9565         2.7         -608.8470      -292.1095 --
ML: -663.9664352052821 Information: 52.566374958983715
             57      -904.8880         2.7         -608.1537      -296.7343 --
ML: -663.8425559595775 Information: 52.8207353631517
             58      -886.2787         2.6         -599.8590      -286.4196 --
ML: -658.6917810685399 Information: 58.7680614875208
             59      -895.9940         2.6         -599.5443      -296.4497 --
ML: -658.2856541868607 Information: 58.488547233073746
             60      -879.2973         2.6         -591.7323      -287.5650 --
ML: -652.5675731868552 Information: 60.80876818792761
             61      -876.5586         2.6         -591.4573      -285.1013 --
ML: -652.1737005724164 Information: 60.51303781791381
             62      -863.2752         2.6         -585.0339      -278.2413 --
ML: -647.8590127229537 Information: 62.73649529078264
             63      -860.9130         2.7         -584.2434      -276.6696 --
ML: -647.2711470740909 Information: 62.53937910478396
             64      -873.8698         2.6         -574.3233      -299.5464 --
ML: -639.1616176369795 Information: 64.83513053696785
             65      -876.4088         2.6         -574.2789      -302.1299 --
ML: -638.8362939085443 Information: 64.52301547209021
             66      -870.2848         2.6         -573.8639      -296.4208 --
ML: -638.6924474195743 Information: 64.43936881490254
             67      -857.3758         2.6         -570.7459      -286.6299 --
ML: -637.9438658776112 Information: 65.5389244560119
             68      -848.8225         2.7         -567.7150      -281.1075 --
ML: -636.3312495020208 Information: 67.68120632071457
             69      -849.5603         2.7         -566.7140      -282.8463 --
ML: -635.7426841900632 Information: 67.95390564243024
             70      -846.5411         2.7         -561.8300      -284.7110 --
ML: -632.6234357765677 Information: 70.53004666678657
             71      -837.4664         2.7         -557.7648      -279.7015 --
ML: -629.5557885425353 Information: 71.58950489719005
             72      -835.1930         2.7         -557.4660      -277.7270 --
ML: -629.1685329744606 Information: 71.36287208107831
             73      -864.2057         2.7         -556.0785      -308.1271 --
ML: -628.7812164660185 Information: 71.53016096782505
             74      -845.9369         2.7         -555.6106      -290.3263 --
ML: -628.6084144030866 Information: 71.6176893490944
             75      -844.3308         2.6         -554.8730      -289.4577 --
ML: -628.4932428449096 Information: 71.7328930455975
             76      -849.8897         2.6         -554.6082      -295.2814 --
ML: -628.4424049012639 Information: 71.7887280339014
             77      -854.5712         2.6         -554.1211      -300.4501 --
ML: -628.4131563711181 Information: 71.83248056205446
             78      -832.5133         2.6         -552.2650      -280.2482 --
ML: -628.3475119176852 Information: 72.04103180793027
             79      -845.5501         2.6         -549.8194      -295.7307 --
ML: -628.1087355437611 Information: 73.18016620904717
             80      -836.5295         2.6         -549.6628      -286.8667 --
ML: -628.0212878219988 Information: 73.53363445670186
             81      -838.4662         2.6         -544.4071      -294.0590 --
ML: -626.0892024332647 Information: 80.22196329824287
             82      -825.0165         2.6         -540.1452      -284.8713 --
ML: -622.9399608094205 Information: 82.54934306909516
             83      -822.7471         2.6         -534.9998      -287.7472 --
ML: -618.8219969770294 Information: 83.73440014950273
             84      -830.1101         2.6         -534.0547      -296.0554 --
ML: -618.1638580095084 Information: 83.57429839925203
             85      -823.2435         2.6         -531.9490      -291.2945 --
ML: -617.2650180756395 Information: 84.24114807590274
             86      -826.4487         2.6         -531.7241      -294.7245 --
ML: -617.0235220666164 Information: 84.27849740804828
             87      -822.4103         2.6         -531.2310      -291.1793 --
ML: -616.9019721983244 Information: 84.33023218134389
             88      -828.2576         2.6         -529.5871      -298.6705 --
ML: -616.7048446949359 Information: 84.66709271982359
             89      -827.3296         2.6         -528.9033      -298.4263 --
ML: -616.5822632083404 Information: 84.9061156229738
             90      -811.7175         2.6         -528.0976      -283.6199 --
ML: -616.4915122148873 Information: 85.12581949768258
             91      -809.4016         2.6         -523.7590      -285.6426 --
ML: -615.2546614464591 Information: 89.28745468404125
             92      -825.7504         2.6         -522.8735      -302.8768 --
ML: -614.7643123640041 Information: 89.99616202844646
             93      -824.0465         2.5         -522.7090      -301.3375 --
ML: -614.6089466306953 Information: 90.13709860327015
             94      -816.8539         2.5         -521.9169      -294.9369 --
ML: -614.4984015163803 Information: 90.29393542761136
             95      -819.1629         2.5         -520.9993      -298.1636 --
ML: -614.4063884437967 Information: 90.4836776191978
             96      -820.7369         2.5         -519.7528      -300.9840 --
ML: -614.2997971141158 Information: 90.7986924749178
             97      -815.6567         2.5         -518.5056      -297.1511 --
ML: -614.1780589626175 Information: 91.24953443728276
             98      -803.2802         2.5         -516.7444      -286.5357 --
ML: -613.9586184894611 Information: 92.24855545891893
             99      -804.5347         2.5         -511.2891      -293.2456 --
ML: -611.0704047404901 Information: 99.20108368344378
            100      -812.2336         2.5         -509.2572      -302.9763 --
ML: -609.7756830883709 Information: 99.80276269945205
            101      -809.6535         2.5         -509.1172      -300.5362 --
ML: -609.50777148043 Information: 99.73594859556681
            102      -800.8001         2.5         -507.7030      -293.0971 --
ML: -609.203490372749 Information: 99.9744110516981
            103      -802.5444         2.5         -507.6145      -294.9299 --
ML: -609.1032475616757 Information: 100.02816573430152
            104      -794.2822         2.5         -506.6630      -287.6191 --
ML: -609.0162784015081 Information: 100.14210264036257
            105      -807.4430         2.5         -504.7143      -302.7286 --
ML: -608.8214475512808 Information: 100.68367065126029
            106      -793.4701         2.5         -499.5901      -293.8800 --
ML: -606.3412232471911 Information: 106.03547307286496
            107      -800.6813         2.5         -499.3350      -301.3462 --
ML: -605.9800627139914 Information: 105.96855273846978
            108      -803.6165         2.5         -496.8646      -306.7518 --
ML: -605.1389567947889 Information: 106.91725808370049
            109      -808.0182         2.5         -495.6845      -312.3336 --
ML: -604.6195541982618 Information: 107.4257136614566
            110      -813.3395         2.5         -494.7820      -318.5575 --
ML: -604.3065665595335 Information: 107.76088310179415
            111      -790.8829         2.5         -494.6099      -296.2730 --
ML: -604.195536085471 Information: 107.8532783461601
            112      -792.2990         2.5         -493.5592      -298.7398 --
ML: -604.0906781954881 Information: 108.02546320948767
            113      -794.5458         2.5         -491.8238      -302.7220 --
ML: -603.9019654829058 Information: 108.5661693349175
            114      -802.2104         2.5         -486.6813      -315.5290 --
ML: -601.4316064247557 Information: 114.01844728863102
            115      -809.4583         2.5         -486.3531      -323.1052 --
ML: -601.0479701858126 Information: 113.97254773508928
            116      -790.4014         2.5         -485.4847      -304.9166 --
ML: -600.80162989526 Information: 114.07352014214467
            117      -811.7800         2.5         -479.8398      -331.9401 --
ML: -597.6353624096447 Information: 117.50507290222252
            118      -786.1524         2.5         -479.7389      -306.4135 --
ML: -597.3061961583913 Information: 117.28568212975455
            119      -789.9259         2.5         -479.6903      -310.2356 --
ML: -597.2033540834623 Information: 117.21510867534715
            120      -780.4390         2.5         -478.3031      -302.1358 --
ML: -597.0688808824071 Information: 117.29265488707648
            121      -782.2801         2.5         -476.9309      -305.3491 --
ML: -596.9011990224641 Information: 117.56421179640688
            122      -771.0820         2.5         -475.4776      -295.6043 --
ML: -596.6837309428513 Information: 118.1010408787804
            123      -764.0978         2.5         -472.9879      -291.1099 --
ML: -596.0594358860575 Information: 120.07471715622762
            124      -789.4366         2.5         -472.5582      -316.8784 --
ML: -595.8263101798071 Information: 120.55411682111975
            125      -783.9722         2.5         -472.1524      -311.8197 --
ML: -595.7176471051342 Information: 120.76668774059755
            126      -783.0179         2.5         -471.5957      -311.4222 --
ML: -595.6536439696525 Information: 120.9107014587828
            127      -765.3902         2.5         -470.2289      -295.1613 --
ML: -595.567951474316 Information: 121.19571647054619
            128      -762.8644         2.6         -467.1389      -295.7254 --
ML: -595.0587786254999 Information: 123.57266153383114
            129      -760.1840         2.6         -465.8867      -294.2973 --
ML: -594.6443602356271 Information: 125.05797409733947
            130      -770.1524         2.6         -465.5493      -304.6031 --
ML: -594.4831741110235 Information: 125.49777135218847
            131      -758.2416         2.6         -461.6604      -296.5812 --
ML: -593.1814301431248 Information: 129.52821104753866
            132      -764.8176         2.6         -461.3397      -303.4778 --
ML: -592.8673377997176 Information: 129.83770139540133
            133      -769.2796         2.6         -460.9986      -308.2810 --
ML: -592.7367644589955 Information: 129.95574284970786
            134      -763.5929         2.6         -459.5410      -304.0519 --
ML: -592.5599326188928 Information: 130.304044807693
            135      -771.2802         2.6         -457.2652      -314.0149 --
ML: -592.1021978064873 Information: 131.6792933612304
            136      -763.6761         2.6         -456.5397      -307.1364 --
ML: -591.8560263510602 Information: 132.28047110928327
            137      -766.2242         2.6         -452.5974      -313.6268 --
ML: -590.2195326801683 Information: 136.2637033065203
            138      -770.1671         2.6         -452.4240      -317.7430 --
ML: -589.9176868554157 Information: 136.3609478128916
            139      -781.8808         2.6         -451.6411      -330.2396 --
ML: -589.7273037348035 Information: 136.5026481108187
            140      -770.0259         2.6         -451.0109      -319.0149 --
ML: -589.6141833085849 Information: 136.62629853663032
            141      -761.3640         2.6         -450.6454      -310.7185 --
ML: -589.5590250020201 Information: 136.696845443062
            142      -772.1547         2.6         -448.9461      -323.2086 --
ML: -589.4564728864834 Information: 136.97598590142422
            143      -765.8470         2.6         -448.5093      -317.3376 --
ML: -589.4024627989035 Information: 137.1307670160383
            144      -759.8682         2.6         -448.2957      -311.5725 --
ML: -589.378795497333 Information: 137.20009583836105
            145      -763.6027         2.6         -447.7599      -315.8427 --
ML: -589.3642004133485 Information: 137.24952371540968
            146      -756.2837         2.6         -446.7900      -309.4936 --
ML: -589.3502386611748 Information: 137.30938604460823
            147      -757.5152         2.6         -445.9252      -311.5900 --
ML: -589.3381991600362 Information: 137.3705343192563
            148      -762.3298         2.6         -445.3608      -316.9689 --
ML: -589.3304879089811 Information: 137.41357390785083
            149      -757.1073         2.6         -443.5375      -313.5697 --
ML: -589.313141198774 Information: 137.54032739169998
            150      -769.1286         2.6         -442.9285      -326.2000 --
ML: -589.3015765433653 Information: 137.63045394041353
            151      -776.2498         2.6         -442.8289      -333.4208 --
ML: -589.2969145057737 Information: 137.66691833202185
            152      -763.6437         2.6         -442.0567      -321.5869 --
ML: -589.2932174977396 Information: 137.698548400452
            153      -768.6937         2.6         -441.6505      -327.0432 --
ML: -589.291181819811 Information: 137.7167351251594
            154      -766.5969         2.6         -441.0298      -325.5670 --
ML: -589.2897910672059 Information: 137.72999912449694
            155      -763.0019         2.6         -440.3756      -322.6262 --
ML: -589.2888081123434 Information: 137.74000423940657
            156      -753.9674         2.6         -440.3010      -313.6663 --
ML: -589.2884187644291 Information: 137.74399331297565
            157      -756.5194         2.6         -439.3696      -317.1497 --
ML: -589.288055354503 Information: 137.74805353144546
            158      -767.5808         2.6         -439.1717      -328.4090 --
ML: -589.2878924500442 Information: 137.749905304631
            159      -768.0496         2.6         -439.0407      -329.0088 --
ML: -589.2878241395142 Information: 137.75069065821424
            160      -776.8701         2.6         -437.8924      -338.9776 --
ML: -589.2877449168722 Information: 137.7516923588812
            161      -761.5716         2.6         -437.5823      -323.9892 --
ML: -589.2877051800949 Information: 137.7522070843678
            162      -762.7613         2.6         -436.8330      -325.9282 --
ML: -589.287674254371 Information: 137.7526308354182
            163      -759.4198         2.6         -435.8251      -323.5947 --
ML: -589.2876430854859 Information: 137.75308931755353
            164      -763.6696         2.6         -435.7099      -327.9596 --
ML: -589.2876302194704 Information: 137.75328004923512
            165      -760.0600         2.7         -434.7572      -325.3027 --
ML: -589.2876179478178 Information: 137.7534736586743
            166      -767.7292         2.7         -434.6262      -333.1029 --
ML: -589.2876128013612 Information: 137.75355552771083
            167      -768.8569         2.7         -434.5560      -334.3008 --
ML: -589.287610770482 Information: 137.7535879769713
            168      -750.7076         2.7         -434.3070      -316.4005 --
ML: -589.2876098121192 Information: 137.75360352826016
            169      -756.9640         2.7         -433.1042      -323.8598 --
ML: -589.2876086382715 Information: 137.75362398811643
            170      -759.6696         2.7         -432.4582      -327.2113 --
ML: -589.2876078143644 Information: 137.75363888081233
            171      -755.5050         2.7         -432.3681      -323.1368 --
ML: -589.2876074826901 Information: 137.75364490592574
            172      -757.3352         2.7         -432.3297      -325.0055 --
ML: -589.2876073558947 Information: 137.75364721414962
            173      -748.6516         2.7         -432.1930      -316.4586 --
ML: -589.2876073024147 Information: 137.7536481950258
            174      -760.4297         2.7         -431.6504      -328.7793 --
ML: -589.2876072685667 Information: 137.75364883418905
            175      -759.3676         2.7         -431.5581      -327.8094 --
ML: -589.2876072549114 Information: 137.75364909330034
            176      -764.9362         2.7         -431.5311      -333.4051 --
ML: -589.2876072497504 Information: 137.75364919135205
            177      -758.4596         2.7         -430.4423      -328.0172 --
ML: -589.2876072441098 Information: 137.75364930466299
            178      -758.4577         2.7         -429.8481      -328.6095 --
ML: -589.2876072403508 Information: 137.7536493824312
            179      -763.4775         2.7         -429.5919      -333.8855 --
ML: -589.2876072385641 Information: 137.75364941982798
            180      -769.2495         2.7         -428.8437      -340.4058 --
ML: -589.2876072371752 Information: 137.75364944993288
            181      -761.6641         2.7         -428.8144      -332.8497 --
ML: -589.287607236649 Information: 137.7536494613542
            182      -761.3303         2.7         -428.0477      -333.2826 --
ML: -589.2876072362324 Information: 137.75364947070915
            183      -767.6959         2.7         -426.5012      -341.1947 --
ML: -589.2876072355126 Information: 137.75364948802292
            184      -762.3876         2.7         -426.5000      -335.8875 --
ML: -589.2876072352475 Information: 137.75364949441018
            185      -762.5480         2.7         -426.3906      -336.1574 --
ML: -589.2876072351387 Information: 137.7536494970401
            186      -758.3000         2.7         -426.1781      -332.1219 --
ML: -589.2876072350892 Information: 137.75364949822546
            187      -770.1959         2.7         -425.9740      -344.2219 --
ML: -589.287607235067 Information: 137.7536494987512
            188      -776.9165         2.7         -425.9655      -350.9510 --
ML: -589.2876072350587 Information: 137.75364949896073
            189      -773.5090         2.7         -424.9560      -348.5530 --
ML: -589.2876072350502 Information: 137.75364949919646
            190      -767.0977         2.7         -424.7159      -342.3818 --
ML: -589.2876072350464 Information: 137.75364949927638
            191      -763.0221         2.7         -424.6686      -338.3534 --
ML: -589.2876072350449 Information: 137.7536494993015
            192      -766.1628         2.7         -424.0204      -342.1423 --
ML: -589.2876072350439 Information: 137.75364949931242
            193      -767.4289         2.7         -423.9431      -343.4857 --
ML: -589.2876072350434 Information: 137.75364949933845
            194      -789.0915         2.7         -423.8610      -365.2305 --
ML: -589.2876072350433 Information: 137.75364949931827
            195      -770.2467         2.8         -423.8261      -346.4206 --
ML: -589.2876072350432 Information: 137.75364949934232
            196      -771.5283         2.8         -423.0186      -348.5096 --
ML: -589.2876072350432 Information: 137.75364949931992
            197      -768.5493         2.8         -422.9733      -345.5760 --
ML: -589.2876072350432 Information: 137.75364949931128
            198      -765.7431         2.8         -422.9468      -342.7963 --
ML: -589.2876072350432 Information: 137.75364949930798
            199      -761.1970         2.8         -422.8607      -338.3363 --
ML: -589.2876072350432 Information: 137.75364949930673
            200      -785.8245         2.8         -422.7685      -363.0560 --
ML: -589.2876072350432 Information: 137.75364949930616
            201      -768.8285         2.8         -422.6218      -346.2067 --
ML: -589.2876072350432 Information: 137.75364949930594
            202      -770.3433         2.8         -422.6171      -347.7261 --
ML: -589.2876072350432 Information: 137.75364949930582
            203      -764.6959         2.8         -421.2802      -343.4157 --
ML: -589.2876072350432 Information: 137.7536494993057
            204      -780.2068         2.8         -420.2651      -359.9417 --
ML: -589.2876072350432 Information: 137.7536494993056
            205      -770.0632         2.8         -420.2563      -349.8069 --
ML: -589.2876072350432 Information: 137.7536494993056
            206      -760.0034         2.8         -418.9725      -341.0308 --
ML: -589.2876072350432 Information: 137.75364949930548
            207      -772.7108         2.8         -418.8660      -353.8447 --
ML: -589.2876072350432 Information: 137.75364949930548
            208      -768.8983         2.8         -418.7063      -350.1919 --
ML: -589.2876072350432 Information: 137.75364949930548
            209      -767.4511         2.8         -418.5852      -348.8659 --
ML: -589.2876072350432 Information: 137.75364949930548
            210      -762.1339         2.9         -418.1924      -343.9415 --
ML: -589.2876072350432 Information: 137.75364949930548
            211      -762.9987         2.9         -418.0573      -344.9413 --
ML: -589.2876072350432 Information: 137.75364949930548
            212      -761.3838         2.9         -417.9924      -343.3913 --
ML: -589.2876072350432 Information: 137.75364949930548
            213      -762.1416         2.9         -417.5504      -344.5912 --
ML: -589.2876072350432 Information: 137.75364949930548
            214      -780.1668         2.9         -416.8119      -363.3548 --
ML: -589.2876072350432 Information: 137.75364949930548
            215      -776.8031         2.9         -415.3299      -361.4732 --
ML: -589.2876072350432 Information: 137.75364949930548
            216      -769.7754         2.9         -415.1308      -354.6445 --
ML: -589.2876072350432 Information: 137.75364949930548
            217      -783.4353         2.9         -414.8091      -368.6261 --
ML: -589.2876072350432 Information: 137.75364949930548
            218      -790.4279         2.9         -414.5767      -375.8511 --
ML: -589.2876072350432 Information: 137.75364949930548
            219      -774.9717         2.9         -414.5762      -360.3954 --
ML: -589.2876072350432 Information: 137.75364949930548
            220      -785.8974         3.0         -414.4810      -371.4164 --
ML: -589.2876072350432 Information: 137.75364949930548
            221      -770.3619         3.0         -414.2454      -356.1165 --
ML: -589.2876072350432 Information: 137.75364949930548
            222      -774.5494         3.0         -414.1170      -360.4323 --
ML: -589.2876072350432 Information: 137.75364949930548
            223      -779.7066         3.0         -413.7733      -365.9332 --
ML: -589.2876072350432 Information: 137.75364949930548
            224      -784.8581         3.0         -413.3879      -371.4701 --
ML: -589.2876072350432 Information: 137.75364949930548
            225      -766.2962         3.0         -413.3511      -352.9450 --
ML: -589.2876072350432 Information: 137.75364949930548
            226      -782.9771         3.0         -412.8060      -370.1710 --
ML: -589.2876072350432 Information: 137.75364949930548
            227      -787.2609         3.0         -412.3168      -374.9440 --
ML: -589.2876072350432 Information: 137.75364949930548
            228      -784.4226         3.0         -412.0911      -372.3314 --
ML: -589.2876072350432 Information: 137.75364949930548
            229      -777.5362         3.0         -411.3054      -366.2307 --
ML: -589.2876072350432 Information: 137.75364949930548
            230      -787.2331         3.1         -411.2137      -376.0194 --
ML: -589.2876072350432 Information: 137.75364949930548
            231      -785.7834         3.1         -411.1846      -374.5988 --
ML: -589.2876072350432 Information: 137.75364949930548
            232      -779.5821         3.1         -410.9420      -368.6400 --
ML: -589.2876072350432 Information: 137.75364949930548
            233      -786.9441         3.1         -410.8884      -376.0557 --
ML: -589.2876072350432 Information: 137.75364949930548
            234      -791.3485         3.1         -410.3744      -380.9740 --
ML: -589.2876072350432 Information: 137.75364949930548
            235      -773.3943         3.1         -410.3596      -363.0346 --
ML: -589.2876072350432 Information: 137.75364949930548
            236      -785.6230         3.1         -410.1913      -375.4316 --
ML: -589.2876072350432 Information: 137.75364949930548
            237      -776.8950         3.1         -410.1902      -366.7048 --
ML: -589.2876072350432 Information: 137.75364949930548
            238      -777.2062         3.1         -410.0902      -367.1160 --
ML: -589.2876072350432 Information: 137.75364949930548
            239      -781.3081         3.2         -409.7526      -371.5555 --
ML: -589.2876072350432 Information: 137.75364949930548
            240      -787.5663         3.2         -409.5341      -378.0321 --
ML: -589.2876072350432 Information: 137.75364949930548
            241      -776.9481         3.2         -409.4496      -367.4985 --
ML: -589.2876072350432 Information: 137.75364949930548
            242      -787.3293         3.2         -409.1674      -378.1619 --
ML: -589.2876072350432 Information: 137.75364949930548
            243      -769.3152         3.2         -409.1307      -360.1844 --
ML: -589.2876072350432 Information: 137.75364949930548
            244      -789.4688         3.2         -408.9207      -380.5481 --
ML: -589.2876072350432 Information: 137.75364949930548
            245      -784.9424         3.2         -408.8351      -376.1073 --
ML: -589.2876072350432 Information: 137.75364949930548
            246      -796.2486         3.3         -408.6746      -387.5740 --
ML: -589.2876072350432 Information: 137.75364949930548
            247      -793.6963         3.3         -408.3446      -385.3517 --
ML: -589.2876072350432 Information: 137.75364949930548
            248      -790.5078         3.3         -408.1815      -382.3262 --
ML: -589.2876072350432 Information: 137.75364949930548
            249      -791.2153         3.3         -407.4788      -383.7364 --
ML: -589.2876072350432 Information: 137.75364949930548
            250      -775.4444         3.3         -407.4768      -367.9676 --
ML: -589.2876072350432 Information: 137.75364949930548
            251      -789.1371         3.3         -407.3858      -381.7513 --
ML: -589.2876072350432 Information: 137.75364949930548
            252      -803.5547         3.3         -407.0724      -396.4823 --
ML: -589.2876072350432 Information: 137.75364949930548
            253      -803.3517         3.4         -406.5147      -396.8370 --
ML: -589.2876072350432 Information: 137.75364949930548
            254      -800.3410         3.4         -406.2662      -394.0748 --
ML: -589.2876072350432 Information: 137.75364949930548
            255      -808.4610         3.4         -406.1945      -402.2665 --
ML: -589.2876072350432 Information: 137.75364949930548
            256      -794.0818         3.4         -406.1495      -387.9323 --
ML: -589.2876072350432 Information: 137.75364949930548
            257      -798.3661         3.4         -405.5910      -392.7750 --
ML: -589.2876072350432 Information: 137.75364949930548
            258      -790.3695         3.4         -405.5202      -384.8493 --
ML: -589.2876072350432 Information: 137.75364949930548
            259      -797.5937         3.5         -405.5156      -392.0781 --
ML: -589.2876072350432 Information: 137.75364949930548
            260      -813.4143         3.5         -405.3127      -408.1016 --
ML: -589.2876072350432 Information: 137.75364949930548
            261      -801.8785         3.5         -404.7885      -397.0900 --
ML: -589.2876072350432 Information: 137.75364949930548
            262      -810.3638         3.5         -404.7007      -405.6630 --
ML: -589.2876072350432 Information: 137.75364949930548
            263      -821.9790         3.5         -404.1381      -417.8409 --
ML: -589.2876072350432 Information: 137.75364949930548
            264      -797.5875         3.5         -403.9394      -393.6480 --
ML: -589.2876072350432 Information: 137.75364949930548
            265      -804.1990         3.6         -403.9330      -400.2660 --
ML: -589.2876072350432 Information: 137.75364949930548
            266      -807.4200         3.6         -403.7951      -403.6248 --
ML: -589.2876072350432 Information: 137.75364949930548
            267      -797.4308         3.6         -403.2728      -394.1580 --
ML: -589.2876072350432 Information: 137.75364949930548
            268      -805.9052         3.6         -403.2042      -402.7009 --
ML: -589.2876072350432 Information: 137.75364949930548
            269      -806.5476         3.6         -402.9923      -403.5552 --
ML: -589.2876072350432 Information: 137.75364949930548
            270      -803.5968         3.6         -402.8875      -400.7093 --
ML: -589.2876072350432 Information: 137.75364949930548
            271      -792.7095         3.7         -402.5749      -390.1346 --
ML: -589.2876072350432 Information: 137.75364949930548
            272      -809.3343         3.7         -402.5745      -406.7598 --
ML: -589.2876072350432 Information: 137.75364949930548
            273      -813.3128         3.7         -402.5000      -410.8127 --
ML: -589.2876072350432 Information: 137.75364949930548
            274      -812.5123         3.7         -402.2605      -410.2517 --
ML: -589.2876072350432 Information: 137.75364949930548
            275      -815.2485         3.7         -401.9344      -413.3141 --
ML: -589.2876072350432 Information: 137.75364949930548
276<=1000000&& (276<2.0*137.75364949930548*1||Math.abs(-589.2876072350432 - -589.2876072350432)/Math.abs(-589.2876072350432) > 1.0E-10
Finished in 276 steps!
Marginal likelihood: -587.63756620128 (bootstrap SD=11.495114767101295)
Marginal likelihood: -586.4622728915982 (subsample SD=13.447594807580483)
Marginal likelihood: -587.4818238594198(13.783215687317583)
Information: 137.75364949930548
SD: 11.736850067173282

Operator                                                                Tuning    #accept    #reject      Pr(m)  Pr(acc|m)
Uniform()                                                                    -     508648     261360    0.27778    0.66057 
SubtreeSlide()                                                         1.00000      36512      40400    0.02778    0.47472 Try increasing size to about 2
SubtreeSlide()                                                        30.00000       1769      75122    0.02778    0.02301 Try decreasing size to about 15
Exchange()                                                                   -     112282     657102    0.27778    0.14594 
beast.base.inference.operator.DeltaExchangeOperator(editRateScaler)    1.00000       1425      75414    0.02778    0.01855 Try setting delta to about 0.5
ScaleOperator(clockRateScaler)                                         0.80000      50071      27483    0.02778    0.64563 Try setting scaleFactor to about 0.64
ScaleOperator(silencingRateScaler)                                     0.80000      57881      18842    0.02778    0.75442 Try setting scaleFactor to about 0.64
ScaleOperator(georateScaler.s:tissue)                                  0.99000     744923      23661    0.27778    0.96921 Try setting scaleFactor to about 0.98
ScaleOperator(geoMuScaler.c:tissue)                                    0.90000      63770      13335    0.02778    0.82705 Try setting scaleFactor to about 0.81

     Tuning: The value of the operator's tuning parameter, or '-' if the operator can't be optimized.
    #accept: The total number of times a proposal by this operator has been accepted.
    #reject: The total number of times a proposal by this operator has been rejected.
      Pr(m): The probability this operator is chosen in a step of the MCMC (i.e. the normalized weight).
  Pr(acc|m): The acceptance probability (#accept as a fraction of the total proposals for this operator).


Total calculation time: 418.834 seconds
Done!
