************************************
**** FeastMain BEAST 2 Launcher ****
************************************

Hunting for beast_services.xml files embedded in classpath:
- Processing /feast/beast_services.xml...
- Processing /beast_services.xml...
Done. Handing over to BeastMain...

                   BEAST v2.7.7 Prerelease, 2002-2024
             Bayesian Evolutionary Analysis Sampling Trees
                       Designed and developed by
 Remco Bouckaert, Alexei J. Drummond, Andrew Rambaut & Marc A. Suchard
                                    
                   Centre for Computational Evolution
                         University of Auckland
                       r.bouckaert@auckland.ac.nz
                        alexei@cs.auckland.ac.nz
                                    
                   Institute of Evolutionary Biology
                        University of Edinburgh
                           a.rambaut@ed.ac.uk
                                    
                    David Geffen School of Medicine
                 University of California, Los Angeles
                           msuchard@ucla.edu
                                    
                      Downloads, Help & Resources:
                           http://beast2.org/
                                    
  Source code distributed under the GNU Lesser General Public License:
                   http://github.com/CompEvol/beast2
                                    
                           BEAST developers:
   Alex Alekseyenko, Trevor Bedford, Erik Bloomquist, Joseph Heled, 
 Sebastian Hoehna, Denise Kuehnert, Philippe Lemey, Wai Lok Sibon Li, 
Gerton Lunter, Sidney Markowitz, Vladimir Minin, Michael Defoin Platel, 
          Oliver Pybus, Tim Vaughan, Chieh-Hsi Wu, Walter Xie
                                    
                               Thanks to:
          Roald Forsberg, Beth Shapiro and Korbinian Strimmer

Random number seed: 1733232928057

AlignmentFromFasta(alignment)
  63 taxa
  10 sites
  6 patterns

ASV020 = 420 (0.0)
ASV041 = 420 (0.0)
ASV051 = 420 (0.0)
ASV052 = 420 (0.0)
ASV055 = 420 (0.0)
ASV070 = 420 (0.0)
ASV071 = 420 (0.0)
ASV075 = 420 (0.0)
ASV076 = 420 (0.0)
ASV088 = 420 (0.0)
53 more...
Starting frequencies: [1.0, 0.0, 0.0]
  Using BEAGLE version: 4.0.1 (PRE-RELEASE) resource 0: CPU (x86_64)
    with instance flags:  PRECISION_DOUBLE COMPUTATION_SYNCH EIGEN_COMPLEX SCALING_MANUAL SCALERS_RAW VECTOR_SSE THREADING_NONE PROCESSOR_CPU FRAMEWORK_CPU
Starting frequencies: [1.0, 0.0, 0.0, 0.0]
ASV020 = FML (NaN)
ASV041 = LNSL (NaN)
ASV051 = PRL (NaN)
ASV052 = LNSL (NaN)
ASV055 = LNSL (NaN)
ASV070 = FML (NaN)
ASV071 = PRL (NaN)
ASV075 = FML (NaN)
ASV076 = FML (NaN)
ASV088 = FML (NaN)
53 more...
Starting frequencies: [0.25, 0.25, 0.25, 0.25]
  Using BEAGLE version: 4.0.1 (PRE-RELEASE) resource 0: CPU (x86_64)
    with instance flags:  PRECISION_DOUBLE COMPUTATION_SYNCH EIGEN_COMPLEX SCALING_MANUAL SCALERS_RAW VECTOR_SSE THREADING_NONE PROCESSOR_CPU FRAMEWORK_CPU
===============================================================================
Citations for this model:

Patricio Maturana, Brendon J. Brewer, Steffen Klaere, Remco Bouckaert. Model selection and parameter inference in phylogenetics using Nested Sampling. Systematic Biology, syy050, 2018

Stadler, T., Kuehnert, D., Bonhoeffer, S., and Drummond, A. J. (2013):
 Birth-death skyline plot reveals temporal changes of
 epidemic spread in HIV and hepatitis C virus (HCV). PNAS 110(1): 228–33.
If sampled ancestors are used then please also cite: Gavryushkina A, Welch D, Stadler T, Drummond AJ (2014) 
Bayesian inference of sampled ancestor trees for epidemiology and fossil calibration. 
PLoS Comput Biol 10(12): e1003919. doi:10.1371/journal.pcbi.1003919

Edwards, C. J., Suchard, M. A., Lemey, P., ... & Valdiosera, C. E. (2011).
Ancient hybridization and an Irish origin for the modern polar bear matriline.
Current Biology, 21(15), 1251-1258.

===============================================================================
         Sample      posterior ESS(posterior)     likelihood          prior
Start likelihood 0: -8944.99979553221 
              0     -1848.1649              N     -1408.2887      -439.8761 --
ML: -1409.1273416640404 Information: 0.8385606384288167
              1     -1575.5776         2.0        -1209.9207      -365.6569 --
ML: -1211.7593562238592 Information: 1.8385606384288167
              2     -1502.8288         3.0        -1137.3075      -365.5212 --
ML: -1140.146159093134 Information: 2.8385606384288167
              3     -1302.8583         4.0        -1016.1603      -286.6980 --
ML: -1019.9988850360734 Information: 3.8385606384288167
              4     -1266.2856         3.1         -973.5402      -292.7453 --
ML: -978.3788322413391 Information: 4.838560638428816
              5     -1250.8026         2.6         -955.5158      -295.2868 --
ML: -961.3544184527209 Information: 5.838559869817093
              6     -1211.3719         2.7         -925.0300      -286.3418 --
ML: -931.8686266890389 Information: 6.838560638384336
              7     -1204.1078         2.9         -921.0458      -283.0620 --
ML: -928.8350999971715 Information: 7.5973968162967225
              8     -1210.8820         3.1         -914.4633      -296.4186 --
ML: -923.2979827642563 Information: 8.807938601296218
              9     -1194.4522         3.4         -906.2644      -288.1877 --
ML: -916.102280255796 Information: 9.831643010727579
             10     -1175.3205         3.7         -887.1533      -288.1672 --
ML: -897.991880091537 Information: 10.838560364087833
             11     -1138.7024         3.8         -860.9156      -277.7868 --
ML: -872.7541876262778 Information: 11.838560638099668
             12     -1141.8885         3.8         -856.2498      -285.6387 --
ML: -869.0631761975822 Information: 12.696902147519392
             13     -1130.7984         3.8         -852.7392      -278.0591 --
ML: -866.4978100501667 Information: 13.47966763494577
             14     -1129.0408         3.8         -838.7881      -290.2526 --
ML: -853.6267174787577 Information: 14.83852147728783
             15     -1114.2892         3.9         -832.4529      -281.8362 --
ML: -848.2867210358247 Information: 15.803370170152219
             16     -1113.3326         3.9         -825.8943      -287.4383 --
ML: -842.7290023928628 Information: 16.809277933938862
             17     -1109.6293         3.8         -821.2911      -288.3382 --
ML: -839.1026947057703 Information: 17.688398564748052
             18     -1103.7906         3.8         -820.8466      -282.9440 --
ML: -838.6589892872464 Information: 17.448093707422345
             19     -1081.8446         3.6         -777.8264      -304.0182 --
ML: -797.6650056193556 Information: 19.838560638428817
             20     -1063.7381         3.6         -768.8518      -294.8862 --
ML: -789.6901015247398 Information: 20.83512945131433
             21     -1072.3957         3.6         -768.1975      -304.1981 --
ML: -789.1550667017846 Information: 20.572499164111434
             22     -1062.6779         3.5         -762.8900      -299.7878 --
ML: -785.6966054439214 Information: 22.62738574472259
             23     -1049.4141         3.4         -761.8136      -287.6004 --
ML: -784.9810008171664 Information: 22.553520984385273
             24     -1070.6919         3.4         -761.6460      -309.0459 --
ML: -784.7802427699547 Information: 22.494899256382155
             25     -1067.1360         3.4         -761.1016      -306.0343 --
ML: -784.6710914268223 Information: 22.508150149765697
             26     -1052.7562         3.4         -742.1189      -310.6373 --
ML: -768.9574764916227 Information: 26.838557484941784
             27     -1037.3509         3.4         -736.5734      -300.7774 --
ML: -764.4014350686826 Information: 27.769754214270165
             28     -1029.4644         3.4         -735.9812      -293.4831 --
ML: -763.8957677947868 Information: 27.522226841787415
             29     -1027.2940         2.7         -733.5855      -293.7084 --
ML: -762.9392288447808 Information: 28.282485490494935
             30     -1021.1889         2.7         -729.9274      -291.2614 --
ML: -760.6582653667414 Information: 30.247507207115518
             31     -1028.3184         2.7         -727.5457      -300.7727 --
ML: -759.137629295163 Information: 30.965703934522566
             32     -1032.6795         2.7         -726.0512      -306.6283 --
ML: -758.3128882968664 Information: 31.332070703682916
             33     -1044.8617         2.7         -724.4740      -320.3876 --
ML: -757.6195985944414 Information: 31.892347102692554
             34     -1023.3380         2.8         -723.0168      -300.3212 --
ML: -757.037411576695 Information: 32.50633847936251
             35     -1029.0254         2.8         -721.8499      -307.1754 --
ML: -756.6177451387476 Information: 33.00557195831527
             36     -1032.1904         2.8         -717.4726      -314.7178 --
ML: -754.2162388071563 Information: 36.18748221708444
             37     -1018.9714         2.8         -712.6131      -306.3583 --
ML: -750.4288031683166 Information: 37.692963543897136
             38     -1028.5535         2.8         -711.9096      -316.6438 --
ML: -749.8826532274675 Information: 37.49450223341728
             39      -994.9990         2.8         -708.4942      -286.5048 --
ML: -748.1402672430984 Information: 38.96422632700309
             40     -1006.3827         2.8         -706.2665      -300.1161 --
ML: -746.8011918950829 Information: 39.77209081893406
             41      -986.1083         2.8         -702.6628      -283.4455 --
ML: -744.4058353985772 Information: 41.34505432167148
             42      -998.9506         2.8         -701.2487      -297.7018 --
ML: -743.5408204757915 Information: 41.529099725685
             43     -1001.0962         2.8         -698.1471      -302.9491 --
ML: -741.7941025507567 Information: 42.97320751593557
             44      -995.9427         2.9         -695.9606      -299.9820 --
ML: -740.4845905173751 Information: 43.751794450110026
             45     -1001.3939         2.9         -695.5364      -305.8575 --
ML: -740.1406510363403 Information: 43.756032467249156
             46      -991.3669         2.9         -695.3651      -296.0017 --
ML: -740.0210391299834 Information: 43.75134599010789
             47      -996.7996         2.9         -693.3444      -303.4552 --
ML: -739.7488146216896 Information: 44.17626583661274
             48     -1015.5106         2.9         -692.7994      -322.7112 --
ML: -739.608017150632 Information: 44.39967107393022
             49     -1001.9335         2.9         -690.0456      -311.8879 --
ML: -739.0434405706271 Information: 46.062298121534354
             50     -1008.6235         3.0         -689.2147      -319.4088 --
ML: -738.7328144561898 Information: 46.75735378121618
             51     -1005.4296         3.0         -688.5491      -316.8805 --
ML: -738.5579217826379 Information: 47.132227954762925
             52     -1009.3727         3.0         -685.2052      -324.1675 --
ML: -737.5750197277943 Information: 50.041951526895105
             53      -993.4951         3.0         -685.0995      -308.3956 --
ML: -737.3471968969794 Information: 50.309916063055766
             54      -992.2901         3.0         -676.9060      -315.3841 --
ML: -731.7408837740112 Information: 54.79765096953879
             55      -972.6608         3.0         -673.9303      -298.7305 --
ML: -729.6386194318635 Information: 55.34013782220974
             56      -979.7990         3.0         -672.9626      -306.8364 --
ML: -729.0234630667376 Information: 55.338724721984136
             57      -992.1051         3.1         -671.4213      -320.6837 --
ML: -728.4415845749628 Information: 55.755328339217556
             58      -971.7189         3.1         -669.4921      -302.2268 --
ML: -727.6914393978843 Information: 56.690744658155666
             59      -967.3086         3.0         -668.4693      -298.8392 --
ML: -727.2597576361701 Information: 57.146511134695515
             60      -962.3215         3.1         -658.2386      -304.0828 --
ML: -719.0769422689411 Information: 60.8349632576994
             61      -952.7945         3.1         -655.2847      -297.5097 --
ML: -716.990782687392 Information: 61.338812575312474
             62      -949.0123         3.1         -654.2609      -294.7514 --
ML: -716.3505267269347 Information: 61.356285838339886
             63      -958.5426         3.1         -651.3347      -307.2079 --
ML: -714.9046981455356 Information: 62.70796180974878
             64      -948.7980         3.1         -649.3335      -299.4645 --
ML: -713.7795938691808 Information: 63.51662664870537
             65      -954.4097         3.1         -649.0926      -305.3170 --
ML: -713.5049137190055 Information: 63.523027153988096
             66      -935.5624         3.2         -647.6775      -287.8848 --
ML: -713.1946636564929 Information: 63.82741498393477
             67      -948.4928         3.2         -647.6613      -300.8315 --
ML: -713.0995939171569 Information: 63.88705527498337
             68      -940.9555         3.2         -643.1192      -297.8362 --
ML: -711.6807779638855 Information: 67.08691963886736
             69      -949.3571         3.2         -642.9859      -306.3711 --
ML: -711.4041977419612 Information: 67.19884266228132
             70      -945.8066         3.2         -642.3467      -303.4599 --
ML: -711.2485146067391 Information: 67.31111856737448
             71      -926.8198         3.2         -627.6463      -299.1735 --
ML: -699.4848655499876 Information: 71.83842607273503
             72      -937.9364         3.2         -623.6962      -314.2401 --
ML: -696.4838236108741 Information: 72.59108384905515
             73      -922.7569         3.2         -623.1716      -299.5852 --
ML: -696.0196285695656 Information: 72.39467062769819
             74      -925.7674         3.2         -621.9349      -303.8324 --
ML: -695.6340167858061 Information: 72.54978770966301
             75      -920.9608         3.1         -620.7045      -300.2563 --
ML: -695.2954747248432 Information: 72.89467682710841
             76      -936.3256         3.1         -620.2335      -316.0920 --
ML: -695.139150568069 Information: 73.051991583411
             77      -947.5766         3.1         -620.1307      -327.4458 --
ML: -695.0818240466612 Information: 73.10366327604277
             78      -937.4162         3.1         -616.5647      -320.8515 --
ML: -694.5365368363392 Information: 74.83378585966983
             79      -921.6261         3.1         -614.9959      -306.6302 --
ML: -693.9813260738771 Information: 76.28389437611463
             80      -913.5318         3.1         -614.7607      -298.7711 --
ML: -693.800423237677 Information: 76.58896474161713
             81      -911.6691         3.1         -613.0005      -298.6685 --
ML: -693.497424101484 Information: 77.38669404209872
             82      -906.7978         3.1         -609.0533      -297.7445 --
ML: -691.7089252848334 Information: 81.47551238944506
             83      -907.5728         3.0         -602.8984      -304.6744 --
ML: -686.7301122384987 Information: 83.78117379577111
             84      -918.3103         3.0         -602.5546      -315.7556 --
ML: -686.314534462701 Information: 83.49966606026209
             85      -913.9014         3.0         -598.2022      -315.6992 --
ML: -683.942813486721 Information: 85.31014252720507
             86      -903.8165         3.0         -595.6672      -308.1493 --
ML: -682.2925731182726 Information: 86.05598321205359
             87      -908.7549         3.0         -587.1667      -321.5881 --
ML: -675.0046495376697 Information: 87.83167520419676
             88      -889.3933         3.0         -586.3796      -303.0137 --
ML: -674.4125943151296 Information: 87.59408422125068
             89      -891.0746         2.9         -585.6122      -305.4624 --
ML: -674.1094578808353 Information: 87.6063967851814
             90      -902.5954         2.9         -585.4216      -317.1738 --
ML: -673.999351525018 Information: 87.60903984202412
             91      -895.9198         2.9         -585.2073      -310.7125 --
ML: -673.952923519859 Information: 87.61627939607331
             92      -916.1150         2.9         -584.2671      -331.8479 --
ML: -673.9110801954811 Information: 87.65924220005468
             93      -897.1631         2.9         -583.1340      -314.0290 --
ML: -673.8653285384297 Information: 87.7529191005325
             94      -903.3399         2.9         -582.9918      -320.3481 --
ML: -673.8465392717311 Information: 87.79221586396795
             95      -884.9086         2.8         -582.6292      -302.2793 --
ML: -673.836747419646 Information: 87.81579783489087
             96      -886.7068         2.8         -582.2962      -304.4105 --
ML: -673.8317585782743 Information: 87.8293446900152
             97      -884.4030         2.8         -581.7969      -302.6060 --
ML: -673.8287469168205 Information: 87.83897939384144
             98      -872.5483         2.8         -579.1728      -293.3755 --
ML: -673.8136039708182 Information: 87.92628736738754
             99      -868.0666         2.8         -577.1339      -290.9326 --
ML: -673.7720106200867 Information: 88.24130645589696
            100      -876.1421         2.7         -576.1248      -300.0173 --
ML: -673.7317205929413 Information: 88.5724443284364
            101      -886.6559         2.7         -575.9335      -310.7224 --
ML: -673.7142833154262 Information: 88.71448372775603
            102      -887.6488         2.7         -572.1021      -315.5467 --
ML: -673.4570467847893 Information: 91.3826330953496
            103      -874.1894         2.7         -570.7370      -303.4524 --
ML: -673.174303657824 Information: 93.89214279762012
            104      -875.2495         2.7         -563.8736      -311.3758 --
ML: -668.7007090822226 Information: 104.65133531172168
            105      -872.5023         2.7         -563.3331      -309.1691 --
ML: -668.215568691585 Information: 104.44151990378737
            106      -885.0485         2.7         -556.1042      -328.9442 --
ML: -662.9377146862762 Information: 106.79430247780726
            107      -872.7241         2.7         -554.0677      -318.6563 --
ML: -661.6013709178842 Information: 106.9881543506065
            108      -869.8970         2.7         -553.7473      -316.1497 --
ML: -661.28393516905 Information: 106.90621525669945
            109      -881.2275         2.6         -553.3928      -327.8347 --
ML: -661.1505996571384 Information: 106.89581931525993
            110      -861.4767         2.6         -552.3680      -309.1087 --
ML: -661.0301861299725 Information: 106.98944809615028
            111      -857.4530         2.6         -551.5594      -305.8936 --
ML: -660.9406325397148 Information: 107.11244495373171
            112      -849.4116         2.6         -549.9780      -299.4336 --
ML: -660.7980907512662 Information: 107.48138560228068
            113      -859.3550         2.6         -549.7896      -309.5653 --
ML: -660.7407596909742 Information: 107.62057764097392
            114      -861.6159         2.6         -548.6126      -313.0032 --
ML: -660.6763715731445 Information: 107.8372741270598
            115      -862.0661         2.6         -547.5942      -314.4719 --
ML: -660.6147883322587 Information: 108.08894249912805
            116      -861.4095         2.6         -544.4385      -316.9709 --
ML: -660.1989404675262 Information: 110.42455112193483
            117      -847.6390         2.6         -540.2519      -307.3871 --
ML: -657.9759209987153 Information: 116.6928517819758
            118      -856.2247         2.6         -540.1179      -316.1068 --
ML: -657.6573918921408 Information: 116.69215635029587
            119      -850.4875         2.6         -535.9933      -314.4942 --
ML: -655.6825280361415 Information: 118.99915899669409
            120      -838.2563         2.6         -535.9048      -302.3515 --
ML: -655.3852759710031 Information: 118.90210113307535
            121      -842.0836         2.6         -531.9734      -310.1101 --
ML: -653.6235609974258 Information: 120.87557319053133
            122      -836.2310         2.6         -529.3618      -306.8691 --
ML: -651.984551732687 Information: 121.96518618292687
            123      -824.3833         2.6         -526.3440      -298.0392 --
ML: -650.029923798301 Information: 123.16537040292322
            124      -826.8406         2.6         -525.2804      -301.5602 --
ML: -649.3803079978113 Information: 123.27258603601291
            125      -821.0406         2.6         -522.7057      -298.3349 --
ML: -648.1842311348876 Information: 124.44980009672636
            126      -819.3377         2.6         -522.6634      -296.6743 --
ML: -647.9469970071979 Information: 124.43875702323538
            127      -824.3453         2.6         -521.6509      -302.6943 --
ML: -647.7532112021383 Information: 124.57215644712045
            128      -813.3540         2.6         -520.0079      -293.3461 --
ML: -647.4642019218697 Information: 125.07957613375561
            129      -824.1888         2.6         -519.5261      -304.6627 --
ML: -647.3248785326876 Information: 125.3120098966699
            130      -813.1133         2.6         -518.1087      -295.0046 --
ML: -647.144710926322 Information: 125.7755135020667
            131      -822.9509         2.6         -515.6653      -307.2855 --
ML: -646.6151362968955 Information: 127.59103016782342
            132      -829.0485         2.6         -514.2751      -314.7733 --
ML: -646.1405315810041 Information: 128.9108983542095
            133      -823.2224         2.6         -513.1225      -310.0999 --
ML: -645.7757643242776 Information: 129.801428693479
            134      -827.8088         2.6         -512.8477      -314.9610 --
ML: -645.6377496067192 Information: 130.0664688844201
            135      -819.4572         2.6         -511.7848      -307.6723 --
ML: -645.5091044239992 Information: 130.39489638535844
            136      -808.4960         2.6         -507.8723      -300.6236 --
ML: -644.3392554344057 Information: 134.21892688075445
            137      -818.1923         2.6         -507.7751      -310.4172 --
ML: -644.0927200508203 Information: 134.4848052641011
            138      -821.4126         2.6         -507.4419      -313.9707 --
ML: -643.9864095166433 Information: 134.5969448696872
            139      -816.9808         2.6         -506.9933      -309.9875 --
ML: -643.929930634514 Information: 134.67204434287885
            140      -802.7889         2.6         -506.9600      -295.8289 --
ML: -643.909258839819 Information: 134.69838634938003
            141      -809.1341         2.6         -506.3436      -302.7904 --
ML: -643.8954147605456 Information: 134.72396260802225
            142      -803.1340         2.6         -505.9681      -297.1658 --
ML: -643.8880789143037 Information: 134.7400395916569
            143      -811.9214         2.6         -504.7507      -307.1706 --
ML: -643.8790358213759 Information: 134.770582359642
            144      -811.2109         2.6         -503.6329      -307.5780 --
ML: -643.8689591278057 Information: 134.81540345007204
            145      -806.1300         2.6         -503.5025      -302.6275 --
ML: -643.8647655526615 Information: 134.83443989058992
            146      -802.9841         2.6         -501.0030      -301.9811 --
ML: -643.8461936902137 Information: 134.96357435286637
            147      -804.4160         2.6         -499.5068      -304.9091 --
ML: -643.8164206941161 Information: 135.20883116439177
            148      -824.1181         2.6         -497.3792      -326.7388 --
ML: -643.729702509973 Information: 136.05478733269064
            149      -817.6078         2.6         -497.1329      -320.4748 --
ML: -643.6913546341997 Information: 136.4130477915026
            150      -817.6985         2.5         -496.3651      -321.3334 --
ML: -643.6619639272044 Information: 136.69973515995014
            151      -809.6212         2.5         -495.7492      -313.8720 --
ML: -643.6424303735785 Information: 136.89710572964458
            152      -797.9094         2.5         -495.4719      -302.4375 --
ML: -643.6330839718903 Information: 136.99263388933286
            153      -826.4001         2.5         -494.6857      -331.7144 --
ML: -643.6255997154246 Information: 137.07428782280346
            154      -807.3864         2.5         -491.4281      -315.9582 --
ML: -643.5567439514984 Information: 138.01170712004927
            155      -801.3989         2.5         -490.7845      -310.6144 --
ML: -643.5112047327386 Information: 138.62327518971284
            156      -798.7368         2.5         -489.3542      -309.3826 --
ML: -643.4449926711399 Information: 139.55226931960624
            157      -814.1971         2.5         -489.1799      -325.0172 --
ML: -643.417320789772 Information: 139.92614742167393
            158      -804.0615         2.5         -489.0565      -315.0049 --
ML: -643.4060267195093 Information: 140.07696145056968
            159      -811.6276         2.5         -489.0079      -322.6197 --
ML: -643.4016988834683 Information: 140.13447895972553
            160      -798.7938         2.5         -487.7283      -311.0654 --
ML: -643.3960033300842 Information: 140.21703426304748
            161      -801.7572         2.5         -487.6230      -314.1341 --
ML: -643.393684652429 Information: 140.25074298326672
            162      -795.4659         2.5         -486.8393      -308.6265 --
ML: -643.3918209269135 Information: 140.27923634313737
            163      -797.6681         2.5         -484.7780      -312.8901 --
ML: -643.3864537259999 Information: 140.37201080265942
            164      -792.6843         2.5         -484.7483      -307.9359 --
ML: -643.3844272720839 Information: 140.40696226959295
            165      -806.3151         2.5         -484.6466      -321.6685 --
ML: -643.383603177169 Information: 140.42123825907794
            166      -793.7960         2.5         -482.5338      -311.2621 --
ML: -643.3810996124664 Information: 140.4698148848941
            167      -790.5582         2.5         -480.5123      -310.0459 --
ML: -643.3741789835078 Information: 140.61737397831536
            168      -802.6426         2.5         -480.3598      -322.2827 --
ML: -643.3712282336188 Information: 140.6804136661736
            169      -809.1471         2.5         -479.9283      -329.2188 --
ML: -643.3695608133744 Information: 140.716669278962
            170      -797.4439         2.5         -479.0927      -318.3512 --
ML: -643.368148362209 Information: 140.74851092551393
            171      -800.8093         2.5         -476.9207      -323.8886 --
ML: -643.3636020031691 Information: 140.86053578280524
            172      -808.3045         2.5         -476.2519      -332.0525 --
ML: -643.3603501567883 Information: 140.94250989642057
            173      -783.7149         2.5         -476.2071      -307.5077 --
ML: -643.3591019178346 Information: 140.97395840506533
            174      -784.4941         2.5         -476.1149      -308.3791 --
ML: -643.3585987960565 Information: 140.9866690563618
            175      -784.5957         2.5         -475.8561      -308.7395 --
ML: -643.358359125868 Information: 140.99278366299944
            176      -798.1220         2.5         -475.6462      -322.4758 --
ML: -643.3582503825753 Information: 140.9955803075636
            177      -810.1549         2.5         -475.4596      -334.6953 --
ML: -643.3582021731014 Information: 140.99682904868922
            178      -802.7776         2.5         -474.8933      -327.8843 --
ML: -643.3581709298096 Information: 140.99765598402433
            179      -793.2943         2.5         -471.8225      -321.4717 --
ML: -643.3579231833107 Information: 141.0049729641517
            180      -795.7892         2.5         -471.6876      -324.1016 --
ML: -643.3578188896819 Information: 141.0080667033019
            181      -781.9826         2.5         -471.6557      -310.3268 --
ML: -643.3577792820493 Information: 141.00924278924026
            182      -789.8148         2.5         -471.6186      -318.1962 --
ML: -643.357764160602 Information: 141.00969234529458
            183      -806.7595         2.5         -471.4932      -335.2663 --
ML: -643.3577578545933 Information: 141.00988060970548
            184      -787.9035         2.5         -469.3078      -318.5956 --
ML: -643.3577372222502 Information: 141.01054166375224
            185      -792.0137         2.5         -468.5288      -323.4848 --
ML: -643.357720681408 Information: 141.01108450228486
            186      -797.5148         2.5         -467.6992      -329.8155 --
ML: -643.3577067328893 Information: 141.01155382955062
            187      -802.0697         2.5         -466.8433      -335.2264 --
ML: -643.3576946555448 Information: 141.01197052956354
            188      -802.8788         2.5         -466.4935      -336.3853 --
ML: -643.3576883519949 Information: 141.0121902214196
            189      -785.2343         2.5         -466.1878      -319.0464 --
ML: -643.357685204021 Information: 141.01230089649948
            190      -789.5397         2.5         -465.2493      -324.2903 --
ML: -643.3576822436748 Information: 141.01240775316273
            191      -797.1825         2.5         -465.1853      -331.9972 --
ML: -643.3576810827101 Information: 141.01244973348076
            192      -808.1619         2.5         -465.0771      -343.0848 --
ML: -643.3576806067813 Information: 141.01246699450394
            193      -794.1259         2.5         -464.0454      -330.0805 --
ML: -643.3576801155276 Information: 141.01248531815486
            194      -796.8394         2.5         -463.9375      -332.9018 --
ML: -643.3576799142256 Information: 141.01249284837104
            195      -795.7513         2.5         -463.8052      -331.9460 --
ML: -643.357679829691 Information: 141.01249602177523
            196      -789.8570         2.5         -462.8527      -327.0043 --
ML: -643.3576797490766 Information: 141.01249912483894
            197      -809.1264         2.5         -462.0878      -347.0386 --
ML: -643.3576796853514 Information: 141.0125016265066
            198      -811.9630         2.5         -461.4551      -350.5079 --
ML: -643.3576796412151 Information: 141.01250338711384
            199      -793.0070         2.5         -460.4400      -332.5670 --
ML: -643.3576795964084 Information: 141.0125052199387
            200      -794.2437         2.5         -457.2530      -336.9907 --
ML: -643.3576791972495 Information: 141.0125228197026
            201      -786.6892         2.5         -457.1547      -329.5345 --
ML: -643.3576790352354 Information: 141.01252997916708
            202      -798.0094         2.5         -456.6870      -341.3223 --
ML: -643.3576789401003 Information: 141.01253422770088
            203      -793.4883         2.5         -456.4599      -337.0284 --
ML: -643.3576788961757 Information: 141.0125361992633
            204      -798.3020         2.5         -456.2699      -342.0320 --
ML: -643.357678876637 Information: 141.012537079948
            205      -815.0024         2.5         -455.9857      -359.0166 --
ML: -643.3576788670863 Information: 141.01253751316182
            206      -811.4405         2.5         -455.5281      -355.9123 --
ML: -643.3576788615338 Information: 141.01253776754754
            207      -808.1738         2.5         -455.4400      -352.7337 --
ML: -643.3576788593032 Information: 141.01253786994346
            208      -797.2884         2.5         -455.3906      -341.8977 --
ML: -643.357678858441 Information: 141.01253790958418
            209      -796.8168         2.6         -455.3655      -341.4512 --
ML: -643.3576788581157 Information: 141.01253792455066
            210      -810.0241         2.6         -454.6394      -355.3846 --
ML: -643.3576788578684 Information: 141.01253793607833
            211      -798.3126         2.6         -453.8712      -344.4413 --
ML: -643.3576788576723 Information: 141.01253794537251
            212      -802.0488         2.6         -453.8308      -348.2180 --
ML: -643.3576788575972 Information: 141.01253794894762
            213      -801.7479         2.6         -453.4401      -348.3077 --
ML: -643.3576788575564 Information: 141.01253795088564
            214      -792.3217         2.6         -453.4361      -338.8855 --
ML: -643.3576788575413 Information: 141.01253795162404
            215      -800.0541         2.6         -453.2424      -346.8116 --
ML: -643.3576788575346 Information: 141.0125379519332
            216      -807.4822         2.6         -452.9684      -354.5138 --
ML: -643.3576788575313 Information: 141.01253795210943
            217      -800.1039         2.6         -452.7701      -347.3337 --
ML: -643.3576788575298 Information: 141.01253795218827
            218      -792.3725         2.6         -452.5794      -339.7931 --
ML: -643.3576788575291 Information: 141.01253795223556
            219      -813.2179         2.6         -451.5567      -361.6612 --
ML: -643.3576788575284 Information: 141.01253795227683
            220      -818.1360         2.6         -450.4725      -367.6635 --
ML: -643.3576788575277 Information: 141.01253795229252
            221      -816.6424         2.6         -450.4065      -366.2358 --
ML: -643.3576788575274 Information: 141.01253795233526
            222      -818.8313         2.6         -449.5712      -369.2600 --
ML: -643.3576788575272 Information: 141.01253795234067
            223      -796.2918         2.6         -449.1485      -347.1433 --
ML: -643.357678857527 Information: 141.01253795233674
            224      -804.1277         2.6         -448.5824      -355.5453 --
ML: -643.3576788575269 Information: 141.0125379523543
            225      -795.7226         2.6         -448.4688      -347.2537 --
ML: -643.3576788575269 Information: 141.01253795233805
            226      -797.1047         2.6         -447.6641      -349.4405 --
ML: -643.3576788575269 Information: 141.01253795232475
            227      -795.7922         2.6         -447.6526      -348.1396 --
ML: -643.3576788575269 Information: 141.01253795231975
            228      -787.7669         2.6         -446.9759      -340.7909 --
ML: -643.3576788575269 Information: 141.0125379523161
            229      -782.6526         2.7         -444.4720      -338.1805 --
ML: -643.3576788575269 Information: 141.01253795230008
            230      -788.4825         2.7         -444.1796      -344.3029 --
ML: -643.3576788575269 Information: 141.01253795229223
            231      -782.2762         2.7         -444.1231      -338.1530 --
ML: -643.3576788575269 Information: 141.01253795228916
            232      -795.2951         2.7         -443.6031      -351.6919 --
ML: -643.3576788575269 Information: 141.01253795228723
            233      -788.7371         2.7         -441.9534      -346.7837 --
ML: -643.3576788575269 Information: 141.0125379522836
            234      -795.0604         2.7         -441.1138      -353.9466 --
ML: -643.3576788575269 Information: 141.01253795228052
            235      -798.4864         2.7         -437.6523      -360.8340 --
ML: -643.3576788575268 Information: 141.01253795230173
            236      -809.2038         2.7         -437.5905      -371.6132 --
ML: -643.3576788575268 Information: 141.01253795228774
            237      -804.0833         2.7         -437.5232      -366.5601 --
ML: -643.3576788575268 Information: 141.01253795228217
            238      -797.4626         2.7         -436.8755      -360.5870 --
ML: -643.3576788575268 Information: 141.0125379522783
            239      -801.9819         2.7         -436.1226      -365.8592 --
ML: -643.3576788575268 Information: 141.01253795227524
            240      -798.8632         2.7         -436.1171      -362.7460 --
ML: -643.3576788575268 Information: 141.0125379522741
            241      -797.7336         2.7         -434.6197      -363.1138 --
ML: -643.3576788575268 Information: 141.01253795227228
            242      -812.1225         2.7         -433.9634      -378.1591 --
ML: -643.3576788575268 Information: 141.01253795227103
            243      -801.9769         2.7         -433.7881      -368.1887 --
ML: -643.3576788575268 Information: 141.01253795227046
            244      -790.4187         2.8         -433.7125      -356.7062 --
ML: -643.3576788575268 Information: 141.01253795227024
            245      -810.1833         2.8         -433.6405      -376.5428 --
ML: -643.3576788575268 Information: 141.01253795227012
            246      -797.2961         2.8         -433.3799      -363.9161 --
ML: -643.3576788575268 Information: 141.01253795227012
            247      -794.6111         2.8         -432.5877      -362.0234 --
ML: -643.3576788575268 Information: 141.01253795227012
            248      -807.6506         2.8         -432.5803      -375.0703 --
ML: -643.3576788575268 Information: 141.01253795227012
            249      -806.0399         2.8         -431.5266      -374.5132 --
ML: -643.3576788575268 Information: 141.01253795227012
            250      -799.8792         2.8         -431.3043      -368.5749 --
ML: -643.3576788575268 Information: 141.01253795227012
            251      -806.1832         2.8         -431.2453      -374.9378 --
ML: -643.3576788575268 Information: 141.01253795227012
            252      -800.6728         2.8         -429.8454      -370.8274 --
ML: -643.3576788575268 Information: 141.01253795227012
            253      -805.1903         2.8         -429.1830      -376.0072 --
ML: -643.3576788575268 Information: 141.01253795227012
            254      -807.1602         2.8         -428.9978      -378.1623 --
ML: -643.3576788575268 Information: 141.01253795227012
            255      -819.1657         2.8         -428.9959      -390.1697 --
ML: -643.3576788575268 Information: 141.01253795227012
            256      -801.5868         2.8         -428.5154      -373.0714 --
ML: -643.3576788575268 Information: 141.01253795227012
            257      -806.1642         2.9         -428.0716      -378.0925 --
ML: -643.3576788575268 Information: 141.01253795227012
            258      -808.4454         2.9         -427.3830      -381.0624 --
ML: -643.3576788575268 Information: 141.01253795227012
            259      -818.1772         2.9         -427.3070      -390.8701 --
ML: -643.3576788575268 Information: 141.01253795227012
            260      -820.2026         2.9         -427.0774      -393.1251 --
ML: -643.3576788575268 Information: 141.01253795227012
            261      -813.9044         2.9         -426.7291      -387.1752 --
ML: -643.3576788575268 Information: 141.01253795227012
            262      -822.8301         2.9         -426.2276      -396.6024 --
ML: -643.3576788575268 Information: 141.01253795227012
            263      -817.9128         2.9         -426.0831      -391.8297 --
ML: -643.3576788575268 Information: 141.01253795227012
            264      -830.8246         2.9         -425.9459      -404.8787 --
ML: -643.3576788575268 Information: 141.01253795227012
            265      -816.3390         2.9         -425.8945      -390.4445 --
ML: -643.3576788575268 Information: 141.01253795227012
            266      -812.0603         2.9         -425.8099      -386.2503 --
ML: -643.3576788575268 Information: 141.01253795227012
            267      -803.3853         2.9         -425.7446      -377.6406 --
ML: -643.3576788575268 Information: 141.01253795227012
            268      -805.1824         2.9         -425.7121      -379.4702 --
ML: -643.3576788575268 Information: 141.01253795227012
            269      -810.0608         3.0         -425.5615      -384.4993 --
ML: -643.3576788575268 Information: 141.01253795227012
            270      -817.9448         3.0         -425.0583      -392.8864 --
ML: -643.3576788575268 Information: 141.01253795227012
            271      -821.4107         3.0         -424.9615      -396.4491 --
ML: -643.3576788575268 Information: 141.01253795227012
            272      -821.0130         3.0         -424.2767      -396.7362 --
ML: -643.3576788575268 Information: 141.01253795227012
            273      -803.3379         3.0         -424.0297      -379.3082 --
ML: -643.3576788575268 Information: 141.01253795227012
            274      -817.6253         3.0         -423.7173      -393.9080 --
ML: -643.3576788575268 Information: 141.01253795227012
            275      -810.3108         3.0         -423.1271      -387.1836 --
ML: -643.3576788575268 Information: 141.01253795227012
            276      -814.2963         3.0         -423.0769      -391.2194 --
ML: -643.3576788575268 Information: 141.01253795227012
            277      -803.6521         3.0         -422.7618      -380.8902 --
ML: -643.3576788575268 Information: 141.01253795227012
            278      -814.8794         3.0         -422.7070      -392.1723 --
ML: -643.3576788575268 Information: 141.01253795227012
            279      -828.4637         3.1         -422.4974      -405.9662 --
ML: -643.3576788575268 Information: 141.01253795227012
            280      -817.2742         3.1         -422.3144      -394.9598 --
ML: -643.3576788575268 Information: 141.01253795227012
            281      -818.2918         3.1         -421.6518      -396.6400 --
ML: -643.3576788575268 Information: 141.01253795227012
            282      -821.4747         3.1         -421.6425      -399.8321 --
ML: -643.3576788575268 Information: 141.01253795227012
283<=1000000&& (283<2.0*141.01253795227012*1||Math.abs(-643.3576788575268 - -643.3576788575268)/Math.abs(-643.3576788575268) > 1.0E-10
Finished in 283 steps!
Marginal likelihood: -640.2924130406939 (bootstrap SD=11.612070127035281)
Marginal likelihood: -640.1854272259285 (subsample SD=13.907234989318736)
Marginal likelihood: -641.2657350099212(10.762846272781296)
Information: 141.01253795227012
SD: 11.874870018331574

Operator                                                                Tuning    #accept    #reject      Pr(m)  Pr(acc|m)
Uniform()                                                                    -     514636     274295    0.27778    0.65232 
SubtreeSlide()                                                         1.00000      38540      40585    0.02778    0.48708 Try increasing size to about 2
SubtreeSlide()                                                        30.00000       1926      76734    0.02778    0.02449 Try decreasing size to about 15
Exchange()                                                                   -      90724     697494    0.27778    0.11510 
beast.base.inference.operator.DeltaExchangeOperator(editRateScaler)    1.00000       1558      77486    0.02778    0.01971 Try setting delta to about 0.5
ScaleOperator(clockRateScaler)                                         0.80000      53447      25298    0.02778    0.67874 Try setting scaleFactor to about 0.64
ScaleOperator(silencingRateScaler)                                     0.80000      62075      17085    0.02778    0.78417 Try setting scaleFactor to about 0.64
ScaleOperator(georateScaler.s:tissue)                                  0.99000     764186      24600    0.27778    0.96881 Try setting scaleFactor to about 0.98
ScaleOperator(geoMuScaler.c:tissue)                                    0.90000      68495      10836    0.02778    0.86341 Try setting scaleFactor to about 0.81

     Tuning: The value of the operator's tuning parameter, or '-' if the operator can't be optimized.
    #accept: The total number of times a proposal by this operator has been accepted.
    #reject: The total number of times a proposal by this operator has been rejected.
      Pr(m): The probability this operator is chosen in a step of the MCMC (i.e. the normalized weight).
  Pr(acc|m): The acceptance probability (#accept as a fraction of the total proposals for this operator).


Total calculation time: 636.431 seconds
Done!
