************************************
**** FeastMain BEAST 2 Launcher ****
************************************

Hunting for beast_services.xml files embedded in classpath:
- Processing /feast/beast_services.xml...
- Processing /beast_services.xml...
Done. Handing over to BeastMain...

                   BEAST v2.7.7 Prerelease, 2002-2024
             Bayesian Evolutionary Analysis Sampling Trees
                       Designed and developed by
 Remco Bouckaert, Alexei J. Drummond, Andrew Rambaut & Marc A. Suchard
                                    
                   Centre for Computational Evolution
                         University of Auckland
                       r.bouckaert@auckland.ac.nz
                        alexei@cs.auckland.ac.nz
                                    
                   Institute of Evolutionary Biology
                        University of Edinburgh
                           a.rambaut@ed.ac.uk
                                    
                    David Geffen School of Medicine
                 University of California, Los Angeles
                           msuchard@ucla.edu
                                    
                      Downloads, Help & Resources:
                           http://beast2.org/
                                    
  Source code distributed under the GNU Lesser General Public License:
                   http://github.com/CompEvol/beast2
                                    
                           BEAST developers:
   Alex Alekseyenko, Trevor Bedford, Erik Bloomquist, Joseph Heled, 
 Sebastian Hoehna, Denise Kuehnert, Philippe Lemey, Wai Lok Sibon Li, 
Gerton Lunter, Sidney Markowitz, Vladimir Minin, Michael Defoin Platel, 
          Oliver Pybus, Tim Vaughan, Chieh-Hsi Wu, Walter Xie
                                    
                               Thanks to:
          Roald Forsberg, Beth Shapiro and Korbinian Strimmer

Random number seed: 1733232929010

AlignmentFromFasta(alignment)
  63 taxa
  10 sites
  6 patterns

ASV020 = 420 (0.0)
ASV041 = 420 (0.0)
ASV051 = 420 (0.0)
ASV052 = 420 (0.0)
ASV055 = 420 (0.0)
ASV070 = 420 (0.0)
ASV071 = 420 (0.0)
ASV075 = 420 (0.0)
ASV076 = 420 (0.0)
ASV088 = 420 (0.0)
53 more...
Starting frequencies: [1.0, 0.0, 0.0]
  Using BEAGLE version: 4.0.1 (PRE-RELEASE) resource 0: CPU (x86_64)
    with instance flags:  PRECISION_DOUBLE COMPUTATION_SYNCH EIGEN_COMPLEX SCALING_MANUAL SCALERS_RAW VECTOR_SSE THREADING_NONE PROCESSOR_CPU FRAMEWORK_CPU
Starting frequencies: [1.0, 0.0, 0.0, 0.0]
ASV020 = FML (NaN)
ASV041 = LNSL (NaN)
ASV051 = PRL (NaN)
ASV052 = LNSL (NaN)
ASV055 = LNSL (NaN)
ASV070 = FML (NaN)
ASV071 = PRL (NaN)
ASV075 = FML (NaN)
ASV076 = FML (NaN)
ASV088 = FML (NaN)
53 more...
Starting frequencies: [0.25, 0.25, 0.25, 0.25]
  Using BEAGLE version: 4.0.1 (PRE-RELEASE) resource 0: CPU (x86_64)
    with instance flags:  PRECISION_DOUBLE COMPUTATION_SYNCH EIGEN_COMPLEX SCALING_MANUAL SCALERS_RAW VECTOR_SSE THREADING_NONE PROCESSOR_CPU FRAMEWORK_CPU
===============================================================================
Citations for this model:

Patricio Maturana, Brendon J. Brewer, Steffen Klaere, Remco Bouckaert. Model selection and parameter inference in phylogenetics using Nested Sampling. Systematic Biology, syy050, 2018

Stadler, T., Kuehnert, D., Bonhoeffer, S., and Drummond, A. J. (2013):
 Birth-death skyline plot reveals temporal changes of
 epidemic spread in HIV and hepatitis C virus (HCV). PNAS 110(1): 228–33.
If sampled ancestors are used then please also cite: Gavryushkina A, Welch D, Stadler T, Drummond AJ (2014) 
Bayesian inference of sampled ancestor trees for epidemiology and fossil calibration. 
PLoS Comput Biol 10(12): e1003919. doi:10.1371/journal.pcbi.1003919

Edwards, C. J., Suchard, M. A., Lemey, P., ... & Valdiosera, C. E. (2011).
Ancient hybridization and an Irish origin for the modern polar bear matriline.
Current Biology, 21(15), 1251-1258.

===============================================================================
         Sample      posterior ESS(posterior)     likelihood          prior
Start likelihood 0: -4592.144071225491 
              0     -1461.8343              N     -1010.8227      -451.0116 --
ML: -1011.6612699889582 Information: 0.8385606384288167
              1     -1257.5654         2.0         -879.4228      -378.1425 --
ML: -881.2614431426894 Information: 1.8385606384288167
              2     -1182.1673         3.0         -812.8761      -369.2912 --
ML: -815.7146924405101 Information: 2.8385606384288167
              3     -1147.9681         4.0         -790.2387      -357.7293 --
ML: -794.0772927865531 Information: 3.8385606289503835
              4     -1129.5153         4.0         -789.6582      -339.8570 --
ML: -793.5720824861671 Information: 3.5635640324249493
              5     -1058.6280         3.4         -758.4243      -300.2036 --
ML: -764.2629199858272 Information: 5.838560638453541
              6     -1053.5066         3.3         -755.8870      -297.6195 --
ML: -762.5309140845677 Information: 6.19492656171488
              7     -1036.1114         3.3         -749.8734      -286.2379 --
ML: -757.7040161887161 Information: 7.778743882756671
              8     -1029.1117         3.4         -732.0925      -297.0191 --
ML: -740.9311392366425 Information: 8.838559659964007
              9     -1022.5340         2.8         -721.4513      -301.0827 --
ML: -731.289829456097 Information: 9.83780409647109
             10     -1009.4965         3.0         -715.9500      -293.5464 --
ML: -726.7776074655939 Information: 10.767147330314863
             11     -1006.5266         3.0         -714.3717      -292.1548 --
ML: -725.7611037894162 Information: 10.796381584493702
             12     -1010.4753         3.0         -714.2086      -296.2667 --
ML: -725.5170989248224 Information: 10.716083281748979
             13     -1014.7195         3.0         -712.2120      -302.5075 --
ML: -725.0555319461673 Information: 11.211679733647031
             14      -996.8107         3.1         -707.7954      -289.0152 --
ML: -722.5489694405557 Information: 14.26026133552267
             15      -978.3239         3.3         -702.9941      -275.3298 --
ML: -718.8086389118189 Information: 15.688801056590382
             16      -984.2314         3.4         -701.5879      -282.6434 --
ML: -717.9062898212618 Information: 15.696977044893515
             17      -987.8048         3.5         -700.2952      -287.5096 --
ML: -717.3204652668443 Information: 15.959739539691725
             18      -997.6409         3.5         -698.5301      -299.1107 --
ML: -716.6511572086235 Information: 16.67156739269859
             19      -987.2936         3.5         -698.2540      -289.0395 --
ML: -716.4387970749921 Information: 16.78935657665943
             20      -984.2412         3.6         -685.4173      -298.8238 --
ML: -706.2559218360076 Information: 20.837984678710235
             21      -962.3595         3.6         -674.1470      -288.2125 --
ML: -695.9855454097889 Information: 21.838135520067233
             22      -967.1565         3.7         -671.5521      -295.6044 --
ML: -694.2059285958667 Information: 22.21596281078645
             23      -956.3977         3.7         -670.3451      -286.0526 --
ML: -693.5016117744772 Information: 22.34318772967532
             24      -962.4050         3.7         -668.9359      -293.4691 --
ML: -692.9356261740193 Information: 22.737762235853495
             25      -953.3783         3.7         -667.5661      -285.8121 --
ML: -692.4497817035082 Information: 23.26464358992706
             26      -970.5869         3.8         -667.2672      -303.3196 --
ML: -692.2750809035084 Information: 23.397359707161968
             27      -948.7742         3.7         -665.5526      -283.2216 --
ML: -691.9917410867607 Information: 23.934443834673914
             28      -946.0796         3.7         -664.8217      -281.2578 --
ML: -691.8190400835109 Information: 24.274930814007234
             29      -950.7093         3.5         -664.5549      -286.1544 --
ML: -691.7456084244421 Information: 24.413133463683153
             30      -943.5580         3.5         -663.0053      -280.5527 --
ML: -691.629905773955 Information: 24.770210055612438
             31      -932.2649         3.4         -656.8020      -275.4628 --
ML: -688.5915334761872 Information: 31.307572895331287
             32      -940.1722         3.4         -655.8545      -284.3176 --
ML: -687.9478981982297 Information: 31.342353318714743
             33      -935.1153         3.4         -651.0594      -284.0558 --
ML: -684.8517553628686 Information: 33.54147115525076
             34      -925.6740         3.4         -648.4348      -277.2392 --
ML: -683.0858091724963 Information: 34.15921846827938
             35      -915.7002         3.4         -646.9110      -268.7891 --
ML: -682.2105114874579 Information: 34.45949779566723
             36      -928.9682         3.3         -646.1619      -282.8063 --
ML: -681.8362975959114 Information: 34.581344270491684
             37      -917.0910         3.3         -645.7959      -271.2951 --
ML: -681.6830631326839 Information: 34.63539570822286
             38      -922.6719         3.3         -645.7238      -276.9480 --
ML: -681.6284128119751 Information: 34.65115090130746
             39      -934.9368         3.0         -644.2289      -290.7078 --
ML: -681.5447700702209 Information: 34.78803409393163
             40      -927.4110         3.0         -639.8562      -287.5548 --
ML: -680.3389569530301 Information: 38.41634384210454
             41      -928.4823         3.0         -639.0715      -289.4107 --
ML: -679.8911483246915 Information: 38.99769583802163
             42      -924.9562         3.0         -632.4265      -292.5296 --
ML: -675.2553757970531 Information: 42.746697597113084
             43      -929.4671         2.9         -630.1977      -299.2694 --
ML: -673.7774170366566 Information: 43.05252980954563
             44      -931.7606         2.9         -622.8138      -308.9467 --
ML: -667.6502345507596 Information: 44.81910795414053
             45      -912.5406         2.9         -619.1823      -293.3582 --
ML: -664.9512397166159 Information: 45.5234514060888
             46      -904.7045         2.9         -606.8365      -297.8679 --
ML: -653.6750757279935 Information: 46.83838841819456
             47      -914.2284         2.9         -606.6776      -307.5507 --
ML: -653.3165552492408 Information: 46.527777057619346
             48      -901.5256         2.9         -606.4896      -295.0360 --
ML: -653.1910095823719 Information: 46.43752378726299
             49      -891.8121         2.7         -603.1057      -288.7064 --
ML: -652.3669230368844 Information: 47.661148244729134
             50      -890.6299         2.7         -601.7250      -288.9049 --
ML: -651.7672807016013 Information: 48.40580003765524
             51      -883.9598         2.7         -601.1193      -282.8404 --
ML: -651.5018268982537 Information: 48.66307593294442
             52      -877.9161         2.8         -600.3832      -277.5328 --
ML: -651.3371023874337 Information: 48.87127424633093
             53      -887.6357         2.8         -599.3226      -288.3130 --
ML: -651.1875127154589 Information: 49.15839057658525
             54      -878.0870         2.8         -597.0072      -281.0797 --
ML: -650.7703105865454 Information: 50.45419581432128
             55      -886.2446         2.8         -596.5822      -289.6624 --
ML: -650.5947108786037 Information: 50.879926869922826
             56      -887.9497         2.8         -592.5386      -295.4110 --
ML: -649.1179776145284 Information: 54.94039820014447
             57      -878.0769         2.8         -592.4532      -285.6236 --
ML: -648.8485742132381 Information: 55.07822368843864
             58      -892.6596         2.8         -592.0082      -300.6514 --
ML: -648.7214315765223 Information: 55.161465896947675
             59      -911.4432         2.8         -591.3352      -320.1080 --
ML: -648.638846078471 Information: 55.25523033177103
             60      -896.6585         2.7         -590.8749      -305.7836 --
ML: -648.5936753573859 Information: 55.3208578931102
             61      -881.3887         2.7         -584.0044      -297.3843 --
ML: -645.781084504242 Information: 61.22007481506091
             62      -881.0895         2.7         -582.9000      -298.1894 --
ML: -645.0664815809963 Information: 61.353573825955834
             63      -856.7922         2.8         -572.4002      -284.3919 --
ML: -636.2386554623466 Information: 63.83675563295069
             64      -853.1180         2.8         -571.9712      -281.1467 --
ML: -635.7908564231244 Information: 63.54440159739454
             65      -868.2501         2.8         -567.3125      -300.9376 --
ML: -633.0821245640509 Information: 65.44091080017319
             66      -866.9851         2.8         -565.5410      -301.4441 --
ML: -631.9772314998781 Information: 65.74053655927355
             67      -847.8059         2.8         -563.9894      -283.8164 --
ML: -631.2066888232849 Information: 66.1773038376138
             68      -843.6147         2.8         -562.0758      -281.5388 --
ML: -630.3567803111875 Information: 67.01841157387227
             69      -846.1655         2.7         -561.9109      -284.2546 --
ML: -630.1349192624584 Information: 67.08057017967622
             70      -868.3616         2.7         -561.7113      -306.6502 --
ML: -630.0493217385545 Information: 67.1051471569142
             71      -851.2930         2.7         -560.6739      -290.6191 --
ML: -629.9675895185159 Information: 67.20158720422455
             72      -879.3884         2.7         -560.2548      -319.1336 --
ML: -629.9246245080479 Information: 67.26422941326553
             73      -855.2307         2.7         -554.0602      -301.1704 --
ML: -627.7749660802493 Information: 72.71255206620567
             74      -831.0040         2.7         -550.8685      -280.1354 --
ML: -625.5880669643043 Information: 74.2486622837436
             75      -853.1123         2.7         -546.9696      -306.1427 --
ML: -622.7479684768784 Information: 75.52308137965457
             76      -850.6426         2.7         -545.8695      -304.7731 --
ML: -622.034684888271 Information: 75.50098459992319
             77      -834.2760         2.7         -545.2217      -289.0542 --
ML: -621.7282453011466 Information: 75.54082268164802
             78      -832.2804         2.7         -543.4755      -288.8049 --
ML: -621.2857177089824 Information: 76.06804017877016
             79      -835.2594         2.7         -541.3641      -293.8952 --
ML: -620.5502071068423 Information: 77.33921172491534
             80      -824.8259         2.7         -540.0838      -284.7421 --
ML: -620.0259290527061 Information: 78.09087818276049
             81      -825.2570         2.7         -536.4759      -288.7811 --
ML: -618.1484923892945 Information: 80.83738707585185
             82      -816.4625         2.7         -532.2675      -284.1949 --
ML: -615.0594811509106 Information: 82.56222457071824
             83      -818.8633         2.7         -531.7499      -287.1134 --
ML: -614.5962712070011 Information: 82.37606467707974
             84      -825.1469         2.7         -528.2762      -296.8706 --
ML: -612.9100251571153 Information: 83.9032655588124
             85      -817.8474         2.7         -525.8134      -292.0340 --
ML: -611.4018373725972 Information: 84.88169732996712
             86      -808.3259         2.7         -521.9639      -286.3620 --
ML: -608.7307824746507 Information: 86.45167575654197
             87      -823.6294         2.7         -519.8517      -303.7776 --
ML: -607.3877738476484 Information: 86.90234003487873
             88      -814.7164         2.7         -519.0805      -295.6359 --
ML: -606.9253972187021 Information: 86.96008779703277
             89      -820.6883         2.7         -515.5252      -305.1630 --
ML: -605.1733740539391 Information: 88.87809594702148
             90      -800.7231         2.7         -509.3011      -291.4219 --
ML: -600.1332063364981 Information: 90.78679623688171
             91      -801.9560         2.6         -509.2858      -292.6702 --
ML: -599.8175657575479 Information: 90.48755372091568
             92      -803.7850         2.6         -508.0107      -295.7742 --
ML: -599.5127488071253 Information: 90.52935609412611
             93      -815.0459         2.6         -507.8052      -307.2407 --
ML: -599.4005728812225 Information: 90.54219508189072
             94      -810.0304         2.6         -506.8866      -303.1438 --
ML: -599.3072436397098 Information: 90.624563384954
             95      -797.7381         2.6         -505.5327      -292.2053 --
ML: -599.1877400961711 Information: 90.85986577141438
             96      -800.6525         2.6         -503.4223      -297.2301 --
ML: -598.893640816838 Information: 91.81567763449533
             97      -810.9293         2.6         -500.2863      -310.6430 --
ML: -597.7440117736885 Information: 95.30638819930766
             98      -808.6536         2.6         -500.1749      -308.4787 --
ML: -597.4963954828843 Information: 95.55506483575573
             99      -785.1402         2.6         -496.5153      -288.6249 --
ML: -596.0769994564158 Information: 98.24933962793776
            100      -798.3358         2.6         -492.4888      -305.8470 --
ML: -593.265392659829 Information: 100.4556613797204
            101      -812.5968         2.6         -490.9008      -321.6959 --
ML: -592.2750720296286 Information: 100.66514536821447
            102      -789.3939         2.6         -490.0168      -299.3771 --
ML: -591.8305630975747 Information: 100.79233924092478
            103      -778.0176         2.6         -488.5870      -289.4305 --
ML: -591.3913272811869 Information: 101.22441539351667
            104      -783.5340         2.6         -488.2728      -295.2611 --
ML: -591.22662417002 Information: 101.34732720234172
            105      -786.2534         2.6         -488.2021      -298.0512 --
ML: -591.1683929382765 Information: 101.38396976614467
            106      -800.4461         2.6         -487.5887      -312.8574 --
ML: -591.1306840797615 Information: 101.4275145295698
            107      -797.4489         2.6         -487.1138      -310.3350 --
ML: -591.1090306526953 Information: 101.46132567271064
            108      -792.3316         2.5         -485.9197      -306.4119 --
ML: -591.0833529740887 Information: 101.53015500720164
            109      -781.1049         2.5         -485.7873      -295.3175 --
ML: -591.0727635473103 Information: 101.55923290706482
            110      -795.3157         2.5         -484.4046      -310.9110 --
ML: -591.0574364456113 Information: 101.62161291735816
            111      -775.1270         2.5         -481.6982      -293.4288 --
ML: -590.9769670170481 Information: 102.13938866205132
            112      -775.8103         2.5         -478.8943      -296.9160 --
ML: -590.5919914564472 Information: 104.93160758928809
            113      -772.9685         2.5         -477.7378      -295.2306 --
ML: -590.2745163021677 Information: 106.7691815413616
            114      -772.3006         2.5         -477.5350      -294.7656 --
ML: -590.158898709748 Information: 107.30542386172266
            115      -768.4339         2.5         -473.9962      -294.4377 --
ML: -589.2906219965818 Information: 111.57723714923631
            116      -791.2457         2.5         -472.8857      -318.3600 --
ML: -588.7909724453601 Information: 112.9761055003546
            117      -785.8206         2.5         -472.5749      -313.2457 --
ML: -588.6108144982853 Information: 113.33009367757404
            118      -768.6767         2.5         -470.7241      -297.9526 --
ML: -588.2843776051931 Information: 114.27271668801382
            119      -777.4814         2.5         -470.1747      -307.3066 --
ML: -588.121010425734 Information: 114.68764742965857
            120      -769.3233         2.5         -467.6549      -301.6684 --
ML: -587.5968534746961 Information: 116.52078398690213
            121      -774.3245         2.5         -467.0480      -307.2765 --
ML: -587.3536365659925 Information: 117.14721673021239
            122      -762.3214         2.5         -466.8162      -295.5052 --
ML: -587.2582001065059 Information: 117.36036461725814
            123      -755.9358         2.5         -466.6459      -289.2899 --
ML: -587.2192628962309 Information: 117.4456147673132
            124      -755.6226         2.5         -466.1261      -289.4965 --
ML: -587.1959123177404 Information: 117.50644895911614
            125      -758.6161         2.5         -464.2010      -294.4151 --
ML: -587.139331226792 Information: 117.751788604056
            126      -754.7463         2.5         -463.5137      -291.2326 --
ML: -587.0998845640759 Information: 117.93953155393831
            127      -760.3877         2.5         -462.8226      -297.5650 --
ML: -587.0718793594999 Information: 118.0865526562784
            128      -758.9096         2.5         -461.0744      -297.8352 --
ML: -587.0151578924255 Information: 118.46606032680023
            129      -763.0929         2.5         -460.2902      -302.8026 --
ML: -586.9716806728588 Information: 118.77395897639349
            130      -760.5672         2.5         -458.9767      -301.5905 --
ML: -586.9150958484017 Information: 119.22465598313994
            131      -756.7919         2.5         -458.5201      -298.2718 --
ML: -586.8836458129653 Information: 119.4771246732509
            132      -758.3902         2.5         -455.8884      -302.5017 --
ML: -586.7367049739972 Information: 120.90418654243632
            133      -748.3559         2.5         -453.8230      -294.5329 --
ML: -586.4026842036158 Information: 123.98038990136575
            134      -760.7134         2.5         -453.5547      -307.1587 --
ML: -586.2746304745339 Information: 124.91816458417173
            135      -749.0202         2.5         -452.1510      -296.8692 --
ML: -586.1091393555129 Information: 126.15671192741422
            136      -772.4002         2.5         -451.7825      -320.6177 --
ML: -586.031150884053 Information: 126.69166962448884
            137      -764.7296         2.5         -450.5885      -314.1410 --
ML: -585.9439791825959 Information: 127.33502705239277
            138      -764.0124         2.5         -448.3457      -315.6667 --
ML: -585.6898815227039 Information: 129.38383449506915
            139      -757.0839         2.5         -448.2568      -308.8271 --
ML: -585.603500697357 Information: 129.96356952094538
            140      -758.0123         2.5         -447.1337      -310.8785 --
ML: -585.5140332947167 Information: 130.60207717602788
            141      -759.9554         2.5         -446.3609      -313.5944 --
ML: -585.4480716345371 Information: 131.08195128432232
            142      -757.4280         2.5         -445.9514      -311.4765 --
ML: -585.4133144534329 Information: 131.33463994393043
            143      -766.0547         2.5         -445.0514      -321.0032 --
ML: -585.3828743818111 Information: 131.57484782838247
            144      -759.2352         2.5         -444.6342      -314.6010 --
ML: -585.3662721816081 Information: 131.7092936469375
            145      -775.1929         2.5         -444.5035      -330.6894 --
ML: -585.3593931642297 Information: 131.76516514841353
            146      -754.7843         2.5         -444.4226      -310.3616 --
ML: -585.3566624387628 Information: 131.7874453069693
            147      -771.5862         2.5         -442.9463      -328.6398 --
ML: -585.3522812643346 Information: 131.82950296871587
            148      -762.6124         2.5         -442.3061      -320.3062 --
ML: -585.3492353579925 Information: 131.86056987066917
            149      -769.4111         2.5         -442.2448      -327.1663 --
ML: -585.3480465343 Information: 131.87273999371928
            150      -776.5252         2.5         -441.5006      -335.0245 --
ML: -585.3471269638734 Information: 131.8828269203065
            151      -769.4534         2.5         -440.7639      -328.6894 --
ML: -585.3464208859116 Information: 131.89108508052982
            152      -767.9290         2.5         -440.3386      -327.5903 --
ML: -585.3460236550332 Information: 131.89589716574284
            153      -761.7649         2.5         -439.6626      -322.1022 --
ML: -585.3457364514994 Information: 131.89956920879234
            154      -751.2126         2.5         -439.6494      -311.5632 --
ML: -585.345629412656 Information: 131.9009388765167
            155      -761.7079         2.5         -438.9654      -322.7425 --
ML: -585.3455513822676 Information: 131.90199062345584
            156      -774.1861         2.5         -438.5346      -335.6514 --
ML: -585.345507223673 Information: 131.90260480501928
            157      -774.1805         2.5         -436.0452      -338.1353 --
ML: -585.3453114130638 Information: 131.90581531340837
            158      -774.9874         2.5         -434.1519      -340.8355 --
ML: -585.3448331884327 Information: 131.91455866721577
            159      -768.7345         2.5         -434.0205      -334.7140 --
ML: -585.3446326147322 Information: 131.91825079318698
            160      -769.9312         2.5         -433.8106      -336.1206 --
ML: -585.3445416105479 Information: 131.91994482311918
            161      -759.2167         2.5         -433.6965      -325.5201 --
ML: -585.3445040902506 Information: 131.9206474895912
            162      -767.2897         2.5         -433.4990      -333.7907 --
ML: -585.344487272734 Information: 131.920965755451
            163      -781.6055         2.5         -433.4305      -348.1750 --
ML: -585.3444806473782 Information: 131.92109159035323
            164      -768.8827         2.5         -432.9747      -335.9079 --
ML: -585.3444768028564 Information: 131.92116636078862
            165      -773.0988         2.5         -432.9475      -340.1512 --
ML: -585.3444753495666 Information: 131.92119466460366
            166      -766.2900         2.5         -432.7298      -333.5601 --
ML: -585.3444746848807 Information: 131.92120775454765
            167      -780.0687         2.6         -432.4421      -347.6266 --
ML: -585.3444743588249 Information: 131.92121426951007
            168      -775.6400         2.6         -432.3978      -343.2422 --
ML: -585.3444742334422 Information: 131.92121678037745
            169      -764.9506         2.6         -432.2598      -332.6907 --
ML: -585.3444741804958 Information: 131.92121784794483
            170      -764.6838         2.6         -431.8269      -332.8568 --
ML: -585.3444741504651 Information: 131.9212184664505
            171      -754.3137         2.6         -431.4098      -322.9038 --
ML: -585.3444741336992 Information: 131.9212188187692
            172      -776.2214         2.6         -431.4020      -344.8194 --
ML: -585.3444741274832 Information: 131.92121894942397
            173      -768.4276         2.6         -431.2123      -337.2152 --
ML: -585.3444741247189 Information: 131.92121900804824
            174      -768.7302         2.6         -430.8058      -337.9244 --
ML: -585.3444741231918 Information: 131.92121904105755
            175      -785.9407         2.6         -430.1730      -355.7676 --
ML: -585.3444741221341 Information: 131.9212190646137
            176      -768.6722         2.6         -429.6601      -339.0120 --
ML: -585.3444741214843 Information: 131.92121907939588
            177      -771.3467         2.6         -429.6068      -341.7398 --
ML: -585.3444741212321 Information: 131.92121908514503
            178      -772.8025         2.6         -429.6015      -343.2009 --
ML: -585.3444741211389 Information: 131.92121908725778
            179      -769.4873         2.6         -429.1454      -340.3419 --
ML: -585.3444741210848 Information: 131.92121908850896
            180      -767.9176         2.6         -429.1166      -338.8009 --
ML: -585.3444741210643 Information: 131.92121908897155
            181      -757.7847         2.6         -428.7820      -329.0026 --
ML: -585.3444741210537 Information: 131.92121908923684
            182      -768.7284         2.6         -427.5732      -341.1551 --
ML: -585.3444741210408 Information: 131.92121908954897
            183      -775.6847         2.7         -427.4759      -348.2087 --
ML: -585.3444741210355 Information: 131.92121908966453
            184      -765.0587         2.7         -426.5986      -338.4601 --
ML: -585.3444741210309 Information: 131.9212190897868
            185      -772.6505         2.7         -426.2193      -346.4312 --
ML: -585.3444741210284 Information: 131.92121908985143
            186      -770.6703         2.7         -426.1756      -344.4947 --
ML: -585.3444741210275 Information: 131.92121908985297
            187      -784.4263         2.7         -426.1689      -358.2573 --
ML: -585.3444741210271 Information: 131.9212190898554
            188      -778.4845         2.7         -425.7351      -352.7494 --
ML: -585.3444741210269 Information: 131.92121908987224
            189      -775.9301         2.7         -425.3575      -350.5725 --
ML: -585.3444741210268 Information: 131.92121908987752
            190      -776.7309         2.7         -425.3342      -351.3966 --
ML: -585.3444741210268 Information: 131.92121908986013
            191      -780.9845         2.7         -425.2326      -355.7518 --
ML: -585.3444741210268 Information: 131.92121908985308
            192      -795.9297         2.7         -424.1827      -371.7469 --
ML: -585.3444741210268 Information: 131.9212190898457
            193      -770.4071         2.7         -423.9850      -346.4220 --
ML: -585.3444741210268 Information: 131.9212190898424
            194      -767.9695         2.8         -423.3325      -344.6369 --
ML: -585.3444741210268 Information: 131.92121908984
            195      -793.9384         2.8         -422.4465      -371.4918 --
ML: -585.3444741210268 Information: 131.92121908983796
            196      -784.7105         2.8         -422.3570      -362.3535 --
ML: -585.3444741210268 Information: 131.92121908983717
            197      -777.0669         2.8         -421.6178      -355.4490 --
ML: -585.3444741210268 Information: 131.92121908983648
            198      -784.7848         2.8         -420.9928      -363.7920 --
ML: -585.3444741210268 Information: 131.92121908983603
            199      -776.1413         2.8         -420.9852      -355.1560 --
ML: -585.3444741210268 Information: 131.92121908983592
            200      -779.6038         2.8         -419.7320      -359.8717 --
ML: -585.3444741210268 Information: 131.9212190898357
            201      -787.6439         2.8         -419.2086      -368.4353 --
ML: -585.3444741210268 Information: 131.92121908983557
            202      -774.9758         2.8         -418.1421      -356.8336 --
ML: -585.3444741210268 Information: 131.92121908983546
            203      -774.2541         2.9         -417.9485      -356.3056 --
ML: -585.3444741210268 Information: 131.92121908983535
            204      -781.5078         2.9         -417.8934      -363.6144 --
ML: -585.3444741210268 Information: 131.92121908983535
            205      -786.9582         2.9         -417.6975      -369.2606 --
ML: -585.3444741210268 Information: 131.92121908983535
            206      -791.8750         2.9         -417.5432      -374.3317 --
ML: -585.3444741210268 Information: 131.92121908983535
            207      -778.0633         2.9         -417.4921      -360.5711 --
ML: -585.3444741210268 Information: 131.92121908983535
            208      -772.5423         2.9         -417.4910      -355.0512 --
ML: -585.3444741210268 Information: 131.92121908983535
            209      -779.1604         2.9         -417.0291      -362.1313 --
ML: -585.3444741210268 Information: 131.92121908983535
            210      -775.4684         2.9         -415.7664      -359.7019 --
ML: -585.3444741210268 Information: 131.92121908983535
            211      -776.7871         3.0         -415.7295      -361.0575 --
ML: -585.3444741210268 Information: 131.92121908983535
            212      -773.4687         3.0         -414.5928      -358.8759 --
ML: -585.3444741210268 Information: 131.92121908983535
            213      -775.1509         3.0         -414.4290      -360.7219 --
ML: -585.3444741210268 Information: 131.92121908983535
            214      -770.1157         3.0         -413.9962      -356.1194 --
ML: -585.3444741210268 Information: 131.92121908983535
            215      -796.7973         3.0         -413.4671      -383.3302 --
ML: -585.3444741210268 Information: 131.92121908983535
            216      -782.9614         3.0         -413.2881      -369.6732 --
ML: -585.3444741210268 Information: 131.92121908983535
            217      -780.3663         3.0         -413.0516      -367.3146 --
ML: -585.3444741210268 Information: 131.92121908983535
            218      -778.8527         3.1         -412.7180      -366.1346 --
ML: -585.3444741210268 Information: 131.92121908983535
            219      -777.1518         3.1         -412.6112      -364.5405 --
ML: -585.3444741210268 Information: 131.92121908983535
            220      -784.7274         3.1         -412.4970      -372.2303 --
ML: -585.3444741210268 Information: 131.92121908983535
            221      -790.5582         3.1         -412.3338      -378.2243 --
ML: -585.3444741210268 Information: 131.92121908983535
            222      -771.8217         3.1         -412.0979      -359.7237 --
ML: -585.3444741210268 Information: 131.92121908983535
            223      -791.9084         3.1         -412.0521      -379.8563 --
ML: -585.3444741210268 Information: 131.92121908983535
            224      -782.3596         3.2         -411.5341      -370.8254 --
ML: -585.3444741210268 Information: 131.92121908983535
            225      -801.8789         3.2         -411.4376      -390.4412 --
ML: -585.3444741210268 Information: 131.92121908983535
            226      -797.1351         3.2         -411.2449      -385.8901 --
ML: -585.3444741210268 Information: 131.92121908983535
            227      -800.7291         3.2         -410.7942      -389.9348 --
ML: -585.3444741210268 Information: 131.92121908983535
            228      -789.0031         3.2         -410.7095      -378.2936 --
ML: -585.3444741210268 Information: 131.92121908983535
            229      -811.6643         3.2         -410.6594      -401.0048 --
ML: -585.3444741210268 Information: 131.92121908983535
            230      -795.9770         3.3         -410.6182      -385.3587 --
ML: -585.3444741210268 Information: 131.92121908983535
            231      -803.1781         3.3         -410.3920      -392.7860 --
ML: -585.3444741210268 Information: 131.92121908983535
            232      -791.9608         3.3         -410.3255      -381.6352 --
ML: -585.3444741210268 Information: 131.92121908983535
            233      -785.6252         3.3         -410.0997      -375.5255 --
ML: -585.3444741210268 Information: 131.92121908983535
            234      -786.0868         3.3         -409.9494      -376.1373 --
ML: -585.3444741210268 Information: 131.92121908983535
            235      -780.6815         3.3         -409.8587      -370.8228 --
ML: -585.3444741210268 Information: 131.92121908983535
            236      -782.3247         3.4         -409.2903      -373.0343 --
ML: -585.3444741210268 Information: 131.92121908983535
            237      -782.3686         3.4         -409.2137      -373.1548 --
ML: -585.3444741210268 Information: 131.92121908983535
            238      -772.9230         3.4         -409.1146      -363.8083 --
ML: -585.3444741210268 Information: 131.92121908983535
            239      -788.5528         3.4         -408.5806      -379.9722 --
ML: -585.3444741210268 Information: 131.92121908983535
            240      -790.9142         3.4         -408.5171      -382.3971 --
ML: -585.3444741210268 Information: 131.92121908983535
            241      -789.2238         3.5         -408.1797      -381.0440 --
ML: -585.3444741210268 Information: 131.92121908983535
            242      -805.9488         3.5         -407.8780      -398.0708 --
ML: -585.3444741210268 Information: 131.92121908983535
            243      -801.3511         3.5         -407.7850      -393.5660 --
ML: -585.3444741210268 Information: 131.92121908983535
            244      -789.9931         3.5         -407.4625      -382.5306 --
ML: -585.3444741210268 Information: 131.92121908983535
            245      -787.8161         3.5         -407.4247      -380.3914 --
ML: -585.3444741210268 Information: 131.92121908983535
            246      -797.4329         3.5         -407.3454      -390.0875 --
ML: -585.3444741210268 Information: 131.92121908983535
            247      -801.4348         3.6         -407.0032      -394.4316 --
ML: -585.3444741210268 Information: 131.92121908983535
            248      -802.4968         3.6         -406.6838      -395.8130 --
ML: -585.3444741210268 Information: 131.92121908983535
            249      -790.1915         3.6         -406.5914      -383.6001 --
ML: -585.3444741210268 Information: 131.92121908983535
            250      -791.9883         3.6         -406.2849      -385.7033 --
ML: -585.3444741210268 Information: 131.92121908983535
            251      -794.2555         3.7         -405.9639      -388.2916 --
ML: -585.3444741210268 Information: 131.92121908983535
            252      -814.8859         3.7         -405.7927      -409.0931 --
ML: -585.3444741210268 Information: 131.92121908983535
            253      -801.6824         3.7         -405.7838      -395.8985 --
ML: -585.3444741210268 Information: 131.92121908983535
            254      -795.4563         3.7         -405.5953      -389.8609 --
ML: -585.3444741210268 Information: 131.92121908983535
            255      -788.3528         3.7         -405.5417      -382.8111 --
ML: -585.3444741210268 Information: 131.92121908983535
            256      -807.1998         3.7         -405.3899      -401.8099 --
ML: -585.3444741210268 Information: 131.92121908983535
            257      -810.8121         3.8         -405.3564      -405.4556 --
ML: -585.3444741210268 Information: 131.92121908983535
            258      -816.7328         3.8         -405.2572      -411.4755 --
ML: -585.3444741210268 Information: 131.92121908983535
            259      -810.0263         3.8         -404.8217      -405.2046 --
ML: -585.3444741210268 Information: 131.92121908983535
            260      -807.3121         3.8         -404.6846      -402.6274 --
ML: -585.3444741210268 Information: 131.92121908983535
            261      -810.7171         3.9         -404.6840      -406.0331 --
ML: -585.3444741210268 Information: 131.92121908983535
            262      -800.8574         3.9         -404.6360      -396.2213 --
ML: -585.3444741210268 Information: 131.92121908983535
            263      -805.8495         3.9         -404.3218      -401.5276 --
ML: -585.3444741210268 Information: 131.92121908983535
264<=1000000&& (264<2.0*131.92121908983535*1||Math.abs(-585.3444741210268 - -585.3444741210268)/Math.abs(-585.3444741210268) > 1.0E-10
Finished in 264 steps!
Marginal likelihood: -582.9564164707332 (bootstrap SD=10.44413857956905)
Marginal likelihood: -581.6602241166987 (subsample SD=12.919997367924509)
Marginal likelihood: -583.9798278899488(9.978507126163754)
Information: 131.92121908983535
SD: 11.485696282325915

Operator                                                                Tuning    #accept    #reject      Pr(m)  Pr(acc|m)
Uniform()                                                                    -     490374     245352    0.27778    0.66652 
SubtreeSlide()                                                         1.00000      35303      38859    0.02778    0.47603 Try increasing size to about 2
SubtreeSlide()                                                        30.00000       1737      72158    0.02778    0.02351 Try decreasing size to about 15
Exchange()                                                                   -     107133     630644    0.27778    0.14521 
beast.base.inference.operator.DeltaExchangeOperator(editRateScaler)    1.00000       1328      72072    0.02778    0.01809 Try setting delta to about 0.5
ScaleOperator(clockRateScaler)                                         0.80000      48063      25544    0.02778    0.65297 Try setting scaleFactor to about 0.64
ScaleOperator(silencingRateScaler)                                     0.80000      55387      17667    0.02778    0.75817 Try setting scaleFactor to about 0.64
ScaleOperator(georateScaler.s:tissue)                                  0.99000     712467      22624    0.27778    0.96922 Try setting scaleFactor to about 0.98
ScaleOperator(geoMuScaler.c:tissue)                                    0.90000      60837      12451    0.02778    0.83011 Try setting scaleFactor to about 0.81

     Tuning: The value of the operator's tuning parameter, or '-' if the operator can't be optimized.
    #accept: The total number of times a proposal by this operator has been accepted.
    #reject: The total number of times a proposal by this operator has been rejected.
      Pr(m): The probability this operator is chosen in a step of the MCMC (i.e. the normalized weight).
  Pr(acc|m): The acceptance probability (#accept as a fraction of the total proposals for this operator).


Total calculation time: 412.196 seconds
Done!
