************************************
**** FeastMain BEAST 2 Launcher ****
************************************

Hunting for beast_services.xml files embedded in classpath:
- Processing /feast/beast_services.xml...
- Processing /beast_services.xml...
Done. Handing over to BeastMain...

                   BEAST v2.7.7 Prerelease, 2002-2024
             Bayesian Evolutionary Analysis Sampling Trees
                       Designed and developed by
 Remco Bouckaert, Alexei J. Drummond, Andrew Rambaut & Marc A. Suchard
                                    
                   Centre for Computational Evolution
                         University of Auckland
                       r.bouckaert@auckland.ac.nz
                        alexei@cs.auckland.ac.nz
                                    
                   Institute of Evolutionary Biology
                        University of Edinburgh
                           a.rambaut@ed.ac.uk
                                    
                    David Geffen School of Medicine
                 University of California, Los Angeles
                           msuchard@ucla.edu
                                    
                      Downloads, Help & Resources:
                           http://beast2.org/
                                    
  Source code distributed under the GNU Lesser General Public License:
                   http://github.com/CompEvol/beast2
                                    
                           BEAST developers:
   Alex Alekseyenko, Trevor Bedford, Erik Bloomquist, Joseph Heled, 
 Sebastian Hoehna, Denise Kuehnert, Philippe Lemey, Wai Lok Sibon Li, 
Gerton Lunter, Sidney Markowitz, Vladimir Minin, Michael Defoin Platel, 
          Oliver Pybus, Tim Vaughan, Chieh-Hsi Wu, Walter Xie
                                    
                               Thanks to:
          Roald Forsberg, Beth Shapiro and Korbinian Strimmer

Random number seed: 1733232929012

AlignmentFromFasta(alignment)
  63 taxa
  10 sites
  6 patterns

ASV020 = 420 (0.0)
ASV041 = 420 (0.0)
ASV051 = 420 (0.0)
ASV052 = 420 (0.0)
ASV055 = 420 (0.0)
ASV070 = 420 (0.0)
ASV071 = 420 (0.0)
ASV075 = 420 (0.0)
ASV076 = 420 (0.0)
ASV088 = 420 (0.0)
53 more...
Starting frequencies: [1.0, 0.0, 0.0]
  Using BEAGLE version: 4.0.1 (PRE-RELEASE) resource 0: CPU (x86_64)
    with instance flags:  PRECISION_DOUBLE COMPUTATION_SYNCH EIGEN_COMPLEX SCALING_MANUAL SCALERS_RAW VECTOR_SSE THREADING_NONE PROCESSOR_CPU FRAMEWORK_CPU
Starting frequencies: [1.0, 0.0, 0.0, 0.0]
ASV020 = FML (NaN)
ASV041 = LNSL (NaN)
ASV051 = PRL (NaN)
ASV052 = LNSL (NaN)
ASV055 = LNSL (NaN)
ASV070 = FML (NaN)
ASV071 = PRL (NaN)
ASV075 = FML (NaN)
ASV076 = FML (NaN)
ASV088 = FML (NaN)
53 more...
Starting frequencies: [0.25, 0.25, 0.25, 0.25]
  Using BEAGLE version: 4.0.1 (PRE-RELEASE) resource 0: CPU (x86_64)
    with instance flags:  PRECISION_DOUBLE COMPUTATION_SYNCH EIGEN_COMPLEX SCALING_MANUAL SCALERS_RAW VECTOR_SSE THREADING_NONE PROCESSOR_CPU FRAMEWORK_CPU
===============================================================================
Citations for this model:

Patricio Maturana, Brendon J. Brewer, Steffen Klaere, Remco Bouckaert. Model selection and parameter inference in phylogenetics using Nested Sampling. Systematic Biology, syy050, 2018

Stadler, T., Kuehnert, D., Bonhoeffer, S., and Drummond, A. J. (2013):
 Birth-death skyline plot reveals temporal changes of
 epidemic spread in HIV and hepatitis C virus (HCV). PNAS 110(1): 228–33.
If sampled ancestors are used then please also cite: Gavryushkina A, Welch D, Stadler T, Drummond AJ (2014) 
Bayesian inference of sampled ancestor trees for epidemiology and fossil calibration. 
PLoS Comput Biol 10(12): e1003919. doi:10.1371/journal.pcbi.1003919

Edwards, C. J., Suchard, M. A., Lemey, P., ... & Valdiosera, C. E. (2011).
Ancient hybridization and an Irish origin for the modern polar bear matriline.
Current Biology, 21(15), 1251-1258.

===============================================================================
         Sample      posterior ESS(posterior)     likelihood          prior
Start likelihood 0: -8944.99979553221 
              0     -2327.5036              N     -1818.0353      -509.4682 --
ML: -1818.8739502026563 Information: 0.8385606384288167
              1     -1671.2688         2.0        -1312.7373      -358.5315 --
ML: -1314.5758822524851 Information: 1.8385606384288167
              2     -1470.5465         3.0        -1144.0968      -326.4497 --
ML: -1146.9353641777834 Information: 2.8385606384288167
              3     -1171.6473         4.0         -901.2778      -270.3695 --
ML: -905.1164061102857 Information: 3.8385606384288167
              4     -1152.0990         3.4         -869.2230      -282.8760 --
ML: -874.0615844554077 Information: 4.8385606383994455
              5     -1133.7262         3.0         -855.5544      -278.1718 --
ML: -861.3929667389082 Information: 5.838514455823611
              6     -1129.7358         3.1         -848.3993      -281.3365 --
ML: -855.2357518186046 Information: 6.8212846274607
              7     -1136.3361         3.4         -842.2606      -294.0754 --
ML: -850.0933709331835 Information: 7.796738431276373
              8     -1122.0731         3.7         -836.8031      -285.2700 --
ML: -845.6301025632997 Information: 8.763658509792283
              9     -1116.6017         4.3         -830.2275      -286.3742 --
ML: -840.0622356555457 Information: 9.809383129270937
             10     -1113.0199         4.7         -829.6810      -283.3388 --
ML: -839.5718639841002 Information: 9.540630629223756
             11     -1098.1559         5.1         -825.0942      -273.0616 --
ML: -836.8638579193292 Information: 11.440420750752907
             12     -1110.3574         5.4         -819.2812      -291.0762 --
ML: -832.1111543424447 Information: 12.776898088051256
             13     -1081.2823         5.8         -809.7063      -271.5759 --
ML: -823.5447382876605 Information: 13.83653713639286
             14     -1085.8781         6.2         -809.4301      -276.4480 --
ML: -823.1494484348011 Information: 13.53202980000242
             15     -1072.6036         6.3         -798.3327      -274.2709 --
ML: -814.1711775766943 Information: 15.837011278128125
             16     -1077.8856         6.5         -795.3974      -282.4881 --
ML: -812.1011703926986 Information: 16.333110836155868
             17     -1060.8759         6.6         -783.0644      -277.8114 --
ML: -800.9030043376165 Information: 17.838372908589484
             18     -1060.0158         6.6         -774.5864      -285.4294 --
ML: -793.424465482419 Information: 18.833204535810722
             19     -1054.3477         6.4         -769.4903      -284.8574 --
ML: -789.3123778721878 Information: 19.73853110809898
             20     -1054.6254         6.2         -768.7669      -285.8584 --
ML: -788.7551128011924 Information: 19.52597544130623
             21     -1061.2433         6.1         -767.9642      -293.2790 --
ML: -788.4544469130362 Information: 19.55377919488126
             22     -1054.5363         5.9         -767.9146      -286.6217 --
ML: -788.3587866008442 Information: 19.548072785018007
             23     -1060.1063         5.9         -757.5133      -302.5930 --
ML: -781.3509783060812 Information: 23.827433679267642
             24     -1059.6710         5.8         -750.6868      -308.9841 --
ML: -775.5224903741736 Information: 24.815496725466847
             25     -1044.1817         5.8         -745.4202      -298.7614 --
ML: -771.2448677345235 Information: 25.75123148225388
             26     -1030.9386         5.7         -745.4110      -285.5276 --
ML: -770.9328678147874 Information: 25.461377784683577
             27     -1020.8586         5.5         -743.1927      -277.6658 --
ML: -770.2877466173245 Information: 25.89955651552043
             28     -1024.8121         5.4         -738.7323      -286.0797 --
ML: -767.5069195222343 Information: 28.423979185921596
             29     -1018.8942         2.7         -738.6249      -280.2693 --
ML: -767.1817890866882 Information: 28.225979527639424
             30     -1017.1113         2.7         -732.7158      -284.3955 --
ML: -763.5281420435956 Information: 30.65072893084933
             31     -1013.1627         2.7         -723.7415      -289.4211 --
ML: -755.5797939638398 Information: 31.83498014378485
             32     -1006.8985         2.7         -720.8137      -286.0848 --
ML: -753.5164467045315 Information: 32.33037988253935
             33     -1007.4976         2.8         -719.5001      -287.9974 --
ML: -752.7304898962105 Information: 32.462093450321845
             34     -1028.1860         2.7         -719.1905      -308.9955 --
ML: -752.4891860020188 Information: 32.451876653790464
             35     -1030.4942         2.7         -719.0522      -311.4419 --
ML: -752.4024867906569 Information: 32.44698188496761
             36     -1027.1217         2.7         -714.8291      -312.2926 --
ML: -751.275951116516 Information: 34.7850502691544
             37     -1026.0643         2.7         -714.5228      -311.5414 --
ML: -750.9849646683084 Information: 34.99094579817324
             38     -1012.9854         2.7         -714.5192      -298.4662 --
ML: -750.8958386770443 Information: 35.027575918315506
             39     -1019.9123         2.7         -713.1990      -306.7132 --
ML: -750.7847892301987 Information: 35.19707865054011
             40     -1014.2635         2.7         -711.5282      -302.7352 --
ML: -750.5978410740547 Information: 35.702327020051484
             41     -1015.3643         2.7         -708.0872      -307.2770 --
ML: -749.513289022689 Information: 39.124451623279015
             42     -1008.8915         2.7         -705.6951      -303.1964 --
ML: -748.2148821092956 Information: 41.23854709631581
             43     -1007.4875         2.7         -705.6030      -301.8845 --
ML: -747.9577200043151 Information: 41.29279056617895
             44     -1008.9790         2.7         -705.2700      -303.7089 --
ML: -747.8476316713095 Information: 41.32810804429744
             45     -1005.1889         2.7         -704.9540      -300.2348 --
ML: -747.7963667900591 Information: 41.35507316712665
             46     -1008.5418         2.7         -704.3028      -304.2390 --
ML: -747.7617146266685 Information: 41.393254357829846
             47     -1007.0715         2.7         -703.9243      -303.1471 --
ML: -747.7435861455483 Information: 41.41903473340335
             48      -990.3966         2.8         -701.1920      -289.2045 --
ML: -747.6468520347916 Information: 41.795530149238516
             49      -988.4029         2.8         -700.4106      -287.9923 --
ML: -747.5753684717682 Information: 42.099391703040624
             50     -1006.7594         2.8         -698.5851      -308.1742 --
ML: -747.4291139076885 Information: 42.89071228667592
             51      -987.6299         2.9         -697.0492      -290.5806 --
ML: -747.2200395615276 Information: 44.09457734129637
             52      -986.1446         2.9         -693.2225      -292.9220 --
ML: -745.7881832885802 Information: 50.200159861212626
             53      -980.4674         2.9         -689.8385      -290.6289 --
ML: -743.5627716541408 Information: 53.103168121881666
             54      -967.3503         2.9         -686.6673      -280.6829 --
ML: -741.3856053696455 Information: 54.28834469843797
             55      -973.8823         3.0         -679.9420      -293.9403 --
ML: -735.7769178832596 Information: 55.80865782373574
             56      -971.4398         3.0         -677.5971      -293.8426 --
ML: -734.2033642952903 Information: 56.114687410846756
             57      -980.3594         3.0         -677.4092      -302.9502 --
ML: -733.901856949646 Information: 55.99003951231413
             58      -981.0057         3.0         -677.3862      -303.6195 --
ML: -733.8083805377742 Information: 55.94346587491373
             59      -984.9370         3.0         -677.2081      -307.7288 --
ML: -733.769901043983 Information: 55.92977836898649
             60      -978.5238         3.0         -675.8261      -302.6976 --
ML: -733.7160675260708 Information: 55.981496837515465
             61      -965.1178         3.0         -670.1391      -294.9786 --
ML: -731.8157869120189 Information: 60.54088634369721
             62      -955.7925         3.0         -666.0052      -289.7872 --
ML: -728.7938799902705 Information: 62.53195090594102
             63      -949.1673         3.0         -664.8526      -284.3146 --
ML: -728.0480790457873 Information: 62.5269336119548
             64      -948.2322         3.1         -664.1472      -284.0850 --
ML: -727.7176899476374 Information: 62.58309421720452
             65      -955.1785         3.1         -662.3720      -292.8065 --
ML: -727.240945812252 Information: 63.15389222515654
             66      -968.8108         3.0         -662.2449      -306.5659 --
ML: -727.093890284116 Information: 63.25875828168398
             67      -961.8323         3.0         -658.8211      -303.0112 --
ML: -726.1602497898864 Information: 65.36802571897209
             68      -963.6113         3.0         -656.6652      -306.9460 --
ML: -725.0859611104642 Information: 67.0111799384382
             69      -954.8165         3.0         -655.9110      -298.9055 --
ML: -724.670566760448 Information: 67.3312809442175
             70      -959.7854         3.0         -654.4280      -305.3573 --
ML: -724.2316680104261 Information: 67.92661737905519
             71      -960.5050         3.0         -654.2235      -306.2814 --
ML: -724.0829548078777 Information: 68.06553166085803
             72      -959.4887         3.0         -653.5765      -305.9122 --
ML: -723.9902974787162 Information: 68.18887701951633
             73      -947.3040         2.9         -653.5125      -293.7915 --
ML: -723.9561784115033 Information: 68.23153559940181
             74      -952.8362         2.9         -650.7339      -302.1022 --
ML: -723.7750042504458 Information: 68.8773672795678
             75      -958.7567         2.9         -649.3055      -309.4512 --
ML: -723.5483911443771 Information: 69.78467455862688
             76      -940.4251         2.9         -643.3580      -297.0671 --
ML: -720.1621623011692 Information: 76.45205148629029
             77      -936.1210         2.9         -642.9502      -293.1708 --
ML: -719.7340228235956 Information: 76.28856912304417
             78      -949.1015         2.9         -642.1448      -306.9567 --
ML: -719.4819531789533 Information: 76.32629039399899
             79      -939.0562         2.8         -638.5946      -300.4616 --
ML: -718.1327979938229 Information: 78.35477856925303
             80      -924.2502         2.8         -637.6203      -286.6299 --
ML: -717.5894700192345 Information: 78.71592142711262
             81      -944.6662         2.8         -637.0911      -307.5750 --
ML: -717.3569512266289 Information: 78.85318146946634
             82      -960.6057         2.8         -634.4398      -326.1658 --
ML: -716.6237875395916 Information: 80.23165950535605
             83      -929.7448         2.8         -632.2629      -297.4819 --
ML: -715.6357587235361 Information: 81.83550219277205
             84      -926.5202         2.8         -631.3009      -295.2192 --
ML: -715.1630970109678 Information: 82.30422659425125
             85      -922.8970         2.8         -628.4513      -294.4456 --
ML: -713.9409595405626 Information: 84.19112750788344
             86      -913.7178         2.8         -625.8344      -287.8833 --
ML: -712.4250691590834 Information: 85.73073392173217
             87      -927.5394         2.7         -623.1994      -304.3400 --
ML: -710.814994336875 Information: 86.91703786852598
             88      -918.6679         2.7         -623.1228      -295.5450 --
ML: -710.5390460462007 Information: 86.82800951466055
             89      -924.6259         2.7         -622.9956      -301.6303 --
ML: -710.443058742395 Information: 86.79749782261058
             90      -924.5339         2.7         -622.6996      -301.8343 --
ML: -710.3987837289551 Information: 86.79419100854386
             91      -940.5181         2.7         -622.1410      -318.3770 --
ML: -710.3713126283382 Information: 86.8063770935155
             92      -925.4778         2.7         -620.0147      -305.4630 --
ML: -710.29104496114 Information: 86.99993866939155
             93      -917.9309         2.7         -619.6682      -298.2627 --
ML: -710.2517052525923 Information: 87.10035328044478
             94      -927.7489         2.7         -619.0699      -308.6790 --
ML: -710.2262176796028 Information: 87.1775765576416
             95      -923.4642         2.7         -617.2622      -306.2019 --
ML: -710.1713163759491 Information: 87.43178994154903
             96      -924.8514         2.7         -617.0977      -307.7537 --
ML: -710.1484117980536 Information: 87.53664034296719
             97      -920.8476         2.7         -616.7583      -304.0893 --
ML: -710.1367832526802 Information: 87.59268464999889
             98      -930.9830         2.7         -614.2820      -316.7009 --
ML: -710.0874245824568 Information: 87.94122733241318
             99      -920.2156         2.6         -612.1179      -308.0977 --
ML: -709.9439581690515 Information: 89.13804018624683
            100      -909.0327         2.6         -607.7459      -301.2868 --
ML: -708.3559534437696 Information: 97.94140854681217
            101      -918.0536         2.6         -606.5552      -311.4983 --
ML: -707.6815700766105 Information: 99.16010890185225
            102      -925.1865         2.6         -605.1788      -320.0077 --
ML: -707.1423208228356 Information: 100.01409658090762
            103      -911.2258         2.6         -604.1294      -307.0964 --
ML: -706.779120556721 Information: 100.56417531426126
            104      -902.9610         2.6         -603.6587      -299.3022 --
ML: -706.6141235058288 Information: 100.78798450182558
            105      -902.3101         2.6         -601.8845      -300.4256 --
ML: -706.3290297804111 Information: 101.48062175654479
            106      -903.1346         2.6         -600.5488      -302.5858 --
ML: -706.0311311261031 Information: 102.29039594531736
            107      -895.0899         2.6         -598.4643      -296.6255 --
ML: -705.4646688470931 Information: 104.00581391508791
            108      -894.6279         2.6         -595.7635      -298.8643 --
ML: -704.2499857789874 Information: 106.79604973532494
            109      -902.2325         2.6         -595.4371      -306.7953 --
ML: -703.9435771130767 Information: 107.02190031724302
            110      -903.7759         2.6         -592.0599      -311.7160 --
ML: -702.5971391623253 Information: 109.27236815182908
            111      -900.3679         2.6         -590.0735      -310.2944 --
ML: -701.5039507181765 Information: 110.34074763571823
            112      -885.7581         2.6         -584.0261      -301.7319 --
ML: -696.8550870872386 Information: 112.76062275431255
            113      -893.3753         2.6         -582.2108      -311.1645 --
ML: -695.6800394818039 Information: 112.88754820760622
            114      -886.9760         2.6         -582.0219      -304.9541 --
ML: -695.4121944812382 Information: 112.80076815155888
            115      -903.4191         2.6         -581.9165      -321.5026 --
ML: -695.3204818347073 Information: 112.7699518524214
            116      -908.8042         2.6         -581.2156      -327.5885 --
ML: -695.257529832523 Information: 112.78844204385234
            117      -909.6990         2.6         -578.7738      -330.9251 --
ML: -695.0280307412118 Information: 113.31671250515035
            118      -872.3132         2.6         -573.3947      -298.9184 --
ML: -692.1739574787988 Information: 118.30011367404794
            119      -880.0288         2.6         -572.5634      -307.4653 --
ML: -691.5883611260932 Information: 118.29530704135954
            120      -891.6807         2.6         -570.1382      -321.5425 --
ML: -690.5434081456194 Information: 119.29557932749026
            121      -874.8679         2.6         -569.4234      -305.4444 --
ML: -690.1463583914115 Information: 119.4963754210267
            122      -876.0615         2.6         -565.9284      -310.1331 --
ML: -688.5424445294612 Information: 121.66448647404411
            123      -887.1771         2.6         -560.7132      -326.4639 --
ML: -684.533471594645 Information: 123.70833951337345
            124      -873.8902         2.6         -558.0107      -315.8795 --
ML: -682.6790594583183 Information: 124.22773430255693
            125      -852.9857         2.6         -557.2903      -295.6953 --
ML: -682.1857593436525 Information: 124.18650185976674
            126      -873.9076         2.6         -555.4388      -318.4687 --
ML: -681.5374095942017 Information: 124.75968064098362
            127      -862.2785         2.6         -555.0833      -307.1951 --
ML: -681.3139153281285 Information: 124.87552927131361
            128      -849.4141         2.7         -554.8073      -294.6068 --
ML: -681.2212401324732 Information: 124.92722109478797
            129      -841.9997         2.6         -551.6619      -290.3378 --
ML: -680.6580023453822 Information: 126.35873384328863
            130      -855.3340         2.6         -549.5020      -305.8320 --
ML: -679.7936220736061 Information: 128.2704411655827
            131      -853.4742         2.7         -549.2238      -304.2504 --
ML: -679.5458363694626 Information: 128.5273064702717
            132      -877.7213         2.6         -548.5560      -329.1652 --
ML: -679.3996397842969 Information: 128.71603163921884
            133      -851.3105         2.7         -548.1796      -303.1308 --
ML: -679.3292712565149 Information: 128.81580314746134
            134      -858.6319         2.7         -540.5317      -318.1001 --
ML: -675.351424949892 Information: 134.63274058240864
            135      -852.7313         2.7         -539.7991      -312.9322 --
ML: -674.7911947702243 Information: 134.46693499501447
            136      -848.7436         2.7         -535.9044      -312.8392 --
ML: -672.6216880208694 Information: 136.21236359211696
            137      -867.3583         2.6         -535.7971      -331.5611 --
ML: -672.3121896209667 Information: 136.06580556266738
            138      -850.4575         2.6         -534.0468      -316.4107 --
ML: -671.8651165883607 Information: 136.41168458648872
            139      -839.2493         2.7         -533.1006      -306.1487 --
ML: -671.5712588302732 Information: 136.7168758186545
            140      -834.4116         2.7         -529.5687      -304.8428 --
ML: -670.1355782870096 Information: 139.30908252340973
            141      -829.9388         2.7         -528.0822      -301.8566 --
ML: -669.3292941225736 Information: 140.02169809256287
            142      -853.1176         2.7         -527.9838      -325.1338 --
ML: -669.126616747269 Information: 140.06187783458194
            143      -851.7436         2.7         -525.3500      -326.3935 --
ML: -668.4639956203708 Information: 141.19902008406393
            144      -840.6855         2.7         -524.9318      -315.7537 --
ML: -668.2243493988631 Information: 141.45655662507028
            145      -841.1516         2.7         -524.5905      -316.5611 --
ML: -668.119738710254 Information: 141.56820165113214
            146      -819.2170         2.7         -524.3988      -294.8182 --
ML: -668.076428954158 Information: 141.61613531501848
            147      -835.6703         2.7         -520.1234      -315.5469 --
ML: -667.3244293191502 Information: 144.21365363164452
            148      -842.3615         2.7         -518.4415      -323.9200 --
ML: -666.6088858034734 Information: 145.88442005879543
            149      -826.8373         2.6         -518.0982      -308.7390 --
ML: -666.373796819838 Information: 146.1995177302723
            150      -829.2443         2.6         -517.8032      -311.4410 --
ML: -666.275292999624 Information: 146.32343580157504
            151      -818.6510         2.6         -511.5980      -307.0529 --
ML: -663.3797863872737 Information: 151.31998185563174
            152      -808.2763         2.6         -509.9283      -298.3479 --
ML: -662.3339780282815 Information: 151.65660677883298
            153      -807.1505         2.6         -507.9680      -299.1824 --
ML: -661.3427821931828 Information: 152.3692106774747
            154      -817.8086         2.6         -505.6004      -312.2081 --
ML: -660.0989530295924 Information: 153.52609794803757
            155      -818.9639         2.6         -505.1382      -313.8257 --
ML: -659.7513376022875 Information: 153.59973567992512
            156      -825.6985         2.6         -504.6187      -321.0798 --
ML: -659.5844710050088 Information: 153.66845012392315
            157      -823.9471         2.6         -504.2014      -319.7457 --
ML: -659.5021353061005 Information: 153.72163252513872
            158      -810.3834         2.6         -503.6530      -306.7303 --
ML: -659.4530485740105 Information: 153.77445159798697
            159      -817.0427         2.6         -503.3852      -313.6574 --
ML: -659.4302747100375 Information: 153.80331652474962
            160      -807.5710         2.6         -502.1499      -305.4210 --
ML: -659.4021851188969 Information: 153.87153452274651
            161      -808.4657         2.6         -499.1720      -309.2936 --
ML: -659.219695770439 Information: 154.74969995417786
            162      -813.5699         2.6         -498.0934      -315.4764 --
ML: -659.0538088046399 Information: 155.5585124061118
            163      -817.8623         2.6         -497.5504      -320.3118 --
ML: -658.9614183510027 Information: 155.99076195129902
            164      -803.3321         2.6         -497.4478      -305.8842 --
ML: -658.9260778279684 Information: 156.14719134320814
            165      -809.0301         2.6         -497.0874      -311.9426 --
ML: -658.9079271939144 Information: 156.23141152500335
            166      -804.5359         2.6         -496.5860      -307.9498 --
ML: -658.897061607702 Information: 156.28636383146818
            167      -819.3672         2.6         -494.6513      -324.7159 --
ML: -658.8699125037379 Information: 156.4723980938868
            168      -799.2459         2.6         -494.0912      -305.1547 --
ML: -658.8528091266438 Information: 156.59615159496974
            169      -803.8980         2.6         -491.7867      -312.1113 --
ML: -658.7921820087995 Information: 157.151423352501
            170      -806.7636         2.6         -491.4531      -315.3105 --
ML: -658.7624174724688 Information: 157.4204202622065
            171      -800.9456         2.6         -491.2377      -309.7079 --
ML: -658.7491251235559 Information: 157.54054812869452
            172      -795.8825         2.6         -490.6855      -305.1970 --
ML: -658.7407224401513 Information: 157.62019653800644
            173      -795.7565         2.6         -490.2412      -305.5152 --
ML: -658.7359336786121 Information: 157.66738149069892
            174      -794.7123         2.6         -489.7208      -304.9914 --
ML: -658.7329808629977 Information: 157.69788679995918
            175      -797.0554         2.6         -487.0051      -310.0502 --
ML: -658.7167181908269 Information: 157.9079430710508
            176      -818.6739         2.6         -486.8854      -331.7885 --
ML: -658.7100512669396 Information: 157.99379335771056
            177      -798.1674         2.6         -485.2050      -312.9624 --
ML: -658.6970161089927 Information: 158.18163688294396
            178      -804.3240         2.6         -485.0258      -319.2982 --
ML: -658.6913330480035 Information: 158.26373194233275
            179      -788.4361         2.5         -483.1458      -305.2903 --
ML: -658.6777629750597 Information: 158.48309223099778
            180      -793.4185         2.5         -482.5521      -310.8663 --
ML: -658.6688251735776 Information: 158.63113678510865
            181      -803.5728         2.5         -482.0474      -321.5254 --
ML: -658.6634173703136 Information: 158.72275395174682
            182      -811.9008         2.5         -480.5314      -331.3694 --
ML: -658.6544221476111 Information: 158.88756632843666
            183      -802.1753         2.5         -475.3076      -326.8677 --
ML: -658.177225841596 Information: 167.69214340835174
            184      -808.0270         2.5         -474.0834      -333.9435 --
ML: -657.7886671015692 Information: 172.58437423268407
            185      -799.2113         2.5         -473.1705      -326.0407 --
ML: -657.5300764056011 Information: 175.06780760734154
            186      -797.5755         2.5         -471.9359      -325.6395 --
ML: -657.2769143976864 Information: 177.16893072254896
            187      -808.2308         2.5         -471.8029      -336.4278 --
ML: -657.1870870276583 Information: 177.7925956719278
            188      -795.7341         2.5         -471.5425      -324.1916 --
ML: -657.1468991084294 Information: 178.06170416136047
            189      -791.8147         2.5         -470.7603      -321.0543 --
ML: -657.1157098273144 Information: 178.28615244742343
            190      -801.9540         2.5         -469.7128      -332.2411 --
ML: -657.0840151596262 Information: 178.5388771593855
            191      -805.1308         2.5         -469.4991      -335.6317 --
ML: -657.0699036964334 Information: 178.65152124900038
            192      -807.4071         2.5         -468.6313      -338.7758 --
ML: -657.0577006851971 Information: 178.75802426012535
            193      -798.9339         2.5         -463.2793      -335.6546 --
ML: -656.3941851522561 Information: 185.37882377254493
            194      -805.9903         2.5         -463.0803      -342.9100 --
ML: -656.1972405190221 Information: 186.60036927339803
            195      -810.5493         2.5         -462.4768      -348.0725 --
ML: -656.0836860702145 Information: 187.2511105559862
            196      -804.5572         2.5         -461.2096      -343.3475 --
ML: -655.9524645550364 Information: 188.057327965401
            197      -800.7836         2.5         -460.7685      -340.0150 --
ML: -655.8845052926786 Information: 188.45759400492017
            198      -793.1422         2.5         -459.4485      -333.6937 --
ML: -655.7978825226961 Information: 189.03299509967286
            199      -796.1899         2.5         -459.2924      -336.8975 --
ML: -655.7628232126598 Information: 189.25537492332268
            200      -787.1426         2.5         -459.0904      -328.0522 --
ML: -655.7474308256866 Information: 189.35327386853066
            201      -786.6938         2.5         -458.1892      -328.5046 --
ML: -655.733687741171 Information: 189.45152075289764
            202      -792.1297         2.5         -457.9798      -334.1499 --
ML: -655.7275161418673 Information: 189.49643002023316
            203      -791.2185         2.5         -457.1882      -334.0302 --
ML: -655.7225335779436 Information: 189.53639178446616
            204      -799.2094         2.5         -456.9520      -342.2574 --
ML: -655.7202207019587 Information: 189.55541146943125
            205      -801.4529         2.5         -454.3220      -347.1308 --
ML: -655.7084987507808 Information: 189.68169889909274
            206      -790.0807         2.5         -453.8647      -336.2160 --
ML: -655.7017482563739 Information: 189.7567721024269
            207      -782.0466         2.5         -453.8584      -328.1881 --
ML: -655.6992608834963 Information: 189.7843110137436
            208      -787.4047         2.5         -453.4035      -334.0012 --
ML: -655.6978215524173 Information: 189.80086676530885
            209      -791.5167         2.5         -451.8428      -339.6739 --
ML: -655.6953048979248 Information: 189.83367502528193
            210      -788.8144         2.4         -451.3270      -337.4874 --
ML: -655.6937573000812 Information: 189.85460375908093
            211      -785.4931         2.4         -451.0235      -334.4695 --
ML: -655.6929869911461 Information: 189.86524166252792
            212      -794.5028         2.4         -450.5795      -343.9233 --
ML: -655.6925455019756 Information: 189.87153059507187
            213      -797.1598         2.4         -449.2247      -347.9350 --
ML: -655.6919163350761 Information: 189.88133994301364
            214      -801.3943         2.4         -448.9736      -352.4207 --
ML: -655.6916189337471 Information: 189.88604912589045
            215      -802.0832         2.4         -448.6632      -353.4200 --
ML: -655.6914697339054 Information: 189.88845737300034
            216      -796.9290         2.4         -447.5050      -349.4239 --
ML: -655.6912949974795 Information: 189.89147967717054
            217      -794.2945         2.4         -447.4317      -346.8627 --
ML: -655.6912258363558 Information: 189.8926808266791
            218      -795.0546         2.4         -447.2034      -347.8512 --
ML: -655.6911938694749 Information: 189.8932432771761
            219      -802.8815         2.4         -445.2827      -357.5987 --
ML: -655.6911136041062 Information: 189.89480960460565
            220      -791.3111         2.4         -445.1561      -346.1549 --
ML: -655.6910800934834 Information: 189.8954677456661
            221      -785.8698         2.4         -445.0837      -340.7861 --
ML: -655.6910668394996 Information: 189.89572900488724
            222      -795.6420         2.4         -443.9694      -351.6725 --
ML: -655.6910519817808 Information: 189.8960384270854
            223      -784.5458         2.4         -443.9366      -340.6091 --
ML: -655.6910463335805 Information: 189.89615623887062
            224      -792.1852         2.4         -443.8187      -348.3664 --
ML: -655.6910439957998 Information: 189.89620527631905
            225      -790.5948         2.4         -443.7471      -346.8476 --
ML: -655.6910430719138 Information: 189.89622472198033
            226      -795.0279         2.4         -443.2195      -351.8084 --
ML: -655.6910424958694 Information: 189.89623715026175
            227      -780.7567         2.4         -443.0924      -337.6643 --
ML: -655.6910422552311 Information: 189.89624237269373
            228      -795.0091         2.4         -442.7842      -352.2248 --
ML: -655.6910421347535 Information: 189.8962450244601
            229      -801.6317         2.4         -442.2762      -359.3555 --
ML: -655.6910420610895 Information: 189.89624668328463
            230      -817.2448         2.4         -441.4973      -375.7475 --
ML: -655.691042002037 Information: 189.89624805907226
            231      -816.1935         2.4         -441.2764      -374.9171 --
ML: -655.6910419749429 Information: 189.8962486962851
            232      -814.2784         2.4         -440.8736      -373.4048 --
ML: -655.6910419600317 Information: 189.89624905297217
            233      -823.6351         2.4         -440.8195      -382.8156 --
ML: -655.6910419542412 Information: 189.89624919178232
            234      -803.4981         2.4         -440.7529      -362.7452 --
ML: -655.6910419519644 Information: 189.89624924650565
            235      -803.6286         2.4         -439.9993      -363.6293 --
ML: -655.6910419501847 Information: 189.89624929062188
            236      -795.9597         2.4         -438.8922      -357.0675 --
ML: -655.691041948204 Information: 189.896249341908
            237      -793.8387         2.4         -438.5417      -355.2969 --
ML: -655.6910419471694 Information: 189.89624936906296
            238      -796.4635         2.4         -438.0195      -358.4439 --
ML: -655.6910419465279 Information: 189.89624938621967
            239      -786.9812         2.4         -437.4087      -349.5725 --
ML: -655.6910419460932 Information: 189.89624939812398
            240      -782.4483         2.4         -437.1943      -345.2539 --
ML: -655.691041945895 Information: 189.8962494035868
            241      -799.5913         2.5         -437.0553      -362.5360 --
ML: -655.6910419458112 Information: 189.8962494059149
            242      -796.7298         2.5         -436.3949      -360.3348 --
ML: -655.6910419457515 Information: 189.8962494076248
            243      -782.8326         2.5         -436.1705      -346.6620 --
ML: -655.691041945724 Information: 189.89624940843237
            244      -785.5742         2.5         -435.7786      -349.7956 --
ML: -655.691041945709 Information: 189.89624940889155
            245      -785.5412         2.5         -435.6040      -349.9371 --
ML: -655.6910419457024 Information: 189.89624940910323
            246      -793.2367         2.5         -435.4683      -357.7683 --
ML: -655.6910419456997 Information: 189.8962494091695
            247      -798.6477         2.5         -434.4888      -364.1589 --
ML: -655.691041945697 Information: 189.89624940926285
            248      -794.4701         2.5         -433.8700      -360.6000 --
ML: -655.6910419456951 Information: 189.89624940930702
            249      -796.8198         2.5         -432.9089      -363.9109 --
ML: -655.6910419456933 Information: 189.89624940938347
            250      -804.9655         2.5         -432.8396      -372.1258 --
ML: -655.6910419456926 Information: 189.89624940939746
            251      -804.3112         2.5         -432.3247      -371.9864 --
ML: -655.6910419456922 Information: 189.89624940942235
            252      -794.2432         2.5         -432.1085      -362.1346 --
ML: -655.691041945692 Information: 189.896249409443
            253      -812.4639         2.5         -431.9794      -380.4844 --
ML: -655.6910419456918 Information: 189.89624940946027
            254      -811.4916         2.5         -431.9420      -379.5495 --
ML: -655.6910419456918 Information: 189.89624940944663
            255      -796.8416         2.5         -431.8360      -365.0056 --
ML: -655.6910419456918 Information: 189.89624940944105
            256      -793.5424         2.5         -431.7761      -361.7663 --
ML: -655.6910419456918 Information: 189.8962494094389
            257      -794.8503         2.5         -431.3772      -363.4731 --
ML: -655.6910419456918 Information: 189.89624940943776
            258      -799.4144         2.5         -430.6500      -368.7644 --
ML: -655.6910419456918 Information: 189.89624940943685
            259      -796.2249         2.5         -430.4556      -365.7692 --
ML: -655.6910419456918 Information: 189.8962494094364
            260      -798.3056         2.5         -430.4188      -367.8868 --
ML: -655.6910419456918 Information: 189.89624940943628
            261      -798.5178         2.5         -429.9378      -368.5800 --
ML: -655.6910419456918 Information: 189.89624940943617
            262      -797.3687         2.5         -428.1322      -369.2364 --
ML: -655.6910419456918 Information: 189.89624940943594
            263      -809.9601         2.5         -427.7445      -382.2155 --
ML: -655.6910419456918 Information: 189.89624940943582
            264      -804.3417         2.5         -427.3687      -376.9729 --
ML: -655.6910419456918 Information: 189.8962494094357
            265      -802.2593         2.5         -427.1068      -375.1525 --
ML: -655.6910419456918 Information: 189.8962494094357
            266      -804.6498         2.5         -427.0864      -377.5633 --
ML: -655.6910419456918 Information: 189.8962494094357
            267      -803.1982         2.5         -426.6084      -376.5897 --
ML: -655.6910419456918 Information: 189.8962494094357
            268      -803.3258         2.5         -426.3490      -376.9767 --
ML: -655.6910419456918 Information: 189.8962494094357
            269      -811.1494         2.5         -425.9598      -385.1896 --
ML: -655.6910419456918 Information: 189.8962494094357
            270      -815.1279         2.6         -424.9098      -390.2180 --
ML: -655.6910419456918 Information: 189.8962494094357
            271      -808.5569         2.6         -424.7803      -383.7765 --
ML: -655.6910419456918 Information: 189.8962494094357
            272      -811.5213         2.6         -424.4709      -387.0504 --
ML: -655.6910419456918 Information: 189.8962494094357
            273      -816.0382         2.6         -424.4445      -391.5936 --
ML: -655.6910419456918 Information: 189.8962494094357
            274      -823.8700         2.6         -423.9644      -399.9056 --
ML: -655.6910419456918 Information: 189.8962494094357
            275      -818.2601         2.6         -423.7310      -394.5291 --
ML: -655.6910419456918 Information: 189.8962494094357
            276      -812.2374         2.6         -423.3618      -388.8756 --
ML: -655.6910419456918 Information: 189.8962494094357
            277      -810.1216         2.6         -423.3294      -386.7921 --
ML: -655.6910419456918 Information: 189.8962494094357
            278      -809.2106         2.6         -422.0486      -387.1619 --
ML: -655.6910419456918 Information: 189.8962494094357
            279      -818.9903         2.6         -421.9931      -396.9972 --
ML: -655.6910419456918 Information: 189.8962494094357
            280      -825.7191         2.6         -421.9684      -403.7507 --
ML: -655.6910419456918 Information: 189.8962494094357
            281      -823.3908         2.6         -421.8738      -401.5170 --
ML: -655.6910419456918 Information: 189.8962494094357
            282      -815.7289         2.6         -421.8132      -393.9156 --
ML: -655.6910419456918 Information: 189.8962494094357
            283      -818.4537         2.6         -421.7007      -396.7529 --
ML: -655.6910419456918 Information: 189.8962494094357
            284      -819.2275         2.6         -421.0255      -398.2019 --
ML: -655.6910419456918 Information: 189.8962494094357
            285      -820.3705         2.6         -420.7631      -399.6074 --
ML: -655.6910419456918 Information: 189.8962494094357
            286      -829.1062         2.7         -420.7394      -408.3668 --
ML: -655.6910419456918 Information: 189.8962494094357
            287      -824.5685         2.7         -420.1899      -404.3785 --
ML: -655.6910419456918 Information: 189.8962494094357
            288      -816.4276         2.7         -419.9783      -396.4493 --
ML: -655.6910419456918 Information: 189.8962494094357
            289      -826.0878         2.7         -419.8709      -406.2169 --
ML: -655.6910419456918 Information: 189.8962494094357
            290      -821.0952         2.7         -419.5906      -401.5045 --
ML: -655.6910419456918 Information: 189.8962494094357
            291      -824.0656         2.7         -419.5081      -404.5575 --
ML: -655.6910419456918 Information: 189.8962494094357
            292      -822.0670         2.7         -419.4837      -402.5832 --
ML: -655.6910419456918 Information: 189.8962494094357
            293      -819.9131         2.7         -419.3013      -400.6117 --
ML: -655.6910419456918 Information: 189.8962494094357
            294      -827.5576         2.7         -419.0370      -408.5206 --
ML: -655.6910419456918 Information: 189.8962494094357
            295      -829.2858         2.7         -419.0216      -410.2641 --
ML: -655.6910419456918 Information: 189.8962494094357
            296      -821.3314         2.7         -419.0187      -402.3127 --
ML: -655.6910419456918 Information: 189.8962494094357
            297      -807.6776         2.7         -418.6324      -389.0451 --
ML: -655.6910419456918 Information: 189.8962494094357
            298      -814.5866         2.7         -418.4969      -396.0897 --
ML: -655.6910419456918 Information: 189.8962494094357
            299      -810.1464         2.8         -418.4172      -391.7292 --
ML: -655.6910419456918 Information: 189.8962494094357
            300      -808.6152         2.8         -418.3163      -390.2988 --
ML: -655.6910419456918 Information: 189.8962494094357
            301      -815.9588         2.8         -418.1088      -397.8499 --
ML: -655.6910419456918 Information: 189.8962494094357
            302      -813.4523         2.8         -418.0615      -395.3907 --
ML: -655.6910419456918 Information: 189.8962494094357
            303      -808.3888         2.8         -417.9644      -390.4244 --
ML: -655.6910419456918 Information: 189.8962494094357
            304      -814.7137         2.8         -417.9594      -396.7543 --
ML: -655.6910419456918 Information: 189.8962494094357
            305      -809.0517         2.8         -416.9447      -392.1069 --
ML: -655.6910419456918 Information: 189.8962494094357
            306      -822.8325         2.8         -415.9387      -406.8938 --
ML: -655.6910419456918 Information: 189.8962494094357
            307      -825.3617         2.8         -415.7014      -409.6603 --
ML: -655.6910419456918 Information: 189.8962494094357
            308      -824.5140         2.8         -415.6362      -408.8778 --
ML: -655.6910419456918 Information: 189.8962494094357
            309      -815.1374         2.8         -415.6105      -399.5268 --
ML: -655.6910419456918 Information: 189.8962494094357
            310      -817.3551         2.9         -415.0869      -402.2681 --
ML: -655.6910419456918 Information: 189.8962494094357
            311      -814.7994         2.9         -414.9370      -399.8624 --
ML: -655.6910419456918 Information: 189.8962494094357
            312      -826.5008         2.9         -414.7857      -411.7150 --
ML: -655.6910419456918 Information: 189.8962494094357
            313      -830.6902         2.9         -414.5668      -416.1233 --
ML: -655.6910419456918 Information: 189.8962494094357
            314      -823.3133         2.9         -414.5407      -408.7726 --
ML: -655.6910419456918 Information: 189.8962494094357
            315      -815.7548         2.9         -414.0426      -401.7121 --
ML: -655.6910419456918 Information: 189.8962494094357
            316      -823.1071         2.9         -414.0274      -409.0796 --
ML: -655.6910419456918 Information: 189.8962494094357
            317      -814.1763         2.9         -413.5659      -400.6104 --
ML: -655.6910419456918 Information: 189.8962494094357
            318      -831.7048         2.9         -413.0244      -418.6804 --
ML: -655.6910419456918 Information: 189.8962494094357
            319      -823.1347         2.9         -412.9541      -410.1805 --
ML: -655.6910419456918 Information: 189.8962494094357
            320      -826.6657         3.0         -412.9235      -413.7421 --
ML: -655.6910419456918 Information: 189.8962494094357
            321      -831.3180         3.0         -412.7144      -418.6035 --
ML: -655.6910419456918 Information: 189.8962494094357
            322      -837.1651         3.0         -412.3396      -424.8254 --
ML: -655.6910419456918 Information: 189.8962494094357
            323      -820.8045         3.0         -412.1414      -408.6631 --
ML: -655.6910419456918 Information: 189.8962494094357
            324      -825.3214         3.0         -411.9769      -413.3444 --
ML: -655.6910419456918 Information: 189.8962494094357
            325      -833.3512         3.0         -411.9094      -421.4417 --
ML: -655.6910419456918 Information: 189.8962494094357
            326      -844.1883         3.0         -411.9079      -432.2803 --
ML: -655.6910419456918 Information: 189.8962494094357
            327      -841.2699         3.0         -411.8207      -429.4492 --
ML: -655.6910419456918 Information: 189.8962494094357
            328      -838.2665         3.0         -411.7724      -426.4941 --
ML: -655.6910419456918 Information: 189.8962494094357
            329      -851.8944         3.1         -411.5485      -440.3458 --
ML: -655.6910419456918 Information: 189.8962494094357
            330      -849.4512         3.1         -411.3251      -438.1260 --
ML: -655.6910419456918 Information: 189.8962494094357
            331      -821.5575         3.1         -411.2070      -410.3505 --
ML: -655.6910419456918 Information: 189.8962494094357
            332      -823.8233         3.1         -410.9004      -412.9229 --
ML: -655.6910419456918 Information: 189.8962494094357
            333      -828.9899         3.1         -410.7921      -418.1977 --
ML: -655.6910419456918 Information: 189.8962494094357
            334      -831.0811         3.1         -410.7290      -420.3521 --
ML: -655.6910419456918 Information: 189.8962494094357
            335      -839.1579         3.1         -410.3791      -428.7787 --
ML: -655.6910419456918 Information: 189.8962494094357
            336      -833.5839         3.1         -410.3564      -423.2275 --
ML: -655.6910419456918 Information: 189.8962494094357
            337      -844.8714         3.1         -410.3282      -434.5432 --
ML: -655.6910419456918 Information: 189.8962494094357
            338      -839.9852         3.2         -410.0744      -429.9107 --
ML: -655.6910419456918 Information: 189.8962494094357
            339      -838.1619         3.2         -410.0553      -428.1066 --
ML: -655.6910419456918 Information: 189.8962494094357
            340      -844.6461         3.2         -409.9550      -434.6911 --
ML: -655.6910419456918 Information: 189.8962494094357
            341      -852.6884         3.2         -409.8479      -442.8405 --
ML: -655.6910419456918 Information: 189.8962494094357
            342      -855.4684         3.2         -409.7588      -445.7096 --
ML: -655.6910419456918 Information: 189.8962494094357
            343      -845.2626         3.2         -409.7420      -435.5205 --
ML: -655.6910419456918 Information: 189.8962494094357
            344      -858.7211         3.2         -409.5138      -449.2072 --
ML: -655.6910419456918 Information: 189.8962494094357
            345      -844.8445         3.2         -409.4355      -435.4090 --
ML: -655.6910419456918 Information: 189.8962494094357
            346      -849.5430         3.3         -409.0387      -440.5043 --
ML: -655.6910419456918 Information: 189.8962494094357
            347      -842.1947         3.3         -408.8765      -433.3181 --
ML: -655.6910419456918 Information: 189.8962494094357
            348      -845.5721         3.3         -408.5410      -437.0310 --
ML: -655.6910419456918 Information: 189.8962494094357
            349      -849.6454         3.3         -408.3896      -441.2558 --
ML: -655.6910419456918 Information: 189.8962494094357
            350      -839.9329         3.3         -408.0844      -431.8484 --
ML: -655.6910419456918 Information: 189.8962494094357
            351      -847.5834         3.3         -407.9186      -439.6648 --
ML: -655.6910419456918 Information: 189.8962494094357
            352      -849.6644         3.3         -407.9132      -441.7511 --
ML: -655.6910419456918 Information: 189.8962494094357
            353      -841.2578         3.4         -407.6876      -433.5701 --
ML: -655.6910419456918 Information: 189.8962494094357
            354      -852.2762         3.4         -407.6727      -444.6034 --
ML: -655.6910419456918 Information: 189.8962494094357
            355      -859.0243         3.4         -407.6523      -451.3720 --
ML: -655.6910419456918 Information: 189.8962494094357
            356      -853.3646         3.4         -407.4967      -445.8679 --
ML: -655.6910419456918 Information: 189.8962494094357
            357      -846.5679         3.4         -407.4645      -439.1033 --
ML: -655.6910419456918 Information: 189.8962494094357
            358      -845.4837         3.4         -407.0477      -438.4360 --
ML: -655.6910419456918 Information: 189.8962494094357
            359      -852.9089         3.4         -406.6657      -446.2431 --
ML: -655.6910419456918 Information: 189.8962494094357
            360      -854.3514         3.4         -406.3329      -448.0185 --
ML: -655.6910419456918 Information: 189.8962494094357
            361      -863.3558         3.5         -406.1213      -457.2344 --
ML: -655.6910419456918 Information: 189.8962494094357
            362      -879.1976         3.5         -406.0526      -473.1450 --
ML: -655.6910419456918 Information: 189.8962494094357
            363      -868.1916         3.5         -405.9718      -462.2198 --
ML: -655.6910419456918 Information: 189.8962494094357
            364      -876.2695         3.5         -405.9695      -470.2999 --
ML: -655.6910419456918 Information: 189.8962494094357
            365      -863.9902         3.5         -405.8113      -458.1788 --
ML: -655.6910419456918 Information: 189.8962494094357
            366      -874.8774         3.5         -405.5703      -469.3070 --
ML: -655.6910419456918 Information: 189.8962494094357
            367      -877.2789         3.5         -405.3491      -471.9298 --
ML: -655.6910419456918 Information: 189.8962494094357
            368      -874.9246         3.6         -405.2867      -469.6378 --
ML: -655.6910419456918 Information: 189.8962494094357
            369      -868.7731         3.6         -404.9960      -463.7770 --
ML: -655.6910419456918 Information: 189.8962494094357
            370      -857.4109         3.6         -404.5253      -452.8855 --
ML: -655.6910419456918 Information: 189.8962494094357
            371      -867.5830         3.6         -404.3599      -463.2230 --
ML: -655.6910419456918 Information: 189.8962494094357
            372      -855.4641         3.6         -404.3291      -451.1350 --
ML: -655.6910419456918 Information: 189.8962494094357
            373      -860.9782         3.6         -404.3075      -456.6707 --
ML: -655.6910419456918 Information: 189.8962494094357
            374      -864.9282         3.6         -404.2604      -460.6678 --
ML: -655.6910419456918 Information: 189.8962494094357
            375      -864.5859         3.7         -403.9865      -460.5993 --
ML: -655.6910419456918 Information: 189.8962494094357
            376      -871.0441         3.7         -403.9692      -467.0748 --
ML: -655.6910419456918 Information: 189.8962494094357
            377      -880.1284         3.7         -403.8917      -476.2366 --
ML: -655.6910419456918 Information: 189.8962494094357
            378      -866.2678         3.7         -403.7184      -462.5493 --
ML: -655.6910419456918 Information: 189.8962494094357
            379      -878.4427         3.7         -403.5566      -474.8860 --
ML: -655.6910419456918 Information: 189.8962494094357
380<=1000000&& (380<2.0*189.8962494094357*1||Math.abs(-655.6910419456918 - -655.6910419456918)/Math.abs(-655.6910419456918) > 1.0E-10
Finished in 380 steps!
Marginal likelihood: -652.5358019018181 (bootstrap SD=13.11915102039197)
Marginal likelihood: -652.1129797045863 (subsample SD=16.089737372295595)
Marginal likelihood: -653.1589778664297(14.926612310678806)
Information: 189.8962494094357
SD: 13.780284808719873

Operator                                                                Tuning    #accept    #reject      Pr(m)  Pr(acc|m)
Uniform()                                                                    -     640968     417629    0.27778    0.60549 
SubtreeSlide()                                                         1.00000      51309      54269    0.02778    0.48598 Try increasing size to about 2
SubtreeSlide()                                                        30.00000       2585     102563    0.02778    0.02458 Try decreasing size to about 15
Exchange()                                                                   -     100654     958586    0.27778    0.09502 
beast.base.inference.operator.DeltaExchangeOperator(editRateScaler)    1.00000       1806     104115    0.02778    0.01705 Try setting delta to about 0.5
ScaleOperator(clockRateScaler)                                         0.80000      65501      39569    0.02778    0.62340 Try setting scaleFactor to about 0.64
ScaleOperator(silencingRateScaler)                                     0.80000      76562      29236    0.02778    0.72366 Try setting scaleFactor to about 0.64
ScaleOperator(georateScaler.s:tissue)                                  0.99000    1023742      35320    0.27778    0.96665 Try setting scaleFactor to about 0.98
ScaleOperator(geoMuScaler.c:tissue)                                    0.90000      88157      17429    0.02778    0.83493 Try setting scaleFactor to about 0.81

     Tuning: The value of the operator's tuning parameter, or '-' if the operator can't be optimized.
    #accept: The total number of times a proposal by this operator has been accepted.
    #reject: The total number of times a proposal by this operator has been rejected.
      Pr(m): The probability this operator is chosen in a step of the MCMC (i.e. the normalized weight).
  Pr(acc|m): The acceptance probability (#accept as a fraction of the total proposals for this operator).


Total calculation time: 578.571 seconds
Done!
