************************************
**** FeastMain BEAST 2 Launcher ****
************************************

Hunting for beast_services.xml files embedded in classpath:
- Processing /feast/beast_services.xml...
- Processing /beast_services.xml...
Done. Handing over to BeastMain...

                   BEAST v2.7.7 Prerelease, 2002-2024
             Bayesian Evolutionary Analysis Sampling Trees
                       Designed and developed by
 Remco Bouckaert, Alexei J. Drummond, Andrew Rambaut & Marc A. Suchard
                                    
                   Centre for Computational Evolution
                         University of Auckland
                       r.bouckaert@auckland.ac.nz
                        alexei@cs.auckland.ac.nz
                                    
                   Institute of Evolutionary Biology
                        University of Edinburgh
                           a.rambaut@ed.ac.uk
                                    
                    David Geffen School of Medicine
                 University of California, Los Angeles
                           msuchard@ucla.edu
                                    
                      Downloads, Help & Resources:
                           http://beast2.org/
                                    
  Source code distributed under the GNU Lesser General Public License:
                   http://github.com/CompEvol/beast2
                                    
                           BEAST developers:
   Alex Alekseyenko, Trevor Bedford, Erik Bloomquist, Joseph Heled, 
 Sebastian Hoehna, Denise Kuehnert, Philippe Lemey, Wai Lok Sibon Li, 
Gerton Lunter, Sidney Markowitz, Vladimir Minin, Michael Defoin Platel, 
          Oliver Pybus, Tim Vaughan, Chieh-Hsi Wu, Walter Xie
                                    
                               Thanks to:
          Roald Forsberg, Beth Shapiro and Korbinian Strimmer

Random number seed: 1733232929094

AlignmentFromFasta(alignment)
  63 taxa
  10 sites
  6 patterns

ASV020 = 420 (0.0)
ASV041 = 420 (0.0)
ASV051 = 420 (0.0)
ASV052 = 420 (0.0)
ASV055 = 420 (0.0)
ASV070 = 420 (0.0)
ASV071 = 420 (0.0)
ASV075 = 420 (0.0)
ASV076 = 420 (0.0)
ASV088 = 420 (0.0)
53 more...
Starting frequencies: [1.0, 0.0, 0.0]
  Using BEAGLE version: 4.0.1 (PRE-RELEASE) resource 0: CPU (x86_64)
    with instance flags:  PRECISION_DOUBLE COMPUTATION_SYNCH EIGEN_COMPLEX SCALING_MANUAL SCALERS_RAW VECTOR_SSE THREADING_NONE PROCESSOR_CPU FRAMEWORK_CPU
Starting frequencies: [1.0, 0.0, 0.0, 0.0]
ASV020 = FML (NaN)
ASV041 = LNSL (NaN)
ASV051 = PRL (NaN)
ASV052 = LNSL (NaN)
ASV055 = LNSL (NaN)
ASV070 = FML (NaN)
ASV071 = PRL (NaN)
ASV075 = FML (NaN)
ASV076 = FML (NaN)
ASV088 = FML (NaN)
53 more...
Starting frequencies: [0.25, 0.25, 0.25, 0.25]
  Using BEAGLE version: 4.0.1 (PRE-RELEASE) resource 0: CPU (x86_64)
    with instance flags:  PRECISION_DOUBLE COMPUTATION_SYNCH EIGEN_COMPLEX SCALING_MANUAL SCALERS_RAW VECTOR_SSE THREADING_NONE PROCESSOR_CPU FRAMEWORK_CPU
===============================================================================
Citations for this model:

Patricio Maturana, Brendon J. Brewer, Steffen Klaere, Remco Bouckaert. Model selection and parameter inference in phylogenetics using Nested Sampling. Systematic Biology, syy050, 2018

Stadler, T., Kuehnert, D., Bonhoeffer, S., and Drummond, A. J. (2013):
 Birth-death skyline plot reveals temporal changes of
 epidemic spread in HIV and hepatitis C virus (HCV). PNAS 110(1): 228–33.
If sampled ancestors are used then please also cite: Gavryushkina A, Welch D, Stadler T, Drummond AJ (2014) 
Bayesian inference of sampled ancestor trees for epidemiology and fossil calibration. 
PLoS Comput Biol 10(12): e1003919. doi:10.1371/journal.pcbi.1003919

Edwards, C. J., Suchard, M. A., Lemey, P., ... & Valdiosera, C. E. (2011).
Ancient hybridization and an Irish origin for the modern polar bear matriline.
Current Biology, 21(15), 1251-1258.

===============================================================================
         Sample      posterior ESS(posterior)     likelihood          prior
Start likelihood 0: -8944.99979553221 
              0     -1531.6251              N     -1087.3149      -444.3101 --
ML: -1088.153554978361 Information: 0.8385606384288167
              1     -1356.3455         2.0         -969.0026      -387.3428 --
ML: -970.8412295678378 Information: 1.8385606384288167
              2     -1326.4060         3.0         -953.0237      -373.3823 --
ML: -955.8622635357509 Information: 2.8385553340997194
              3     -1302.4366         4.0         -930.1368      -372.2997 --
ML: -933.975450398478 Information: 3.838560630999932
              4     -1244.6116         4.0         -917.5028      -327.1088 --
ML: -922.3413547167656 Information: 4.838439856362757
              5     -1226.6893         3.4         -908.4730      -318.2163 --
ML: -914.311311495763 Information: 5.835295530621246
              6     -1217.1057         3.2         -889.7783      -327.3274 --
ML: -896.6169259783422 Information: 6.83856023119255
              7     -1183.0656         3.2         -877.0616      -306.0039 --
ML: -884.9002294796395 Information: 7.838448758377327
              8     -1164.1808         3.3         -865.5045      -298.6762 --
ML: -874.3431177912435 Information: 8.83823405226052
              9     -1151.2754         2.6         -853.2510      -298.0243 --
ML: -863.0895709166302 Information: 9.838388851839992
             10     -1141.9295         2.8         -840.1837      -301.7457 --
ML: -851.0223139783852 Information: 10.838479827193549
             11     -1108.4240         2.6         -804.0335      -304.3904 --
ML: -815.8721289601158 Information: 11.83856063842836
             12     -1110.2675         2.6         -795.1307      -315.1367 --
ML: -807.9689587076019 Information: 12.834900791563957
             13     -1079.7207         2.6         -784.4535      -295.2671 --
ML: -798.2920893574286 Information: 13.837828066262684
             14     -1084.7179         2.6         -784.1458      -300.5720 --
ML: -797.8863399433013 Information: 13.53494979343327
             15     -1076.4335         2.7         -782.5450      -293.8885 --
ML: -797.4112422728372 Information: 13.74295542542643
             16     -1071.0144         2.6         -781.8215      -289.1928 --
ML: -797.1590620090251 Information: 13.90240328956952
             17     -1066.5200         2.6         -771.3939      -295.1261 --
ML: -789.2321555559755 Information: 17.83391840904356
             18     -1055.2318         2.6         -765.8472      -289.3846 --
ML: -784.6752661217603 Information: 18.769754906064215
             19     -1068.0485         2.6         -763.1129      -304.9356 --
ML: -782.7873453456397 Information: 19.25165199142799
             20     -1053.4135         2.7         -759.2818      -294.1317 --
ML: -780.0532072131472 Information: 20.495115313597466
             21     -1049.4955         2.7         -758.7602      -290.7352 --
ML: -779.5961156153066 Information: 20.330722404177664
             22     -1054.1603         2.8         -758.2373      -295.9230 --
ML: -779.3909779406486 Information: 20.31625851025308
             23     -1052.9523         2.8         -757.8534      -295.0989 --
ML: -779.2955254250547 Information: 20.331989614028316
             24     -1053.2012         2.8         -757.8105      -295.3907 --
ML: -779.261162713014 Information: 20.336574729777794
             25     -1053.2168         2.9         -756.8113      -296.4055 --
ML: -779.2279690899169 Information: 20.372375482910797
             26     -1049.0857         2.9         -755.2659      -293.8197 --
ML: -779.1731684995857 Information: 20.508997243333738
             27     -1038.3727         3.0         -754.6681      -283.7046 --
ML: -779.1381223604172 Information: 20.61157153420902
             28     -1039.5691         3.0         -751.6832      -287.8858 --
ML: -778.9144549411004 Information: 21.759433625923293
             29     -1035.5127         3.1         -746.5814      -288.9313 --
ML: -776.3407093592654 Information: 28.95301978548011
             30     -1039.1854         3.2         -743.9122      -295.2732 --
ML: -774.5651875705107 Information: 30.064233703308503
             31     -1033.8314         3.2         -743.7424      -290.0890 --
ML: -774.2561487301099 Information: 29.956849484389977
             32     -1026.1660         3.3         -735.0313      -291.1347 --
ML: -767.8682012025463 Information: 32.82129152396118
             33     -1020.5631         3.3         -731.9929      -288.5702 --
ML: -765.7088727029055 Information: 33.363501383851485
             34     -1015.7861         3.4         -730.8596      -284.9265 --
ML: -765.0103618134306 Information: 33.411843442486884
             35     -1012.1127         3.4         -727.3836      -284.7290 --
ML: -763.0675764597421 Information: 35.07988518009246
             36     -1000.8008         3.5         -726.8191      -273.9816 --
ML: -762.6265869921467 Information: 35.05559261748323
             37     -1016.5116         3.5         -724.8371      -291.6745 --
ML: -761.9577115151819 Information: 35.720044391007264
             38      -995.7153         3.5         -721.0452      -274.6701 --
ML: -759.7654116688763 Information: 38.14037696059388
             39     -1005.7174         3.5         -720.6189      -285.0985 --
ML: -759.3595895729873 Information: 38.07016329347232
             40     -1012.5276         3.5         -714.9840      -297.5435 --
ML: -755.7939356406154 Information: 40.631568422682975
             41     -1011.9428         3.5         -712.3238      -299.6189 --
ML: -753.9837647188057 Information: 41.19543085889519
             42     -1000.5067         3.5         -712.1223      -288.3843 --
ML: -753.6643178718758 Information: 41.05808397685166
             43      -998.3284         3.5         -704.3491      -293.9793 --
ML: -748.1835052978001 Information: 43.799987323255976
             44     -1004.8758         3.5         -703.2599      -301.6158 --
ML: -747.4469429027012 Information: 43.64909216456823
             45     -1000.7241         3.5         -699.8837      -300.8404 --
ML: -745.5582516980725 Information: 45.08245535108664
             46      -969.3298         3.5         -694.8816      -274.4482 --
ML: -741.6989106913993 Information: 46.69931834338569
             47      -970.2044         3.4         -692.0217      -278.1826 --
ML: -739.7127254655074 Information: 47.282355408641635
             48      -992.6988         3.4         -689.3886      -303.3101 --
ML: -738.02316375438 Information: 48.0729864167846
             49      -969.2096         3.4         -685.2770      -283.9325 --
ML: -735.0624656776939 Information: 49.54340296355414
             50      -970.4811         3.3         -683.2845      -287.1966 --
ML: -733.7931708024919 Information: 49.880659634804346
             51      -989.3841         3.3         -680.3273      -309.0567 --
ML: -731.9865479364978 Information: 51.07047622668887
             52      -985.9574         3.3         -677.5172      -308.4402 --
ML: -730.1770322404308 Information: 52.10325694053327
             53      -980.5486         3.3         -676.1218      -304.4268 --
ML: -729.3697394955394 Information: 52.377186387612255
             54      -967.7583         3.3         -672.2304      -295.5279 --
ML: -726.9735379928161 Information: 54.30942921740068
             55      -983.8765         3.2         -670.9625      -312.9139 --
ML: -726.1904643975112 Information: 54.45030429797612
             56      -954.3557         3.2         -661.0899      -293.2658 --
ML: -717.9282446720632 Information: 56.83555385308315
             57      -947.4997         3.2         -660.3308      -287.1688 --
ML: -717.3484184077886 Information: 56.590950352948255
             58      -981.3039         3.2         -659.5600      -321.7439 --
ML: -717.0484042958632 Information: 56.60130316101362
             59      -948.3907         3.1         -656.5741      -291.8165 --
ML: -715.9877418930322 Information: 58.07265737977136
             60      -949.0939         3.1         -655.6460      -293.4478 --
ML: -715.5124885282357 Information: 58.45571039650753
             61      -951.7159         3.1         -654.0782      -297.6377 --
ML: -715.0011860068639 Information: 59.13669073836354
             62      -947.7355         3.1         -653.4439      -294.2916 --
ML: -714.7561441594778 Information: 59.41770600389282
             63      -938.5156         3.1         -649.5086      -289.0070 --
ML: -713.1285529968061 Information: 62.47492143380077
             64      -943.3613         3.1         -649.0690      -294.2923 --
ML: -712.7509141902474 Information: 62.59566675914141
             65      -943.7279         3.0         -645.5702      -298.1576 --
ML: -711.1766956787563 Information: 64.65655019686392
             66      -944.5228         3.0         -645.5663      -298.9565 --
ML: -710.9198729447947 Information: 64.61575794641976
             67      -937.2278         3.0         -643.9086      -293.3192 --
ML: -710.5571708193213 Information: 64.98176864396851
             68      -924.8915         3.0         -641.5737      -283.3177 --
ML: -709.7889707927983 Information: 66.3590675023982
             69      -949.7114         2.9         -640.3632      -309.3481 --
ML: -709.2811083634704 Information: 67.0723862269225
             70      -927.0318         2.9         -629.1797      -297.8520 --
ML: -700.0182066564416 Information: 70.83722956965059
             71      -931.6913         2.9         -627.8624      -303.8289 --
ML: -699.153930075352 Information: 70.7359175345195
             72      -924.5107         2.9         -627.5080      -297.0026 --
ML: -698.8889520489092 Information: 70.68275455214172
             73      -941.9848         2.8         -624.3894      -317.5953 --
ML: -697.8117152610215 Information: 72.12250775530703
             74      -934.6391         2.8         -622.8404      -311.7986 --
ML: -697.050019881336 Information: 72.87955461075262
             75      -913.2340         2.8         -620.3016      -292.9324 --
ML: -695.8018799302185 Information: 74.38973446365307
             76      -913.3118         2.8         -618.3602      -294.9516 --
ML: -694.7623912960083 Information: 75.3229006985903
             77      -908.8428         2.8         -617.5148      -291.3279 --
ML: -694.3217245162044 Information: 75.56814945393666
             78      -911.7948         2.8         -617.2728      -294.5219 --
ML: -694.1672822510072 Information: 75.62560449429554
             79      -914.2645         2.8         -616.8586      -297.4059 --
ML: -694.0906296245234 Information: 75.67314196897132
             80      -915.0246         2.7         -616.3346      -298.6900 --
ML: -694.0458078393096 Information: 75.71961603623402
             81      -920.9268         2.7         -614.8609      -306.0659 --
ML: -693.9777815461644 Information: 75.87948136100249
             82      -901.1357         2.7         -614.4410      -286.6946 --
ML: -693.9416264533525 Information: 75.97319351526107
             83      -904.7694         2.7         -613.3924      -291.3770 --
ML: -693.9050259833007 Information: 76.10104989929494
             84      -901.9571         2.7         -606.5214      -295.4356 --
ML: -691.284502829254 Information: 83.94204496268542
             85      -899.6755         2.7         -601.1636      -298.5118 --
ML: -686.9885370955982 Information: 85.74066774712182
             86      -894.4092         2.7         -600.6724      -293.7367 --
ML: -686.5228843352068 Information: 85.48923031670176
             87      -880.8790         2.7         -597.8506      -283.0283 --
ML: -685.3284149987752 Information: 86.51375958342413
             88      -887.4935         2.7         -595.8267      -291.6668 --
ML: -684.2497117537022 Information: 87.40698468512372
             89      -895.8080         2.7         -593.2121      -302.5959 --
ML: -682.7872029317365 Information: 88.73400783800335
             90      -894.5914         2.6         -592.7994      -301.7920 --
ML: -682.4315774141305 Information: 88.75358660055008
             91      -900.3758         2.6         -590.7495      -309.6262 --
ML: -681.8136561507835 Information: 89.48547057024803
             92      -907.6861         2.6         -587.2827      -320.4033 --
ML: -679.9523440723583 Information: 91.88518207359684
             93      -891.4672         2.6         -583.2137      -308.2535 --
ML: -676.9987399203093 Information: 93.53188735001368
             94      -883.3825         2.6         -582.8495      -300.5330 --
ML: -676.5920132422788 Information: 93.331448212098
             95      -892.6104         2.6         -582.8302      -309.7801 --
ML: -676.4739380982194 Information: 93.26129553397175
             96      -883.2516         2.6         -581.5638      -301.6877 --
ML: -676.3382121088944 Information: 93.33482946803213
             97      -876.3479         2.6         -575.2338      -301.1140 --
ML: -673.0350000090718 Information: 97.51545864771765
             98      -887.7011         2.6         -573.8999      -313.8011 --
ML: -672.1826713045903 Information: 97.59208252239804
             99      -879.7976         2.6         -568.4837      -311.3139 --
ML: -668.301453900559 Information: 99.69176111584169
            100      -862.9663         2.6         -563.7574      -299.2088 --
ML: -664.57169770919 Information: 100.69782132200618
            101      -857.5885         2.6         -562.0017      -295.5868 --
ML: -663.4474093238088 Information: 100.83745726349599
            102      -874.9406         2.6         -561.8363      -313.1043 --
ML: -663.1904287087885 Information: 100.75578494662204
            103      -874.8174         2.6         -559.9841      -314.8333 --
ML: -662.7642449898619 Information: 101.179947308588
            104      -853.7051         2.6         -556.8111      -296.8940 --
ML: -661.3659693248035 Information: 103.37576028296473
            105      -869.3788         2.6         -555.9758      -313.4030 --
ML: -660.8721162943043 Information: 103.66695936414061
            106      -862.7426         2.6         -555.3859      -307.3566 --
ML: -660.6421060126316 Information: 103.81074400448529
            107      -866.2913         2.6         -553.7348      -312.5565 --
ML: -660.309889588775 Information: 104.35382317552393
            108      -852.1186         2.6         -552.6887      -299.4299 --
ML: -660.0506024090946 Information: 104.84079682379883
            109      -863.0379         2.5         -551.9827      -311.0551 --
ML: -659.8934185600465 Information: 105.15299667605308
            110      -854.0626         2.5         -548.7164      -305.3461 --
ML: -659.0168241816364 Information: 107.79320568913343
            111      -848.1558         2.5         -547.7294      -300.4264 --
ML: -658.5617606021257 Information: 108.6155884623991
            112      -850.1773         2.5         -545.5382      -304.6390 --
ML: -657.771878535055 Information: 110.23287024763047
            113      -850.4825         2.5         -545.0677      -305.4148 --
ML: -657.493020704509 Information: 110.55541052406556
            114      -860.0023         2.5         -543.3103      -316.6919 --
ML: -657.0749913195062 Information: 111.37665072459583
            115      -842.0123         2.5         -541.4661      -300.5461 --
ML: -656.4901262568201 Information: 112.66587551850961
            116      -839.1657         2.5         -537.9248      -301.2408 --
ML: -654.5996993640001 Information: 115.78400216131924
            117      -829.6902         2.5         -537.6628      -292.0273 --
ML: -654.259050168559 Information: 115.77615994023165
            118      -822.0692         2.5         -534.1805      -287.8887 --
ML: -652.7648943035464 Information: 117.6187737594339
            119      -838.7757         2.5         -528.2350      -310.5406 --
ML: -648.064519345874 Information: 119.76659303410996
            120      -845.1798         2.5         -527.2628      -317.9169 --
ML: -647.3896639219067 Information: 119.59970575113715
            121      -839.0506         2.5         -527.1672      -311.8833 --
ML: -647.2084623638002 Information: 119.52170238345394
            122      -832.9551         2.5         -525.9533      -307.0017 --
ML: -647.0217616843263 Information: 119.63021555424103
            123      -821.6556         2.5         -524.4189      -297.2367 --
ML: -646.7666470229075 Information: 120.04444159472354
            124      -819.1528         2.5         -522.5977      -296.5550 --
ML: -646.3532842695988 Information: 121.02753580456852
            125      -832.9456         2.5         -521.6462      -311.2994 --
ML: -646.0737203945151 Information: 121.64536150965313
            126      -822.0884         2.5         -519.9297      -302.1586 --
ML: -645.6687435454197 Information: 122.73844880457375
            127      -816.0444         2.5         -519.5958      -296.4485 --
ML: -645.5108270014208 Information: 123.06762090769422
            128      -815.2170         2.5         -519.1222      -296.0948 --
ML: -645.4280503909335 Information: 123.2486755742562
            129      -828.4740         2.5         -517.9627      -310.5113 --
ML: -645.3389610075193 Information: 123.51899699390344
            130      -824.3818         2.5         -515.8506      -308.5312 --
ML: -645.1085001502549 Information: 124.5172185147353
            131      -818.3145         2.5         -515.5820      -302.7324 --
ML: -645.014051947675 Information: 124.87422822990334
            132      -819.1198         2.5         -515.4089      -303.7109 --
ML: -644.9753883677927 Information: 125.01498610377274
            133      -805.8191         2.5         -514.7649      -291.0542 --
ML: -644.9491687637814 Information: 125.1232191860766
            134      -811.1905         2.5         -512.2198      -298.9707 --
ML: -644.834649007049 Information: 125.83172696354177
            135      -826.0424         2.5         -511.9532      -314.0892 --
ML: -644.7839856043821 Information: 126.12932974189602
            136      -810.5733         2.5         -510.3222      -300.2511 --
ML: -644.6951980456117 Information: 126.74846711474788
            137      -820.5984         2.5         -509.9510      -310.6473 --
ML: -644.650892310314 Information: 127.0506830410385
            138      -814.7228         2.5         -508.8417      -305.8810 --
ML: -644.6036813166065 Information: 127.40735810943534
            139      -820.9690         2.5         -507.9474      -313.0215 --
ML: -644.5630294413849 Information: 127.73515110853998
            140      -814.4958         2.5         -507.3456      -307.1501 --
ML: -644.5366303928812 Information: 127.95579816407655
            141      -816.1362         2.5         -504.6112      -311.5249 --
ML: -644.3989491261613 Information: 129.3576874151392
            142      -813.9203         2.5         -502.9031      -311.0171 --
ML: -644.1669399640487 Information: 131.63901563381364
            143      -806.8645         2.5         -502.8299      -304.0345 --
ML: -644.0881705195503 Information: 132.2948375056722
            144      -800.6277         2.5         -501.1979      -299.4297 --
ML: -643.9549395041745 Information: 133.4832472095547
            145      -809.2763         2.5         -499.6757      -309.6005 --
ML: -643.7640975735521 Information: 135.16805780394606
            146      -805.0230         2.5         -498.6146      -306.4084 --
ML: -643.5946150238043 Information: 136.55466621323018
            147      -800.7277         2.5         -498.4793      -302.2483 --
ML: -643.5310240240044 Information: 137.01850318261523
            148      -805.7379         2.5         -496.6234      -309.1145 --
ML: -643.3956107260519 Information: 138.1354966736505
            149      -800.1441         2.5         -496.3908      -303.7533 --
ML: -643.3384841029464 Information: 138.5708414295147
            150      -789.4982         2.5         -492.7394      -296.7588 --
ML: -642.7579521019749 Information: 143.28751206066613
            151      -812.7411         2.5         -492.1046      -320.6365 --
ML: -642.4912266108854 Information: 144.74525250218312
            152      -807.8216         2.5         -491.1875      -316.6341 --
ML: -642.296092020561 Information: 145.71276460010142
            153      -815.1901         2.5         -491.1363      -324.0538 --
ML: -642.2296983730773 Information: 145.99627444322624
            154      -795.8149         2.5         -488.8776      -306.9373 --
ML: -642.025812969861 Information: 147.14911670047542
            155      -815.7890         2.5         -488.4411      -327.3478 --
ML: -641.9259818066471 Information: 147.66072108667748
            156      -788.2440         2.5         -487.0783      -301.1656 --
ML: -641.7979652880763 Information: 148.39629492673043
            157      -784.6855         2.5         -486.8447      -297.8407 --
ML: -641.7436346878034 Information: 148.68869944590557
            158      -796.0989         2.5         -486.5766      -309.5223 --
ML: -641.7185153796402 Information: 148.82428443132875
            159      -808.6491         2.5         -485.6587      -322.9903 --
ML: -641.6959234145523 Information: 148.96332246034035
            160      -804.5042         2.5         -484.9293      -319.5749 --
ML: -641.679023468291 Information: 149.07718902209388
            161      -801.0730         2.5         -484.3451      -316.7278 --
ML: -641.6680275341505 Information: 149.15648527849817
            162      -796.8196         2.5         -483.7165      -313.1031 --
ML: -641.6605121096336 Information: 149.21482053773587
            163      -790.6935         2.5         -482.2840      -308.4094 --
ML: -641.6490400013887 Information: 149.31925778818783
            164      -786.7092         2.5         -480.2078      -306.5013 --
ML: -641.6161268520095 Information: 149.67882100706856
            165      -795.3052         2.5         -479.3726      -315.9325 --
ML: -641.589039009224 Information: 149.98751394222114
            166      -794.0619         2.5         -478.9539      -315.1080 --
ML: -641.5742052372492 Information: 150.15890749820755
            167      -786.0263         2.5         -478.9417      -307.0846 --
ML: -641.5687370178097 Information: 150.22146143612747
            168      -787.6785         2.5         -478.9060      -308.7724 --
ML: -641.5666602381473 Information: 150.24519547861723
            169      -780.3652         2.5         -477.8578      -302.5074 --
ML: -641.5644855361147 Information: 150.27226825733038
            170      -798.2016         2.5         -476.4447      -321.7569 --
ML: -641.5612072261154 Information: 150.3175849723125
            171      -801.7387         2.5         -476.0439      -325.6947 --
ML: -641.5594113177793 Information: 150.34306170820832
            172      -787.9907         2.5         -474.7435      -313.2472 --
ML: -641.5569910799813 Information: 150.38046140527024
            173      -779.3028         2.5         -474.6035      -304.6992 --
ML: -641.5559687090337 Information: 150.39637410871956
            174      -788.3286         2.5         -473.3691      -314.9595 --
ML: -641.5546777413631 Information: 150.41803524280607
            175      -780.2639         2.5         -473.2633      -307.0005 --
ML: -641.5541503175206 Information: 150.42693212904294
            176      -783.8405         2.5         -471.2523      -312.5881 --
ML: -641.552702219528 Information: 150.45424393043345
            177      -795.3702         2.5         -471.1424      -324.2277 --
ML: -641.5521082082292 Information: 150.465500489467
            178      -790.7632         2.5         -470.9976      -319.7655 --
ML: -641.5518557437351 Information: 150.47031913051018
            179      -788.2752         2.5         -466.5075      -321.7677 --
ML: -641.5436123845541 Information: 150.66381558444976
            180      -782.4169         2.5         -466.4785      -315.9384 --
ML: -641.5405082545194 Information: 150.7363387481155
            181      -781.9361         2.5         -466.3460      -315.5901 --
ML: -641.5392074353516 Information: 150.7668328247376
            182      -777.5389         2.5         -465.5463      -311.9925 --
ML: -641.5381439502173 Information: 150.79258261455334
            183      -779.4724         2.5         -462.7293      -316.7430 --
ML: -641.5316251644442 Information: 150.96810127624576
            184      -800.4123         2.5         -462.1734      -338.2388 --
ML: -641.5274663033784 Information: 151.08176740810438
            185      -797.4308         2.5         -462.0979      -335.3328 --
ML: -641.5258211042405 Information: 151.1267215138173
            186      -784.3339         2.5         -462.0292      -322.3046 --
ML: -641.5251735579668 Information: 151.14443880675418
            187      -793.4618         2.5         -461.9991      -331.4627 --
ML: -641.5249281556981 Information: 151.1511574670377
            188      -788.6318         2.5         -461.3130      -327.3188 --
ML: -641.5247489148044 Information: 151.15618662751035
            189      -797.0188         2.5         -460.9149      -336.1039 --
ML: -641.5246507439446 Information: 151.15897980210673
            190      -808.5765         2.5         -458.7139      -349.8625 --
ML: -641.5243245547477 Information: 151.16897637537858
            191      -782.0471         2.5         -458.4805      -323.5665 --
ML: -641.5241730461278 Information: 151.1736538066574
            192      -788.7601         2.5         -458.4783      -330.2817 --
ML: -641.5241171938276 Information: 151.17537803671866
            193      -780.5476         2.5         -455.9458      -324.6018 --
ML: -641.5238586392833 Information: 151.18401336054728
            194      -781.7661         2.5         -455.6219      -326.1442 --
ML: -641.5237271642359 Information: 151.1884461255454
            195      -782.5584         2.5         -455.1435      -327.4149 --
ML: -641.5236491347935 Information: 151.19111397998125
            196      -793.4313         2.5         -453.2076      -340.2237 --
ML: -641.5234502184471 Information: 151.1982990826254
            197      -780.9828         2.5         -451.0481      -329.9347 --
ML: -641.5228162602637 Information: 151.2225572412263
            198      -781.3184         2.5         -451.0111      -330.3073 --
ML: -641.522574362024 Information: 151.23181816517217
            199      -778.5930         2.5         -450.1281      -328.4648 --
ML: -641.5223592315293 Information: 151.24024230200183
            200      -780.6827         2.5         -447.7257      -332.9570 --
ML: -641.521485156857 Information: 151.27654945606423
            201      -780.5934         2.5         -447.0879      -333.5055 --
ML: -641.520877150516 Information: 151.3021731979195
            202      -779.0362         2.5         -446.9501      -332.0861 --
ML: -641.5206205350753 Information: 151.31301854463482
            203      -794.2157         2.5         -446.8468      -347.3689 --
ML: -641.5205158768525 Information: 151.3174517115458
            204      -795.9931         2.6         -445.8745      -350.1186 --
ML: -641.5204140902555 Information: 151.3218617453149
            205      -797.4647         2.6         -445.7257      -351.7389 --
ML: -641.5203706408337 Information: 151.32375057166809
            206      -806.3823         2.6         -445.6447      -360.7376 --
ML: -641.520353308428 Information: 151.32450542393315
            207      -793.6900         2.6         -445.5566      -348.1334 --
ML: -641.5203463448354 Information: 151.3248093087804
            208      -793.5753         2.6         -445.2598      -348.3155 --
ML: -641.5203428978942 Information: 151.32496075238362
            209      -788.9215         2.6         -444.8074      -344.1140 --
ML: -641.5203409044414 Information: 151.32504923759643
            210      -783.2892         2.6         -444.7721      -338.5171 --
ML: -641.5203401447327 Information: 151.32508298627658
            211      -778.5317         2.6         -442.7439      -335.7878 --
ML: -641.5203380205979 Information: 151.32518165506195
            212      -805.8996         2.6         -442.3326      -363.5669 --
ML: -641.5203368416255 Information: 151.32523690465882
            213      -786.4512         2.6         -442.3008      -344.1503 --
ML: -641.5203363939168 Information: 151.32525789960158
            214      -792.2488         2.6         -441.7210      -350.5277 --
ML: -641.5203360997964 Information: 151.3252718626896
            215      -800.5579         2.6         -441.0874      -359.4705 --
ML: -641.5203358958961 Information: 151.32528167184262
            216      -795.0986         2.6         -440.6470      -354.4515 --
ML: -641.5203357793828 Information: 151.32528732832787
            217      -787.3598         2.6         -440.5112      -346.8485 --
ML: -641.5203357302869 Information: 151.32528971852258
            218      -780.1101         2.6         -439.9975      -340.1125 --
ML: -641.5203357000988 Information: 151.32529120367764
            219      -796.5909         2.6         -439.9073      -356.6836 --
ML: -641.5203356879445 Information: 151.32529180272394
            220      -786.6837         2.6         -439.2359      -347.4478 --
ML: -641.5203356791937 Information: 151.32529223988143
            221      -787.2328         2.6         -438.7905      -348.4423 --
ML: -641.5203356741682 Information: 151.3252924931922
            222      -785.1006         2.6         -438.3351      -346.7655 --
ML: -641.5203356712531 Information: 151.32529264147217
            223      -774.2961         2.6         -437.8358      -336.4603 --
ML: -641.5203356694861 Information: 151.3252927322198
            224      -777.6434         2.6         -437.8055      -339.8378 --
ML: -641.5203356688162 Information: 151.32529276664923
            225      -779.4915         2.6         -437.7655      -341.7259 --
ML: -641.5203356685597 Information: 151.32529277982087
            226      -774.8615         2.6         -437.5620      -337.2995 --
ML: -641.5203356684441 Information: 151.3252927857663
            227      -784.5669         2.6         -437.0886      -347.4783 --
ML: -641.5203356683758 Information: 151.3252927893305
            228      -784.9315         2.6         -436.4575      -348.4739 --
ML: -641.5203356683285 Information: 151.3252927918474
            229      -794.3393         2.7         -435.7697      -358.5695 --
ML: -641.5203356682939 Information: 151.32529279368953
            230      -795.9094         2.7         -435.7537      -360.1556 --
ML: -641.520335668281 Information: 151.32529279439802
            231      -788.3776         2.7         -435.4855      -352.8920 --
ML: -641.5203356682747 Information: 151.3252927947495
            232      -787.2777         2.7         -435.2695      -352.0081 --
ML: -641.5203356682719 Information: 151.32529279490444
            233      -794.9849         2.7         -435.0885      -359.8964 --
ML: -641.5203356682706 Information: 151.32529279497174
            234      -788.1997         2.7         -433.9421      -354.2576 --
ML: -641.5203356682691 Information: 151.32529279506605
            235      -792.7432         2.7         -432.9827      -359.7604 --
ML: -641.5203356682678 Information: 151.32529279513113
            236      -801.7552         2.7         -432.7351      -369.0200 --
ML: -641.5203356682671 Information: 151.32529279518116
            237      -784.3836         2.7         -431.8499      -352.5337 --
ML: -641.5203356682665 Information: 151.32529279520685
            238      -805.6347         2.7         -431.5968      -374.0379 --
ML: -641.5203356682663 Information: 151.3252927951986
            239      -796.1724         2.7         -431.4029      -364.7694 --
ML: -641.5203356682662 Information: 151.32529279520088
            240      -805.7818         2.7         -430.3122      -375.4696 --
ML: -641.5203356682661 Information: 151.32529279519815
            241      -809.4221         2.7         -430.2217      -379.2004 --
ML: -641.5203356682661 Information: 151.32529279517473
            242      -819.4461         2.7         -430.0263      -389.4197 --
ML: -641.5203356682661 Information: 151.32529279516427
            243      -809.5390         2.7         -429.9502      -379.5888 --
ML: -641.5203356682661 Information: 151.32529279516007
            244      -806.3780         2.7         -429.8057      -376.5723 --
ML: -641.5203356682661 Information: 151.32529279515825
            245      -800.4163         2.8         -429.5622      -370.8540 --
ML: -641.5203356682661 Information: 151.32529279515745
            246      -805.4553         2.8         -428.6394      -376.8158 --
ML: -641.5203356682661 Information: 151.32529279515666
            247      -809.0154         2.8         -428.5434      -380.4719 --
ML: -641.5203356682661 Information: 151.32529279515632
            248      -810.1928         2.8         -428.2146      -381.9781 --
ML: -641.5203356682661 Information: 151.3252927951562
            249      -806.5434         2.8         -428.1541      -378.3892 --
ML: -641.5203356682661 Information: 151.3252927951561
            250      -821.1918         2.8         -427.7895      -393.4022 --
ML: -641.5203356682661 Information: 151.3252927951561
            251      -812.4366         2.8         -427.2615      -385.1750 --
ML: -641.5203356682661 Information: 151.3252927951561
            252      -809.7118         2.8         -427.2542      -382.4576 --
ML: -641.5203356682661 Information: 151.3252927951561
            253      -805.5486         2.8         -427.2322      -378.3164 --
ML: -641.5203356682661 Information: 151.3252927951561
            254      -818.2633         2.8         -427.0219      -391.2414 --
ML: -641.5203356682661 Information: 151.3252927951561
            255      -811.1989         2.8         -426.8558      -384.3430 --
ML: -641.5203356682661 Information: 151.3252927951561
            256      -804.8197         2.8         -426.7400      -378.0797 --
ML: -641.5203356682661 Information: 151.3252927951561
            257      -809.3147         2.8         -426.7387      -382.5759 --
ML: -641.5203356682661 Information: 151.3252927951561
            258      -811.9443         2.9         -426.3958      -385.5485 --
ML: -641.5203356682661 Information: 151.3252927951561
            259      -814.0477         2.9         -426.1340      -387.9137 --
ML: -641.5203356682661 Information: 151.3252927951561
            260      -811.3194         2.9         -426.0684      -385.2509 --
ML: -641.5203356682661 Information: 151.3252927951561
            261      -812.9025         2.9         -425.8746      -387.0278 --
ML: -641.5203356682661 Information: 151.3252927951561
            262      -810.5349         2.9         -425.8338      -384.7011 --
ML: -641.5203356682661 Information: 151.3252927951561
            263      -808.2171         2.9         -425.0367      -383.1803 --
ML: -641.5203356682661 Information: 151.3252927951561
            264      -821.7065         2.9         -424.5462      -397.1603 --
ML: -641.5203356682661 Information: 151.3252927951561
            265      -822.1164         2.9         -424.0906      -398.0258 --
ML: -641.5203356682661 Information: 151.3252927951561
            266      -810.3362         2.9         -423.9039      -386.4323 --
ML: -641.5203356682661 Information: 151.3252927951561
            267      -814.6882         2.9         -420.9343      -393.7539 --
ML: -641.5203356682661 Information: 151.3252927951561
            268      -832.9448         2.9         -420.6931      -412.2517 --
ML: -641.5203356682661 Information: 151.3252927951561
            269      -823.3133         3.0         -420.6839      -402.6293 --
ML: -641.5203356682661 Information: 151.3252927951561
            270      -825.7669         3.0         -420.4869      -405.2799 --
ML: -641.5203356682661 Information: 151.3252927951561
            271      -822.5100         3.0         -420.4160      -402.0939 --
ML: -641.5203356682661 Information: 151.3252927951561
            272      -814.4545         3.0         -420.3222      -394.1322 --
ML: -641.5203356682661 Information: 151.3252927951561
            273      -819.5078         3.0         -420.1517      -399.3560 --
ML: -641.5203356682661 Information: 151.3252927951561
            274      -822.7852         3.0         -420.1141      -402.6711 --
ML: -641.5203356682661 Information: 151.3252927951561
            275      -830.7828         3.0         -419.9405      -410.8423 --
ML: -641.5203356682661 Information: 151.3252927951561
            276      -814.6788         3.0         -419.9169      -394.7618 --
ML: -641.5203356682661 Information: 151.3252927951561
            277      -817.7861         3.0         -419.7789      -398.0072 --
ML: -641.5203356682661 Information: 151.3252927951561
            278      -822.4158         3.1         -418.8778      -403.5379 --
ML: -641.5203356682661 Information: 151.3252927951561
            279      -820.6652         3.1         -418.3531      -402.3120 --
ML: -641.5203356682661 Information: 151.3252927951561
            280      -819.2794         3.1         -418.1918      -401.0876 --
ML: -641.5203356682661 Information: 151.3252927951561
            281      -826.4899         3.1         -418.0603      -408.4296 --
ML: -641.5203356682661 Information: 151.3252927951561
            282      -825.0743         3.1         -417.9939      -407.0803 --
ML: -641.5203356682661 Information: 151.3252927951561
            283      -823.5531         3.1         -417.9936      -405.5594 --
ML: -641.5203356682661 Information: 151.3252927951561
            284      -830.0590         3.1         -417.9469      -412.1121 --
ML: -641.5203356682661 Information: 151.3252927951561
            285      -813.0868         3.1         -417.7794      -395.3074 --
ML: -641.5203356682661 Information: 151.3252927951561
            286      -828.6977         3.2         -417.0244      -411.6732 --
ML: -641.5203356682661 Information: 151.3252927951561
            287      -822.5815         3.2         -416.8845      -405.6969 --
ML: -641.5203356682661 Information: 151.3252927951561
            288      -823.2091         3.2         -416.6979      -406.5111 --
ML: -641.5203356682661 Information: 151.3252927951561
            289      -821.7234         3.2         -416.5066      -405.2167 --
ML: -641.5203356682661 Information: 151.3252927951561
            290      -834.7871         3.2         -416.4196      -418.3674 --
ML: -641.5203356682661 Information: 151.3252927951561
            291      -819.2806         3.2         -416.3007      -402.9798 --
ML: -641.5203356682661 Information: 151.3252927951561
            292      -826.4986         3.2         -415.8983      -410.6003 --
ML: -641.5203356682661 Information: 151.3252927951561
            293      -824.4969         3.2         -415.2973      -409.1996 --
ML: -641.5203356682661 Information: 151.3252927951561
            294      -819.1942         3.3         -415.1337      -404.0605 --
ML: -641.5203356682661 Information: 151.3252927951561
            295      -820.3683         3.3         -415.0815      -405.2867 --
ML: -641.5203356682661 Information: 151.3252927951561
            296      -823.0873         3.3         -414.9651      -408.1222 --
ML: -641.5203356682661 Information: 151.3252927951561
            297      -829.0501         3.3         -414.9004      -414.1497 --
ML: -641.5203356682661 Information: 151.3252927951561
            298      -820.2225         3.3         -414.6760      -405.5464 --
ML: -641.5203356682661 Information: 151.3252927951561
            299      -825.8053         3.3         -414.6276      -411.1777 --
ML: -641.5203356682661 Information: 151.3252927951561
            300      -824.3616         3.3         -414.5788      -409.7828 --
ML: -641.5203356682661 Information: 151.3252927951561
            301      -823.5860         3.4         -414.2979      -409.2880 --
ML: -641.5203356682661 Information: 151.3252927951561
            302      -827.5254         3.4         -413.3672      -414.1582 --
ML: -641.5203356682661 Information: 151.3252927951561
303<=1000000&& (303<2.0*151.3252927951561*1||Math.abs(-641.5203356682661 - -641.5203356682661)/Math.abs(-641.5203356682661) > 1.0E-10
Finished in 303 steps!
Marginal likelihood: -638.3436327214091 (bootstrap SD=12.099784324299229)
Marginal likelihood: -636.2908413261667 (subsample SD=14.093185864555648)
Marginal likelihood: -640.5063530017666(10.460646269988331)
Information: 151.3252927951561
SD: 12.301434582810092

Operator                                                                Tuning    #accept    #reject      Pr(m)  Pr(acc|m)
Uniform()                                                                    -     538828     305442    0.27778    0.63822 
SubtreeSlide()                                                         1.00000      41535      43695    0.02778    0.48733 Try increasing size to about 2
SubtreeSlide()                                                        30.00000       1969      82583    0.02778    0.02329 Try decreasing size to about 15
Exchange()                                                                   -      91851     751801    0.27778    0.10887 
beast.base.inference.operator.DeltaExchangeOperator(editRateScaler)    1.00000       1529      82823    0.02778    0.01813 Try setting delta to about 0.5
ScaleOperator(clockRateScaler)                                         0.80000      56152      28248    0.02778    0.66531 Try setting scaleFactor to about 0.64
ScaleOperator(silencingRateScaler)                                     0.80000      64162      19844    0.02778    0.76378 Try setting scaleFactor to about 0.64
ScaleOperator(georateScaler.s:tissue)                                  0.99000     820329      24626    0.27778    0.97086 Try setting scaleFactor to about 0.98
ScaleOperator(geoMuScaler.c:tissue)                                    0.90000      72716      11867    0.02778    0.85970 Try setting scaleFactor to about 0.81

     Tuning: The value of the operator's tuning parameter, or '-' if the operator can't be optimized.
    #accept: The total number of times a proposal by this operator has been accepted.
    #reject: The total number of times a proposal by this operator has been rejected.
      Pr(m): The probability this operator is chosen in a step of the MCMC (i.e. the normalized weight).
  Pr(acc|m): The acceptance probability (#accept as a fraction of the total proposals for this operator).


Total calculation time: 465.914 seconds
Done!
