************************************
**** FeastMain BEAST 2 Launcher ****
************************************

Hunting for beast_services.xml files embedded in classpath:
- Processing /feast/beast_services.xml...
- Processing /beast_services.xml...
Done. Handing over to BeastMain...

                   BEAST v2.7.7 Prerelease, 2002-2024
             Bayesian Evolutionary Analysis Sampling Trees
                       Designed and developed by
 Remco Bouckaert, Alexei J. Drummond, Andrew Rambaut & Marc A. Suchard
                                    
                   Centre for Computational Evolution
                         University of Auckland
                       r.bouckaert@auckland.ac.nz
                        alexei@cs.auckland.ac.nz
                                    
                   Institute of Evolutionary Biology
                        University of Edinburgh
                           a.rambaut@ed.ac.uk
                                    
                    David Geffen School of Medicine
                 University of California, Los Angeles
                           msuchard@ucla.edu
                                    
                      Downloads, Help & Resources:
                           http://beast2.org/
                                    
  Source code distributed under the GNU Lesser General Public License:
                   http://github.com/CompEvol/beast2
                                    
                           BEAST developers:
   Alex Alekseyenko, Trevor Bedford, Erik Bloomquist, Joseph Heled, 
 Sebastian Hoehna, Denise Kuehnert, Philippe Lemey, Wai Lok Sibon Li, 
Gerton Lunter, Sidney Markowitz, Vladimir Minin, Michael Defoin Platel, 
          Oliver Pybus, Tim Vaughan, Chieh-Hsi Wu, Walter Xie
                                    
                               Thanks to:
          Roald Forsberg, Beth Shapiro and Korbinian Strimmer

Random number seed: 1733232929354

AlignmentFromFasta(alignment)
  63 taxa
  10 sites
  6 patterns

ASV020 = 420 (0.0)
ASV041 = 420 (0.0)
ASV051 = 420 (0.0)
ASV052 = 420 (0.0)
ASV055 = 420 (0.0)
ASV070 = 420 (0.0)
ASV071 = 420 (0.0)
ASV075 = 420 (0.0)
ASV076 = 420 (0.0)
ASV088 = 420 (0.0)
53 more...
Starting frequencies: [1.0, 0.0, 0.0]
  Using BEAGLE version: 4.0.1 (PRE-RELEASE) resource 0: CPU (x86_64)
    with instance flags:  PRECISION_DOUBLE COMPUTATION_SYNCH EIGEN_COMPLEX SCALING_MANUAL SCALERS_RAW VECTOR_SSE THREADING_NONE PROCESSOR_CPU FRAMEWORK_CPU
Starting frequencies: [1.0, 0.0, 0.0, 0.0]
ASV020 = FML (NaN)
ASV041 = LNSL (NaN)
ASV051 = PRL (NaN)
ASV052 = LNSL (NaN)
ASV055 = LNSL (NaN)
ASV070 = FML (NaN)
ASV071 = PRL (NaN)
ASV075 = FML (NaN)
ASV076 = FML (NaN)
ASV088 = FML (NaN)
53 more...
Starting frequencies: [0.25, 0.25, 0.25, 0.25]
  Using BEAGLE version: 4.0.1 (PRE-RELEASE) resource 0: CPU (x86_64)
    with instance flags:  PRECISION_DOUBLE COMPUTATION_SYNCH EIGEN_COMPLEX SCALING_MANUAL SCALERS_RAW VECTOR_SSE THREADING_NONE PROCESSOR_CPU FRAMEWORK_CPU
===============================================================================
Citations for this model:

Patricio Maturana, Brendon J. Brewer, Steffen Klaere, Remco Bouckaert. Model selection and parameter inference in phylogenetics using Nested Sampling. Systematic Biology, syy050, 2018

Stadler, T., Kuehnert, D., Bonhoeffer, S., and Drummond, A. J. (2013):
 Birth-death skyline plot reveals temporal changes of
 epidemic spread in HIV and hepatitis C virus (HCV). PNAS 110(1): 228–33.
If sampled ancestors are used then please also cite: Gavryushkina A, Welch D, Stadler T, Drummond AJ (2014) 
Bayesian inference of sampled ancestor trees for epidemiology and fossil calibration. 
PLoS Comput Biol 10(12): e1003919. doi:10.1371/journal.pcbi.1003919

Edwards, C. J., Suchard, M. A., Lemey, P., ... & Valdiosera, C. E. (2011).
Ancient hybridization and an Irish origin for the modern polar bear matriline.
Current Biology, 21(15), 1251-1258.

===============================================================================
         Sample      posterior ESS(posterior)     likelihood          prior
Start likelihood 0: -4592.144071225491 
              0     -1262.8662              N      -811.0880      -451.7781 --
ML: -811.9266445000443 Information: 0.8385606384288167
              1     -1224.2981         2.0         -799.7391      -424.5590 --
ML: -801.5776781770254 Information: 1.838165152468813
              2     -1161.9555         3.0         -782.7259      -379.2296 --
ML: -785.5644714447194 Information: 2.838558637868221
              3     -1140.1948         4.0         -776.9687      -363.2261 --
ML: -780.7987112175675 Information: 3.7809769920572354
              4     -1133.4979         3.4         -773.5636      -359.9343 --
ML: -778.3150613161172 Information: 4.463230640267696
              5     -1076.5292         2.9         -770.6934      -305.8358 --
ML: -776.3766006537726 Information: 5.228590214509055
              6     -1040.8247         2.8         -743.2983      -297.5264 --
ML: -750.1368821588183 Information: 6.838560638282321
              7     -1046.4869         2.7         -742.0918      -304.3950 --
ML: -749.3352055330581 Information: 6.702135388898853
              8     -1027.9036         2.7         -740.4300      -287.4736 --
ML: -748.6081958547861 Information: 7.11332199273204
              9     -1012.5609         2.7         -734.4738      -278.0871 --
ML: -744.2988576379536 Information: 9.730647057096776
             10     -1020.8297         2.8         -732.5948      -288.2349 --
ML: -743.0821180907868 Information: 9.902797735188926
             11     -1004.8887         2.7         -716.8652      -288.0235 --
ML: -728.7037685401899 Information: 11.838550776451372
             12      -980.1199         2.7         -700.6119      -279.5079 --
ML: -713.4505085001904 Information: 12.838556541416365
             13      -982.1762         2.8         -696.7778      -285.3984 --
ML: -710.5592632489736 Information: 13.568631657361998
             14      -969.0513         2.9         -695.9185      -273.1328 --
ML: -709.9601647851309 Information: 13.45270324497966
             15      -966.1759         2.9         -686.5061      -279.6698 --
ML: -702.3441739658621 Information: 15.833142212487463
             16      -975.0852         3.0         -684.8858      -290.1993 --
ML: -701.2939042240922 Information: 15.839472044677052
             17      -966.7402         2.9         -675.4299      -291.3103 --
ML: -693.2681498139771 Information: 17.834956303637934
             18      -966.0081         2.9         -670.5443      -295.4637 --
ML: -689.3625769161597 Information: 18.71981630347797
             19      -962.9167         2.9         -669.5134      -293.4033 --
ML: -688.6641291367386 Information: 18.589012427588727
             20      -974.0735         2.9         -660.2674      -313.8061 --
ML: -681.1054990993733 Information: 20.83292334422748
             21      -958.6639         3.0         -658.5143      -300.1496 --
ML: -679.9668390161743 Information: 20.88945133601942
             22      -968.3782         3.1         -655.4661      -312.9121 --
ML: -678.1309432327154 Information: 22.088944086852194
             23      -939.2047         3.1         -652.7049      -286.4998 --
ML: -676.3574826708822 Information: 23.08609179855563
             24      -940.7739         3.2         -649.8827      -290.8911 --
ML: -674.5434337284222 Information: 24.108321195636833
             25      -929.8466         3.2         -635.0879      -294.7586 --
ML: -660.9264981223982 Information: 25.838540700405368
             26      -930.5010         3.3         -634.2421      -296.2589 --
ML: -660.3074662702909 Information: 25.60989933757412
             27      -925.2116         3.3         -626.6617      -298.5498 --
ML: -654.4973054386409 Information: 27.811476253625795
             28      -912.7113         3.4         -622.4735      -290.2377 --
ML: -651.2715480118139 Information: 28.630687647087015
             29      -946.6635         3.4         -620.9375      -325.7260 --
ML: -650.3002830903753 Information: 28.7178788008909
             30      -922.9369         3.5         -618.9803      -303.9565 --
ML: -649.3377623691223 Information: 29.36361034028363
             31      -908.1790         3.4         -618.0990      -290.0799 --
ML: -648.9002312540207 Information: 29.590551458626067
             32      -909.0379         3.4         -616.6589      -292.3789 --
ML: -648.4617803831264 Information: 30.093015222095744
             33      -902.4006         3.4         -616.1889      -286.2116 --
ML: -648.2720480656077 Information: 30.27998960952783
             34      -889.8372         3.4         -612.5414      -277.2958 --
ML: -647.0365232950437 Information: 32.91070390312737
             35      -894.5788         3.3         -612.4328      -282.1460 --
ML: -646.7812156306529 Information: 33.03685245344934
             36      -895.8603         3.3         -610.3561      -285.5041 --
ML: -646.2736096808358 Information: 33.87796041398269
             37      -909.3463         3.3         -608.8446      -300.5016 --
ML: -645.7644552982123 Information: 34.78562306219396
             38      -902.0506         3.3         -606.7299      -295.3206 --
ML: -644.9685699474142 Information: 36.32157665480588
             39      -898.2949         3.1         -606.2225      -292.0724 --
ML: -644.6793561197686 Information: 36.641267154887714
             40      -891.8937         3.1         -593.3559      -298.5377 --
ML: -634.1945093666927 Information: 40.83812221489041
             41      -884.5407         3.0         -592.9596      -291.5811 --
ML: -633.758317281736 Information: 40.542193369453116
             42      -883.5948         3.0         -587.1716      -296.4232 --
ML: -629.9868845087192 Information: 42.67613353046669
             43      -882.3288         3.0         -585.1510      -297.1777 --
ML: -628.675641764827 Information: 42.942558146355054
             44      -876.9804         3.0         -584.0476      -292.9328 --
ML: -628.0822251321489 Information: 43.10350163391786
             45      -869.9973         3.0         -583.9570      -286.0402 --
ML: -627.9165007268429 Information: 43.09380181119445
             46      -879.5545         2.9         -583.0714      -296.4830 --
ML: -627.7888020931651 Information: 43.17604015939844
             47      -878.6389         2.9         -582.7186      -295.9203 --
ML: -627.7279319998896 Information: 43.22702505624261
             48      -869.4821         2.9         -578.5322      -290.9498 --
ML: -626.8403863281973 Information: 45.85102976987034
             49      -863.7268         2.7         -577.5347      -286.1921 --
ML: -626.3786264040898 Information: 46.666860693749754
             50      -880.0353         2.7         -577.5245      -302.5107 --
ML: -626.2498409644671 Information: 46.80236797640879
             51      -874.8928         2.7         -572.4166      -302.4762 --
ML: -624.1276005556283 Information: 50.868958509825575
             52      -846.3323         2.7         -562.7721      -283.5602 --
ML: -615.610495129233 Information: 52.836263115269475
             53      -856.9757         2.7         -561.1390      -295.8366 --
ML: -614.5516231268617 Information: 52.845444095192306
             54      -851.6310         2.7         -559.1361      -292.4949 --
ML: -613.5289952786944 Information: 53.4685233320549
             55      -851.3368         2.7         -555.9374      -295.3994 --
ML: -611.6162140487187 Information: 55.06993479977598
             56      -839.7148         2.7         -548.0122      -291.7025 --
ML: -604.8496628113651 Information: 56.82758002353228
             57      -847.5835         2.7         -546.6458      -300.9376 --
ML: -603.9573340141353 Information: 56.74761197803929
             58      -834.1644         2.7         -544.1116      -290.0528 --
ML: -602.6388857902471 Information: 57.69832007640116
             59      -836.9778         2.7         -540.3017      -296.6760 --
ML: -600.0613345716765 Information: 59.40719930059194
             60      -853.9241         2.7         -540.0473      -313.8768 --
ML: -599.6977859457678 Information: 59.22859860994987
             61      -849.5281         2.7         -535.5363      -313.9917 --
ML: -597.2814720155411 Information: 61.304822404820264
             62      -828.6063         2.7         -529.9131      -298.6932 --
ML: -592.7410187516466 Information: 62.76314624545795
             63      -806.4063         2.7         -525.2787      -281.1276 --
ML: -589.0909869029063 Information: 63.69009527977658
             64      -825.3858         2.7         -524.5011      -300.8846 --
ML: -588.5145092070337 Information: 63.50779710089574
             65      -824.1110         2.7         -522.8391      -301.2718 --
ML: -587.899622164212 Information: 63.8884819955872
             66      -824.1935         2.7         -521.2722      -302.9213 --
ML: -587.3065000442103 Information: 64.52074566912745
             67      -820.7959         2.7         -518.6471      -302.1487 --
ML: -586.1210116605114 Information: 66.20911447051952
             68      -823.1152         2.7         -515.8670      -307.2481 --
ML: -584.4882301355467 Information: 67.83086716056675
             69      -820.1775         2.7         -514.6740      -305.5035 --
ML: -583.8071757301605 Information: 68.1294277403066
             70      -826.7824         2.7         -514.5778      -312.2046 --
ML: -583.624816236618 Information: 68.13042344975366
             71      -811.8017         2.7         -513.6881      -298.1136 --
ML: -583.4856696571935 Information: 68.22591303681082
             72      -812.3634         2.7         -512.9893      -299.3741 --
ML: -583.3938995572221 Information: 68.333224560519
             73      -799.5067         2.7         -510.8293      -288.6773 --
ML: -583.1472748855548 Information: 69.01141713534895
             74      -797.2448         2.7         -510.3945      -286.8503 --
ML: -583.0301997924264 Information: 69.30768824090359
             75      -821.1067         2.7         -510.2817      -310.8250 --
ML: -582.9857064063726 Information: 69.41293127075045
             76      -812.5736         2.7         -507.5259      -305.0476 --
ML: -582.7610678008755 Information: 70.40487708732763
             77      -805.2033         2.7         -506.8960      -298.3072 --
ML: -582.6309540744437 Information: 70.9409196448733
             78      -797.7366         2.7         -501.3651      -296.3714 --
ML: -580.119152572819 Information: 77.91638738584177
             79      -805.6783         2.6         -501.3348      -304.3435 --
ML: -579.8201885991829 Information: 77.841712290261
             80      -805.9857         2.6         -499.9317      -306.0540 --
ML: -579.4932603331933 Information: 78.08554928472597
             81      -795.2315         2.6         -498.7793      -296.4522 --
ML: -579.2120161912554 Information: 78.44867185073196
             82      -782.1407         2.6         -498.6994      -283.4412 --
ML: -579.1188156965094 Information: 78.5391315398432
             83      -766.6419         2.6         -497.9764      -268.6654 --
ML: -579.05353248414 Information: 78.63836683421113
             84      -776.5750         2.6         -495.7343      -280.8407 --
ML: -578.8556223542759 Information: 79.28093122360406
             85      -775.1114         2.6         -495.0212      -280.0902 --
ML: -578.7291885601238 Information: 79.69530241184776
             86      -778.9052         2.6         -494.3467      -284.5585 --
ML: -578.646900181272 Information: 79.9832699756409
             87      -775.4983         2.6         -491.8831      -283.6151 --
ML: -578.3532205610123 Information: 81.41511258604208
             88      -776.5058         2.6         -490.2590      -286.2467 --
ML: -577.9645613593343 Information: 83.17732693079728
             89      -785.8493         2.6         -487.2278      -298.6215 --
ML: -576.7247437575568 Information: 87.30890628166674
             90      -784.2442         2.6         -486.7840      -297.4602 --
ML: -576.3829603764702 Information: 87.72903231774711
             91      -789.0508         2.6         -486.3198      -302.7309 --
ML: -576.2264695592389 Information: 87.91065142037297
             92      -768.1530         2.6         -484.4747      -283.6782 --
ML: -575.9358277898697 Information: 88.58879425764002
             93      -768.7988         2.6         -484.4021      -284.3966 --
ML: -575.8407283938545 Information: 88.76084506858092
             94      -778.1725         2.6         -477.8681      -300.3043 --
ML: -572.6640479541011 Information: 94.41158973947918
             95      -766.3633         2.6         -476.5550      -289.8083 --
ML: -571.8265523218314 Information: 94.5368913352037
             96      -763.9506         2.6         -475.8275      -288.1231 --
ML: -571.4675358486337 Information: 94.61891522769253
             97      -776.9381         2.6         -473.3418      -303.5963 --
ML: -570.6205443205753 Information: 95.77534400474511
             98      -772.2865         2.6         -472.6221      -299.6644 --
ML: -570.2617198894326 Information: 96.08678064796521
             99      -771.2670         2.6         -470.1865      -301.0804 --
ML: -569.4432987194041 Information: 97.49734789850905
            100      -768.2865         2.6         -468.0673      -300.2191 --
ML: -568.4457773933017 Information: 98.94803682856292
            101      -777.1157         2.6         -467.9574      -309.1582 --
ML: -568.215317330776 Information: 99.03461712529923
            102      -766.0283         2.6         -467.4816      -298.5466 --
ML: -568.1003319487238 Information: 99.10418252112208
            103      -774.9869         2.6         -467.0682      -307.9187 --
ML: -568.0416691288015 Information: 99.15536262620805
            104      -752.0968         2.6         -467.0627      -285.0341 --
ML: -568.0208127812793 Information: 99.17214494944989
            105      -760.4156         2.6         -466.2985      -294.1171 --
ML: -568.0046396013587 Information: 99.19688346521468
            106      -765.7663         2.6         -464.4296      -301.3367 --
ML: -567.9671009149728 Information: 99.32064724462907
            107      -762.8015         2.6         -463.6656      -299.1359 --
ML: -567.93841894597 Information: 99.43279519141498
            108      -764.6345         2.6         -463.6026      -301.0318 --
ML: -567.9274021041648 Information: 99.4754969133927
            109      -768.5744         2.5         -463.2136      -305.3608 --
ML: -567.9214721620049 Information: 99.50053780566327
            110      -768.5484         2.5         -461.9955      -306.5529 --
ML: -567.914145651465 Information: 99.54011526230522
            111      -748.6008         2.5         -461.9907      -286.6100 --
ML: -567.9114511881954 Information: 99.55459704495576
            112      -762.9097         2.5         -461.9460      -300.9636 --
ML: -567.910416558625 Information: 99.56019175667069
            113      -773.1304         2.5         -460.7928      -312.3375 --
ML: -567.9092118972457 Information: 99.56808573920728
            114      -763.5417         2.5         -459.0618      -304.4799 --
ML: -567.9067144267441 Information: 99.58873399951807
            115      -758.3285         2.5         -456.9275      -301.4009 --
ML: -567.898989095279 Information: 99.66866458074668
            116      -758.8290         2.5         -455.9466      -302.8823 --
ML: -567.8914678642369 Information: 99.75318482939502
            117      -758.4810         2.5         -454.3733      -304.1076 --
ML: -567.8782612483054 Information: 99.92057147072586
            118      -751.8427         2.5         -454.2039      -297.6388 --
ML: -567.872560098372 Information: 99.99305943716695
            119      -760.5927         2.5         -452.4681      -308.1245 --
ML: -567.8607650614912 Information: 100.16197375156003
            120      -765.9278         2.5         -451.0191      -314.9087 --
ML: -567.8425598317802 Information: 100.44467813267431
            121      -761.0826         2.5         -450.8434      -310.2391 --
ML: -567.8346798976969 Information: 100.5667330837233
            122      -758.1091         2.5         -447.1267      -310.9824 --
ML: -567.7224577502549 Information: 102.59258529831442
            123      -767.5743         2.5         -446.8152      -320.7590 --
ML: -567.6705059909859 Information: 103.46781752675776
            124      -760.2855         2.5         -446.0443      -314.2412 --
ML: -567.6310354991303 Information: 104.13110535628533
            125      -761.3999         2.5         -445.9933      -315.4066 --
ML: -567.6161634956361 Information: 104.37466548641328
            126      -772.3939         2.5         -445.1914      -327.2025 --
ML: -567.6041277141047 Information: 104.57857400090523
            127      -765.8588         2.6         -444.8401      -321.0187 --
ML: -567.5978934000005 Information: 104.68536062899688
            128      -763.0738         2.6         -444.5125      -318.5612 --
ML: -567.5947259773804 Information: 104.7403814129658
            129      -774.1347         2.6         -443.3229      -330.8117 --
ML: -567.5909106883751 Information: 104.81094189082671
            130      -753.4642         2.6         -443.3201      -310.1440 --
ML: -567.5895068201703 Information: 104.83683784561151
            131      -764.6325         2.6         -442.8121      -321.8203 --
ML: -567.5886494723242 Information: 104.85306910286249
            132      -760.8948         2.6         -441.8884      -319.0064 --
ML: -567.5878557603163 Information: 104.86881541844105
            133      -757.3077         2.6         -441.5472      -315.7605 --
ML: -567.5874452552422 Information: 104.87709427264627
            134      -757.6729         2.6         -441.2656      -316.4073 --
ML: -567.5872451818584 Information: 104.88118429177996
            135      -765.9486         2.6         -440.9084      -325.0402 --
ML: -567.587139995495 Information: 104.8833718006016
            136      -750.4913         2.6         -439.9809      -310.5104 --
ML: -567.5870421810175 Information: 104.88549649619898
            137      -746.9574         2.6         -439.9131      -307.0443 --
ML: -567.5870036738955 Information: 104.88633548850339
            138      -753.6769         2.6         -439.4852      -314.1916 --
ML: -567.5869819448579 Information: 104.8868182017257
            139      -759.6016         2.6         -439.0288      -320.5728 --
ML: -567.5869693271003 Information: 104.88710426137447
            140      -748.6602         2.6         -436.7048      -311.9553 --
ML: -567.5869219088113 Information: 104.88828945120326
            141      -743.6211         2.6         -434.9629      -308.6582 --
ML: -567.5868223363304 Information: 104.89095145332021
            142      -754.5172         2.6         -434.3092      -320.2079 --
ML: -567.5867519167824 Information: 104.8928799352746
            143      -756.9196         2.7         -433.6124      -323.3072 --
ML: -567.5866999166404 Information: 104.89434013498118
            144      -763.3460         2.7         -433.4365      -329.9095 --
ML: -567.5866771091335 Information: 104.89498457197351
            145      -754.0287         2.7         -432.4624      -321.5663 --
ML: -567.5866548845983 Information: 104.89563417153636
            146      -743.0322         2.7         -432.4183      -310.6139 --
ML: -567.586646340362 Information: 104.8958842831168
            147      -744.9350         2.7         -430.6590      -314.2760 --
ML: -567.5866280842247 Information: 104.89645079631919
            148      -754.5765         2.7         -430.0353      -324.5411 --
ML: -567.5866155536 Information: 104.89684744795312
            149      -768.2579         2.7         -429.6230      -338.6348 --
ML: -567.5866085912389 Information: 104.8970707072479
            150      -750.4859         2.7         -429.2608      -321.2251 --
ML: -567.5866049118754 Information: 104.89719002408742
            151      -760.5806         2.7         -428.7426      -331.8379 --
ML: -567.5866026393119 Information: 104.89726489761034
            152      -770.4511         2.7         -428.5954      -341.8557 --
ML: -567.586601670718 Information: 104.89729695213236
            153      -757.6605         2.7         -428.4768      -329.1837 --
ML: -567.5866012695025 Information: 104.89731027751151
            154      -756.8344         2.7         -427.7976      -329.0368 --
ML: -567.5866009784006 Information: 104.89732014344827
            155      -768.0242         2.8         -427.7715      -340.2527 --
ML: -567.5866008684752 Information: 104.8973238718778
            156      -759.1259         2.8         -427.1941      -331.9317 --
ML: -567.5866007964435 Information: 104.89732635659857
            157      -766.8379         2.8         -426.9658      -339.8721 --
ML: -567.5866007631469 Information: 104.89732751276853
            158      -759.5474         2.8         -426.9440      -332.6033 --
ML: -567.5866007506277 Information: 104.89732794775352
            159      -764.0251         2.8         -426.8386      -337.1864 --
ML: -567.5866007455103 Information: 104.89732812607679
            160      -760.0459         2.8         -426.6343      -333.4116 --
ML: -567.5866007432008 Information: 104.89732820704785
            161      -758.2729         2.8         -426.1157      -332.1571 --
ML: -567.586600741774 Information: 104.8973282577848
            162      -751.4773         2.8         -424.7894      -326.6878 --
ML: -567.5866007397965 Information: 104.89732833073833
            163      -772.5339         2.8         -424.2872      -348.2467 --
ML: -567.5866007385944 Information: 104.89732837569414
            164      -769.3561         2.8         -424.2319      -345.1242 --
ML: -567.586600738127 Information: 104.8973283931914
            165      -767.9510         2.9         -424.0918      -343.8591 --
ML: -567.5866007379292 Information: 104.89732840064079
            166      -765.1291         2.9         -422.9550      -342.1741 --
ML: -567.5866007377024 Information: 104.8973284094314
            167      -762.7797         2.9         -422.9036      -339.8760 --
ML: -567.5866007376145 Information: 104.89732841285996
            168      -775.3192         2.9         -422.6418      -352.6773 --
ML: -567.5866007375726 Information: 104.89732841448586
            169      -776.8253         2.9         -422.4719      -354.3533 --
ML: -567.5866007375542 Information: 104.89732841520345
            170      -773.9302         2.9         -422.1306      -351.7996 --
ML: -567.5866007375448 Information: 104.89732841556122
            171      -759.1727         2.9         -421.5530      -337.6197 --
ML: -567.5866007375386 Information: 104.89732841583054
            172      -757.6033         2.9         -421.4304      -336.1729 --
ML: -567.586600737536 Information: 104.89732841594957
            173      -767.4160         3.0         -421.1250      -346.2910 --
ML: -567.5866007375347 Information: 104.89732841598408
            174      -769.9881         3.0         -420.2492      -349.7388 --
ML: -567.5866007375336 Information: 104.89732841603046
            175      -767.7423         3.0         -420.0495      -347.6927 --
ML: -567.5866007375331 Information: 104.89732841602557
            176      -775.0277         3.0         -420.0057      -355.0219 --
ML: -567.5866007375329 Information: 104.89732841604803
            177      -782.9227         3.0         -419.0753      -363.8474 --
ML: -567.5866007375326 Information: 104.89732841607616
            178      -776.6013         3.0         -418.8319      -357.7694 --
ML: -567.5866007375325 Information: 104.89732841609259
            179      -782.8440         3.0         -418.7334      -364.1105 --
ML: -567.5866007375325 Information: 104.89732841607793
            180      -766.7620         3.1         -418.5163      -348.2457 --
ML: -567.5866007375325 Information: 104.89732841607122
            181      -769.2293         3.1         -418.4465      -350.7828 --
ML: -567.5866007375325 Information: 104.8973284160686
            182      -761.5277         3.1         -418.2930      -343.2346 --
ML: -567.5866007375325 Information: 104.89732841606747
            183      -772.5780         3.1         -418.2843      -354.2937 --
ML: -567.5866007375325 Information: 104.89732841606701
            184      -782.0202         3.1         -418.2458      -363.7744 --
ML: -567.5866007375325 Information: 104.8973284160669
            185      -777.9126         3.1         -417.7769      -360.1356 --
ML: -567.5866007375325 Information: 104.89732841606678
            186      -778.3082         3.1         -416.7682      -361.5399 --
ML: -567.5866007375325 Information: 104.89732841606667
            187      -779.2354         3.1         -416.7244      -362.5110 --
ML: -567.5866007375325 Information: 104.89732841606667
            188      -794.5569         3.2         -416.5005      -378.0564 --
ML: -567.5866007375325 Information: 104.89732841606667
            189      -781.3485         3.2         -415.1058      -366.2426 --
ML: -567.5866007375325 Information: 104.89732841606667
            190      -787.7626         3.2         -415.0057      -372.7569 --
ML: -567.5866007375325 Information: 104.89732841606667
            191      -777.8226         3.2         -414.8060      -363.0165 --
ML: -567.5866007375325 Information: 104.89732841606667
            192      -783.8626         3.2         -414.2797      -369.5828 --
ML: -567.5866007375325 Information: 104.89732841606667
            193      -784.7290         3.3         -413.2453      -371.4836 --
ML: -567.5866007375325 Information: 104.89732841606667
            194      -779.3887         3.3         -412.9818      -366.4068 --
ML: -567.5866007375325 Information: 104.89732841606667
            195      -787.6675         3.3         -412.8200      -374.8475 --
ML: -567.5866007375325 Information: 104.89732841606667
            196      -772.2897         3.3         -412.6162      -359.6735 --
ML: -567.5866007375325 Information: 104.89732841606667
            197      -776.2847         3.3         -412.4761      -363.8085 --
ML: -567.5866007375325 Information: 104.89732841606667
            198      -787.5605         3.3         -412.2910      -375.2694 --
ML: -567.5866007375325 Information: 104.89732841606667
            199      -794.0344         3.4         -411.8464      -382.1879 --
ML: -567.5866007375325 Information: 104.89732841606667
            200      -785.1186         3.4         -411.3551      -373.7634 --
ML: -567.5866007375325 Information: 104.89732841606667
            201      -780.8312         3.4         -411.3457      -369.4855 --
ML: -567.5866007375325 Information: 104.89732841606667
            202      -793.0174         3.4         -411.2913      -381.7261 --
ML: -567.5866007375325 Information: 104.89732841606667
            203      -792.1439         3.5         -411.2040      -380.9398 --
ML: -567.5866007375325 Information: 104.89732841606667
            204      -801.7713         3.5         -411.0695      -390.7017 --
ML: -567.5866007375325 Information: 104.89732841606667
            205      -784.6844         3.5         -410.1662      -374.5181 --
ML: -567.5866007375325 Information: 104.89732841606667
            206      -795.9868         3.5         -410.0236      -385.9631 --
ML: -567.5866007375325 Information: 104.89732841606667
            207      -780.1368         3.5         -409.9608      -370.1759 --
ML: -567.5866007375325 Information: 104.89732841606667
            208      -802.4029         3.6         -409.9500      -392.4528 --
ML: -567.5866007375325 Information: 104.89732841606667
            209      -791.5220         3.6         -409.7425      -381.7794 --
ML: -567.5866007375325 Information: 104.89732841606667
210<=1000000&& (210<2.0*104.89732841606667*1||Math.abs(-567.5866007375325 - -567.5866007375325)/Math.abs(-567.5866007375325) > 1.0E-10
Finished in 210 steps!
Marginal likelihood: -565.4384538693358 (bootstrap SD=10.261327917484758)
Marginal likelihood: -563.6828558234319 (subsample SD=12.13755218764034)
Marginal likelihood: -565.8520608902006(9.87118379650473)
Information: 104.89732841606667
SD: 10.241939680356776

Operator                                                                Tuning    #accept    #reject      Pr(m)  Pr(acc|m)
Uniform()                                                                    -     394946     190871    0.27778    0.67418 
SubtreeSlide()                                                         1.00000      27912      30284    0.02778    0.47962 Try increasing size to about 2
SubtreeSlide()                                                        30.00000       1333      57247    0.02778    0.02276 Try decreasing size to about 15
Exchange()                                                                   -      84972     500649    0.27778    0.14510 
beast.base.inference.operator.DeltaExchangeOperator(editRateScaler)    1.00000       1032      57428    0.02778    0.01765 Try setting delta to about 0.5
ScaleOperator(clockRateScaler)                                         0.80000      39609      19828    0.02778    0.66640 Try setting scaleFactor to about 0.64
ScaleOperator(silencingRateScaler)                                     0.80000      45415      13190    0.02778    0.77493 Try setting scaleFactor to about 0.64
ScaleOperator(georateScaler.s:tissue)                                  0.99000     568567      17335    0.27778    0.97041 Try setting scaleFactor to about 0.98
ScaleOperator(geoMuScaler.c:tissue)                                    0.90000      49502       9880    0.02778    0.83362 Try setting scaleFactor to about 0.81

     Tuning: The value of the operator's tuning parameter, or '-' if the operator can't be optimized.
    #accept: The total number of times a proposal by this operator has been accepted.
    #reject: The total number of times a proposal by this operator has been rejected.
      Pr(m): The probability this operator is chosen in a step of the MCMC (i.e. the normalized weight).
  Pr(acc|m): The acceptance probability (#accept as a fraction of the total proposals for this operator).


Total calculation time: 307.771 seconds
Done!
