************************************
**** FeastMain BEAST 2 Launcher ****
************************************

Hunting for beast_services.xml files embedded in classpath:
- Processing /feast/beast_services.xml...
- Processing /beast_services.xml...
Done. Handing over to BeastMain...

                   BEAST v2.7.7 Prerelease, 2002-2024
             Bayesian Evolutionary Analysis Sampling Trees
                       Designed and developed by
 Remco Bouckaert, Alexei J. Drummond, Andrew Rambaut & Marc A. Suchard
                                    
                   Centre for Computational Evolution
                         University of Auckland
                       r.bouckaert@auckland.ac.nz
                        alexei@cs.auckland.ac.nz
                                    
                   Institute of Evolutionary Biology
                        University of Edinburgh
                           a.rambaut@ed.ac.uk
                                    
                    David Geffen School of Medicine
                 University of California, Los Angeles
                           msuchard@ucla.edu
                                    
                      Downloads, Help & Resources:
                           http://beast2.org/
                                    
  Source code distributed under the GNU Lesser General Public License:
                   http://github.com/CompEvol/beast2
                                    
                           BEAST developers:
   Alex Alekseyenko, Trevor Bedford, Erik Bloomquist, Joseph Heled, 
 Sebastian Hoehna, Denise Kuehnert, Philippe Lemey, Wai Lok Sibon Li, 
Gerton Lunter, Sidney Markowitz, Vladimir Minin, Michael Defoin Platel, 
          Oliver Pybus, Tim Vaughan, Chieh-Hsi Wu, Walter Xie
                                    
                               Thanks to:
          Roald Forsberg, Beth Shapiro and Korbinian Strimmer

Random number seed: 1733232928230

AlignmentFromFasta(alignment)
  63 taxa
  10 sites
  6 patterns

ASV020 = 420 (0.0)
ASV041 = 420 (0.0)
ASV051 = 420 (0.0)
ASV052 = 420 (0.0)
ASV055 = 420 (0.0)
ASV070 = 420 (0.0)
ASV071 = 420 (0.0)
ASV075 = 420 (0.0)
ASV076 = 420 (0.0)
ASV088 = 420 (0.0)
53 more...
Starting frequencies: [1.0, 0.0, 0.0]
  Using BEAGLE version: 4.0.1 (PRE-RELEASE) resource 0: CPU (x86_64)
    with instance flags:  PRECISION_DOUBLE COMPUTATION_SYNCH EIGEN_COMPLEX SCALING_MANUAL SCALERS_RAW VECTOR_SSE THREADING_NONE PROCESSOR_CPU FRAMEWORK_CPU
Starting frequencies: [1.0, 0.0, 0.0, 0.0]
ASV020 = FML (NaN)
ASV041 = LNSL (NaN)
ASV051 = PRL (NaN)
ASV052 = LNSL (NaN)
ASV055 = LNSL (NaN)
ASV070 = FML (NaN)
ASV071 = PRL (NaN)
ASV075 = FML (NaN)
ASV076 = FML (NaN)
ASV088 = FML (NaN)
53 more...
Starting frequencies: [0.25, 0.25, 0.25, 0.25]
  Using BEAGLE version: 4.0.1 (PRE-RELEASE) resource 0: CPU (x86_64)
    with instance flags:  PRECISION_DOUBLE COMPUTATION_SYNCH EIGEN_COMPLEX SCALING_MANUAL SCALERS_RAW VECTOR_SSE THREADING_NONE PROCESSOR_CPU FRAMEWORK_CPU
===============================================================================
Citations for this model:

Patricio Maturana, Brendon J. Brewer, Steffen Klaere, Remco Bouckaert. Model selection and parameter inference in phylogenetics using Nested Sampling. Systematic Biology, syy050, 2018

Stadler, T., Kuehnert, D., Bonhoeffer, S., and Drummond, A. J. (2013):
 Birth-death skyline plot reveals temporal changes of
 epidemic spread in HIV and hepatitis C virus (HCV). PNAS 110(1): 228–33.
If sampled ancestors are used then please also cite: Gavryushkina A, Welch D, Stadler T, Drummond AJ (2014) 
Bayesian inference of sampled ancestor trees for epidemiology and fossil calibration. 
PLoS Comput Biol 10(12): e1003919. doi:10.1371/journal.pcbi.1003919

Edwards, C. J., Suchard, M. A., Lemey, P., ... & Valdiosera, C. E. (2011).
Ancient hybridization and an Irish origin for the modern polar bear matriline.
Current Biology, 21(15), 1251-1258.

===============================================================================
         Sample      posterior ESS(posterior)     likelihood          prior
Start likelihood 0: -4592.144071225491 
              0     -3615.1517              N     -3091.8996      -523.2520 --
ML: -3092.738187927543 Information: 0.8385606384285893
              1     -2624.3911         2.0        -2260.0018      -364.3893 --
ML: -2261.840421749962 Information: 1.8385606384285893
              2     -2540.7325         3.0        -2249.3675      -291.3649 --
ML: -2252.2060938954605 Information: 2.8377992527046283
              3     -1089.8711         4.0         -796.4123      -293.4587 --
ML: -800.2509161852249 Information: 3.8385606384288167
              4     -1078.7684         3.1         -791.2262      -287.5422 --
ML: -796.0497100174312 Information: 4.745794796608605
              5     -1073.2647         2.5         -790.4042      -282.8604 --
ML: -795.4484566320599 Information: 4.551081115291197
              6     -1065.3506         2.6         -776.5447      -288.8058 --
ML: -783.3833026688768 Information: 6.838472258670697
              7     -1043.3982         2.8         -764.0781      -279.3201 --
ML: -771.916674549385 Information: 7.838419590028695
              8     -1052.2174         3.1         -759.6537      -292.5636 --
ML: -768.4602311366085 Information: 8.66695320469534
              9     -1035.9836         4.6         -757.2460      -278.7376 --
ML: -766.8592854034144 Information: 9.099482869135642
             10     -1030.0939         4.9         -745.6658      -284.4281 --
ML: -756.504360744225 Information: 10.838143783177935
             11     -1031.5632         5.4         -739.8039      -291.7592 --
ML: -751.6348039705214 Information: 11.78585099310705
             12     -1016.3368         5.8         -739.3595      -276.9773 --
ML: -751.1841431113801 Information: 11.512758451363254
             13     -1019.9942         6.2         -735.3836      -284.6106 --
ML: -749.0906517442004 Information: 13.178528808869402
             14     -1008.7067         6.6         -726.7057      -282.0010 --
ML: -741.5437908159172 Information: 14.83317394489619
             15     -1019.8057         7.1         -724.1414      -295.6642 --
ML: -739.7898992891032 Information: 15.203762974504485
             16      -987.4114         7.5         -701.9596      -285.4517 --
ML: -718.7982592733488 Information: 16.838560620388808
             17     -1010.1285         8.0         -701.8488      -308.2796 --
ML: -718.4539622650916 Information: 16.526547003767064
             18      -985.4173         8.3         -698.2470      -287.1703 --
ML: -716.8588153259375 Information: 17.865134915889314
             19      -981.1046        14.5         -697.8871      -283.2174 --
ML: -716.5079681315311 Information: 17.841730923812236
             20      -975.9851        14.9         -697.0663      -278.9188 --
ML: -716.2869420077612 Information: 17.937972404460083
             21      -976.0646        15.2         -696.0017      -280.0628 --
ML: -716.0950551796516 Information: 18.155908817485624
             22      -981.5392        15.4         -695.4217      -286.1174 --
ML: -715.9864529612131 Information: 18.306377335266006
             23      -984.2828        15.7         -694.4185      -289.8643 --
ML: -715.8881966043459 Information: 18.51334712997766
             24      -969.4632        15.9         -688.8019      -280.6613 --
ML: -713.5401055657438 Information: 23.918980727025854
             25      -975.8746        16.2         -685.9475      -289.9271 --
ML: -711.6264464325984 Information: 25.136929411940898
             26      -960.2604        16.4         -680.2601      -280.0003 --
ML: -707.087950879366 Information: 26.761224812541315
             27      -952.7979        16.4         -674.9762      -277.8216 --
ML: -702.8009967221312 Information: 27.751167372052564
             28      -965.2368        16.6         -674.4140      -290.8228 --
ML: -702.3083705323686 Information: 27.50585219783852
             29      -957.5862         2.6         -671.0310      -286.5551 --
ML: -700.6567355074981 Information: 28.90256543996736
             30      -971.9125         2.6         -670.7686      -301.1439 --
ML: -700.3298988961072 Information: 28.850502965452336
             31      -961.4258         2.6         -670.0133      -291.4124 --
ML: -700.1324617461974 Information: 28.915738142899727
             32      -962.7977         2.7         -664.5663      -298.2314 --
ML: -697.3416064585489 Information: 32.36710503965671
             33      -949.6797         2.7         -660.3094      -289.3702 --
ML: -694.1078372065139 Information: 33.61451220194681
             34      -943.7218         2.7         -657.5803      -286.1414 --
ML: -692.249401144794 Information: 34.21487588465948
             35      -938.2787         2.7         -655.8690      -282.4097 --
ML: -691.24908615793 Information: 34.5836738327485
             36      -937.2122         2.7         -655.8181      -281.3940 --
ML: -691.0301711424904 Information: 34.53134031602451
             37      -956.9672         2.7         -654.6749      -302.2922 --
ML: -690.8256974768249 Information: 34.66414592634908
             38      -948.4385         2.7         -653.5172      -294.9213 --
ML: -690.6297064791358 Information: 34.938792620916274
             39      -952.6082         2.8         -650.3436      -302.2646 --
ML: -689.687985224564 Information: 37.25913806643382
             40      -934.0362         2.8         -644.1623      -289.8738 --
ML: -684.9917665668182 Information: 40.75391829951765
             41      -940.9034         2.8         -644.1073      -296.7960 --
ML: -684.6659666230573 Information: 40.46440098054643
             42      -929.6560         2.8         -635.4633      -294.1927 --
ML: -678.300172306965 Information: 42.8218154822176
             43      -926.0901         2.8         -634.9807      -291.1093 --
ML: -677.8332958554059 Information: 42.54054949788883
             44      -924.8910         2.9         -632.3025      -292.5885 --
ML: -676.7353247993641 Information: 43.435403311671735
             45      -931.4222         2.9         -628.4472      -302.9749 --
ML: -674.2030121335131 Information: 45.3700844055388
             46      -923.6687         2.9         -624.7569      -298.9117 --
ML: -671.5244106278316 Information: 46.487579792569804
             47      -925.8543         2.9         -623.4672      -302.3871 --
ML: -670.716009627477 Information: 46.54939398873165
             48      -925.3379         2.9         -621.0552      -304.2826 --
ML: -669.5295573137663 Information: 47.524382076648436
             49      -901.6337         2.9         -619.4897      -282.1440 --
ML: -668.730711738476 Information: 48.10942382574302
             50      -890.6332         2.9         -611.7276      -278.9055 --
ML: -662.5641443708346 Information: 50.81779743104421
             51      -900.1728         2.9         -605.0822      -295.0906 --
ML: -656.9172646567764 Information: 51.81151151948618
             52      -887.3513         2.9         -603.9653      -283.3860 --
ML: -656.165829902799 Information: 51.662569216814404
             53      -890.6176         2.9         -603.7054      -286.9121 --
ML: -655.9410606752128 Information: 51.59839654517663
             54      -876.8305         2.9         -603.1578      -273.6726 --
ML: -655.820576870357 Information: 51.61239436699702
             55      -885.0380         2.9         -602.8391      -282.1988 --
ML: -655.7647345224144 Information: 51.63090456105135
             56      -883.8534         2.9         -602.6318      -281.2215 --
ML: -655.7404490103244 Information: 51.64265527720704
             57      -889.2156         2.9         -602.5592      -286.6564 --
ML: -655.7310026864506 Information: 51.64767372039728
             58      -884.3713         2.9         -597.8195      -286.5517 --
ML: -655.3976227301594 Information: 53.09007465913925
             59      -891.8897         2.9         -597.5972      -294.2925 --
ML: -655.2751748924665 Information: 53.5104751158226
             60      -875.5682         2.8         -592.6549      -282.9132 --
ML: -653.3379173443518 Information: 59.370259415539934
             61      -884.2599         2.8         -591.0015      -293.2583 --
ML: -652.3651960593841 Information: 60.242309482763574
             62      -877.2712         2.8         -588.9583      -288.3128 --
ML: -651.3480903685684 Information: 61.24529601510642
             63      -879.3686         2.8         -587.6412      -291.7274 --
ML: -650.7186356666282 Information: 61.765672690048234
             64      -881.8209         2.8         -587.0250      -294.7959 --
ML: -650.4423337889926 Information: 61.95481057284496
             65      -896.5815         2.7         -581.3919      -315.1895 --
ML: -647.1910094483475 Information: 65.52430663461129
             66      -894.0299         2.7         -580.2230      -313.8068 --
ML: -646.4310628387854 Information: 65.53283731429201
             67      -874.1958         2.7         -578.8008      -295.3949 --
ML: -645.8366925792624 Information: 65.8782606830523
             68      -874.4074         2.7         -577.9491      -296.4583 --
ML: -645.5100200721089 Information: 66.11153490976682
             69      -878.3162         2.6         -573.6112      -304.7049 --
ML: -643.3298793862361 Information: 69.06451645421599
             70      -865.4995         2.6         -571.6739      -293.8255 --
ML: -642.1467798354162 Information: 69.67899074455255
             71      -865.3636         2.6         -568.8914      -296.4722 --
ML: -640.5129067987627 Information: 70.92343624378397
             72      -857.5108         2.6         -567.9119      -289.5988 --
ML: -639.9315333458592 Information: 71.08161922726129
             73      -857.7880         2.6         -565.6166      -292.1714 --
ML: -638.9721531631812 Information: 72.11671711692699
             74      -848.9589         2.6         -564.7926      -284.1663 --
ML: -638.5551795578883 Information: 72.40309017241213
             75      -847.4471         2.6         -563.7438      -283.7033 --
ML: -638.2491713136948 Information: 72.73193820573334
             76      -841.7056         2.6         -562.3798      -279.3258 --
ML: -637.9275467414406 Information: 73.2731837335869
             77      -843.0010         2.6         -558.9776      -284.0233 --
ML: -636.5317193603662 Information: 76.14833089489696
             78      -858.0361         2.6         -558.1463      -299.8897 --
ML: -636.0397124423686 Information: 76.52564061408958
             79      -845.0445         2.6         -554.6082      -290.4363 --
ML: -634.261703841221 Information: 78.82450615755876
             80      -838.3505         2.6         -552.2391      -286.1113 --
ML: -632.810719419372 Information: 79.82212129010605
             81      -836.9389         2.6         -550.0398      -286.8991 --
ML: -631.5464537555766 Information: 80.67377489195243
             82      -823.7093         2.6         -548.7117      -274.9975 --
ML: -630.855226017315 Information: 81.06094284443134
             83      -831.9736         2.6         -545.1576      -286.8160 --
ML: -628.8513988876264 Information: 83.06864228279501
             84      -823.7479         2.6         -542.6365      -281.1113 --
ML: -627.2499804037529 Information: 83.97910007435098
             85      -823.8952         2.6         -539.1763      -284.7188 --
ML: -624.9132652700341 Information: 85.34120666503932
             86      -835.4312         2.6         -535.8494      -299.5818 --
ML: -622.5854345081736 Information: 86.37298751252158
             87      -831.7435         2.6         -530.7275      -301.0160 --
ML: -618.5482590160192 Information: 87.72396166497131
             88      -827.0335         2.6         -527.5806      -299.4528 --
ML: -616.306856972718 Information: 88.38133946335122
             89      -830.0703         2.5         -523.5944      -306.4759 --
ML: -613.3780538758014 Information: 89.55207367010276
             90      -820.6323         2.5         -522.7538      -297.8785 --
ML: -612.7863352946114 Information: 89.43921190558154
             91      -810.6972         2.6         -521.7711      -288.9261 --
ML: -612.4224173439565 Information: 89.55605342515958
             92      -808.0619         2.6         -518.6026      -289.4592 --
ML: -611.1228670636301 Information: 91.35768954482472
             93      -805.5009         2.6         -511.5017      -293.9991 --
ML: -605.3372236575952 Information: 93.810104802265
             94      -789.5244         2.6         -511.3229      -278.2015 --
ML: -604.9735751063596 Information: 93.50871467209646
             95      -793.1951         2.6         -509.9549      -283.2402 --
ML: -604.6085980996951 Information: 93.60546369756128
             96      -791.3729         2.6         -509.6706      -281.7022 --
ML: -604.469289163608 Information: 93.6394339186611
             97      -797.4527         2.6         -509.1982      -288.2544 --
ML: -604.3953633519818 Information: 93.68177667207937
             98      -782.3253         2.6         -505.3723      -276.9529 --
ML: -603.6057239234283 Information: 95.80842629597188
             99      -799.1911         2.6         -503.6268      -295.5643 --
ML: -602.8399401158216 Information: 97.27398085196933
            100      -801.2973         2.6         -503.4690      -297.8283 --
ML: -602.6325416472887 Information: 97.4593513878084
            101      -782.0812         2.6         -502.8338      -279.2474 --
ML: -602.5102812923731 Information: 97.60630935455163
            102      -799.3957         2.6         -497.8504      -301.5452 --
ML: -600.5390513487753 Information: 101.70612000517492
            103      -790.8258         2.6         -494.1000      -296.7258 --
ML: -597.8670171100508 Information: 103.43984991469581
            104      -773.9746         2.6         -493.2214      -280.7532 --
ML: -597.2657121604923 Information: 103.3834193990865
            105      -780.4117         2.6         -490.2990      -290.1126 --
ML: -595.8572122795106 Information: 104.6820317712954
            106      -769.2251         2.6         -486.0376      -283.1874 --
ML: -592.8267226509852 Information: 106.54096251564971
            107      -776.4945         2.6         -482.3259      -294.1685 --
ML: -590.0970634457905 Information: 107.51275081215393
            108      -791.2092         2.6         -481.0993      -310.1099 --
ML: -589.3212017001977 Information: 107.53828838610082
            109      -778.9815         2.6         -479.1059      -299.8755 --
ML: -588.4220911073811 Information: 108.22678535487304
            110      -804.7502         2.6         -477.9188      -326.8313 --
ML: -587.8826254200462 Information: 108.63645453097621
            111      -776.4697         2.5         -477.5299      -298.9397 --
ML: -587.6786294262358 Information: 108.74915318188852
            112      -784.0167         2.5         -473.6688      -310.3478 --
ML: -586.237395977003 Information: 111.32368999808156
            113      -758.6724         2.5         -470.3154      -288.3569 --
ML: -584.0366734115263 Information: 113.2120817648021
            114      -762.7253         2.5         -469.0119      -293.7133 --
ML: -583.2461398133252 Information: 113.41194988816386
            115      -771.6299         2.5         -467.1642      -304.4656 --
ML: -582.4239372624548 Information: 114.08635622465624
            116      -773.8622         2.5         -466.1357      -307.7265 --
ML: -581.9685900516366 Information: 114.4363690931437
            117      -773.7341         2.5         -462.0860      -311.6480 --
ML: -579.8028236549148 Information: 117.09230570397006
            118      -760.2222         2.5         -460.8170      -299.4051 --
ML: -579.0333660626685 Information: 117.33913738589553
            119      -766.0574         2.5         -460.1999      -305.8575 --
ML: -578.721485256745 Information: 117.42762059508635
            120      -758.2825         2.5         -457.7397      -300.5427 --
ML: -577.9541807302791 Information: 118.56439738774216
            121      -748.6852         2.5         -457.2923      -291.3928 --
ML: -577.6854713250873 Information: 118.7899080900201
            122      -761.9734         2.5         -456.8104      -305.1629 --
ML: -577.554125682847 Information: 118.91521036955601
            123      -769.4473         2.5         -456.5049      -312.9423 --
ML: -577.4944830914649 Information: 118.97912004601966
            124      -763.8735         2.5         -453.9058      -309.9676 --
ML: -577.2425433675081 Information: 119.75375215610342
            125      -773.5882         2.5         -452.6553      -320.9328 --
ML: -576.9909231233457 Information: 120.57737494252206
            126      -754.1467         2.5         -452.4171      -301.7296 --
ML: -576.8921142391428 Information: 120.85456679237217
            127      -762.7430         2.5         -451.9624      -310.7806 --
ML: -576.8390127752206 Information: 121.01221463526275
            128      -767.8494         2.5         -450.7289      -317.1205 --
ML: -576.7757381317927 Information: 121.26151324098805
            129      -768.9827         2.5         -450.6698      -318.3129 --
ML: -576.7520917557048 Information: 121.35107440189506
            130      -758.4373         2.5         -450.6123      -307.8250 --
ML: -576.7430267199265 Information: 121.38522286572504
            131      -760.0777         2.5         -450.3136      -309.7641 --
ML: -576.7385614230528 Information: 121.40323099093547
            132      -766.2835         2.5         -449.1719      -317.1116 --
ML: -576.7334407109323 Information: 121.42959075606166
            133      -768.2294         2.5         -448.4033      -319.8260 --
ML: -576.7293967534328 Information: 121.45339562211444
            134      -758.8322         2.5         -448.2813      -310.5509 --
ML: -576.7277207729264 Information: 121.46343271414997
            135      -760.6302         2.5         -448.0048      -312.6253 --
ML: -576.7269088526615 Information: 121.46851247642445
            136      -757.7163         2.5         -447.6670      -310.0492 --
ML: -576.726490399932 Information: 121.47126996389079
            137      -767.0024         2.5         -446.9389      -320.0635 --
ML: -576.7261716632974 Information: 121.47360151582063
            138      -753.3924         2.5         -446.8608      -306.5315 --
ML: -576.7260449206727 Information: 121.47453828815117
            139      -747.7773         2.5         -445.7336      -302.0437 --
ML: -576.7259009985521 Information: 121.4757640974849
            140      -744.2692         2.5         -445.4120      -298.8572 --
ML: -576.7258279729194 Information: 121.4764094815016
            141      -746.3118         2.5         -445.1861      -301.1256 --
ML: -576.725794304317 Information: 121.47671462185764
            142      -744.3519         2.5         -443.4995      -300.8524 --
ML: -576.7257274049365 Information: 121.47743373439357
            143      -743.5437         2.5         -442.4286      -301.1151 --
ML: -576.7256555981713 Information: 121.47828243083046
            144      -751.2443         2.5         -442.3041      -308.9401 --
ML: -576.7256256816479 Information: 121.47863972385971
            145      -771.2585         2.5         -440.9194      -330.3390 --
ML: -576.7255817285793 Information: 121.47922549695295
            146      -766.5350         2.5         -440.6746      -325.8604 --
ML: -576.7255610757618 Information: 121.4795057874029
            147      -771.9240         2.5         -439.5738      -332.3502 --
ML: -576.7255382318697 Information: 121.47984095438949
            148      -772.0772         2.5         -439.0666      -333.0105 --
ML: -576.7255242771503 Information: 121.48005277195256
            149      -762.3063         2.4         -438.1530      -324.1532 --
ML: -576.725511477797 Information: 121.48025874282848
            150      -771.5784         2.4         -438.0861      -333.4923 --
ML: -576.7255064432077 Information: 121.48034009719663
            151      -768.4805         2.5         -438.0671      -330.4134 --
ML: -576.7255045556811 Information: 121.48037063355105
            152      -772.3223         2.5         -437.9313      -334.3910 --
ML: -576.7255037602588 Information: 121.48038360990216
            153      -754.2639         2.5         -436.4042      -317.8597 --
ML: -576.7255024127576 Information: 121.4804076505618
            154      -760.3190         2.5         -435.5179      -324.8010 --
ML: -576.7255012101798 Information: 121.48043017137735
            155      -762.0178         2.5         -435.2978      -326.7199 --
ML: -576.7255006588376 Information: 121.48044061778586
            156      -762.7417         2.5         -434.9193      -327.8224 --
ML: -576.7255003626858 Information: 121.48044634111807
            157      -762.3028         2.5         -434.7769      -327.5258 --
ML: -576.7255002370722 Information: 121.4804487865539
            158      -770.1322         2.5         -434.4743      -335.6578 --
ML: -576.7255001745308 Information: 121.48045002302348
            159      -765.8512         2.5         -433.9741      -331.8770 --
ML: -576.7255001365907 Information: 121.48045079211522
            160      -767.3716         2.5         -432.1746      -335.1970 --
ML: -576.7255000521881 Information: 121.48045265493357
            161      -771.1505         2.5         -430.3476      -340.8028 --
ML: -576.7254998592205 Information: 121.48045726634433
            162      -762.8796         2.5         -429.9230      -332.9565 --
ML: -576.7254997506808 Information: 121.48045990624962
            163      -768.5399         2.5         -428.4185      -340.1214 --
ML: -576.7254995709083 Information: 121.48046454913805
            164      -774.2733         2.5         -428.3655      -345.9078 --
ML: -576.7254995011742 Information: 121.48046635380808
            165      -771.9416         2.5         -428.3329      -343.6087 --
ML: -576.7254994746711 Information: 121.48046704057936
            166      -769.0256         2.5         -427.6637      -341.3619 --
ML: -576.7254994556318 Information: 121.48046754667791
            167      -763.7549         2.5         -427.3448      -336.4100 --
ML: -576.7254994459976 Information: 121.48046780583434
            168      -764.2437         2.5         -426.9776      -337.2661 --
ML: -576.7254994408805 Information: 121.48046794534912
            169      -761.8586         2.5         -426.9701      -334.8884 --
ML: -576.725499438984 Information: 121.48046799707464
            170      -769.8025         2.5         -425.2207      -344.5817 --
ML: -576.7254994349713 Information: 121.48046811356232
            171      -766.5361         2.5         -424.8397      -341.6964 --
ML: -576.7254994328105 Information: 121.48046817710468
            172      -774.2790         2.5         -424.2065      -350.0725 --
ML: -576.7254994313132 Information: 121.48046822207908
            173      -757.6831         2.5         -424.1586      -333.5245 --
ML: -576.7254994307353 Information: 121.4804682394722
            174      -780.8902         2.5         -423.4582      -357.4320 --
ML: -576.7254994303071 Information: 121.48046825266124
            175      -789.5654         2.5         -422.6421      -366.9233 --
ML: -576.7254994299508 Information: 121.48046826390612
            176      -764.9916         2.6         -422.5106      -342.4810 --
ML: -576.7254994298013 Information: 121.48046826865152
            177      -771.0808         2.6         -422.4567      -348.6241 --
ML: -576.7254994297432 Information: 121.48046827051928
            178      -765.4384         2.6         -422.2591      -343.1793 --
ML: -576.7254994297172 Information: 121.48046827135852
            179      -770.2805         2.6         -422.1406      -348.1398 --
ML: -576.7254994297064 Information: 121.48046827171567
            180      -778.9715         2.6         -421.3131      -357.6584 --
ML: -576.7254994296973 Information: 121.4804682720262
            181      -776.2996         2.6         -420.9588      -355.3408 --
ML: -576.7254994296925 Information: 121.4804682721936
            182      -772.2556         2.6         -420.8553      -351.4002 --
ML: -576.7254994296906 Information: 121.48046827225511
            183      -779.7787         2.6         -419.7561      -360.0226 --
ML: -576.7254994296884 Information: 121.48046827233713
            184      -784.5688         2.6         -418.9243      -365.6445 --
ML: -576.7254994296866 Information: 121.48046827240489
            185      -762.9773         2.6         -418.8179      -344.1593 --
ML: -576.7254994296858 Information: 121.48046827245611
            186      -774.5176         2.6         -418.3220      -356.1956 --
ML: -576.7254994296853 Information: 121.48046827247543
            187      -782.0390         2.6         -418.0307      -364.0083 --
ML: -576.7254994296851 Information: 121.48046827248663
            188      -774.2618         2.6         -417.9572      -356.3045 --
ML: -576.725499429685 Information: 121.48046827250175
            189      -774.5449         2.7         -417.5269      -357.0179 --
ML: -576.725499429685 Information: 121.48046827248118
            190      -786.7518         2.7         -417.4650      -369.2867 --
ML: -576.725499429685 Information: 121.4804682724731
            191      -781.3949         2.7         -417.4096      -363.9853 --
ML: -576.725499429685 Information: 121.48046827246992
            192      -775.7417         2.7         -417.2811      -358.4605 --
ML: -576.725499429685 Information: 121.48046827246856
            193      -786.0989         2.7         -416.8212      -369.2776 --
ML: -576.725499429685 Information: 121.48046827246776
            194      -780.0507         2.7         -416.3883      -363.6624 --
ML: -576.725499429685 Information: 121.4804682724673
            195      -768.7643         2.7         -416.2976      -352.4666 --
ML: -576.725499429685 Information: 121.48046827246708
            196      -784.0201         2.7         -415.8185      -368.2016 --
ML: -576.725499429685 Information: 121.48046827246696
            197      -780.2871         2.7         -415.2635      -365.0235 --
ML: -576.725499429685 Information: 121.48046827246685
            198      -790.0333         2.8         -415.0357      -374.9975 --
ML: -576.725499429685 Information: 121.48046827246685
            199      -785.1822         2.8         -414.5498      -370.6323 --
ML: -576.725499429685 Information: 121.48046827246685
            200      -783.1954         2.8         -414.4397      -368.7557 --
ML: -576.725499429685 Information: 121.48046827246685
            201      -783.3325         2.8         -413.9041      -369.4284 --
ML: -576.725499429685 Information: 121.48046827246685
            202      -795.3061         2.8         -413.3707      -381.9354 --
ML: -576.725499429685 Information: 121.48046827246685
            203      -791.5658         2.8         -413.2305      -378.3352 --
ML: -576.725499429685 Information: 121.48046827246685
            204      -789.4495         2.8         -412.7763      -376.6731 --
ML: -576.725499429685 Information: 121.48046827246685
            205      -794.9678         2.9         -412.7252      -382.2425 --
ML: -576.725499429685 Information: 121.48046827246685
            206      -787.5367         2.9         -412.7061      -374.8305 --
ML: -576.725499429685 Information: 121.48046827246685
            207      -796.8420         2.9         -412.6371      -384.2048 --
ML: -576.725499429685 Information: 121.48046827246685
            208      -788.7337         2.9         -411.8753      -376.8583 --
ML: -576.725499429685 Information: 121.48046827246685
            209      -784.5890         2.9         -411.8454      -372.7436 --
ML: -576.725499429685 Information: 121.48046827246685
            210      -796.2741         2.9         -411.8026      -384.4714 --
ML: -576.725499429685 Information: 121.48046827246685
            211      -791.4163         3.0         -411.6383      -379.7780 --
ML: -576.725499429685 Information: 121.48046827246685
            212      -792.9954         3.0         -411.5071      -381.4882 --
ML: -576.725499429685 Information: 121.48046827246685
            213      -787.7403         3.0         -411.3914      -376.3488 --
ML: -576.725499429685 Information: 121.48046827246685
            214      -784.7069         3.0         -411.2961      -373.4107 --
ML: -576.725499429685 Information: 121.48046827246685
            215      -783.2288         3.0         -410.9793      -372.2495 --
ML: -576.725499429685 Information: 121.48046827246685
            216      -771.9458         3.0         -410.7473      -361.1985 --
ML: -576.725499429685 Information: 121.48046827246685
            217      -780.2111         3.0         -410.5135      -369.6976 --
ML: -576.725499429685 Information: 121.48046827246685
            218      -769.8438         3.1         -410.2494      -359.5944 --
ML: -576.725499429685 Information: 121.48046827246685
            219      -781.7369         3.1         -410.1078      -371.6290 --
ML: -576.725499429685 Information: 121.48046827246685
            220      -790.0552         3.1         -410.0947      -379.9605 --
ML: -576.725499429685 Information: 121.48046827246685
            221      -793.8726         3.1         -409.3001      -384.5724 --
ML: -576.725499429685 Information: 121.48046827246685
            222      -787.6311         3.1         -408.8806      -378.7505 --
ML: -576.725499429685 Information: 121.48046827246685
            223      -790.6473         3.1         -408.1465      -382.5007 --
ML: -576.725499429685 Information: 121.48046827246685
            224      -791.1714         3.2         -407.9768      -383.1945 --
ML: -576.725499429685 Information: 121.48046827246685
            225      -773.8468         3.2         -407.7332      -366.1136 --
ML: -576.725499429685 Information: 121.48046827246685
            226      -785.6701         3.2         -407.0918      -378.5783 --
ML: -576.725499429685 Information: 121.48046827246685
            227      -789.3094         3.2         -406.8788      -382.4305 --
ML: -576.725499429685 Information: 121.48046827246685
            228      -793.1944         3.2         -406.7854      -386.4090 --
ML: -576.725499429685 Information: 121.48046827246685
            229      -781.5513         3.3         -406.7775      -374.7738 --
ML: -576.725499429685 Information: 121.48046827246685
            230      -778.1034         3.3         -406.6548      -371.4486 --
ML: -576.725499429685 Information: 121.48046827246685
            231      -783.3533         3.3         -406.4626      -376.8906 --
ML: -576.725499429685 Information: 121.48046827246685
            232      -803.1100         3.3         -406.1537      -396.9562 --
ML: -576.725499429685 Information: 121.48046827246685
            233      -804.8333         3.3         -405.8724      -398.9609 --
ML: -576.725499429685 Information: 121.48046827246685
            234      -809.4413         3.3         -405.7419      -403.6993 --
ML: -576.725499429685 Information: 121.48046827246685
            235      -803.0082         3.4         -404.9193      -398.0888 --
ML: -576.725499429685 Information: 121.48046827246685
            236      -812.1701         3.4         -404.7907      -407.3794 --
ML: -576.725499429685 Information: 121.48046827246685
            237      -809.5973         3.4         -404.6111      -404.9862 --
ML: -576.725499429685 Information: 121.48046827246685
            238      -803.4454         3.4         -404.4571      -398.9883 --
ML: -576.725499429685 Information: 121.48046827246685
            239      -799.8069         3.4         -404.2679      -395.5389 --
ML: -576.725499429685 Information: 121.48046827246685
            240      -805.8054         3.5         -404.2459      -401.5595 --
ML: -576.725499429685 Information: 121.48046827246685
            241      -808.8833         3.5         -404.1320      -404.7513 --
ML: -576.725499429685 Information: 121.48046827246685
            242      -806.0500         3.5         -403.7903      -402.2596 --
ML: -576.725499429685 Information: 121.48046827246685
243<=1000000&& (243<2.0*121.48046827246685*1||Math.abs(-576.725499429685 - -576.725499429685)/Math.abs(-576.725499429685) > 1.0E-10
Finished in 243 steps!
Marginal likelihood: -575.7134468037963 (bootstrap SD=10.830553407891816)
Marginal likelihood: -575.1710730457096 (subsample SD=12.870109330211891)
Marginal likelihood: -574.7874567638742(10.671356850936101)
Information: 121.48046827246685
SD: 11.021817829762332

Operator                                                                Tuning    #accept    #reject      Pr(m)  Pr(acc|m)
Uniform()                                                                    -     453893     223371    0.27778    0.67019 
SubtreeSlide()                                                         1.00000      32278      35755    0.02778    0.47445 Try increasing size to about 2
SubtreeSlide()                                                        30.00000       1582      65646    0.02778    0.02353 Try decreasing size to about 15
Exchange()                                                                   -     105526     572637    0.27778    0.15561 
beast.base.inference.operator.DeltaExchangeOperator(editRateScaler)    1.00000       1256      66728    0.02778    0.01847 Try setting delta to about 0.5
ScaleOperator(clockRateScaler)                                         0.80000      44679      23375    0.02778    0.65652 Try setting scaleFactor to about 0.64
ScaleOperator(silencingRateScaler)                                     0.80000      51562      16211    0.02778    0.76080 Try setting scaleFactor to about 0.64
ScaleOperator(georateScaler.s:tissue)                                  0.99000     657323      20429    0.27778    0.96986 Try setting scaleFactor to about 0.98
ScaleOperator(geoMuScaler.c:tissue)                                    0.90000      56440      11309    0.02778    0.83308 Try setting scaleFactor to about 0.81

     Tuning: The value of the operator's tuning parameter, or '-' if the operator can't be optimized.
    #accept: The total number of times a proposal by this operator has been accepted.
    #reject: The total number of times a proposal by this operator has been rejected.
      Pr(m): The probability this operator is chosen in a step of the MCMC (i.e. the normalized weight).
  Pr(acc|m): The acceptance probability (#accept as a fraction of the total proposals for this operator).


Total calculation time: 358.818 seconds
Done!
