************************************
**** FeastMain BEAST 2 Launcher ****
************************************

Hunting for beast_services.xml files embedded in classpath:
- Processing /feast/beast_services.xml...
- Processing /beast_services.xml...
Done. Handing over to BeastMain...

                   BEAST v2.7.7 Prerelease, 2002-2024
             Bayesian Evolutionary Analysis Sampling Trees
                       Designed and developed by
 Remco Bouckaert, Alexei J. Drummond, Andrew Rambaut & Marc A. Suchard
                                    
                   Centre for Computational Evolution
                         University of Auckland
                       r.bouckaert@auckland.ac.nz
                        alexei@cs.auckland.ac.nz
                                    
                   Institute of Evolutionary Biology
                        University of Edinburgh
                           a.rambaut@ed.ac.uk
                                    
                    David Geffen School of Medicine
                 University of California, Los Angeles
                           msuchard@ucla.edu
                                    
                      Downloads, Help & Resources:
                           http://beast2.org/
                                    
  Source code distributed under the GNU Lesser General Public License:
                   http://github.com/CompEvol/beast2
                                    
                           BEAST developers:
   Alex Alekseyenko, Trevor Bedford, Erik Bloomquist, Joseph Heled, 
 Sebastian Hoehna, Denise Kuehnert, Philippe Lemey, Wai Lok Sibon Li, 
Gerton Lunter, Sidney Markowitz, Vladimir Minin, Michael Defoin Platel, 
          Oliver Pybus, Tim Vaughan, Chieh-Hsi Wu, Walter Xie
                                    
                               Thanks to:
          Roald Forsberg, Beth Shapiro and Korbinian Strimmer

Random number seed: 1733232927718

AlignmentFromFasta(alignment)
  63 taxa
  10 sites
  6 patterns

ASV020 = 420 (0.0)
ASV041 = 420 (0.0)
ASV051 = 420 (0.0)
ASV052 = 420 (0.0)
ASV055 = 420 (0.0)
ASV070 = 420 (0.0)
ASV071 = 420 (0.0)
ASV075 = 420 (0.0)
ASV076 = 420 (0.0)
ASV088 = 420 (0.0)
53 more...
Starting frequencies: [1.0, 0.0, 0.0]
  Using BEAGLE version: 4.0.1 (PRE-RELEASE) resource 0: CPU (x86_64)
    with instance flags:  PRECISION_DOUBLE COMPUTATION_SYNCH EIGEN_COMPLEX SCALING_MANUAL SCALERS_RAW VECTOR_SSE THREADING_NONE PROCESSOR_CPU FRAMEWORK_CPU
Starting frequencies: [1.0, 0.0, 0.0, 0.0]
ASV020 = FML (NaN)
ASV041 = LNSL (NaN)
ASV051 = PRL (NaN)
ASV052 = LNSL (NaN)
ASV055 = LNSL (NaN)
ASV070 = FML (NaN)
ASV071 = PRL (NaN)
ASV075 = FML (NaN)
ASV076 = FML (NaN)
ASV088 = FML (NaN)
53 more...
Starting frequencies: [0.25, 0.25, 0.25, 0.25]
  Using BEAGLE version: 4.0.1 (PRE-RELEASE) resource 0: CPU (x86_64)
    with instance flags:  PRECISION_DOUBLE COMPUTATION_SYNCH EIGEN_COMPLEX SCALING_MANUAL SCALERS_RAW VECTOR_SSE THREADING_NONE PROCESSOR_CPU FRAMEWORK_CPU
===============================================================================
Citations for this model:

Patricio Maturana, Brendon J. Brewer, Steffen Klaere, Remco Bouckaert. Model selection and parameter inference in phylogenetics using Nested Sampling. Systematic Biology, syy050, 2018

Stadler, T., Kuehnert, D., Bonhoeffer, S., and Drummond, A. J. (2013):
 Birth-death skyline plot reveals temporal changes of
 epidemic spread in HIV and hepatitis C virus (HCV). PNAS 110(1): 228–33.
If sampled ancestors are used then please also cite: Gavryushkina A, Welch D, Stadler T, Drummond AJ (2014) 
Bayesian inference of sampled ancestor trees for epidemiology and fossil calibration. 
PLoS Comput Biol 10(12): e1003919. doi:10.1371/journal.pcbi.1003919

Edwards, C. J., Suchard, M. A., Lemey, P., ... & Valdiosera, C. E. (2011).
Ancient hybridization and an Irish origin for the modern polar bear matriline.
Current Biology, 21(15), 1251-1258.

===============================================================================
         Sample      posterior ESS(posterior)     likelihood          prior
Start likelihood 0: -8944.99979553221 
              0     -1626.7957              N     -1195.8004      -430.9953 --
ML: -1196.6390077638587 Information: 0.8385606384288167
              1     -1448.4477         2.0        -1060.9344      -387.5132 --
ML: -1062.773038082184 Information: 1.8385606384288167
              2     -1241.6484         3.0         -950.0776      -291.5707 --
ML: -952.9162254574463 Information: 2.8385606384288167
              3     -1152.1926         4.0         -869.4500      -282.7426 --
ML: -873.2885620970368 Information: 3.8385606384288167
              4     -1157.7180         3.5         -864.4962      -293.2217 --
ML: -869.3158314528167 Information: 4.726320355621759
              5     -1133.2972         3.0         -841.2078      -292.0894 --
ML: -847.046372927223 Information: 5.83856063322694
              6     -1126.5575         3.1         -835.1449      -291.4125 --
ML: -841.9772273599548 Information: 6.794131142867583
              7     -1121.9834         3.4         -832.6064      -289.3770 --
ML: -840.2494233926958 Information: 7.18514418662167
              8     -1103.9678         3.7         -810.8492      -293.1185 --
ML: -819.6878536223758 Information: 8.838560611154946
              9     -1108.0063         4.8         -807.4560      -300.5503 --
ML: -817.2071726360451 Information: 9.467193072007731
             10     -1097.5855         5.1         -799.2137      -298.3717 --
ML: -810.0514885713959 Information: 10.831125884055764
             11     -1098.3690         5.3         -797.1722      -301.1967 --
ML: -808.7083237656869 Information: 11.001482421935577
             12     -1085.4591         5.2         -796.2033      -289.2558 --
ML: -808.1681350644936 Information: 11.088782381428075
             13     -1079.1764         5.2         -782.1906      -296.9858 --
ML: -796.0291648431407 Information: 13.838475680882711
             14     -1064.4853         5.3         -774.5150      -289.9703 --
ML: -789.3523273908817 Information: 14.827630629620389
             15     -1052.4570         5.3         -769.7524      -282.7045 --
ML: -785.5680708153272 Information: 15.707120877522176
             16     -1052.0497         5.1         -764.6026      -287.4471 --
ML: -781.4252002768699 Information: 16.739068812230652
             17     -1051.4994         5.0         -752.8252      -298.6742 --
ML: -770.663763591726 Information: 17.838287967168178
             18     -1037.1225         4.9         -751.1995      -285.9229 --
ML: -769.6096577031906 Information: 17.84344615685933
             19     -1050.5955         3.1         -750.8124      -299.7831 --
ML: -769.3073541821745 Information: 17.78996227831749
             20     -1038.4418         3.1         -742.8700      -295.5717 --
ML: -763.7049131355444 Information: 20.80296623256223
             21     -1038.7127         3.0         -742.7064      -296.0062 --
ML: -763.3460847182628 Information: 20.50306918458432
             22     -1035.1563         3.0         -740.9923      -294.1640 --
ML: -762.86623890939 Information: 20.72856413020679
             23     -1045.3832         2.9         -737.8726      -307.5105 --
ML: -761.4373647019768 Information: 22.542878812525657
             24     -1030.8734         2.9         -736.2490      -294.6243 --
ML: -760.5541114791712 Information: 23.211359110335195
             25     -1030.1018         2.9         -734.9841      -295.1177 --
ML: -759.9862601263892 Information: 23.665403976502034
             26     -1032.6107         2.9         -734.1342      -298.4765 --
ML: -759.6693524187958 Information: 23.94239399797982
             27     -1025.8184         3.0         -731.7309      -294.0874 --
ML: -758.9250372263242 Information: 25.295747003686643
             28     -1015.4034         3.0         -731.3295      -284.0739 --
ML: -758.6715554500533 Information: 25.55719710404435
             29     -1008.2487         2.7         -728.2629      -279.9858 --
ML: -757.6532886850472 Information: 27.637927273485047
             30     -1025.0523         2.7         -722.8704      -302.1819 --
ML: -753.6898278589563 Information: 30.683646867227104
             31     -1016.0574         2.7         -718.4243      -297.6331 --
ML: -750.2309198685655 Information: 31.66242704551618
             32     -1007.0677         2.7         -712.3462      -294.7214 --
ML: -745.1784278784883 Information: 32.79236575990434
             33     -1015.3394         2.7         -709.1475      -306.1918 --
ML: -742.8803008530977 Information: 33.407410118654425
             34     -1017.4586         2.8         -700.9409      -316.5177 --
ML: -735.7786876030165 Information: 34.830708126373736
             35      -999.6504         2.8         -697.5878      -302.0625 --
ML: -733.3355229363135 Information: 35.45572086756016
             36      -994.5458         2.8         -692.2234      -302.3224 --
ML: -729.0481420893078 Information: 36.74700086091301
             37      -997.1836         2.9         -684.5853      -312.5982 --
ML: -722.4226143962801 Information: 37.82700195848001
             38      -973.0863         2.9         -681.4221      -291.6642 --
ML: -720.1517681106644 Information: 38.402031389858166
             39      -981.6301         3.0         -679.9652      -301.6648 --
ML: -719.2695864066574 Information: 38.565772115776724
             40      -963.9316         3.0         -671.9203      -292.0113 --
ML: -712.7574037842027 Information: 40.82402876547313
             41      -952.6123         3.0         -671.0099      -281.6023 --
ML: -712.1087859110143 Information: 40.61608595821025
             42      -964.6051         3.0         -666.1607      -298.4444 --
ML: -708.9556134261679 Information: 42.56714159919207
             43      -953.3981         3.0         -662.0636      -291.3344 --
ML: -705.8561220603857 Information: 43.59751367273273
             44      -952.1674         3.0         -657.5672      -294.6002 --
ML: -702.3745278006512 Information: 44.66301968525413
             45      -948.0939         3.0         -656.9125      -291.1813 --
ML: -701.8520614716115 Information: 44.46567201582866
             46      -935.1661         3.0         -656.5300      -278.6360 --
ML: -701.6536523886964 Information: 44.421369086423965
             47      -954.2214         2.9         -655.1850      -299.0363 --
ML: -701.4272248962742 Information: 44.60975312745427
             48      -944.5915         2.9         -650.7082      -293.8832 --
ML: -699.4048588635809 Information: 47.88809735845399
             49      -943.1007         2.8         -648.3179      -294.7828 --
ML: -697.9041810793574 Information: 48.87299575257816
             50      -959.3537         2.8         -647.4820      -311.8717 --
ML: -697.3977234380967 Information: 48.98212678681023
             51      -944.9457         2.8         -646.9282      -298.0174 --
ML: -697.1711219198245 Information: 49.05709481592726
             52      -937.5933         2.7         -645.1500      -292.4433 --
ML: -696.8054126588149 Information: 49.59923643012007
             53      -937.6305         2.7         -643.6851      -293.9453 --
ML: -696.4082748665511 Information: 50.35613149873461
             54      -936.5632         2.7         -642.4745      -294.0886 --
ML: -696.0685257706231 Information: 51.04690259841664
             55      -941.8448         2.7         -640.6917      -301.1530 --
ML: -695.5798634391664 Information: 52.231953638652044
             56      -944.8732         2.6         -638.0888      -306.7843 --
ML: -694.5081861675063 Information: 54.61846670310405
             57      -939.7947         2.6         -637.8889      -301.9057 --
ML: -694.2493361254097 Information: 54.815922210559904
             58      -946.2345         2.6         -637.6855      -308.5489 --
ML: -694.151465626962 Information: 54.881011371181216
             59      -933.1833         2.6         -637.3057      -295.8775 --
ML: -694.1025394402959 Information: 54.92589537542051
             60      -947.4165         2.6         -636.6461      -310.7703 --
ML: -694.0691306742456 Information: 54.97563020114421
             61      -950.0712         2.5         -635.9758      -314.0953 --
ML: -694.0457773861574 Information: 55.02423985549467
             62      -945.7165         2.5         -635.3409      -310.3755 --
ML: -694.0298811029729 Information: 55.06638900749704
             63      -940.6583         2.5         -634.3019      -306.3564 --
ML: -694.0136160716249 Information: 55.12533139477512
             64      -941.3018         2.5         -634.1599      -307.1419 --
ML: -694.0067991015088 Information: 55.150637485619086
             65      -941.3613         2.5         -632.4999      -308.8614 --
ML: -693.9937398385244 Information: 55.22004588458333
             66      -928.5681         2.5         -626.0499      -302.5181 --
ML: -692.6024816603417 Information: 63.38734316594466
             67      -934.7429         2.5         -621.9473      -312.7955 --
ML: -689.7278183400971 Information: 67.37031171060823
             68      -923.8289         2.5         -616.2313      -307.5976 --
ML: -685.0604407394931 Information: 68.77155230459606
             69      -926.1493         2.5         -615.8160      -310.3333 --
ML: -684.6208723214655 Information: 68.5001764098543
             70      -911.2732         2.5         -614.9670      -296.3062 --
ML: -684.354033962975 Information: 68.50352797815447
             71      -911.1003         2.6         -610.7659      -300.3343 --
ML: -682.4441942602328 Information: 70.92522218616618
             72      -911.7776         2.6         -610.4621      -301.3155 --
ML: -682.090272608933 Information: 70.88631088294505
             73      -907.5558         2.6         -608.9909      -298.5648 --
ML: -681.6999443952866 Information: 71.21114318982558
             74      -910.2881         2.6         -608.9593      -301.3288 --
ML: -681.5842043821967 Information: 71.26256025869748
             75      -899.2429         2.6         -607.2449      -291.9979 --
ML: -681.382673557771 Information: 71.62258358758993
             76      -896.7059         2.6         -606.3507      -290.3552 --
ML: -681.2306360504836 Information: 71.95141150902236
             77      -899.7238         2.6         -605.5373      -294.1865 --
ML: -681.1199609250705 Information: 72.2327707740958
             78      -910.0209         2.6         -603.0893      -306.9316 --
ML: -680.7513286568233 Information: 73.65171969007963
             79      -896.4492         2.6         -602.9650      -293.4842 --
ML: -680.6304896449943 Information: 74.00149175063109
             80      -903.9013         2.6         -600.9279      -302.9733 --
ML: -680.3520376765839 Information: 75.10864480506666
             81      -904.4544         2.6         -600.5294      -303.9250 --
ML: -680.2269966589105 Information: 75.53768099832416
             82      -915.5901         2.7         -599.6310      -315.9591 --
ML: -680.1260824533135 Information: 75.92230777224677
             83      -911.1478         2.7         -597.9884      -313.1594 --
ML: -679.9584401340215 Information: 76.71396154339436
             84      -908.7505         2.7         -595.9077      -312.8427 --
ML: -679.5835624874966 Information: 78.63274135371586
             85      -899.2624         2.7         -595.6855      -303.5768 --
ML: -679.4493622320731 Information: 79.15977752430342
             86      -900.0115         2.7         -594.0720      -305.9394 --
ML: -679.2407729845909 Information: 80.12176610729279
             87      -895.2981         2.7         -590.5889      -304.7092 --
ML: -678.0604763357165 Information: 84.8512251729097
             88      -900.5049         2.7         -588.7467      -311.7582 --
ML: -677.1017634640265 Information: 86.64417445186831
             89      -885.4002         2.7         -588.6307      -296.7695 --
ML: -676.8748327859951 Information: 86.78814535325523
             90      -893.9336         2.7         -587.1488      -306.7848 --
ML: -676.5906221655287 Information: 87.23073357483429
             91      -913.5695         2.7         -585.8391      -327.7303 --
ML: -676.3000544610336 Information: 87.82795140633078
             92      -884.6686         2.7         -585.4831      -299.1855 --
ML: -676.175679465503 Information: 88.05314251573304
             93      -898.5952         2.7         -584.3392      -314.2559 --
ML: -676.049011040692 Information: 88.37658203424178
             94      -899.1702         2.8         -583.3145      -315.8557 --
ML: -675.9339337235294 Information: 88.7352224734517
             95      -876.8376         2.8         -577.3736      -299.4640 --
ML: -673.1484898505961 Information: 95.16864828240598
             96      -883.9284         2.8         -576.9100      -307.0183 --
ML: -672.7110540089751 Information: 95.11024103311456
             97      -886.0983         2.8         -576.8305      -309.2677 --
ML: -672.579030221989 Information: 95.07348591607553
             98      -876.6651         2.8         -573.4287      -303.2363 --
ML: -671.717925652157 Information: 96.56593569546777
             99      -876.1158         2.8         -573.2474      -302.8683 --
ML: -671.4911139852608 Information: 96.72561025775906
            100      -863.7748         2.8         -561.4670      -302.3077 --
ML: -662.3054660106983 Information: 100.8370950376732
            101      -865.5571         2.8         -561.1177      -304.4394 --
ML: -661.8856852585766 Information: 100.53752538336136
            102      -856.7387         2.8         -559.4859      -297.2527 --
ML: -661.3880731215041 Information: 100.76993282918397
            103      -873.9870         2.8         -557.9154      -316.0715 --
ML: -660.8612569546431 Information: 101.34990858171653
            104      -872.1727         2.8         -557.3447      -314.8280 --
ML: -660.6249310525467 Information: 101.56960092246828
            105      -867.4080         2.8         -556.3027      -311.1052 --
ML: -660.4264871407378 Information: 101.86660432381393
            106      -872.7943         2.8         -555.4267      -317.3676 --
ML: -660.2789190496633 Information: 102.14889724641063
            107      -866.9220         2.8         -553.6427      -313.2792 --
ML: -660.016187557036 Information: 102.92295947254956
            108      -866.6650         2.8         -553.5737      -313.0913 --
ML: -659.9290250155317 Information: 103.12957778167572
            109      -851.1509         2.8         -550.8468      -300.3040 --
ML: -659.5442131439322 Information: 104.6461375635053
            110      -855.3293         2.8         -550.6973      -304.6319 --
ML: -659.4162951846564 Information: 105.02261599011405
            111      -868.8300         2.8         -548.4351      -320.3949 --
ML: -659.0626460587916 Information: 106.4438846378618
            112      -854.5602         2.8         -545.3573      -309.2028 --
ML: -657.8450334083337 Information: 110.3387656041264
            113      -848.5290         2.8         -542.0273      -306.5017 --
ML: -655.7364286349797 Information: 113.04394071498476
            114      -834.7148         2.8         -540.8406      -293.8741 --
ML: -655.014288724059 Information: 113.274153813633
            115      -852.9030         2.8         -540.5537      -312.3493 --
ML: -654.7894864439855 Information: 113.28820027900701
            116      -854.7966         2.8         -540.1650      -314.6316 --
ML: -654.6858008642181 Information: 113.31612456074004
            117      -843.2053         2.8         -536.8743      -306.3309 --
ML: -654.0061216524986 Information: 114.85362733134582
            118      -852.8603         2.8         -535.5997      -317.2606 --
ML: -653.5058976726132 Information: 115.7517842666698
            119      -839.8785         2.8         -535.5503      -304.3281 --
ML: -653.3642896443042 Information: 115.90115277458352
            120      -836.2141         2.8         -534.9107      -301.3033 --
ML: -653.2762010745024 Information: 116.02828003169373
            121      -839.3861         2.8         -534.2075      -305.1786 --
ML: -653.2154173364021 Information: 116.14679824803216
            122      -846.1910         2.8         -530.6931      -315.4978 --
ML: -652.6679622331777 Information: 118.28711484447746
            123      -829.8442         2.8         -530.5377      -299.3064 --
ML: -652.5014591917551 Information: 118.71006715859295
            124      -834.6054         2.8         -522.9546      -311.6508 --
ML: -647.7841881313021 Information: 124.7327050207923
            125      -822.5500         2.8         -522.8063      -299.7436 --
ML: -647.4315276771166 Information: 124.45288827120987
            126      -832.4422         2.8         -520.8729      -311.5692 --
ML: -646.8686116260649 Information: 124.7963684197124
            127      -840.1092         2.8         -520.2099      -319.8992 --
ML: -646.600651834808 Information: 124.96615036808532
            128      -820.3625         2.8         -519.7044      -300.6581 --
ML: -646.4666746381407 Information: 125.07418350417731
            129      -819.8073         2.8         -517.8520      -301.9553 --
ML: -646.2088840161417 Information: 125.62093130235843
            130      -828.4598         2.8         -517.5152      -310.9446 --
ML: -646.0981641088626 Information: 125.83226784535913
            131      -824.3155         2.8         -515.7937      -308.5217 --
ML: -645.9029013136884 Information: 126.43027368076326
            132      -827.9837         2.8         -514.7619      -313.2218 --
ML: -645.7347396083536 Information: 126.99125012294581
            133      -819.0088         2.8         -512.7542      -306.2545 --
ML: -645.3812872903828 Information: 128.42103425813235
            134      -813.9059         2.8         -512.0770      -301.8289 --
ML: -645.1860508524887 Information: 129.09187946466784
            135      -826.0132         2.8         -511.5532      -314.4599 --
ML: -645.0815448982711 Information: 129.43796739859602
            136      -823.9060         2.7         -511.2187      -312.6872 --
ML: -645.0317963735275 Information: 129.60296013716788
            137      -824.9944         2.7         -510.7721      -314.2223 --
ML: -645.0042717805462 Information: 129.70186193954396
            138      -822.0149         2.7         -506.7403      -315.2746 --
ML: -644.5577155883586 Information: 132.33912955239776
            139      -817.1236         2.7         -505.6642      -311.4593 --
ML: -644.2293958391227 Information: 133.84514700061703
            140      -804.6229         2.7         -504.9167      -299.7062 --
ML: -644.0326564313144 Information: 134.62488126638738
            141      -818.3832         2.7         -503.4936      -314.8896 --
ML: -643.7915432572831 Information: 135.65086270341612
            142      -819.1479         2.7         -502.7236      -316.4243 --
ML: -643.6343492741643 Information: 136.28164209313587
            143      -806.3127         2.7         -501.1566      -305.1561 --
ML: -643.4060672798914 Information: 137.31797651010572
            144      -801.7440         2.7         -500.4137      -301.3303 --
ML: -643.2595164336775 Information: 137.94494567172347
            145      -808.4169         2.7         -500.2666      -308.1503 --
ML: -643.203044831461 Information: 138.16564112402364
            146      -810.9689         2.7         -499.9150      -311.0539 --
ML: -643.1747401150539 Information: 138.2802911850448
            147      -810.7304         2.7         -498.8091      -311.9213 --
ML: -643.1441872093189 Information: 138.43285000846708
            148      -802.2342         2.7         -498.0093      -304.2248 --
ML: -643.1198540083959 Information: 138.56962949299526
            149      -798.1007         2.7         -497.5138      -300.5869 --
ML: -643.1054429108999 Information: 138.6558933177539
            150      -799.7755         2.7         -497.2622      -302.5133 --
ML: -643.0986965636233 Information: 138.6974717224299
            151      -800.8231         2.7         -496.2102      -304.6129 --
ML: -643.0916386482218 Information: 138.74802175859566
            152      -804.9702         2.7         -495.6367      -309.3334 --
ML: -643.0870583683785 Information: 138.78323002739768
            153      -804.8478         2.7         -494.7193      -310.1284 --
ML: -643.0828596461732 Information: 138.8191894066723
            154      -812.3363         2.7         -494.0721      -318.2642 --
ML: -643.0799194455365 Information: 138.84617044092607
            155      -816.5193         2.7         -493.2350      -323.2842 --
ML: -643.0774282335066 Information: 138.87104509715402
            156      -816.5343         2.7         -493.1959      -323.3383 --
ML: -643.0764768179737 Information: 138.88056419559462
            157      -806.7356         2.6         -492.9232      -313.8124 --
ML: -643.0760173996748 Information: 138.885282461818
            158      -805.0446         2.6         -491.2885      -313.7561 --
ML: -643.075151348314 Information: 138.89558549339444
            159      -803.7283         2.6         -490.5658      -313.1624 --
ML: -643.0744955065188 Information: 138.9038551658311
            160      -793.0619         2.6         -489.0913      -303.9706 --
ML: -643.0734423024634 Information: 138.9186751959058
            161      -790.3817         2.6         -487.9956      -302.3860 --
ML: -643.0722846133301 Information: 138.93621393730604
            162      -797.4068         2.6         -485.7019      -311.7048 --
ML: -643.0680746913878 Information: 139.00944718177624
            163      -802.2965         2.6         -485.3979      -316.8985 --
ML: -643.0659824561541 Information: 139.04635657522874
            164      -808.8369         2.6         -485.2381      -323.5988 --
ML: -643.0650806721663 Information: 139.06238403035462
            165      -812.1801         2.6         -483.1326      -329.0474 --
ML: -643.0623617615819 Information: 139.1163317466756
            166      -810.2423         2.6         -481.5395      -328.7027 --
ML: -643.0574602630653 Information: 139.22098679470412
            167      -810.4505         2.6         -481.0348      -329.4156 --
ML: -643.0544851115751 Information: 139.28574904729146
            168      -818.2008         2.6         -479.9977      -338.2030 --
ML: -643.0514068234033 Information: 139.35573214368242
            169      -808.2378         2.6         -475.7128      -332.5249 --
ML: -642.972519349363 Information: 141.39951040044525
            170      -807.5281         2.6         -475.2323      -332.2958 --
ML: -642.9283850859526 Information: 142.49262228077237
            171      -800.6921         2.6         -475.2213      -325.4708 --
ML: -642.912454090529 Information: 142.87519944264199
            172      -799.9603         2.6         -474.7061      -325.2542 --
ML: -642.9027682835014 Information: 143.10968153055893
            173      -796.7914         2.6         -473.1760      -323.6153 --
ML: -642.8865238756978 Information: 143.52232169940777
            174      -800.9587         2.6         -471.6329      -329.3258 --
ML: -642.8591640210336 Information: 144.24340013568485
            175      -783.1450         2.6         -471.1039      -312.0410 --
ML: -642.8424540234494 Information: 144.68259223004895
            176      -790.9856         2.6         -469.2336      -321.7520 --
ML: -642.8036495051987 Information: 145.74475611947594
            177      -798.0728         2.6         -467.9897      -330.0831 --
ML: -642.7562159424639 Information: 147.0439867713236
            178      -789.2087         2.6         -467.9477      -321.2610 --
ML: -642.7385989256665 Information: 147.51121421511857
            179      -788.0328         2.6         -467.3094      -320.7233 --
ML: -642.7265104635836 Information: 147.83457850404773
            180      -784.2454         2.6         -465.3720      -318.8733 --
ML: -642.6962916188431 Information: 148.68307142805935
            181      -779.7701         2.6         -463.8086      -315.9615 --
ML: -642.6453197949627 Information: 150.13310378247888
            182      -778.1532         2.6         -463.5085      -314.6446 --
ML: -642.6209410631182 Information: 150.80724754959726
            183      -784.0780         2.6         -462.9510      -321.1269 --
ML: -642.6055865316664 Information: 151.23168056414272
            184      -782.7443         2.6         -462.5242      -320.2200 --
ML: -642.5970335566537 Information: 151.46882598735243
            185      -796.5073         2.6         -461.8785      -334.6288 --
ML: -642.5910757068414 Information: 151.6366151817051
            186      -800.9445         2.6         -461.7758      -339.1687 --
ML: -642.5886569609758 Information: 151.7046868887855
            187      -799.8040         2.6         -461.5036      -338.3003 --
ML: -642.5874909617525 Information: 151.73775830888712
            188      -796.8490         2.6         -461.4541      -335.3948 --
ML: -642.587040607651 Information: 151.7505433812638
            189      -787.0446         2.6         -461.0469      -325.9976 --
ML: -642.5867917453904 Information: 151.7577070865459
            190      -783.6132         2.6         -459.7939      -323.8192 --
ML: -642.5864713103579 Information: 151.7673298181603
            191      -785.1421         2.6         -459.5159      -325.6261 --
ML: -642.5863157000589 Information: 151.77204492184444
            192      -780.8041         2.6         -457.9517      -322.8524 --
ML: -642.5860421801066 Information: 151.78075872669592
            193      -776.3588         2.6         -456.1209      -320.2378 --
ML: -642.5854147022975 Information: 151.8018880592155
            194      -783.7313         2.6         -456.0172      -327.7141 --
ML: -642.5851587419024 Information: 151.8105297592054
            195      -784.8394         2.6         -455.9080      -328.9313 --
ML: -642.5850537400944 Information: 151.81408561602848
            196      -785.7652         2.6         -455.0683      -330.6968 --
ML: -642.5849642988674 Information: 151.81718931552598
            197      -787.3278         2.6         -454.3142      -333.0135 --
ML: -642.5848943624236 Information: 151.81966871686967
            198      -777.5502         2.6         -453.6472      -323.9030 --
ML: -642.5848442358514 Information: 151.8214791396503
            199      -776.4760         2.6         -453.4915      -322.9845 --
ML: -642.5848226881867 Information: 151.82226070465305
            200      -779.6314         2.6         -452.7040      -326.9273 --
ML: -642.5848052672594 Information: 151.82290629178442
            201      -772.2225         2.6         -452.6477      -319.5747 --
ML: -642.5847984874285 Information: 151.82315791822947
            202      -782.1552         2.6         -452.5197      -329.6354 --
ML: -642.5847956526258 Information: 151.82326349142033
            203      -772.4444         2.6         -452.4055      -320.0388 --
ML: -642.5847944836036 Information: 151.82330716131747
            204      -763.6046         2.6         -452.0596      -311.5450 --
ML: -642.5847938757788 Information: 151.82333007744262
            205      -769.4646         2.6         -451.9990      -317.4655 --
ML: -642.5847936382107 Information: 151.82333904860218
            206      -788.6030         2.6         -451.5300      -337.0729 --
ML: -642.5847934985158 Information: 151.82334438934976
            207      -786.2063         2.6         -451.3185      -334.8877 --
ML: -642.5847934350205 Information: 151.8233468302692
            208      -779.5424         2.6         -450.7613      -328.7810 --
ML: -642.5847933942437 Information: 151.82334842059174
            209      -788.8430         2.6         -449.6067      -339.2362 --
ML: -642.5847933466482 Information: 151.82335033174854
            210      -782.4974         2.6         -447.7172      -334.7801 --
ML: -642.5847932308013 Information: 151.82335520242003
            211      -786.6676         2.6         -447.4909      -339.1767 --
ML: -642.5847931773619 Information: 151.82335746132043
            212      -786.3790         2.6         -446.7081      -339.6709 --
ML: -642.5847931343534 Information: 151.82335931300463
            213      -786.3750         2.6         -446.6391      -339.7359 --
ML: -642.5847931174022 Information: 151.82336004395626
            214      -785.4857         2.6         -445.7186      -339.7671 --
ML: -642.5847931017463 Information: 151.82336073346534
            215      -790.2924         2.6         -445.4255      -344.8669 --
ML: -642.584793094025 Information: 151.82336107578675
            216      -777.9888         2.6         -445.3338      -332.6549 --
ML: -642.584793090912 Information: 151.8233612140897
            217      -784.3762         2.6         -444.2580      -340.1181 --
ML: -642.5847930875536 Information: 151.82336136689952
            218      -794.3222         2.6         -442.7299      -351.5923 --
ML: -642.5847930818587 Information: 151.82336163472928
            219      -783.7328         2.6         -442.5212      -341.2115 --
ML: -642.5847930792777 Information: 151.82336175664454
            220      -783.6762         2.6         -442.4581      -341.2180 --
ML: -642.5847930782663 Information: 151.82336180448118
            221      -797.6492         2.6         -441.8214      -355.8277 --
ML: -642.584793077563 Information: 151.8233618382214
            222      -799.8624         2.6         -441.4837      -358.3786 --
ML: -642.5847930772003 Information: 151.8233618557254
            223      -808.5291         2.6         -441.2933      -367.2357 --
ML: -642.5847930770389 Information: 151.8233618635639
            224      -797.8007         2.6         -440.9336      -356.8671 --
ML: -642.5847930769538 Information: 151.8233618676952
            225      -813.6899         2.6         -439.4455      -374.2443 --
ML: -642.5847930768152 Information: 151.82336187465717
            226      -800.4692         2.6         -438.7886      -361.6805 --
ML: -642.5847930767169 Information: 151.8233618796633
            227      -791.5619         2.6         -438.6347      -352.9272 --
ML: -642.5847930766747 Information: 151.8233618818084
            228      -786.2406         2.6         -437.5661      -348.6745 --
ML: -642.5847930766295 Information: 151.82336188418992
            229      -785.5492         2.6         -437.5424      -348.0068 --
ML: -642.5847930766124 Information: 151.82336188509146
            230      -784.1121         2.6         -437.1509      -346.9612 --
ML: -642.5847930766032 Information: 151.82336188555104
            231      -777.1824         2.6         -437.0933      -340.0891 --
ML: -642.5847930765996 Information: 151.82336188575448
            232      -784.2172         2.6         -436.9795      -347.2376 --
ML: -642.5847930765981 Information: 151.82336188582792
            233      -793.0490         2.6         -436.8821      -356.1668 --
ML: -642.5847930765975 Information: 151.8233618858427
            234      -781.6252         2.6         -436.0456      -345.5795 --
ML: -642.584793076597 Information: 151.8233618858976
            235      -789.6668         2.6         -435.4945      -354.1722 --
ML: -642.5847930765966 Information: 151.82336188592222
            236      -787.1371         2.6         -435.4136      -351.7235 --
ML: -642.5847930765965 Information: 151.8233618859211
            237      -794.1398         2.6         -435.4089      -358.7309 --
ML: -642.5847930765965 Information: 151.82336188590006
            238      -794.4200         2.7         -435.3041      -359.1159 --
ML: -642.5847930765965 Information: 151.82336188589153
            239      -812.8104         2.7         -434.2557      -378.5546 --
ML: -642.5847930765965 Information: 151.82336188588255
            240      -800.3008         2.7         -433.2700      -367.0307 --
ML: -642.5847930765965 Information: 151.82336188587368
            241      -789.5327         2.7         -432.0707      -357.4620 --
ML: -642.5847930765965 Information: 151.82336188586288
            242      -805.2671         2.7         -431.9526      -373.3145 --
ML: -642.5847930765965 Information: 151.82336188585845
            243      -811.5190         2.7         -431.4644      -380.0546 --
ML: -642.5847930765965 Information: 151.82336188585583
            244      -802.4978         2.7         -431.1207      -371.3771 --
ML: -642.5847930765965 Information: 151.82336188585447
            245      -806.4478         2.7         -431.1047      -375.3431 --
ML: -642.5847930765965 Information: 151.8233618858539
            246      -810.1973         2.7         -430.9892      -379.2080 --
ML: -642.5847930765965 Information: 151.82336188585367
            247      -798.0825         2.7         -430.6567      -367.4258 --
ML: -642.5847930765965 Information: 151.82336188585356
            248      -801.9728         2.7         -430.4746      -371.4982 --
ML: -642.5847930765965 Information: 151.82336188585356
            249      -804.0776         2.7         -430.2271      -373.8504 --
ML: -642.5847930765965 Information: 151.82336188585356
            250      -814.7776         2.7         -430.0523      -384.7253 --
ML: -642.5847930765965 Information: 151.82336188585356
            251      -803.8361         2.7         -430.0001      -373.8360 --
ML: -642.5847930765965 Information: 151.82336188585356
            252      -804.0889         2.7         -429.9241      -374.1648 --
ML: -642.5847930765965 Information: 151.82336188585356
            253      -801.7452         2.7         -429.6267      -372.1185 --
ML: -642.5847930765965 Information: 151.82336188585356
            254      -817.4211         2.7         -428.9418      -388.4793 --
ML: -642.5847930765965 Information: 151.82336188585356
            255      -809.6354         2.7         -428.5738      -381.0616 --
ML: -642.5847930765965 Information: 151.82336188585356
            256      -811.7214         2.7         -428.5196      -383.2018 --
ML: -642.5847930765965 Information: 151.82336188585356
            257      -808.7930         2.7         -426.6360      -382.1570 --
ML: -642.5847930765965 Information: 151.82336188585356
            258      -806.4987         2.8         -426.0814      -380.4173 --
ML: -642.5847930765965 Information: 151.82336188585356
            259      -801.7255         2.8         -425.4488      -376.2767 --
ML: -642.5847930765965 Information: 151.82336188585356
            260      -807.2881         2.8         -425.0706      -382.2174 --
ML: -642.5847930765965 Information: 151.82336188585356
            261      -816.9743         2.8         -424.9702      -392.0041 --
ML: -642.5847930765965 Information: 151.82336188585356
            262      -824.8450         2.8         -424.7059      -400.1391 --
ML: -642.5847930765965 Information: 151.82336188585356
            263      -807.4157         2.8         -424.4073      -383.0083 --
ML: -642.5847930765965 Information: 151.82336188585356
            264      -799.4984         2.8         -424.1710      -375.3274 --
ML: -642.5847930765965 Information: 151.82336188585356
            265      -819.8912         2.8         -423.6212      -396.2699 --
ML: -642.5847930765965 Information: 151.82336188585356
            266      -814.7516         2.8         -423.5471      -391.2045 --
ML: -642.5847930765965 Information: 151.82336188585356
            267      -817.0032         2.8         -423.2800      -393.7232 --
ML: -642.5847930765965 Information: 151.82336188585356
            268      -809.8874         2.8         -423.2390      -386.6484 --
ML: -642.5847930765965 Information: 151.82336188585356
            269      -806.3997         2.8         -422.4800      -383.9196 --
ML: -642.5847930765965 Information: 151.82336188585356
            270      -822.7312         2.8         -421.3067      -401.4244 --
ML: -642.5847930765965 Information: 151.82336188585356
            271      -819.2465         2.8         -420.9562      -398.2902 --
ML: -642.5847930765965 Information: 151.82336188585356
            272      -809.5981         2.9         -420.9089      -388.6892 --
ML: -642.5847930765965 Information: 151.82336188585356
            273      -810.9555         2.9         -420.7574      -390.1981 --
ML: -642.5847930765965 Information: 151.82336188585356
            274      -811.6500         2.9         -420.2539      -391.3960 --
ML: -642.5847930765965 Information: 151.82336188585356
            275      -812.0112         2.9         -420.1631      -391.8480 --
ML: -642.5847930765965 Information: 151.82336188585356
            276      -823.2853         2.9         -418.7861      -404.4992 --
ML: -642.5847930765965 Information: 151.82336188585356
            277      -813.6594         2.9         -418.5438      -395.1155 --
ML: -642.5847930765965 Information: 151.82336188585356
            278      -822.0740         2.9         -418.3398      -403.7341 --
ML: -642.5847930765965 Information: 151.82336188585356
            279      -815.4719         2.9         -418.3122      -397.1596 --
ML: -642.5847930765965 Information: 151.82336188585356
            280      -820.6338         2.9         -418.1574      -402.4764 --
ML: -642.5847930765965 Information: 151.82336188585356
            281      -824.5641         2.9         -417.4592      -407.1048 --
ML: -642.5847930765965 Information: 151.82336188585356
            282      -823.7372         2.9         -417.3741      -406.3631 --
ML: -642.5847930765965 Information: 151.82336188585356
            283      -831.6532         3.0         -416.7348      -414.9184 --
ML: -642.5847930765965 Information: 151.82336188585356
            284      -822.6784         3.0         -416.7267      -405.9516 --
ML: -642.5847930765965 Information: 151.82336188585356
            285      -834.7511         3.0         -416.6353      -418.1157 --
ML: -642.5847930765965 Information: 151.82336188585356
            286      -822.8589         3.0         -416.0643      -406.7946 --
ML: -642.5847930765965 Information: 151.82336188585356
            287      -826.1704         3.0         -415.9203      -410.2500 --
ML: -642.5847930765965 Information: 151.82336188585356
            288      -830.2907         3.0         -415.4945      -414.7961 --
ML: -642.5847930765965 Information: 151.82336188585356
            289      -839.9634         3.0         -414.9873      -424.9761 --
ML: -642.5847930765965 Information: 151.82336188585356
            290      -833.3998         3.0         -414.7882      -418.6116 --
ML: -642.5847930765965 Information: 151.82336188585356
            291      -841.0540         3.0         -414.7395      -426.3144 --
ML: -642.5847930765965 Information: 151.82336188585356
            292      -836.4413         3.1         -414.6947      -421.7465 --
ML: -642.5847930765965 Information: 151.82336188585356
            293      -829.3372         3.1         -414.6219      -414.7153 --
ML: -642.5847930765965 Information: 151.82336188585356
            294      -821.8748         3.1         -414.6080      -407.2668 --
ML: -642.5847930765965 Information: 151.82336188585356
            295      -843.2114         3.1         -414.5615      -428.6498 --
ML: -642.5847930765965 Information: 151.82336188585356
            296      -821.0154         3.1         -414.1877      -406.8277 --
ML: -642.5847930765965 Information: 151.82336188585356
            297      -839.8998         3.1         -413.9156      -425.9842 --
ML: -642.5847930765965 Information: 151.82336188585356
            298      -823.1550         3.1         -413.7225      -409.4325 --
ML: -642.5847930765965 Information: 151.82336188585356
            299      -826.5887         3.2         -413.7048      -412.8839 --
ML: -642.5847930765965 Information: 151.82336188585356
            300      -828.2470         3.2         -412.9719      -415.2751 --
ML: -642.5847930765965 Information: 151.82336188585356
            301      -838.5567         3.2         -412.7600      -425.7967 --
ML: -642.5847930765965 Information: 151.82336188585356
            302      -846.8657         3.2         -411.6952      -435.1704 --
ML: -642.5847930765965 Information: 151.82336188585356
            303      -830.6021         3.2         -411.3658      -419.2363 --
ML: -642.5847930765965 Information: 151.82336188585356
304<=1000000&& (304<2.0*151.82336188585356*1||Math.abs(-642.5847930765965 - -642.5847930765965)/Math.abs(-642.5847930765965) > 1.0E-10
Finished in 304 steps!
Marginal likelihood: -639.6435589777915 (bootstrap SD=11.962038219482451)
Marginal likelihood: -637.5564494198146 (subsample SD=13.744927549094552)
Marginal likelihood: -638.8645267525794(10.996368058136532)
Information: 151.82336188585356
SD: 12.321662302053792

Operator                                                                Tuning    #accept    #reject      Pr(m)  Pr(acc|m)
Uniform()                                                                    -     539313     307892    0.27778    0.63658 
SubtreeSlide()                                                         1.00000      41245      43738    0.02778    0.48533 Try increasing size to about 2
SubtreeSlide()                                                        30.00000       2005      82571    0.02778    0.02371 Try decreasing size to about 15
Exchange()                                                                   -      83584     763541    0.27778    0.09867 
beast.base.inference.operator.DeltaExchangeOperator(editRateScaler)    1.00000       1626      82974    0.02778    0.01922 Try setting delta to about 0.5
ScaleOperator(clockRateScaler)                                         0.80000      55792      29054    0.02778    0.65757 Try setting scaleFactor to about 0.64
ScaleOperator(silencingRateScaler)                                     0.80000      65343      19226    0.02778    0.77266 Try setting scaleFactor to about 0.64
ScaleOperator(georateScaler.s:tissue)                                  0.99000     820715      26205    0.27778    0.96906 Try setting scaleFactor to about 0.98
ScaleOperator(geoMuScaler.c:tissue)                                    0.90000      72544      12632    0.02778    0.85170 Try setting scaleFactor to about 0.81

     Tuning: The value of the operator's tuning parameter, or '-' if the operator can't be optimized.
    #accept: The total number of times a proposal by this operator has been accepted.
    #reject: The total number of times a proposal by this operator has been rejected.
      Pr(m): The probability this operator is chosen in a step of the MCMC (i.e. the normalized weight).
  Pr(acc|m): The acceptance probability (#accept as a fraction of the total proposals for this operator).


Total calculation time: 478.812 seconds
Done!
