************************************
**** FeastMain BEAST 2 Launcher ****
************************************

Hunting for beast_services.xml files embedded in classpath:
- Processing /feast/beast_services.xml...
- Processing /beast_services.xml...
Done. Handing over to BeastMain...

                   BEAST v2.7.7 Prerelease, 2002-2024
             Bayesian Evolutionary Analysis Sampling Trees
                       Designed and developed by
 Remco Bouckaert, Alexei J. Drummond, Andrew Rambaut & Marc A. Suchard
                                    
                   Centre for Computational Evolution
                         University of Auckland
                       r.bouckaert@auckland.ac.nz
                        alexei@cs.auckland.ac.nz
                                    
                   Institute of Evolutionary Biology
                        University of Edinburgh
                           a.rambaut@ed.ac.uk
                                    
                    David Geffen School of Medicine
                 University of California, Los Angeles
                           msuchard@ucla.edu
                                    
                      Downloads, Help & Resources:
                           http://beast2.org/
                                    
  Source code distributed under the GNU Lesser General Public License:
                   http://github.com/CompEvol/beast2
                                    
                           BEAST developers:
   Alex Alekseyenko, Trevor Bedford, Erik Bloomquist, Joseph Heled, 
 Sebastian Hoehna, Denise Kuehnert, Philippe Lemey, Wai Lok Sibon Li, 
Gerton Lunter, Sidney Markowitz, Vladimir Minin, Michael Defoin Platel, 
          Oliver Pybus, Tim Vaughan, Chieh-Hsi Wu, Walter Xie
                                    
                               Thanks to:
          Roald Forsberg, Beth Shapiro and Korbinian Strimmer

Random number seed: 1733232927380

AlignmentFromFasta(alignment)
  63 taxa
  10 sites
  6 patterns

ASV020 = 420 (0.0)
ASV041 = 420 (0.0)
ASV051 = 420 (0.0)
ASV052 = 420 (0.0)
ASV055 = 420 (0.0)
ASV070 = 420 (0.0)
ASV071 = 420 (0.0)
ASV075 = 420 (0.0)
ASV076 = 420 (0.0)
ASV088 = 420 (0.0)
53 more...
Starting frequencies: [1.0, 0.0, 0.0]
  Using BEAGLE version: 4.0.1 (PRE-RELEASE) resource 0: CPU (x86_64)
    with instance flags:  PRECISION_DOUBLE COMPUTATION_SYNCH EIGEN_COMPLEX SCALING_MANUAL SCALERS_RAW VECTOR_SSE THREADING_NONE PROCESSOR_CPU FRAMEWORK_CPU
Starting frequencies: [1.0, 0.0, 0.0, 0.0]
ASV020 = FML (NaN)
ASV041 = LNSL (NaN)
ASV051 = PRL (NaN)
ASV052 = LNSL (NaN)
ASV055 = LNSL (NaN)
ASV070 = FML (NaN)
ASV071 = PRL (NaN)
ASV075 = FML (NaN)
ASV076 = FML (NaN)
ASV088 = FML (NaN)
53 more...
Starting frequencies: [0.25, 0.25, 0.25, 0.25]
  Using BEAGLE version: 4.0.1 (PRE-RELEASE) resource 0: CPU (x86_64)
    with instance flags:  PRECISION_DOUBLE COMPUTATION_SYNCH EIGEN_COMPLEX SCALING_MANUAL SCALERS_RAW VECTOR_SSE THREADING_NONE PROCESSOR_CPU FRAMEWORK_CPU
===============================================================================
Citations for this model:

Patricio Maturana, Brendon J. Brewer, Steffen Klaere, Remco Bouckaert. Model selection and parameter inference in phylogenetics using Nested Sampling. Systematic Biology, syy050, 2018

Stadler, T., Kuehnert, D., Bonhoeffer, S., and Drummond, A. J. (2013):
 Birth-death skyline plot reveals temporal changes of
 epidemic spread in HIV and hepatitis C virus (HCV). PNAS 110(1): 228–33.
If sampled ancestors are used then please also cite: Gavryushkina A, Welch D, Stadler T, Drummond AJ (2014) 
Bayesian inference of sampled ancestor trees for epidemiology and fossil calibration. 
PLoS Comput Biol 10(12): e1003919. doi:10.1371/journal.pcbi.1003919

Edwards, C. J., Suchard, M. A., Lemey, P., ... & Valdiosera, C. E. (2011).
Ancient hybridization and an Irish origin for the modern polar bear matriline.
Current Biology, 21(15), 1251-1258.

===============================================================================
         Sample      posterior ESS(posterior)     likelihood          prior
Start likelihood 0: -8944.99979553221 
              0     -2524.4006              N     -2041.0461      -483.3545 --
ML: -2041.8846783072236 Information: 0.8385606384288167
              1     -2325.4693         2.0        -1905.2703      -420.1990 --
ML: -1907.1088807012577 Information: 1.8385606384288167
              2     -1705.7408         3.0        -1312.6543      -393.0865 --
ML: -1315.4928696565908 Information: 2.8385606384288167
              3     -1451.2263         4.0        -1107.8099      -343.4164 --
ML: -1111.6485143427346 Information: 3.8385606384288167
              4     -1398.4310         3.4        -1061.9542      -336.4768 --
ML: -1066.792771422976 Information: 4.838560638428817
              5     -1297.9784         2.7         -971.8477      -326.1306 --
ML: -977.6863537553506 Information: 5.838560638428817
              6     -1288.1075         2.8         -962.4436      -325.6638 --
ML: -969.281992908663 Information: 6.8362312431584105
              7     -1260.0825         2.9         -938.9777      -321.1047 --
ML: -946.8163334535597 Information: 7.838560634122864
              8     -1213.7442         3.2         -926.1998      -287.5443 --
ML: -935.0384436939017 Information: 8.838454929945687
              9     -1190.2694         4.1         -892.9292      -297.3401 --
ML: -902.7678350406111 Information: 9.838560638419867
             10     -1164.5353         4.4         -874.8452      -289.6901 --
ML: -885.6838313489296 Information: 10.838559911999194
             11     -1158.6915         4.5         -865.2664      -293.4251 --
ML: -877.1048213023112 Information: 11.836571685638903
             12     -1136.1735         4.5         -864.2039      -271.9695 --
ML: -876.3800438156956 Information: 11.660502376944862
             13     -1137.6107         4.5         -864.0852      -273.5254 --
ML: -876.1864795384662 Information: 11.578556351508382
             14     -1130.3012         4.6         -850.3622      -279.9390 --
ML: -865.2007642350658 Information: 14.838302345704893
             15     -1130.3218         4.8         -848.6640      -281.6578 --
ML: -864.0987919594616 Information: 14.87052327777252
             16     -1122.7976         4.9         -840.9118      -281.8857 --
ML: -857.748697577001 Information: 16.822287280793052
             17     -1118.9823         4.9         -835.8645      -283.1178 --
ML: -853.6857605972658 Information: 17.734156492451497
             18     -1117.2531         5.0         -828.9989      -288.2542 --
ML: -847.8345996397219 Information: 18.815680137967007
             19     -1120.6354         3.7         -827.0643      -293.5711 --
ML: -846.5707966879941 Information: 18.954146691146747
             20     -1107.7048         3.8         -826.6758      -281.0290 --
ML: -846.2420465584703 Information: 18.88899586299476
             21     -1121.4231         3.9         -825.9799      -295.4432 --
ML: -846.0541452813535 Information: 18.936319543231548
             22     -1110.9986         4.0         -821.6724      -289.3261 --
ML: -844.317342915464 Information: 21.68604309448503
             23     -1101.8919         4.1         -816.7717      -285.1201 --
ML: -840.586088152045 Information: 23.67389595570302
             24     -1086.3778         4.2         -801.8352      -284.5426 --
ML: -826.6737817577886 Information: 24.838546044728282
             25     -1078.4196         4.3         -793.8911      -284.5284 --
ML: -819.7287281418904 Information: 25.82994352516806
             26     -1081.5166         4.4         -788.0695      -293.4471 --
ML: -814.9000468131904 Information: 26.783914415947436
             27     -1066.3814         4.4         -784.2897      -282.0917 --
ML: -812.0675957822502 Information: 27.55263288137833
             28     -1062.6862         4.5         -778.0728      -284.6134 --
ML: -806.9056417027567 Information: 28.795897070025703
             29     -1061.3807         3.9         -769.3705      -292.0101 --
ML: -799.2086864402136 Information: 29.834136928594717
             30     -1040.6135         3.9         -760.4146      -280.1988 --
ML: -791.2528998723999 Information: 30.835068377757636
             31     -1056.1467         3.9         -760.0898      -296.0568 --
ML: -790.841524086922 Information: 30.53430558516692
             32     -1053.3490         3.9         -758.1591      -295.1899 --
ML: -790.2234384230973 Information: 30.906518281035403
             33     -1044.7756         3.9         -757.8703      -286.9053 --
ML: -790.0193545992448 Information: 30.96948447714476
             34     -1041.9225         3.9         -751.5222      -290.4002 --
ML: -786.3353645332128 Information: 34.62400418843271
             35     -1046.2843         3.9         -746.7778      -299.5065 --
ML: -782.5923962980548 Information: 35.6977471110942
             36     -1021.0537         3.8         -741.6388      -279.4148 --
ML: -778.4611804526226 Information: 36.73794063244716
             37     -1009.4088         3.8         -739.4963      -269.9124 --
ML: -777.0541009160786 Information: 37.01245125473727
             38     -1012.4703         3.8         -737.9231      -274.5471 --
ML: -776.204109915089 Information: 37.37547340197847
             39     -1010.4034         3.5         -737.7344      -272.6689 --
ML: -775.977458741337 Information: 37.37072915438705
             40     -1020.4525         3.4         -737.5809      -282.8716 --
ML: -775.8940508080896 Information: 37.36941114059505
             41     -1024.1017         3.4         -736.5008      -287.6008 --
ML: -775.8109133220744 Information: 37.44771881029817
             42     -1032.5170         3.4         -731.5371      -300.9798 --
ML: -774.1621520733538 Information: 41.31244309869092
             43     -1020.2856         3.3         -724.1229      -296.1626 --
ML: -767.9595181077217 Information: 43.818870798022104
             44     -1011.2678         3.3         -712.0322      -299.2356 --
ML: -756.8708045702283 Information: 44.83836029163493
             45     -1015.8714         3.3         -711.3166      -304.5548 --
ML: -756.309783818432 Information: 44.5846824262934
             46      -999.8140         3.3         -702.4189      -297.3950 --
ML: -749.2566067888847 Information: 46.829648939232506
             47      -992.6858         3.2         -699.1849      -293.5008 --
ML: -746.9216496560156 Information: 47.422856127648416
             48      -988.0535         3.2         -693.2613      -294.7922 --
ML: -742.0919248576957 Information: 48.780710931376035
             49      -977.6163         2.9         -690.6030      -287.0132 --
ML: -740.2659847021494 Information: 49.22674329237162
             50      -981.3132         2.9         -686.4447      -294.8685 --
ML: -737.2338970959538 Information: 50.56762192404148
             51      -983.6958         2.9         -686.1009      -297.5949 --
ML: -736.832569074081 Information: 50.35317432098924
             52      -973.7191         2.9         -685.4878      -288.2313 --
ML: -736.6300209216251 Information: 50.33243730367076
             53      -966.6692         2.9         -685.1792      -281.4899 --
ML: -736.5421645440213 Information: 50.33864023105946
             54      -988.3260         2.9         -683.1085      -305.2175 --
ML: -736.3227258652727 Information: 50.72900395973102
             55      -981.2408         2.9         -682.8984      -298.3423 --
ML: -736.2370701835544 Information: 50.864602411943565
             56      -977.4645         2.9         -682.2477      -295.2168 --
ML: -736.1807944799419 Information: 50.97931698204991
             57      -976.6289         2.9         -681.6053      -295.0236 --
ML: -736.1432396496124 Information: 51.07430959827741
             58      -965.1894         2.9         -677.7699      -287.4195 --
ML: -735.6559085860738 Information: 53.40246088866661
             59      -967.1311         2.8         -676.8657      -290.2654 --
ML: -735.3554268597218 Information: 54.500303264988304
             60      -979.1037         2.8         -672.9808      -306.1228 --
ML: -733.6244715817602 Information: 59.24896861058399
             61      -982.0248         2.8         -672.9006      -309.1242 --
ML: -733.3407943619658 Information: 59.32956834764508
             62      -971.6185         2.8         -671.2997      -300.3187 --
ML: -732.9689217344414 Information: 59.79976742873566
             63      -954.8112         2.8         -670.5214      -284.2898 --
ML: -732.7467333067821 Information: 60.10509773538547
             64      -947.0669         2.8         -667.3833      -279.6835 --
ML: -731.7571484822923 Information: 62.41911525407468
             65      -954.3497         2.8         -666.2634      -288.0863 --
ML: -731.2216296105845 Information: 63.158434338431334
             66      -964.1199         2.8         -666.1810      -297.9389 --
ML: -731.0683692725398 Information: 63.27261098340955
             67      -954.3554         2.8         -652.6729      -301.6825 --
ML: -720.5114484260923 Information: 67.83814123731347
             68      -968.7478         2.8         -651.8847      -316.8631 --
ML: -719.9186175201064 Information: 67.59799904116312
             69      -954.3084         2.7         -649.7071      -304.6013 --
ML: -719.0217192273182 Information: 68.24872640103456
             70      -947.3459         2.7         -648.6733      -298.6726 --
ML: -718.5439143110362 Information: 68.56849864070676
             71      -937.2366         2.7         -645.9491      -291.2875 --
ML: -717.4027951516816 Information: 70.16743967369172
             72      -950.3325         2.7         -645.3893      -304.9431 --
ML: -717.0394119052274 Information: 70.36649932647748
             73      -950.9523         2.7         -644.4762      -306.4761 --
ML: -716.7930829556782 Information: 70.59977917920145
             74      -933.7424         2.7         -643.4348      -290.3075 --
ML: -716.5880546763497 Information: 70.90609854582215
             75      -940.8178         2.7         -639.5884      -301.2294 --
ML: -715.1545734290795 Information: 74.11296215765952
             76      -959.8710         2.7         -636.4621      -323.4088 --
ML: -713.1552184111717 Information: 76.07288664779591
             77      -939.7108         2.7         -634.9275      -304.7833 --
ML: -712.2487065748849 Information: 76.45077733301508
             78      -922.2354         2.7         -634.9163      -287.3191 --
ML: -712.0484287202936 Information: 76.41049669430629
             79      -940.9999         2.7         -632.2651      -308.7347 --
ML: -711.3825423994369 Information: 77.38439469669254
             80      -925.7875         2.7         -629.4362      -296.3513 --
ML: -709.9893771917925 Information: 79.4204853898296
             81      -922.6479         2.7         -621.5954      -301.0524 --
ML: -703.4325880110695 Information: 81.82439295960744
             82      -925.9390         2.7         -617.7715      -308.1675 --
ML: -700.5523417958246 Information: 82.56548660887665
             83      -905.0763         2.7         -616.3270      -288.7493 --
ML: -699.6472447768367 Information: 82.64880368906802
             84      -918.3983         2.7         -613.4233      -304.9750 --
ML: -698.038546416594 Information: 83.89967776244634
             85      -914.7826         2.7         -612.3881      -302.3944 --
ML: -697.4350625822328 Information: 84.08943886541596
             86      -917.4218         2.7         -610.8106      -306.6111 --
ML: -696.8432901638781 Information: 84.62990123459423
             87      -924.1616         2.7         -609.7068      -314.4548 --
ML: -696.4407961754066 Information: 85.05795906245879
             88      -910.5017         2.7         -609.2129      -301.2887 --
ML: -696.2586860907185 Information: 85.23711557048995
             89      -906.2994         2.7         -607.5061      -298.7932 --
ML: -695.967848133642 Information: 85.83343438733937
             90      -917.2113         2.7         -606.8701      -310.3411 --
ML: -695.806260447871 Information: 86.15890668671864
             91      -910.0647         2.7         -604.4137      -305.6510 --
ML: -695.3114658144539 Information: 87.70681391422903
             92      -915.0767         2.7         -601.3399      -313.7367 --
ML: -693.8993231334046 Information: 91.03314315002643
             93      -891.9413         2.7         -600.5238      -291.4174 --
ML: -693.4111426212331 Information: 91.44971314157277
             94      -908.8010         2.7         -598.6126      -310.1884 --
ML: -692.7378055854389 Information: 92.41728840861612
             95      -902.3477         2.7         -598.1341      -304.2136 --
ML: -692.4824911104848 Information: 92.65462580083391
             96      -903.4226         2.7         -595.0851      -308.3374 --
ML: -691.471430520089 Information: 94.660715831092
             97      -904.2994         2.7         -594.1108      -310.1885 --
ML: -690.9889929997393 Information: 95.21156886937922
             98      -894.9031         2.7         -593.3467      -301.5563 --
ML: -690.7248639415093 Information: 95.51165443114633
             99      -889.8329         2.7         -590.1517      -299.6812 --
ML: -689.5984280933791 Information: 97.80585035647653
            100      -896.9966         2.7         -589.5974      -307.3991 --
ML: -689.2388312822789 Information: 98.10927237290525
            101      -889.0038         2.7         -584.6721      -304.3317 --
ML: -686.4473747151131 Information: 101.37922017934739
            102      -888.8285         2.7         -584.4077      -304.4207 --
ML: -686.0759433329423 Information: 101.21268243024667
            103      -891.1097         2.7         -583.4915      -307.6182 --
ML: -685.8249343846007 Information: 101.26617858943155
            104      -904.6689         2.7         -582.4802      -322.1887 --
ML: -685.6223947996904 Information: 101.44473078564187
            105      -887.8453         2.7         -582.3095      -305.5358 --
ML: -685.545431214284 Information: 101.50615201274434
            106      -886.3917         2.7         -580.6017      -305.7900 --
ML: -685.4053748984386 Information: 101.81535071127905
            107      -893.6888         2.7         -579.9691      -313.7196 --
ML: -685.3187362377317 Information: 102.0292108106205
            108      -893.6649         2.7         -579.1886      -314.4762 --
ML: -685.2542231620245 Information: 102.22090568291094
            109      -885.9139         2.7         -577.3029      -308.6110 --
ML: -685.1131747108176 Information: 102.8337014391575
            110      -875.4956         2.7         -575.6872      -299.8084 --
ML: -684.8952412093954 Information: 103.90666728597557
            111      -879.0737         2.7         -575.6538      -303.4199 --
ML: -684.8233971450807 Information: 104.20465098223463
            112      -871.9346         2.7         -575.0231      -296.9114 --
ML: -684.7765944830671 Information: 104.41370265596413
            113      -863.6645         2.7         -573.0168      -290.6476 --
ML: -684.6587390263153 Information: 105.11254986256131
            114      -883.8642         2.7         -570.9927      -312.8714 --
ML: -684.3890483809212 Information: 106.86475000906671
            115      -873.0173         2.7         -567.6422      -305.3751 --
ML: -683.1420462035691 Information: 112.66002632834119
            116      -871.5711         2.7         -566.4060      -305.1651 --
ML: -682.4988723264036 Information: 113.95039941979172
            117      -869.0948         2.7         -566.3141      -302.7806 --
ML: -682.3238161455208 Information: 114.13415260096343
            118      -878.5140         2.7         -566.1287      -312.3853 --
ML: -682.255115744677 Information: 114.20228650978174
            119      -878.4408         2.7         -565.9581      -312.4827 --
ML: -682.2265600917854 Information: 114.23270001252786
            120      -860.9647         2.7         -561.4469      -299.5177 --
ML: -681.5624635352148 Information: 116.74555812911046
            121      -868.6690         2.7         -556.7118      -311.9572 --
ML: -678.5023534412367 Information: 121.41055610529907
            122      -882.2814         2.7         -555.8823      -326.3990 --
ML: -677.9125182604365 Information: 121.35963563289556
            123      -871.1074         2.7         -554.8312      -316.2761 --
ML: -677.5279908642252 Information: 121.52469121969841
            124      -860.3861         2.7         -552.5193      -307.8668 --
ML: -676.7461737155356 Information: 122.63267801684361
            125      -868.1468         2.7         -548.8829      -319.2639 --
ML: -674.5975221481254 Information: 125.10444297376911
            126      -846.7382         2.7         -548.3120      -298.4262 --
ML: -674.1431654086124 Information: 125.08132481825061
            127      -834.4581         2.7         -546.8806      -287.5774 --
ML: -673.6971337047568 Information: 125.4201548928703
            128      -837.2219         2.7         -545.2644      -291.9574 --
ML: -673.1864820110804 Information: 126.11419109483546
            129      -837.7305         2.7         -544.9832      -292.7473 --
ML: -673.0084278369637 Information: 126.27686703881267
            130      -830.1280         2.7         -544.5740      -285.5540 --
ML: -672.921936253857 Information: 126.36914240873313
            131      -838.6594         2.7         -543.8895      -294.7699 --
ML: -672.8632581293894 Information: 126.46224009075183
            132      -850.6434         2.7         -538.7720      -311.8714 --
ML: -671.3592384444362 Information: 130.8917964734718
            133      -849.3657         2.7         -537.3408      -312.0248 --
ML: -670.5721652791208 Information: 131.80814382254613
            134      -840.3583         2.7         -537.2349      -303.1234 --
ML: -670.3709968709442 Information: 131.88561134240683
            135      -846.8051         2.7         -536.1010      -310.7041 --
ML: -670.1817474397545 Information: 132.10747596882044
            136      -844.7442         2.7         -533.6883      -311.0558 --
ML: -669.6463511215283 Information: 133.3903313046685
            137      -848.5459         2.7         -533.0752      -315.4707 --
ML: -669.3982748562582 Information: 133.8410779185644
            138      -827.3144         2.7         -531.6360      -295.6784 --
ML: -669.1049775046556 Information: 134.5445342316612
            139      -828.7049         2.7         -530.9512      -297.7536 --
ML: -668.9348353457821 Information: 134.93906710194875
            140      -824.7350         2.7         -530.1218      -294.6131 --
ML: -668.8109220785616 Information: 135.26663376218357
            141      -833.2456         2.7         -529.4494      -303.7961 --
ML: -668.7302776895209 Information: 135.5032486326711
            142      -829.1599         2.7         -527.5085      -301.6514 --
ML: -668.5491797985325 Information: 136.26940080811715
            143      -825.9500         2.7         -523.2880      -302.6619 --
ML: -666.9106291157965 Information: 141.8758218163253
            144      -815.5737         2.7         -522.4408      -293.1329 --
ML: -666.3849513034838 Information: 142.41068856323824
            145      -820.0117         2.7         -521.4558      -298.5559 --
ML: -666.0465164651869 Information: 142.79533322521536
            146      -808.1243         2.7         -514.9334      -293.1909 --
ML: -661.7581536950106 Information: 146.71055699191038
            147      -811.2732         2.7         -514.6779      -296.5952 --
ML: -661.3739710507936 Information: 146.44427416864596
            148      -822.8174         2.7         -514.1945      -308.6228 --
ML: -661.1997569258908 Information: 146.3876040650282
            149      -815.6882         2.7         -514.0764      -301.6118 --
ML: -661.1356674058297 Information: 146.36918591989894
            150      -822.3721         2.7         -513.9710      -308.4010 --
ML: -661.1106078849396 Information: 146.36381179020623
            151      -808.5059         2.7         -513.6802      -294.8256 --
ML: -661.0985047763904 Information: 146.3645390108759
            152      -814.9394         2.7         -513.0850      -301.8543 --
ML: -661.0905114318509 Information: 146.36967315572298
            153      -817.5363         2.7         -512.4244      -305.1118 --
ML: -661.0848571853595 Information: 146.37696649826546
            154      -822.6764         2.7         -512.1777      -310.4987 --
ML: -661.0822060771255 Information: 146.38101418799727
            155      -822.8954         2.7         -510.9654      -311.9299 --
ML: -661.0789376294424 Information: 146.38993588204005
            156      -817.7833         2.7         -510.5627      -307.2205 --
ML: -661.0771435894751 Information: 146.3955378392336
            157      -819.9415         2.7         -510.3073      -309.6341 --
ML: -661.076292704673 Information: 146.39840732403138
            158      -820.1843         2.7         -509.0599      -311.1243 --
ML: -661.0752040390431 Information: 146.40343133983276
            159      -832.7252         2.7         -508.8699      -323.8553 --
ML: -661.0747200755158 Information: 146.405754590578
            160      -828.3540         2.7         -507.2876      -321.0664 --
ML: -661.0738543026965 Information: 146.41127662518159
            161      -816.3091         2.7         -505.8306      -310.4784 --
ML: -661.0724885967984 Information: 146.42196444147555
            162      -796.2322         2.7         -503.7946      -292.4375 --
ML: -661.068649973721 Information: 146.45971755047094
            163      -812.8826         2.7         -503.1639      -309.7186 --
ML: -661.0660051587355 Information: 146.48730267981784
            164      -810.5112         2.7         -499.8574      -310.6537 --
ML: -661.0398355707764 Information: 146.8413839903913
            165      -816.5173         2.7         -499.5769      -316.9404 --
ML: -661.0273343111232 Information: 147.01053220847132
            166      -815.2952         2.7         -499.2415      -316.0536 --
ML: -661.0209631798119 Information: 147.09799681787047
            167      -803.6726         2.7         -498.6699      -305.0027 --
ML: -661.0168335733613 Information: 147.15672644926116
            168      -803.1390         2.7         -495.5286      -307.6104 --
ML: -660.9823640269555 Information: 147.7433671142516
            169      -818.7420         2.7         -495.4787      -323.2633 --
ML: -660.9693461141742 Information: 147.96005261162725
            170      -808.3642         2.7         -495.2834      -313.0807 --
ML: -660.9635787262248 Information: 148.05622287882812
            171      -809.5103         2.7         -493.0988      -316.4114 --
ML: -660.9449529099631 Information: 148.40313101808493
            172      -817.1389         2.7         -493.0555      -324.0834 --
ML: -660.9378882041752 Information: 148.5332462923477
            173      -811.0529         2.7         -492.7679      -318.2850 --
ML: -660.9344414043933 Information: 148.59736685387804
            174      -812.7682         2.7         -491.1519      -321.6162 --
ML: -660.9280911388183 Information: 148.7251214241283
            175      -816.1660         2.7         -490.1272      -326.0387 --
ML: -660.9216233669333 Information: 148.86097383210551
            176      -801.6033         2.7         -489.2627      -312.3405 --
ML: -660.9160094865233 Information: 148.98298596082697
            177      -821.6720         2.7         -488.1729      -333.4990 --
ML: -660.9099040921453 Information: 149.1215030818928
            178      -811.2149         2.7         -487.2178      -323.9971 --
ML: -660.9041013865768 Information: 149.25786306063281
            179      -820.2054         2.7         -486.0099      -334.1955 --
ML: -660.8970037285352 Information: 149.4320785853987
            180      -802.3337         2.6         -484.9952      -317.3385 --
ML: -660.889851571453 Information: 149.6135666201356
            181      -805.6484         2.6         -484.0139      -321.6344 --
ML: -660.8828814220722 Information: 149.79595850232823
            182      -813.4774         2.6         -482.8107      -330.6667 --
ML: -660.8744067480038 Information: 150.0261026113282
            183      -798.6978         2.6         -482.6397      -316.0580 --
ML: -660.8707302167102 Information: 150.1259451424134
            184      -796.2623         2.6         -481.1997      -315.0626 --
ML: -660.8650480710997 Information: 150.28766611325193
            185      -801.1717         2.6         -478.8294      -322.3423 --
ML: -660.8429877249711 Information: 150.95830828417644
            186      -798.9314         2.6         -478.5476      -320.3837 --
ML: -660.8324049391775 Information: 151.27760986129624
            187      -801.5261         2.6         -477.6706      -323.8554 --
ML: -660.8231392685636 Information: 151.56240775335584
            188      -800.8044         2.6         -476.9457      -323.8586 --
ML: -660.8161591801647 Information: 151.78020349116042
            189      -801.1410         2.6         -476.5321      -324.6089 --
ML: -660.8122969470104 Information: 151.9016363164181
            190      -801.2903         2.6         -475.8759      -325.4143 --
ML: -660.8095674205391 Information: 151.98895282762834
            191      -792.3087         2.6         -475.4700      -316.8387 --
ML: -660.808063647699 Information: 152.03756306424606
            192      -781.2152         2.6         -475.3763      -305.8388 --
ML: -660.807456757596 Information: 152.05721659755483
            193      -787.8418         2.6         -474.7531      -313.0887 --
ML: -660.8070406009068 Information: 152.07094561934895
            194      -792.8079         2.6         -474.1857      -318.6221 --
ML: -660.8067706946538 Information: 152.07999980055996
            195      -798.1062         2.6         -474.0957      -324.0104 --
ML: -660.8066620717391 Information: 152.08365269207383
            196      -778.2066         2.6         -473.7367      -304.4699 --
ML: -660.8066048541149 Information: 152.085597249439
            197      -785.1577         2.6         -473.4864      -311.6713 --
ML: -660.8065778195077 Information: 152.0865227551169
            198      -786.4845         2.6         -473.2401      -313.2443 --
ML: -660.8065650967687 Information: 152.08696143133903
            199      -783.1099         2.6         -472.2621      -310.8477 --
ML: -660.8065526518645 Information: 152.08740269254662
            200      -779.2997         2.6         -472.0996      -307.2000 --
ML: -660.8065472656307 Information: 152.08759454697258
            201      -793.6635         2.6         -471.8264      -321.8371 --
ML: -660.806544661553 Information: 152.08768801378693
            202      -791.8315         2.6         -471.7708      -320.0606 --
ML: -660.8065436488225 Information: 152.08772441942585
            203      -780.3051         2.6         -470.2890      -310.0161 --
ML: -660.8065420091841 Information: 152.087785790691
            204      -781.0754         2.6         -470.2763      -310.7991 --
ML: -660.8065413982837 Information: 152.08780866431266
            205      -785.3918         2.6         -469.4607      -315.9310 --
ML: -660.806540890293 Information: 152.08782809896616
            206      -786.8958         2.6         -469.3723      -317.5234 --
ML: -660.8065406861372 Information: 152.08783592757658
            207      -785.9251         2.6         -468.1468      -317.7783 --
ML: -660.8065404303316 Information: 152.08784605026204
            208      -789.9303         2.6         -465.7089      -324.2214 --
ML: -660.8065393528989 Information: 152.08789131295646
            209      -795.5326         2.6         -465.2585      -330.2740 --
ML: -660.806538731072 Information: 152.08791771573908
            210      -786.6485         2.6         -465.1499      -321.4985 --
ML: -660.8065384760729 Information: 152.08792857071745
            211      -790.8419         2.6         -464.8484      -325.9934 --
ML: -660.8065383492531 Information: 152.08793400751466
            212      -801.6512         2.6         -464.1718      -337.4793 --
ML: -660.8065382574738 Information: 152.08793800422575
            213      -801.4259         2.6         -463.6431      -337.7827 --
ML: -660.8065382001872 Information: 152.08794052917858
            214      -816.6108         2.6         -463.1935      -353.4173 --
ML: -660.8065381671466 Information: 152.08794200030934
            215      -801.8068         2.6         -462.2331      -339.5737 --
ML: -660.8065381353908 Information: 152.08794344474893
            216      -806.4943         2.6         -461.7959      -344.6983 --
ML: -660.8065381173024 Information: 152.08794427543836
            217      -813.0837         2.6         -460.4313      -352.6523 --
ML: -660.8065380912558 Information: 152.08794550709575
            218      -792.1935         2.6         -460.0986      -332.0948 --
ML: -660.8065380778914 Information: 152.0879461435199
            219      -806.8306         2.6         -459.2921      -347.5384 --
ML: -660.806538066878 Information: 152.08794667687044
            220      -813.9363         2.6         -457.5956      -356.3407 --
ML: -660.806538044777 Information: 152.08794778465074
            221      -805.3627         2.6         -457.5168      -347.8458 --
ML: -660.8065380359806 Information: 152.087948226236
            222      -799.2089         2.6         -457.2341      -341.9748 --
ML: -660.806538031687 Information: 152.0879484429928
            223      -804.6764         2.6         -457.0568      -347.6195 --
ML: -660.8065380298011 Information: 152.0879485385134
            224      -793.4812         2.6         -457.0159      -336.4652 --
ML: -660.8065380290784 Information: 152.08794857515795
            225      -800.0291         2.6         -455.3630      -344.6661 --
ML: -660.8065380276898 Information: 152.08794864787774
            226      -807.5239         2.6         -455.1609      -352.3630 --
ML: -660.8065380270647 Information: 152.08794868071476
            227      -807.2083         2.6         -454.5607      -352.6476 --
ML: -660.8065380266455 Information: 152.08794870300062
            228      -801.3896         2.6         -453.4431      -347.9465 --
ML: -660.806538026174 Information: 152.0879487285797
            229      -819.3462         2.6         -452.6853      -366.6608 --
ML: -660.806538025804 Information: 152.0879487489492
            230      -810.2690         2.6         -451.7598      -358.5091 --
ML: -660.8065380254606 Information: 152.08794876815205
            231      -807.3168         2.6         -451.2897      -356.0270 --
ML: -660.8065380252584 Information: 152.08794877953295
            232      -810.5489         2.6         -450.5925      -359.9563 --
ML: -660.806538025109 Information: 152.087948788069
            233      -805.6572         2.7         -450.5039      -355.1532 --
ML: -660.806538025049 Information: 152.08794879149752
            234      -808.5097         2.7         -450.3386      -358.1711 --
ML: -660.806538025023 Information: 152.08794879298063
            235      -793.0096         2.7         -450.3092      -342.7004 --
ML: -660.8065380250131 Information: 152.08794879355662
            236      -803.7995         2.7         -450.2826      -353.5169 --
ML: -660.8065380250093 Information: 152.0879487937819
            237      -801.7763         2.7         -447.9346      -353.8416 --
ML: -660.806538024995 Information: 152.0879487946229
            238      -795.0596         2.7         -447.7083      -347.3512 --
ML: -660.8065380249884 Information: 152.08794879500516
            239      -791.0496         2.7         -446.9809      -344.0687 --
ML: -660.8065380249834 Information: 152.08794879529057
            240      -799.7274         2.7         -446.5908      -353.1365 --
ML: -660.8065380249807 Information: 152.087948795452
            241      -809.0642         2.7         -444.8718      -364.1924 --
ML: -660.8065380249751 Information: 152.08794879577806
            242      -806.5295         2.7         -444.8325      -361.6970 --
ML: -660.806538024973 Information: 152.08794879591738
            243      -800.0907         2.7         -444.7717      -355.3190 --
ML: -660.8065380249722 Information: 152.08794879594728
            244      -812.2673         2.7         -444.4454      -367.8219 --
ML: -660.8065380249717 Information: 152.08794879598753
            245      -805.9412         2.7         -443.8329      -362.1083 --
ML: -660.8065380249714 Information: 152.0879487960314
            246      -802.2471         2.7         -443.3730      -358.8741 --
ML: -660.8065380249712 Information: 152.08794879601385
            247      -795.2655         2.7         -443.3554      -351.9101 --
ML: -660.8065380249711 Information: 152.08794879604335
            248      -796.4340         2.7         -442.9191      -353.5148 --
ML: -660.8065380249711 Information: 152.08794879602732
            249      -795.0153         2.7         -442.9107      -352.1046 --
ML: -660.8065380249711 Information: 152.0879487960214
            250      -798.2822         2.7         -442.7720      -355.5101 --
ML: -660.8065380249711 Information: 152.0879487960189
            251      -787.7228         2.7         -442.2727      -345.4500 --
ML: -660.8065380249711 Information: 152.08794879601743
            252      -794.8717         2.7         -441.9042      -352.9675 --
ML: -660.8065380249711 Information: 152.08794879601663
            253      -798.9548         2.7         -441.6835      -357.2712 --
ML: -660.8065380249711 Information: 152.0879487960163
            254      -798.4500         2.7         -441.2399      -357.2101 --
ML: -660.8065380249711 Information: 152.08794879601606
            255      -799.0215         2.7         -440.4063      -358.6152 --
ML: -660.8065380249711 Information: 152.08794879601584
            256      -799.2502         2.7         -439.3069      -359.9432 --
ML: -660.8065380249711 Information: 152.0879487960156
            257      -798.7974         2.7         -438.8595      -359.9378 --
ML: -660.8065380249711 Information: 152.0879487960155
            258      -795.6475         2.7         -438.2821      -357.3654 --
ML: -660.8065380249711 Information: 152.08794879601538
            259      -794.5682         2.7         -438.0030      -356.5652 --
ML: -660.8065380249711 Information: 152.08794879601538
            260      -803.8352         2.7         -437.4601      -366.3750 --
ML: -660.8065380249711 Information: 152.08794879601538
            261      -818.4049         2.7         -436.9090      -381.4959 --
ML: -660.8065380249711 Information: 152.08794879601538
            262      -799.0704         2.8         -436.8057      -362.2647 --
ML: -660.8065380249711 Information: 152.08794879601538
            263      -803.0127         2.8         -436.1905      -366.8221 --
ML: -660.8065380249711 Information: 152.08794879601538
            264      -808.4878         2.8         -435.9454      -372.5423 --
ML: -660.8065380249711 Information: 152.08794879601538
            265      -817.1249         2.8         -435.8823      -381.2426 --
ML: -660.8065380249711 Information: 152.08794879601538
            266      -814.9680         2.8         -435.2367      -379.7312 --
ML: -660.8065380249711 Information: 152.08794879601538
            267      -808.8040         2.8         -434.6343      -374.1697 --
ML: -660.8065380249711 Information: 152.08794879601538
            268      -820.4758         2.8         -434.1146      -386.3612 --
ML: -660.8065380249711 Information: 152.08794879601538
            269      -815.3098         2.8         -434.0935      -381.2163 --
ML: -660.8065380249711 Information: 152.08794879601538
            270      -803.6646         2.8         -434.0469      -369.6177 --
ML: -660.8065380249711 Information: 152.08794879601538
            271      -813.5753         2.8         -433.8453      -379.7300 --
ML: -660.8065380249711 Information: 152.08794879601538
            272      -819.0998         2.8         -433.5077      -385.5920 --
ML: -660.8065380249711 Information: 152.08794879601538
            273      -818.9626         2.8         -433.0428      -385.9197 --
ML: -660.8065380249711 Information: 152.08794879601538
            274      -806.0419         2.8         -432.9136      -373.1282 --
ML: -660.8065380249711 Information: 152.08794879601538
            275      -805.2328         2.8         -432.4147      -372.8181 --
ML: -660.8065380249711 Information: 152.08794879601538
            276      -819.3879         2.8         -431.7965      -387.5913 --
ML: -660.8065380249711 Information: 152.08794879601538
            277      -811.5166         2.8         -431.4167      -380.0998 --
ML: -660.8065380249711 Information: 152.08794879601538
            278      -804.3795         2.8         -431.3454      -373.0340 --
ML: -660.8065380249711 Information: 152.08794879601538
            279      -813.3562         2.9         -431.1930      -382.1632 --
ML: -660.8065380249711 Information: 152.08794879601538
            280      -810.6759         2.9         -430.3139      -380.3619 --
ML: -660.8065380249711 Information: 152.08794879601538
            281      -809.8059         2.9         -430.1790      -379.6268 --
ML: -660.8065380249711 Information: 152.08794879601538
            282      -808.4178         2.9         -430.1043      -378.3134 --
ML: -660.8065380249711 Information: 152.08794879601538
            283      -822.5819         2.9         -429.4513      -393.1306 --
ML: -660.8065380249711 Information: 152.08794879601538
            284      -826.6724         2.9         -429.0962      -397.5761 --
ML: -660.8065380249711 Information: 152.08794879601538
            285      -828.2278         2.9         -428.7101      -399.5176 --
ML: -660.8065380249711 Information: 152.08794879601538
            286      -817.0154         2.9         -427.9949      -389.0204 --
ML: -660.8065380249711 Information: 152.08794879601538
            287      -824.5929         2.9         -427.8931      -396.6997 --
ML: -660.8065380249711 Information: 152.08794879601538
            288      -834.5601         2.9         -427.8840      -406.6760 --
ML: -660.8065380249711 Information: 152.08794879601538
            289      -820.5230         2.9         -427.7835      -392.7395 --
ML: -660.8065380249711 Information: 152.08794879601538
            290      -835.7055         2.9         -427.3632      -408.3422 --
ML: -660.8065380249711 Information: 152.08794879601538
            291      -809.3503         2.9         -427.2133      -382.1369 --
ML: -660.8065380249711 Information: 152.08794879601538
            292      -817.0887         3.0         -426.8785      -390.2102 --
ML: -660.8065380249711 Information: 152.08794879601538
            293      -822.5281         3.0         -426.6993      -395.8288 --
ML: -660.8065380249711 Information: 152.08794879601538
            294      -819.1374         3.0         -426.3138      -392.8235 --
ML: -660.8065380249711 Information: 152.08794879601538
            295      -816.0832         3.0         -426.0960      -389.9872 --
ML: -660.8065380249711 Information: 152.08794879601538
            296      -826.4364         3.0         -425.9868      -400.4495 --
ML: -660.8065380249711 Information: 152.08794879601538
            297      -835.1256         3.0         -425.5862      -409.5393 --
ML: -660.8065380249711 Information: 152.08794879601538
            298      -836.2081         3.0         -425.3202      -410.8879 --
ML: -660.8065380249711 Information: 152.08794879601538
            299      -837.3686         3.0         -425.2431      -412.1255 --
ML: -660.8065380249711 Information: 152.08794879601538
            300      -833.6206         3.0         -424.7438      -408.8768 --
ML: -660.8065380249711 Information: 152.08794879601538
            301      -828.5615         3.0         -424.6282      -403.9333 --
ML: -660.8065380249711 Information: 152.08794879601538
            302      -834.6779         3.0         -424.5720      -410.1059 --
ML: -660.8065380249711 Information: 152.08794879601538
            303      -817.1627         3.1         -424.5059      -392.6568 --
ML: -660.8065380249711 Information: 152.08794879601538
            304      -819.6660         3.1         -424.3975      -395.2684 --
ML: -660.8065380249711 Information: 152.08794879601538
305<=1000000&& (305<2.0*152.08794879601538*1||Math.abs(-660.8065380249711 - -660.8065380249711)/Math.abs(-660.8065380249711) > 1.0E-10
Finished in 305 steps!
Marginal likelihood: -658.6679271814908 (bootstrap SD=12.32844320179233)
Marginal likelihood: -656.5566460747731 (subsample SD=14.782485145964696)
Marginal likelihood: -656.7368666169889(11.734641692104885)
Information: 152.08794879601538
SD: 12.332394284810041

Operator                                                                Tuning    #accept    #reject      Pr(m)  Pr(acc|m)
Uniform()                                                                    -     554364     295396    0.27778    0.65238 
SubtreeSlide()                                                         1.00000      41498      44025    0.02778    0.48523 Try increasing size to about 2
SubtreeSlide()                                                        30.00000       2060      82806    0.02778    0.02427 Try decreasing size to about 15
Exchange()                                                                   -     100857     749132    0.27778    0.11866 
beast.base.inference.operator.DeltaExchangeOperator(editRateScaler)    1.00000       1659      83273    0.02778    0.01953 Try setting delta to about 0.5
ScaleOperator(clockRateScaler)                                         0.80000      57079      27809    0.02778    0.67240 Try setting scaleFactor to about 0.64
ScaleOperator(silencingRateScaler)                                     0.80000      66274      18729    0.02778    0.77967 Try setting scaleFactor to about 0.64
ScaleOperator(georateScaler.s:tissue)                                  0.99000     824258      25215    0.27778    0.97032 Try setting scaleFactor to about 0.98
ScaleOperator(geoMuScaler.c:tissue)                                    0.90000      74152      11414    0.02778    0.86661 Try setting scaleFactor to about 0.81

     Tuning: The value of the operator's tuning parameter, or '-' if the operator can't be optimized.
    #accept: The total number of times a proposal by this operator has been accepted.
    #reject: The total number of times a proposal by this operator has been rejected.
      Pr(m): The probability this operator is chosen in a step of the MCMC (i.e. the normalized weight).
  Pr(acc|m): The acceptance probability (#accept as a fraction of the total proposals for this operator).


Total calculation time: 491.31 seconds
Done!
