************************************
**** FeastMain BEAST 2 Launcher ****
************************************

Hunting for beast_services.xml files embedded in classpath:
- Processing /feast/beast_services.xml...
- Processing /beast_services.xml...
Done. Handing over to BeastMain...

                   BEAST v2.7.7 Prerelease, 2002-2024
             Bayesian Evolutionary Analysis Sampling Trees
                       Designed and developed by
 Remco Bouckaert, Alexei J. Drummond, Andrew Rambaut & Marc A. Suchard
                                    
                   Centre for Computational Evolution
                         University of Auckland
                       r.bouckaert@auckland.ac.nz
                        alexei@cs.auckland.ac.nz
                                    
                   Institute of Evolutionary Biology
                        University of Edinburgh
                           a.rambaut@ed.ac.uk
                                    
                    David Geffen School of Medicine
                 University of California, Los Angeles
                           msuchard@ucla.edu
                                    
                      Downloads, Help & Resources:
                           http://beast2.org/
                                    
  Source code distributed under the GNU Lesser General Public License:
                   http://github.com/CompEvol/beast2
                                    
                           BEAST developers:
   Alex Alekseyenko, Trevor Bedford, Erik Bloomquist, Joseph Heled, 
 Sebastian Hoehna, Denise Kuehnert, Philippe Lemey, Wai Lok Sibon Li, 
Gerton Lunter, Sidney Markowitz, Vladimir Minin, Michael Defoin Platel, 
          Oliver Pybus, Tim Vaughan, Chieh-Hsi Wu, Walter Xie
                                    
                               Thanks to:
          Roald Forsberg, Beth Shapiro and Korbinian Strimmer

Random number seed: 1733232929994

AlignmentFromFasta(alignment)
  63 taxa
  10 sites
  6 patterns

ASV020 = 420 (0.0)
ASV041 = 420 (0.0)
ASV051 = 420 (0.0)
ASV052 = 420 (0.0)
ASV055 = 420 (0.0)
ASV070 = 420 (0.0)
ASV071 = 420 (0.0)
ASV075 = 420 (0.0)
ASV076 = 420 (0.0)
ASV088 = 420 (0.0)
53 more...
Starting frequencies: [1.0, 0.0, 0.0]
  Using BEAGLE version: 4.0.1 (PRE-RELEASE) resource 0: CPU (x86_64)
    with instance flags:  PRECISION_DOUBLE COMPUTATION_SYNCH EIGEN_COMPLEX SCALING_MANUAL SCALERS_RAW VECTOR_SSE THREADING_NONE PROCESSOR_CPU FRAMEWORK_CPU
Starting frequencies: [1.0, 0.0, 0.0, 0.0]
ASV020 = FML (NaN)
ASV041 = LNSL (NaN)
ASV051 = PRL (NaN)
ASV052 = LNSL (NaN)
ASV055 = LNSL (NaN)
ASV070 = FML (NaN)
ASV071 = PRL (NaN)
ASV075 = FML (NaN)
ASV076 = FML (NaN)
ASV088 = FML (NaN)
53 more...
Starting frequencies: [0.25, 0.25, 0.25, 0.25]
  Using BEAGLE version: 4.0.1 (PRE-RELEASE) resource 0: CPU (x86_64)
    with instance flags:  PRECISION_DOUBLE COMPUTATION_SYNCH EIGEN_COMPLEX SCALING_MANUAL SCALERS_RAW VECTOR_SSE THREADING_NONE PROCESSOR_CPU FRAMEWORK_CPU
===============================================================================
Citations for this model:

Patricio Maturana, Brendon J. Brewer, Steffen Klaere, Remco Bouckaert. Model selection and parameter inference in phylogenetics using Nested Sampling. Systematic Biology, syy050, 2018

Stadler, T., Kuehnert, D., Bonhoeffer, S., and Drummond, A. J. (2013):
 Birth-death skyline plot reveals temporal changes of
 epidemic spread in HIV and hepatitis C virus (HCV). PNAS 110(1): 228–33.
If sampled ancestors are used then please also cite: Gavryushkina A, Welch D, Stadler T, Drummond AJ (2014) 
Bayesian inference of sampled ancestor trees for epidemiology and fossil calibration. 
PLoS Comput Biol 10(12): e1003919. doi:10.1371/journal.pcbi.1003919

Edwards, C. J., Suchard, M. A., Lemey, P., ... & Valdiosera, C. E. (2011).
Ancient hybridization and an Irish origin for the modern polar bear matriline.
Current Biology, 21(15), 1251-1258.

===============================================================================
         Sample      posterior ESS(posterior)     likelihood          prior
Start likelihood 0: -4592.144071225491 
              0     -1468.2083              N      -966.5177      -501.6905 --
ML: -967.3563316857881 Information: 0.8385606384288167
              1     -1265.3884         2.0         -880.5567      -384.8316 --
ML: -882.3953189727805 Information: 1.8385606384288167
              2     -1215.0338         3.0         -847.3537      -367.6801 --
ML: -850.1923374622421 Information: 2.8385606384197137
              3     -1150.1845         4.0         -831.7470      -318.4375 --
ML: -835.5856268760392 Information: 3.8385531105772626
              4     -1121.1617         3.5         -831.4823      -289.6794 --
ML: -835.1940106328664 Information: 3.5327173565616476
              5     -1121.6784         3.1         -817.8215      -303.8569 --
ML: -823.6600850510749 Information: 5.838415324693313
              6     -1089.6540         3.2         -809.3723      -280.2816 --
ML: -816.2103709988487 Information: 6.8330646947747855
              7     -1084.6825         3.3         -799.6769      -285.0056 --
ML: -807.5153701566712 Information: 7.836769167914014
              8     -1075.5843         3.5         -795.0232      -280.5610 --
ML: -803.8362803093968 Information: 8.695462832844516
              9     -1080.1163         3.1         -788.8252      -291.2911 --
ML: -798.6581175811327 Information: 9.797296689976235
             10     -1069.9471         3.3         -788.0077      -281.9393 --
ML: -798.0546400849881 Information: 9.580346387045552
             11     -1060.7654         3.2         -779.7292      -281.0362 --
ML: -791.5663070040526 Information: 11.823736494080624
             12     -1052.9634         3.3         -776.9178      -276.0456 --
ML: -789.6047948158903 Information: 12.289696443808126
             13     -1047.9429         3.3         -774.5644      -273.3784 --
ML: -788.1401575701984 Information: 12.93984596623173
             14     -1037.0722         3.4         -763.3373      -273.7349 --
ML: -778.1758824484292 Information: 14.83795542098856
             15     -1035.7614         3.5         -756.2288      -279.5326 --
ML: -772.065230911797 Information: 15.820563375982022
             16     -1030.3265         3.5         -752.2875      -278.0389 --
ML: -769.0745702155306 Information: 16.58813886882141
             17     -1034.2421         3.5         -751.9759      -282.2661 --
ML: -768.6844718938673 Information: 16.362919920380932
             18     -1017.6950         3.5         -744.5285      -273.1665 --
ML: -763.3622173433281 Information: 18.79562357862451
             19     -1028.2073         3.2         -738.3528      -289.8545 --
ML: -758.1857136853449 Information: 19.79780324951278
             20     -1043.8449         3.2         -737.0695      -306.7754 --
ML: -757.344155198194 Information: 19.706349071405327
             21     -1018.3803         3.3         -720.8519      -297.5283 --
ML: -742.6905465173743 Information: 21.83855294550713
             22     -1021.6465         3.3         -720.8203      -300.8261 --
ML: -742.3686878086719 Information: 21.525392486708824
             23     -1009.9959         3.2         -716.9164      -293.0795 --
ML: -740.5733745516437 Information: 23.004791892086118
             24     -1000.8478         3.2         -707.8772      -292.9706 --
ML: -732.7154157826145 Information: 24.834426624850995
             25      -989.9511         3.3         -706.7301      -283.2209 --
ML: -731.9462461689923 Information: 24.68278191159584
             26     -1004.1795         3.3         -705.4869      -298.6926 --
ML: -731.4248488088292 Information: 24.883208366534916
             27      -976.2018         3.3         -694.0378      -282.1639 --
ML: -721.8763390180253 Information: 27.837597715081543
             28      -981.9325         3.3         -688.6733      -293.2591 --
ML: -717.4992836950263 Information: 28.758517322745902
             29      -997.5291         3.0         -685.6276      -311.9014 --
ML: -715.3431485914731 Information: 29.35510730570509
             30      -981.9591         3.0         -683.9800      -297.9791 --
ML: -714.3537167173441 Information: 29.627130353852408
             31      -955.8812         3.0         -682.5146      -273.3665 --
ML: -713.6603049919528 Information: 30.039990823076153
             32      -966.8574         3.0         -681.8359      -285.0215 --
ML: -713.3508311416983 Information: 30.205468755685786
             33      -955.9347         2.9         -663.8153      -292.1194 --
ML: -697.6539557807948 Information: 33.838557540486626
             34      -944.9733         2.9         -660.7059      -284.2674 --
ML: -695.4299742959346 Information: 34.38769475488348
             35      -944.8858         2.9         -650.5369      -294.3488 --
ML: -686.3753979292208 Information: 35.83721617631807
             36      -944.5421         2.9         -644.3527      -300.1893 --
ML: -681.1857037002044 Information: 36.79849543026894
             37      -941.7778         2.8         -637.5641      -304.2137 --
ML: -675.3996357252128 Information: 37.81453889283428
             38      -919.7351         2.8         -631.1555      -288.5796 --
ML: -669.9896618232783 Information: 38.805327630268295
             39      -926.0161         2.7         -628.2159      -297.8002 --
ML: -667.9196378614781 Information: 39.32911912329568
             40      -916.1088         2.7         -626.1594      -289.9493 --
ML: -666.6630622653287 Information: 39.811662316985434
             41      -908.4721         2.7         -625.1215      -283.3506 --
ML: -666.1074512914433 Information: 39.99344754523736
             42      -906.5458         2.7         -622.5277      -284.0181 --
ML: -664.9765572802255 Information: 41.291394809824936
             43      -900.1305         2.7         -622.2848      -277.8457 --
ML: -664.7007080410264 Information: 41.35313364307382
             44      -913.0395         2.6         -619.6785      -293.3609 --
ML: -663.911550384213 Information: 42.56643370267756
             45      -910.6317         2.6         -617.7079      -292.9237 --
ML: -663.0193393375353 Information: 43.82104364939079
             46      -896.6541         2.6         -613.4702      -283.1839 --
ML: -660.2443908047684 Information: 46.41701781096249
             47      -902.6006         2.5         -611.8442      -290.7564 --
ML: -659.2315179854022 Information: 46.66707038863359
             48      -917.3765         2.5         -608.3861      -308.9903 --
ML: -657.0985959642545 Information: 48.21735285084483
             49      -902.5388         2.5         -608.0485      -294.4903 --
ML: -656.7239099115204 Information: 48.10288967524849
             50      -920.3521         2.5         -607.8100      -312.5421 --
ML: -656.5877010603466 Information: 48.06995103362249
             51      -901.6905         2.5         -606.7713      -294.9192 --
ML: -656.4633906828594 Information: 48.149788924775294
             52      -900.4828         2.5         -604.9332      -295.5495 --
ML: -656.2241840931231 Information: 48.629740082001945
             53      -907.9071         2.5         -603.2331      -304.6739 --
ML: -655.8675789217467 Information: 49.58130892488009
             54      -906.6389         2.4         -600.8740      -305.7649 --
ML: -655.0939241965341 Information: 51.72311188042113
             55      -893.6435         2.4         -599.9795      -293.6640 --
ML: -654.698696300961 Information: 52.43504369902854
             56      -892.6238         2.4         -590.5500      -302.0737 --
ML: -647.3879868256697 Information: 56.83006340125487
             57      -891.8436         2.4         -590.3720      -301.4715 --
ML: -647.0238474833279 Information: 56.522651723548506
             58      -889.8306         2.4         -588.8811      -300.9495 --
ML: -646.6192768207299 Information: 56.65713991367443
             59      -872.7537         2.4         -582.9432      -289.8104 --
ML: -642.7604976779801 Information: 59.66918683682718
             60      -882.0846         2.4         -575.9723      -306.1122 --
ML: -636.8083130503643 Information: 60.81744671961771
             61      -878.4131         2.4         -573.3127      -305.1003 --
ML: -634.9767845387992 Information: 61.23506100488561
             62      -877.4485         2.4         -569.1296      -308.3189 --
ML: -631.9200252040059 Information: 62.57342682819307
             63      -867.3470         2.4         -566.0832      -301.2638 --
ML: -629.794630935096 Information: 63.32182188461374
             64      -859.5339         2.5         -564.1046      -295.4292 --
ML: -628.5877491984925 Information: 63.77473656825677
             65      -856.2333         2.5         -560.3135      -295.9197 --
ML: -626.0681986747886 Information: 65.3924529401515
             66      -838.9802         2.5         -558.1124      -280.8677 --
ML: -624.6679721994622 Information: 65.92353244730361
             67      -847.4835         2.5         -557.8057      -289.6778 --
ML: -624.3482942636365 Information: 65.860693476302
             68      -852.8995         2.5         -554.1049      -298.7945 --
ML: -622.7240523960818 Information: 67.7554380718141
             69      -847.4916         2.6         -551.5079      -295.9837 --
ML: -621.1215757570333 Information: 68.91669262711727
             70      -862.7978         2.6         -548.7701      -314.0277 --
ML: -619.4095993806454 Information: 70.01948281087851
             71      -839.3258         2.6         -547.7206      -291.6051 --
ML: -618.7884708890368 Information: 70.17074514301765
             72      -832.2356         2.6         -544.3777      -287.8579 --
ML: -617.0276747919522 Information: 71.92104327996812
             73      -834.5265         2.6         -542.5741      -291.9524 --
ML: -615.9804843253528 Information: 72.5176453435293
             74      -842.1571         2.6         -542.2727      -299.8843 --
ML: -615.7007617763187 Information: 72.52830950273056
             75      -828.1407         2.6         -536.3941      -291.7466 --
ML: -612.2020248852754 Information: 75.60291336164379
             76      -826.0146         2.6         -536.2770      -289.7375 --
ML: -611.8647925698308 Information: 75.35785989053426
             77      -823.5329         2.6         -534.4848      -289.0481 --
ML: -611.3748901937363 Information: 75.65113817679543
             78      -821.0109         2.6         -528.9304      -292.0805 --
ML: -607.7422281503315 Information: 78.63210591092886
             79      -809.5480         2.7         -528.1791      -281.3689 --
ML: -607.1773776040048 Information: 78.46900913006118
             80      -802.9509         2.7         -525.6839      -277.2669 --
ML: -606.1041286667056 Information: 79.38613563914149
             81      -804.8670         2.7         -524.1824      -280.6845 --
ML: -605.3685720148062 Information: 79.9709790143107
             82      -808.1772         2.7         -522.6908      -285.4864 --
ML: -604.7526286693046 Information: 80.59976785185972
             83      -805.0548         2.7         -521.4367      -283.6181 --
ML: -604.2870692144228 Information: 81.14517436906891
             84      -817.6457         2.7         -521.0576      -296.5881 --
ML: -604.1046951476977 Information: 81.31026873291415
             85      -818.2234         2.7         -520.3946      -297.8287 --
ML: -603.9922469602826 Information: 81.45305240090948
             86      -833.0374         2.7         -519.3667      -313.6706 --
ML: -603.8884618806903 Information: 81.66200727900883
             87      -817.4757         2.7         -516.7128      -300.7629 --
ML: -603.4728135631436 Information: 83.12148342223196
             88      -817.8438         2.7         -513.5143      -304.3295 --
ML: -602.0704923072727 Information: 86.8740893836048
             89      -810.2719         2.7         -504.4409      -305.8309 --
ML: -594.2791126305654 Information: 89.83370223878659
             90      -787.2225         2.7         -501.9698      -285.2526 --
ML: -592.6015973973654 Information: 90.169210366456
             91      -778.9265         2.7         -500.8592      -278.0673 --
ML: -591.9553841488381 Information: 90.27178485328687
             92      -800.5876         2.7         -499.7751      -300.8125 --
ML: -591.538178751937 Information: 90.50557719943845
             93      -787.1033         2.7         -494.1718      -292.9314 --
ML: -587.9815080025153 Information: 93.61385092186609
             94      -778.4996         2.7         -494.0045      -284.4950 --
ML: -587.6291135460266 Information: 93.36928776558352
             95      -768.9866         2.7         -493.9746      -275.0120 --
ML: -587.522430564021 Information: 93.29146349488019
             96      -782.6267         2.7         -491.7620      -290.8647 --
ML: -587.2295931151763 Information: 93.62538494764743
             97      -794.0573         2.7         -491.4388      -302.6185 --
ML: -587.1082441779953 Information: 93.75148498282311
             98      -793.2995         2.6         -488.5674      -304.7321 --
ML: -586.5529418539683 Information: 95.23690935194821
             99      -784.2185         2.6         -486.1324      -298.0861 --
ML: -585.5270803748548 Information: 97.53638316914555
            100      -794.6061         2.6         -485.6244      -308.9817 --
ML: -585.1961754551627 Information: 97.87211761907264
            101      -787.5860         2.6         -483.2556      -304.3304 --
ML: -584.4507297580093 Information: 99.26454471342763
            102      -785.2502         2.6         -482.8908      -302.3594 --
ML: -584.2051112179327 Information: 99.51880884329591
            103      -784.9467         2.6         -480.4641      -304.4826 --
ML: -583.559559003607 Information: 100.88144124646612
            104      -786.9408         2.6         -480.2302      -306.7106 --
ML: -583.3598234328559 Information: 101.12490245277746
            105      -791.4406         2.6         -480.2223      -311.2183 --
ML: -583.294849632988 Information: 101.18653410615872
            106      -776.5860         2.6         -478.2650      -298.3210 --
ML: -583.1431063780784 Information: 101.5758923646822
            107      -773.0567         2.6         -474.7867      -298.2700 --
ML: -582.1579044593932 Information: 104.83958509823412
            108      -774.2981         2.6         -474.6099      -299.6882 --
ML: -581.914866451019 Information: 105.18091053217131
            109      -767.2779         2.6         -474.1570      -293.1208 --
ML: -581.7972297136504 Information: 105.34925989816111
            110      -766.3973         2.6         -473.6632      -292.7341 --
ML: -581.7324726506706 Information: 105.4591196620978
            111      -772.0784         2.6         -473.3144      -298.7640 --
ML: -581.7003013618388 Information: 105.52062471795801
            112      -787.3331         2.6         -473.3027      -314.0303 --
ML: -581.6885864560925 Information: 105.54241584972999
            113      -759.4054         2.6         -470.6392      -288.7662 --
ML: -581.6289298934712 Information: 105.80167880268743
            114      -787.8801         2.6         -470.4247      -317.4553 --
ML: -581.6028729036985 Information: 105.91457568094802
            115      -756.6106         2.6         -467.6386      -288.9720 --
ML: -581.4601031623032 Information: 106.84278856576549
            116      -774.4759         2.6         -467.4351      -307.0408 --
ML: -581.4018435233986 Information: 107.19100560758346
            117      -766.6865         2.6         -464.3315      -302.3550 --
ML: -581.0207976804899 Information: 109.94024505381128
            118      -771.0549         2.6         -463.3674      -307.6875 --
ML: -580.754073249047 Information: 111.47928024671626
            119      -775.1920         2.6         -462.8472      -312.3448 --
ML: -580.6187559454964 Information: 112.15744428877571
            120      -782.3273         2.6         -460.8913      -321.4360 --
ML: -580.3341957882176 Information: 113.74762123468076
            121      -759.0421         2.6         -459.8425      -299.1996 --
ML: -580.1030474594966 Information: 114.90829679391612
            122      -763.5965         2.6         -459.6104      -303.9861 --
ML: -580.0116005444221 Information: 115.30486660734476
            123      -765.1544         2.6         -459.2225      -305.9318 --
ML: -579.9653066076831 Information: 115.5066702176714
            124      -754.9391         2.6         -458.9730      -295.9661 --
ML: -579.944172199891 Information: 115.60025468340518
            125      -746.7951         2.6         -458.9359      -287.8592 --
ML: -579.9362197349963 Information: 115.63513868640251
            126      -761.4969         2.6         -458.2657      -303.2311 --
ML: -579.9305407105799 Information: 115.6636370651704
            127      -759.7101         2.6         -457.3905      -302.3196 --
ML: -579.9255542893427 Information: 115.69285382960328
            128      -777.1202         2.6         -456.8067      -320.3135 --
ML: -579.9222791518424 Information: 115.71385991357005
            129      -782.2588         2.6         -454.2195      -328.0393 --
ML: -579.9064155610397 Information: 115.85520611938819
            130      -762.6944         2.6         -454.0006      -308.6938 --
ML: -579.89923511171 Information: 115.91993468226053
            131      -763.6347         2.6         -453.9876      -309.6470 --
ML: -579.8965722266487 Information: 115.94384291938161
            132      -769.7400         2.6         -453.4847      -316.2552 --
ML: -579.8949558913805 Information: 115.95913260539822
            133      -771.3024         2.6         -452.8082      -318.4942 --
ML: -579.8937878618807 Information: 115.97095432401568
            134      -774.7303         2.6         -450.0625      -324.6677 --
ML: -579.8871215141315 Information: 116.05637798434265
            135      -759.3021         2.6         -449.4946      -309.8075 --
ML: -579.8828176293468 Information: 116.1136424276815
            136      -771.5312         2.6         -447.0396      -324.4916 --
ML: -579.8645838748913 Information: 116.39768729960662
            137      -777.1081         2.6         -446.7407      -330.3674 --
ML: -579.8556615206063 Information: 116.5373377185179
            138      -757.4631         2.6         -446.2702      -311.1929 --
ML: -579.8504439601309 Information: 116.62083804321554
            139      -737.8465         2.6         -444.3554      -293.4910 --
ML: -579.8375380116837 Information: 116.84995532810518
            140      -759.3147         2.6         -443.8318      -315.4828 --
ML: -579.8296063160129 Information: 116.9933597296037
            141      -753.0026         2.6         -442.6646      -310.3379 --
ML: -579.8203111584332 Information: 117.17069396470805
            142      -759.9771         2.6         -440.9470      -319.0301 --
ML: -579.8015254525423 Information: 117.55580161643076
            143      -745.8909         2.6         -440.5763      -305.3145 --
ML: -579.7916561037094 Information: 117.75874302262105
            144      -753.1283         2.6         -439.6712      -313.4570 --
ML: -579.7827639910073 Information: 117.94781200571356
            145      -769.6329         2.6         -439.3178      -330.3150 --
ML: -579.7781376204216 Information: 118.04711739337415
            146      -749.0636         2.6         -439.1206      -309.9430 --
ML: -579.7760714983417 Information: 118.09171887984388
            147      -753.2787         2.6         -438.9057      -314.3730 --
ML: -579.7751305867469 Information: 118.11220058501988
            148      -757.1964         2.7         -438.4120      -318.7843 --
ML: -579.7745639597345 Information: 118.12480477682101
            149      -765.1272         2.7         -438.0125      -327.1147 --
ML: -579.7742532546746 Information: 118.13183714247685
            150      -751.5438         2.7         -437.2726      -314.2712 --
ML: -579.7740137831616 Information: 118.13743283728422
            151      -752.9418         2.7         -436.8230      -316.1188 --
ML: -579.773875696737 Information: 118.14072093091653
            152      -751.0238         2.7         -436.3777      -314.6461 --
ML: -579.7737964145869 Information: 118.14264387036434
            153      -754.4625         2.7         -436.1225      -318.3400 --
ML: -579.7737587694543 Information: 118.14356648288816
            154      -764.3296         2.7         -434.4902      -329.8394 --
ML: -579.7736879270363 Information: 118.14541823397673
            155      -763.8303         2.7         -434.2723      -329.5580 --
ML: -579.7736555227069 Information: 118.14627226619041
            156      -763.6429         2.7         -433.8270      -329.8159 --
ML: -579.7736369147558 Information: 118.14677096147255
            157      -763.1167         2.7         -433.4941      -329.6225 --
ML: -579.7736273659768 Information: 118.14703004433937
            158      -758.4726         2.7         -433.1633      -325.3092 --
ML: -579.7736224760242 Information: 118.14716433775874
            159      -750.3289         2.7         -433.0632      -317.2656 --
ML: -579.7736204876443 Information: 118.14721914383728
            160      -764.8446         2.7         -432.8691      -331.9755 --
ML: -579.7736195994238 Information: 118.14724379844711
            161      -764.1953         2.7         -432.8078      -331.3875 --
ML: -579.7736192520085 Information: 118.14725346303652
            162      -762.7195         2.7         -432.5611      -330.1584 --
ML: -579.773619088455 Information: 118.14725805317954
            163      -756.1560         2.8         -432.5381      -323.6179 --
ML: -579.7736190268848 Information: 118.14725978259338
            164      -765.6287         2.8         -432.4824      -333.1463 --
ML: -579.7736190029364 Information: 118.14726045659421
            165      -752.2171         2.8         -432.3729      -319.8441 --
ML: -579.7736189931071 Information: 118.14726073428483
            166      -769.9665         2.8         -431.1323      -338.8341 --
ML: -579.7736189806043 Information: 118.14726110302047
            167      -755.2682         2.8         -431.0556      -324.2126 --
ML: -579.7736189756381 Information: 118.1472612498751
            168      -759.5236         2.8         -430.9844      -328.5392 --
ML: -579.7736189736763 Information: 118.14726130802518
            169      -761.3523         2.8         -429.8485      -331.5038 --
ML: -579.7736189714288 Information: 118.14726137719151
            170      -767.7267         2.8         -429.0110      -338.7156 --
ML: -579.7736189695185 Information: 118.14726143760112
            171      -763.8920         2.8         -428.7603      -335.1316 --
ML: -579.7736189686154 Information: 118.14726146638094
            172      -759.1721         2.8         -428.4381      -330.7340 --
ML: -579.7736189681569 Information: 118.14726148113965
            173      -757.0588         2.8         -427.9422      -329.1166 --
ML: -579.77361896788 Information: 118.14726149018833
            174      -771.5770         2.8         -426.8917      -344.6853 --
ML: -579.7736189675887 Information: 118.14726150000445
            175      -766.3381         2.8         -426.7056      -339.6325 --
ML: -579.7736189674597 Information: 118.14726150435968
            176      -761.1566         2.9         -426.6276      -334.5289 --
ML: -579.7736189674083 Information: 118.14726150612762
            177      -764.5219         2.9         -425.9152      -338.6067 --
ML: -579.7736189673698 Information: 118.1472615074793
            178      -774.7588         2.9         -425.9129      -348.8459 --
ML: -579.7736189673556 Information: 118.14726150797776
            179      -785.7623         2.9         -425.7029      -360.0594 --
ML: -579.7736189673491 Information: 118.1472615082194
            180      -779.2621         2.9         -424.9739      -354.2881 --
ML: -579.7736189673442 Information: 118.14726150838288
            181      -764.3952         2.9         -424.6712      -339.7240 --
ML: -579.7736189673417 Information: 118.14726150849577
            182      -776.2555         2.9         -424.6545      -351.6010 --
ML: -579.7736189673408 Information: 118.14726150852601
            183      -767.1284         2.9         -424.2337      -342.8947 --
ML: -579.7736189673402 Information: 118.14726150857024
            184      -773.4032         2.9         -424.0977      -349.3055 --
ML: -579.77361896734 Information: 118.14726150858337
            185      -769.7272         2.9         -423.7702      -345.9570 --
ML: -579.7736189673399 Information: 118.147261508589
            186      -765.7864         3.0         -423.5734      -342.2130 --
ML: -579.7736189673399 Information: 118.14726150856808
            187      -780.4629         3.0         -422.7742      -357.6886 --
ML: -579.7736189673399 Information: 118.14726150855103
            188      -749.5181         3.0         -421.8909      -327.6271 --
ML: -579.7736189673399 Information: 118.14726150853579
            189      -770.7382         3.0         -421.8118      -348.9264 --
ML: -579.7736189673399 Information: 118.14726150852977
            190      -785.4549         3.0         -421.5892      -363.8656 --
ML: -579.7736189673399 Information: 118.14726150852704
            191      -775.0911         3.0         -421.5764      -353.5147 --
ML: -579.7736189673399 Information: 118.14726150852601
            192      -783.7977         3.0         -421.3795      -362.4181 --
ML: -579.7736189673399 Information: 118.14726150852556
            193      -775.5143         3.0         -420.4793      -355.0349 --
ML: -579.7736189673399 Information: 118.1472615085251
            194      -785.1094         3.1         -419.6667      -365.4427 --
ML: -579.7736189673399 Information: 118.14726150852476
            195      -770.6972         3.1         -419.5280      -351.1692 --
ML: -579.7736189673399 Information: 118.14726150852465
            196      -788.6420         3.1         -419.4657      -369.1763 --
ML: -579.7736189673399 Information: 118.14726150852454
            197      -779.6032         3.1         -419.2070      -360.3961 --
ML: -579.7736189673399 Information: 118.14726150852454
            198      -764.0684         3.1         -419.0864      -344.9820 --
ML: -579.7736189673399 Information: 118.14726150852454
            199      -773.5105         3.1         -417.8352      -355.6753 --
ML: -579.7736189673399 Information: 118.14726150852454
            200      -767.9453         3.1         -417.2441      -350.7012 --
ML: -579.7736189673399 Information: 118.14726150852454
            201      -773.8072         3.1         -416.4303      -357.3768 --
ML: -579.7736189673399 Information: 118.14726150852454
            202      -769.2614         3.2         -415.9449      -353.3165 --
ML: -579.7736189673399 Information: 118.14726150852454
            203      -760.9686         3.2         -415.6447      -345.3239 --
ML: -579.7736189673399 Information: 118.14726150852454
            204      -768.1540         3.2         -415.4334      -352.7205 --
ML: -579.7736189673399 Information: 118.14726150852454
            205      -774.8259         3.2         -415.0334      -359.7924 --
ML: -579.7736189673399 Information: 118.14726150852454
            206      -769.1180         3.2         -414.9511      -354.1668 --
ML: -579.7736189673399 Information: 118.14726150852454
            207      -762.6545         3.2         -414.7310      -347.9235 --
ML: -579.7736189673399 Information: 118.14726150852454
            208      -773.3127         3.2         -414.6478      -358.6649 --
ML: -579.7736189673399 Information: 118.14726150852454
            209      -796.4371         3.3         -414.2371      -382.2000 --
ML: -579.7736189673399 Information: 118.14726150852454
            210      -773.0095         3.3         -414.2117      -358.7977 --
ML: -579.7736189673399 Information: 118.14726150852454
            211      -786.8998         3.3         -413.5178      -373.3819 --
ML: -579.7736189673399 Information: 118.14726150852454
            212      -788.0960         3.3         -411.3603      -376.7357 --
ML: -579.7736189673399 Information: 118.14726150852454
            213      -793.9786         3.3         -410.8396      -383.1390 --
ML: -579.7736189673399 Information: 118.14726150852454
            214      -790.7643         3.3         -410.1424      -380.6219 --
ML: -579.7736189673399 Information: 118.14726150852454
            215      -787.4692         3.3         -410.1410      -377.3282 --
ML: -579.7736189673399 Information: 118.14726150852454
            216      -798.6396         3.4         -410.1257      -388.5138 --
ML: -579.7736189673399 Information: 118.14726150852454
            217      -784.0821         3.4         -409.6588      -374.4232 --
ML: -579.7736189673399 Information: 118.14726150852454
            218      -784.3253         3.4         -409.0637      -375.2616 --
ML: -579.7736189673399 Information: 118.14726150852454
            219      -792.5910         3.4         -409.0359      -383.5550 --
ML: -579.7736189673399 Information: 118.14726150852454
            220      -801.5605         3.4         -408.5785      -392.9820 --
ML: -579.7736189673399 Information: 118.14726150852454
            221      -822.8941         3.5         -407.9137      -414.9804 --
ML: -579.7736189673399 Information: 118.14726150852454
            222      -797.2711         3.5         -407.8377      -389.4334 --
ML: -579.7736189673399 Information: 118.14726150852454
            223      -804.0322         3.5         -407.1977      -396.8345 --
ML: -579.7736189673399 Information: 118.14726150852454
            224      -798.5595         3.5         -406.4957      -392.0638 --
ML: -579.7736189673399 Information: 118.14726150852454
            225      -789.4094         3.5         -406.4695      -382.9398 --
ML: -579.7736189673399 Information: 118.14726150852454
            226      -793.6757         3.5         -406.4140      -387.2616 --
ML: -579.7736189673399 Information: 118.14726150852454
            227      -792.6462         3.6         -405.8544      -386.7917 --
ML: -579.7736189673399 Information: 118.14726150852454
            228      -787.1978         3.6         -405.2605      -381.9372 --
ML: -579.7736189673399 Information: 118.14726150852454
            229      -818.1837         3.6         -405.1501      -413.0335 --
ML: -579.7736189673399 Information: 118.14726150852454
            230      -802.7241         3.6         -405.0501      -397.6740 --
ML: -579.7736189673399 Information: 118.14726150852454
            231      -801.4292         3.6         -405.0293      -396.3998 --
ML: -579.7736189673399 Information: 118.14726150852454
            232      -806.9653         3.7         -404.6833      -402.2820 --
ML: -579.7736189673399 Information: 118.14726150852454
            233      -827.5937         3.7         -404.5375      -423.0562 --
ML: -579.7736189673399 Information: 118.14726150852454
            234      -813.2769         3.7         -404.4998      -408.7771 --
ML: -579.7736189673399 Information: 118.14726150852454
            235      -806.9558         3.7         -404.3371      -402.6187 --
ML: -579.7736189673399 Information: 118.14726150852454
            236      -802.0497         3.7         -404.2575      -397.7922 --
ML: -579.7736189673399 Information: 118.14726150852454
237<=1000000&& (237<2.0*118.14726150852454*1||Math.abs(-579.7736189673399 - -579.7736189673399)/Math.abs(-579.7736189673399) > 1.0E-10
Finished in 237 steps!
Marginal likelihood: -577.633482873112 (bootstrap SD=10.362381530609056)
Marginal likelihood: -576.4373910251824 (subsample SD=12.791919492686015)
Marginal likelihood: -576.8014953244549(11.003153618436485)
Information: 118.14726150852454
SD: 10.869556638084395

Operator                                                                Tuning    #accept    #reject      Pr(m)  Pr(acc|m)
Uniform()                                                                    -     444484     216370    0.27778    0.67259 
SubtreeSlide()                                                         1.00000      31592      34269    0.02778    0.47968 Try increasing size to about 2
SubtreeSlide()                                                        30.00000       1560      64559    0.02778    0.02359 Try decreasing size to about 15
Exchange()                                                                   -     102283     559841    0.27778    0.15448 
beast.base.inference.operator.DeltaExchangeOperator(editRateScaler)    1.00000       1282      64928    0.02778    0.01936 Try setting delta to about 0.5
ScaleOperator(clockRateScaler)                                         0.80000      44403      22157    0.02778    0.66711 Try setting scaleFactor to about 0.64
ScaleOperator(silencingRateScaler)                                     0.80000      50376      15681    0.02778    0.76261 Try setting scaleFactor to about 0.64
ScaleOperator(georateScaler.s:tissue)                                  0.99000     640631      19228    0.27778    0.97086 Try setting scaleFactor to about 0.98
ScaleOperator(geoMuScaler.c:tissue)                                    0.90000      55189      11167    0.02778    0.83171 Try setting scaleFactor to about 0.81

     Tuning: The value of the operator's tuning parameter, or '-' if the operator can't be optimized.
    #accept: The total number of times a proposal by this operator has been accepted.
    #reject: The total number of times a proposal by this operator has been rejected.
      Pr(m): The probability this operator is chosen in a step of the MCMC (i.e. the normalized weight).
  Pr(acc|m): The acceptance probability (#accept as a fraction of the total proposals for this operator).


Total calculation time: 367.879 seconds
Done!
